Missing dependencies found. Installing now...

Cloning into '/tmp/propeller-adapter-20260923/lib/aave-address-book'...
fatal: unable to access 'https://github.com/bgd-labs/aave-address-book/': Could not resolve host: github.com
fatal: clone of 'https://github.com/bgd-labs/aave-address-book' into submodule path '/tmp/propeller-adapter-20260923/lib/aave-address-book' failed
Failed to clone 'lib/aave-address-book'. Retry scheduled
Cloning into '/tmp/propeller-adapter-20260923/lib/aave-helpers'...
fatal: unable to access 'https://github.com/bgd-labs/aave-helpers/': Could not resolve host: github.com
fatal: clone of 'https://github.com/bgd-labs/aave-helpers' into submodule path '/tmp/propeller-adapter-20260923/lib/aave-helpers' failed
Failed to clone 'lib/aave-helpers'. Retry scheduled
Cloning into '/tmp/propeller-adapter-20260923/lib/aave-v3-core'...
fatal: unable to access 'https://github.com/aave/aave-v3-core/': Could not resolve host: github.com
fatal: clone of 'https://github.com/aave/aave-v3-core' into submodule path '/tmp/propeller-adapter-20260923/lib/aave-v3-core' failed
Failed to clone 'lib/aave-v3-core'. Retry scheduled
Cloning into '/tmp/propeller-adapter-20260923/lib/aave-v3-periphery'...
fatal: unable to access 'https://github.com/aave/aave-v3-periphery/': Could not resolve host: github.com
fatal: clone of 'https://github.com/aave/aave-v3-periphery' into submodule path '/tmp/propeller-adapter-20260923/lib/aave-v3-periphery' failed
Failed to clone 'lib/aave-v3-periphery'. Retry scheduled
Cloning into '/tmp/propeller-adapter-20260923/lib/forge-std'...
fatal: unable to access 'https://github.com/foundry-rs/forge-std/': Could not resolve host: github.com
fatal: clone of 'https://github.com/foundry-rs/forge-std' into submodule path '/tmp/propeller-adapter-20260923/lib/forge-std' failed
Failed to clone 'lib/forge-std'. Retry scheduled
Cloning into '/tmp/propeller-adapter-20260923/lib/solidity-utils'...
fatal: unable to access 'https://github.com/bgd-labs/solidity-utils/': Could not resolve host: github.com
fatal: clone of 'https://github.com/bgd-labs/solidity-utils' into submodule path '/tmp/propeller-adapter-20260923/lib/solidity-utils' failed
Failed to clone 'lib/solidity-utils'. Retry scheduled
Cloning into '/tmp/propeller-adapter-20260923/lib/aave-address-book'...
fatal: unable to access 'https://github.com/bgd-labs/aave-address-book/': Could not resolve host: github.com
fatal: clone of 'https://github.com/bgd-labs/aave-address-book' into submodule path '/tmp/propeller-adapter-20260923/lib/aave-address-book' failed
Failed to clone 'lib/aave-address-book' a second time, aborting
Warning: Your project has missing dependencies that could not be installed.
Compiling 32 files with Solc 0.8.22
Solc 0.8.22 finished in 1.44s
Compiler run successful with warnings:
Warning (2519): This declaration shadows an existing declaration.
  --> /tmp/propeller-consolidation-20260922/node_modules/@aave/core-v3/contracts/dependencies/openzeppelin/contracts/ERC20.sol:57:15:
   |
57 |   constructor(string memory name, string memory symbol) {
   |               ^^^^^^^^^^^^^^^^^^
Note: The shadowed declaration is here:
  --> /tmp/propeller-consolidation-20260922/node_modules/@aave/core-v3/contracts/dependencies/openzeppelin/contracts/ERC20.sol:66:3:
   |
66 |   function name() public view returns (string memory) {
   |   ^ (Relevant source part starts here and spans across multiple lines).

Warning (2519): This declaration shadows an existing declaration.
  --> /tmp/propeller-consolidation-20260922/node_modules/@aave/core-v3/contracts/dependencies/openzeppelin/contracts/ERC20.sol:57:35:
   |
57 |   constructor(string memory name, string memory symbol) {
   |                                   ^^^^^^^^^^^^^^^^^^^^
Note: The shadowed declaration is here:
  --> /tmp/propeller-consolidation-20260922/node_modules/@aave/core-v3/contracts/dependencies/openzeppelin/contracts/ERC20.sol:74:3:
   |
74 |   function symbol() public view returns (string memory) {
   |   ^ (Relevant source part starts here and spans across multiple lines).

Warning (2018): Function state mutability can be restricted to view
  --> src/tests/HydraAugustus.t.sol:44:5:
   |
44 |     function test_getTokenTransferProxy() public {
   |     ^ (Relevant source part starts here and spans across multiple lines).


Ran 19 tests for src/tests/HydraAugustus.t.sol:HydraAugustusTest
[PASS] test_buy_basic() (gas: 278611)
[PASS] test_buy_emitsEvent() (gas: 257192)
[PASS] test_buy_emptyRoute_buildsFromAssetIdMap() (gas: 279533)
[PASS] test_buy_noRefund() (gas: 258024)
[PASS] test_buy_withExchangeRate() (gas: 283105)
[PASS] test_getTokenTransferProxy() (gas: 5782)
[PASS] test_revert_buy_dispatchReverts() (gas: 160687)
[PASS] test_revert_buy_zeroAmount() (gas: 25617)
[PASS] test_revert_constructor_zeroDispatch() (gas: 36972)
[PASS] test_revert_sell_amountOverflowUint128() (gas: 25727)
[PASS] test_revert_sell_dispatchDataTooShort() (gas: 14212)
[PASS] test_revert_sell_dispatchReverts() (gas: 159098)
[PASS] test_revert_sell_emptyRoute_assetNotRegistered() (gas: 753330)
[PASS] test_revert_sell_insufficientOutput() (gas: 236365)
[PASS] test_revert_sell_zeroAmount() (gas: 25585)
[PASS] test_sell_basic() (gas: 256428)
[PASS] test_sell_emitsEvent() (gas: 254652)
[PASS] test_sell_emptyRoute_buildsFromAssetIdMap() (gas: 256366)
[PASS] test_sell_withExchangeRate() (gas: 258885)
Suite result: ok. 19 passed; 0 failed; 0 skipped; finished in 1.65ms (7.11ms CPU time)

Ran 1 test suite in 2.39ms (1.65ms CPU time): 19 tests passed, 0 failed, 0 skipped (19 total tests)
