FORK {"chainId":222222,"block":"15306846","hash":"0x02f6c220e92ae361c69ffbc6fe624c691ce9b9191e49ef5d34d891cdd2f6de7c","runtime":{"specName":"hydradx","implName":"hydradx","authoringVersion":1,"specVersion":447,"implVersion":0,"apis":[["0xdf6acb689907609b",5],["0x37e397fc7c91f5e4",2],["0x40fe3ad401f8959a",6],["0xd2bc9897eed08f15",3],["0xf78b278be53f454c",2],["0xab3c0572291feb8b",1],["0xdd718d5cc53262d4",1],["0xea93e3f16f3d6962",3],["0x695c80446b8b3d4e",1],["0x9af86751b70c112d",1],["0xbc9d89904f5b923f",1],["0x37c8bb1350a9a2a8",4],["0x582211f65bb14b89",6],["0xe65b00e46cedd0aa",2],["0x0bb67a52fcd040ff",1],["0x34a3d488166b5a55",1],["0x542334fe4fd7cada",1],["0x6ff52ee858e6c5bd",1],["0xd7bdd8a272ca0d65",2],["0x04e70521a0d3d2f8",1],["0x91b1c8b16328eb92",2],["0x9ffb505aa738d69c",1],["0x2b5f5bcd2460e4f0",1],["0xa2b2b484fcb86943",1],["0x75fc5fbf0e9c71bc",1],["0x6aa673a4e69ae9a5",1],["0xfbc577b9d747efd6",1]],"transactionVersion":1,"stateVersion":1}}
DEPLOYER 0xf39Fd6e51aad88F6F4ce6aB8827279cffFb92266 balance 999999994609164420485 gasPrice 9226808
DEPLOY CollateralVault runtime bytes 23087
CREATION BUDGET CollateralVault 14574486 16031935
CollateralVault success gas 14574486 tx 0x89d9c46dacdc7f3976b25efa6d91ff60851fabd416e260a0e85c00575558d940
CREATED CollateralVault 0x5fbdb2315678afecb367f032d93f642f64180aa3 23087 bytes
DEPLOY SyntheticToken runtime bytes 4827
CREATION BUDGET SyntheticToken 1935042 2128547
SyntheticToken success gas 1935042 tx 0xa8d8963c9a81b6576a58414dc45875a109328603a2ed2d18d4cc13fefd3a0661
CREATED SyntheticToken 0xe7f1725e7734ce288f8367e1bb143e90bb3f0512 4827 bytes
DEPLOY SubLoop runtime bytes 22735
CREATION BUDGET SubLoop 8404458 9244904
SubLoop success gas 8404458 tx 0x821d7568e32124bb7e5d1d141e8c6a8a36e8423f6665dcd5026df634b3845c30
CREATED SubLoop 0x9fe46736679d2d9a65f0992f2272de9f3c7fa6e0 22735 bytes
MARKET {
  pool: '0x1b02E051683b5cfaC5929C25E84adb26ECf87B38',
  hollar: '0x531a654d1696ED52e7275A8cede955E82620f99a',
  collateral: '0x0000000000000000000000000000000100000022',
  prime: '0x000000000000000000000000000000010000002B',
  aEth: '0x11a8f7fFbB7e0fbEd88BC20179Dd45B4Bd6874ff',
  aPrime: '0x4C892a298A9C6b4cEd988b3D6E9CF93333aADcF7',
  hollarDebt: '0x342923782cCaEBf9c38DD9cb40436e82C42c73B5'
}
DEPLOY SubLoop.proxy runtime bytes 209
CREATION BUDGET SubLoop.proxy 915131 1006645
SubLoop.proxy success gas 754326 tx 0xdfb3d568f9fdd799cd838c0be2160e1349268143ad90fb31b2f7abfb80f4e252
CREATED SubLoop.proxy 0xcf7ed3acca5a467e9e704c703e8d87f634fb0fc9 209 bytes
DEPLOY CollateralVault.proxy runtime bytes 209
CREATION BUDGET CollateralVault.proxy 1009806 1110787
CollateralVault.proxy success gas 924150 tx 0x3e88952253d6223125a5e67964f893ba47bfa858f3cef2e3d464e6c3ab4acaca
CREATED CollateralVault.proxy 0xdc64a140aa3e981100a9beca4e685f962f0cf6c9 209 bytes
DEPLOY PropellerMainDebt runtime bytes 16913
CREATION BUDGET PropellerMainDebt 10875690 11963259
PropellerMainDebt success gas 10875690 tx 0x19bf9c45645f99f66a44e5506fb71b4bf3ec22dfbe1e3a7d135992c2bfecc380
CREATED PropellerMainDebt 0x5fc8d32690cc91d4c39d9d3abcbd16989f875707 16913 bytes
CollateralVault.setMainDebt success gas 84912 tx 0x61ccd5e1dfd3ef53156b668b0e26cff862c8cba9212b15cdc3d99aa87c3c06fe
DEPLOY Harvester runtime bytes 8212
CREATION BUDGET Harvester 3131496 3444646
Harvester success gas 3131496 tx 0x20bf8038da049b32895a9ce6fdfdb554baa8c1ec2b66dde906f30b15a15ec8cb
CREATED Harvester 0xa513e6e4b8f2a923d98304ec87f64353c4d5c853 8212 bytes
DEPLOY PropellerFeeController runtime bytes 8960
CREATION BUDGET PropellerFeeController 3447720 3792492
PropellerFeeController success gas 3447720 tx 0x9f995085f4d9e1c76342c1c87e5f18d2c8686e4f3996101ace713bced13126b9
CREATED PropellerFeeController 0x2279b7a0a67db372996a5fab50d91eaa73d2ebe6 8960 bytes
SyntheticToken.grantRole success gas 51201 tx 0x67823a7d19ba26d2047f77034f2ffcc95a10cf49fb52fbae95f8f3412f8242bc
SubLoop.registerVault success gas 53923 tx 0x9f0970020c28788927e8a7e003b47b1d4c0e0beb514a9ea4b7b00c58bd3a89fd
SubLoop.setHarvester success gas 50986 tx 0x7091760226685116b625d233c52bef6ad902ca98f9c338beb95348fe5c7418ad
Harvester.addVault success gas 127368 tx 0x00aa59627ade309f4c2d9b49a8f03b20e157725903efbabcd15c782ec37f18b7
Harvester.setFeeController success gas 49652 tx 0xf3bbfb3e819979db0ac9cda629f6a6f5dfef88b4efd564f8037dff62efabbb2a
CollateralVault.setFeeController success gas 55543 tx 0xc2bf55c3c0e2811afcdad5ccf0b3ca564700968a5cbe6f0bbe08d66ebe1346f1
PropellerFeeController.registerVault success gas 424560 tx 0x7fc456a7b39cc85758d0f8208e0ac66ae5051f0b7d8369ef47ab1a8a8d965e1d
CORE STACK PASS; result /tmp/pr62-validation/native-fixed-result.json
