Missing dependencies found. Installing now...

Warning: Your project has missing dependencies that could not be installed.
Compiling 111 files with Solc 0.8.22
Solc 0.8.22 finished in 566.38s
Compiler run successful with warnings:
Warning (2018): Function state mutability can be restricted to pure
   --> test/mocks/MockYieldSource.sol:109:5:
    |
109 |     function harvest() external returns (uint256 surplus) {
    |     ^ (Relevant source part starts here and spans across multiple lines).

Warning (2018): Function state mutability can be restricted to view
   --> test/PermissionlessKeeper.t.sol:147:5:
    |
147 |     function test_harvestConfiguredAsHarvester() public {
    |     ^ (Relevant source part starts here and spans across multiple lines).


Ran 10 tests for test/AdminConfig.t.sol:AdminConfigTest
[PASS] test_addVaultRejectsDuplicates() (gas: 90272)
[PASS] test_depositFailsClosedBeforeSynthReserveIsListed() (gas: 16720350)
[PASS] test_harvestOnlyByWiredHarvester() (gas: 8306971)
[PASS] test_registryIsAdminOnly() (gas: 140356)
[PASS] test_removeVaultKeepsRegistryConsistent() (gas: 150859)
[PASS] test_removeVaultRejectsUnregistered() (gas: 20421)
[PASS] test_setHarvesterRejectsZero() (gas: 43529)
[PASS] test_setSwapperRejectsZeroAndStrangers() (gas: 517226)
[PASS] test_setSwapperRepointsWithoutUpgrade() (gas: 527720)
[PASS] test_synthLtFollowsGovernance() (gas: 1289944)
Suite result: ok. 10 passed; 0 failed; 0 skipped; finished in 24.82ms (22.36ms CPU time)

Ran 5 tests for test/KeeperOps.t.sol:KeeperOpsTest
[PASS] test_maintainPegOnInterestAccrual() (gas: 126684)
[PASS] test_rebalanceDeLeverIdempotent_noRedemptionDoS() (gas: 14086530)
[PASS] test_rebalanceDownOnDrop() (gas: 12295993)
[PASS] test_rebalanceFollowsGovernanceLtvChange() (gas: 872488)
[PASS] test_rebalanceUpOnAppreciation() (gas: 870290)
Suite result: ok. 5 passed; 0 failed; 0 skipped; finished in 82.27ms (78.88ms CPU time)

Ran 1 test for test/PartialClaim.t.sol:PartialClaimTest
[PASS] test_partialClaimKeepsRequestActiveAndReturnsRemainder() (gas: 72558340)
Suite result: ok. 1 passed; 0 failed; 0 skipped; finished in 281.09ms (278.80ms CPU time)

Ran 5 tests for test/PermissionlessKeeper.t.sol:PermissionlessKeeperTest
[PASS] test_compoundEnforcesOracleFloor() (gas: 675390)
[PASS] test_harvestConfiguredAsHarvester() (gas: 15369)
[PASS] test_harvesterDistributesParkedBalance() (gas: 1797625)
[PASS] test_keeperOpsCallableByAnyone() (gas: 523152)
[PASS] test_pauseMatrix() (gas: 315174)
Suite result: ok. 5 passed; 0 failed; 0 skipped; finished in 10.96ms (6.98ms CPU time)

Ran 5 tests for test/AdminSourceControl.t.sol:AdminSourceControlTest
[PASS] test_onlyAdminControls() (gas: 506259)
[PASS] test_setYieldSourceGuardsInFlightUnwind() (gas: 9257751)
[PASS] test_setYieldSourceOnFreshVault() (gas: 516575)
[PASS] test_setYieldSourceRevertsWhileFunded() (gas: 8575300)
[PASS] test_setYieldSourceUnreachableOnceFunded() (gas: 564932963)
Suite result: ok. 5 passed; 0 failed; 0 skipped; finished in 1.81s (1.81s CPU time)

Ran 2 tests for test/CollateralVaultDeposit.t.sol:CollateralVaultDepositTest
[PASS] test_baselineWithoutSynthIsLiquidatable() (gas: 330392)
[PASS] test_depositOpensMainLegAndSynthFloorsHf() (gas: 1277597)
Suite result: ok. 2 passed; 0 failed; 0 skipped; finished in 5.31ms (2.10ms CPU time)

Ran 8 tests for test/CollateralVaultDiscount.t.sol:CollateralVaultDiscountTest
[PASS] test_committeeCannotChangeVaultControllerOrEligibility() (gas: 266457)
[PASS] test_detachImmediatelyClearsDiscountAndExitsStillWork() (gas: 2072732)
[PASS] test_firstDepositRefreshesAfterSynthSupply() (gas: 1174764)
[PASS] test_incrementalDepositAndPegMaintenanceRefreshBacking() (gas: 1544353)
[PASS] test_legacyVaultWithoutControllerRemainsUndiscounted() (gas: 986794)
[PASS] test_settleRefreshesAfterSyntheticWithdrawal() (gas: 2069128)
[PASS] test_unregisterLeavesRepaymentAndPegMaintenanceAvailable() (gas: 2078992)
[PASS] test_upRebalanceRefreshesAfterNewSynthetic() (gas: 1463219)
Suite result: ok. 8 passed; 0 failed; 0 skipped; finished in 20.69ms (17.95ms CPU time)

Ran 4 tests for test/DeleverQueueInterference.t.sol:DeleverQueueInterferenceTest
[PASS] test_rebalanceWaitsForQueuedExit() (gas: 55716188)
Logs:
  live debt        2250000000000000000000
  queued debt      2024999999999997975000
  non-queued debt  225000000000002025000
  deleverTarget    0

[PASS] test_requestRedeemBeforeRampHasRecognizedBacking() (gas: 2051835)
[PASS] test_subLoopPreservesSharesAtZeroEquity() (gas: 1258328)
[PASS] test_unwindSpiralTailRemainsClaimableUntilRecovery() (gas: 565094135)
Logs:
  spiral rounds       2000
  repaid / debtShare  2249999971190000000000 2249999999999997750000
  pendingUnwindOf     6719997750000
  loop aPRIME left    42
  unwindTargetEquity  6719997750000
  queueHead / tail    0 1

Suite result: ok. 4 passed; 0 failed; 0 skipped; finished in 1.87s (1.86s CPU time)

Ran 2 tests for test/ExchangeRateSettleWindow.t.sol:ExchangeRateSettleWindowTest
[PASS] test_depositInSettleWindowIsNotMisMinted() (gas: 14578420)
[PASS] test_settleDoesNotDepressSharePrice() (gas: 13623371)
Suite result: ok. 2 passed; 0 failed; 0 skipped; finished in 104.28ms (101.02ms CPU time)

Ran 4 tests for test/GuardianPause.t.sol:GuardianPauseTest
[PASS] test_adminCanDelegateGuardianToTechCommittee() (gas: 148312)
[PASS] test_freshDeployIsPausableByAdmin() (gas: 83448)
[PASS] test_nonGuardianCannotPause() (gas: 59033)
[PASS] test_pauseIsReversible() (gas: 97571)
Suite result: ok. 4 passed; 0 failed; 0 skipped; finished in 2.92ms (658.75µs CPU time)

Ran 1 test for test/IntegrationWithdraw.t.sol:IntegrationWithdrawTest
[PASS] test_depositRampWithdrawReturnsPrincipal() (gas: 71233034)
Suite result: ok. 1 passed; 0 failed; 0 skipped; finished in 287.32ms (284.18ms CPU time)

Ran 2 tests for test/SettleBatch.t.sol:SettleBatchTest
[PASS] test_longQueueSettlesInBoundedPasses() (gas: 286257577)
Logs:
  settle calls to drain the queue: 13
  max gas for one settle pass: 7372545

[PASS] test_singleRequestSettles() (gas: 14349223)
Logs:
  gas to settle 1 request: 609572

Suite result: ok. 2 passed; 0 failed; 0 skipped; finished in 840.01ms (837.62ms CPU time)

Ran 8 tests for test/SubLoopUnwindSizing.t.sol:SubLoopUnwindSizingTest
[PASS] test_deleverStillRunsWhileUnhealthy() (gas: 8343450)
[PASS] test_deleverTargetLapsesWhenHealthRecovers() (gas: 6876059)
[PASS] test_idleHollarCoversUnwindBeforeSelling() (gas: 7087592)
[PASS] test_pokeBorrowResumesAfterRecovery() (gas: 7018893)
[PASS] test_reservedHollarIsNotAvailableToAnotherUnwind() (gas: 7649501)
[PASS] test_subPrimeUnitClaimFinishesWithoutDebt() (gas: 776118)
[PASS] test_subUsd8ClaimFinishesWithDebt() (gas: 7189984)
[PASS] test_unwindSaleSizedToRemainingTarget() (gas: 7357676)
Suite result: ok. 8 passed; 0 failed; 0 skipped; finished in 119.77ms (118.81ms CPU time)

Ran 1 test for test/UnwindSellPricing.t.sol:UnwindSellPricingTest
[PASS] test_unwindSellSurvivesPrimeAppreciation() (gas: 9431211)
Suite result: ok. 1 passed; 0 failed; 0 skipped; finished in 29.04ms (26.86ms CPU time)

Ran 1 test for test/formal/VerityParity.t.sol:VerityParityTest
[SKIP: skipped] setUp() (gas: 0)
Suite result: ok. 0 passed; 0 failed; 1 skipped; finished in 3.83ms (0.00ns CPU time)

Ran 7 tests for test/YieldValidation.t.sol:YieldValidationTest
[PASS] testFuzz_rewardFundConservesOwnershipAcrossMixedActions(uint256) (runs: 257, μ: 42559091, ~: 43130507)
[PASS] test_harvestCompoundsYieldIntoSharePrice() (gas: 9164989)
[PASS] test_harvestSkipsInFlightUnwindEquity() (gas: 13416238)
[PASS] test_negativeSpreadCannotFabricateHarvestedCollateral() (gas: 15069010)
Logs:
  first realized collateral day: 0
  first source harvest day: 0
  days from first to second harvest: 0
  harvests in 180 days: 0
  peak modeled harvest gas: 0
  collateral earned in 180 days (wei): 0

[PASS] test_primePriceAppreciationCompoundsToDeposit() (gas: 9181984)
[PASS] test_realizationDelayWithFivePercentPrimeAndTwoPercentBorrow() (gas: 73760464)
Logs:
  first realized collateral day: 123
  first source harvest day: 113
  days from first to second harvest: 2
  harvests in 180 days: 34
  peak modeled harvest gas: 1344217
  collateral earned in 180 days (wei): 20192029758242216

[PASS] test_realizationWithTenBpsExecutionReserveIsStillNotImmediate() (gas: 169488600)
Logs:
  first realized collateral day: 13
  first source harvest day: 13
  days from first to second harvest: 2
  harvests in 180 days: 84
  peak modeled harvest gas: 1428984
  collateral earned in 180 days (wei): 61482886102620942

Suite result: ok. 7 passed; 0 failed; 0 skipped; finished in 49.24s (49.29s CPU time)

Ran 9 tests for test/invariant/PropellerInvariant.t.sol:PropellerInvariantTest
[PASS] invariant_escrow() (runs: 256, calls: 12800, reverts: 1031)

╭----------+-----------------------------+-------+---------+----------╮
| Contract | Selector                    | Calls | Reverts | Discards |
+=====================================================================+
| Handler  | accrueMainInterest          | 1185  | 0       | 0        |
|----------+-----------------------------+-------+---------+----------|
| Handler  | accruePrimeAndExecutionCost | 1222  | 0       | 0        |
|----------+-----------------------------+-------+---------+----------|
| Handler  | advanceAndStart             | 1133  | 14      | 0        |
|----------+-----------------------------+-------+---------+----------|
| Handler  | churnUnwind                 | 1141  | 0       | 0        |
|----------+-----------------------------+-------+---------+----------|
| Handler  | claim                       | 1173  | 0       | 0        |
|----------+-----------------------------+-------+---------+----------|
| Handler  | claimMainSurplus            | 1111  | 261     | 0        |
|----------+-----------------------------+-------+---------+----------|
| Handler  | deposit                     | 1196  | 700     | 0        |
|----------+-----------------------------+-------+---------+----------|
| Handler  | externalRepayment           | 1163  | 0       | 0        |
|----------+-----------------------------+-------+---------+----------|
| Handler  | ramp                        | 1154  | 0       | 0        |
|----------+-----------------------------+-------+---------+----------|
| Handler  | requestRedeem               | 1137  | 56      | 0        |
|----------+-----------------------------+-------+---------+----------|
| Handler  | settle                      | 1185  | 0       | 0        |
╰----------+-----------------------------+-------+---------+----------╯

[PASS] invariant_freedBacked() (runs: 256, calls: 12800, reverts: 1154)

╭----------+-----------------------------+-------+---------+----------╮
| Contract | Selector                    | Calls | Reverts | Discards |
+=====================================================================+
| Handler  | accrueMainInterest          | 1193  | 0       | 0        |
|----------+-----------------------------+-------+---------+----------|
| Handler  | accruePrimeAndExecutionCost | 1177  | 0       | 0        |
|----------+-----------------------------+-------+---------+----------|
| Handler  | advanceAndStart             | 1156  | 10      | 0        |
|----------+-----------------------------+-------+---------+----------|
| Handler  | churnUnwind                 | 1241  | 0       | 0        |
|----------+-----------------------------+-------+---------+----------|
| Handler  | claim                       | 1115  | 0       | 0        |
|----------+-----------------------------+-------+---------+----------|
| Handler  | claimMainSurplus            | 1151  | 349     | 0        |
|----------+-----------------------------+-------+---------+----------|
| Handler  | deposit                     | 1174  | 722     | 0        |
|----------+-----------------------------+-------+---------+----------|
| Handler  | externalRepayment           | 1127  | 0       | 0        |
|----------+-----------------------------+-------+---------+----------|
| Handler  | ramp                        | 1171  | 0       | 0        |
|----------+-----------------------------+-------+---------+----------|
| Handler  | requestRedeem               | 1152  | 73      | 0        |
|----------+-----------------------------+-------+---------+----------|
| Handler  | settle                      | 1143  | 0       | 0        |
╰----------+-----------------------------+-------+---------+----------╯

[PASS] invariant_mainCashDebtAndSourceClaimsConserved() (runs: 256, calls: 12800, reverts: 1192)

╭----------+-----------------------------+-------+---------+----------╮
| Contract | Selector                    | Calls | Reverts | Discards |
+=====================================================================+
| Handler  | accrueMainInterest          | 1136  | 0       | 0        |
|----------+-----------------------------+-------+---------+----------|
| Handler  | accruePrimeAndExecutionCost | 1131  | 0       | 0        |
|----------+-----------------------------+-------+---------+----------|
| Handler  | advanceAndStart             | 1158  | 28      | 0        |
|----------+-----------------------------+-------+---------+----------|
| Handler  | churnUnwind                 | 1200  | 0       | 0        |
|----------+-----------------------------+-------+---------+----------|
| Handler  | claim                       | 1174  | 0       | 0        |
|----------+-----------------------------+-------+---------+----------|
| Handler  | claimMainSurplus            | 1201  | 364     | 0        |
|----------+-----------------------------+-------+---------+----------|
| Handler  | deposit                     | 1196  | 723     | 0        |
|----------+-----------------------------+-------+---------+----------|
| Handler  | externalRepayment           | 1120  | 0       | 0        |
|----------+-----------------------------+-------+---------+----------|
| Handler  | ramp                        | 1179  | 0       | 0        |
|----------+-----------------------------+-------+---------+----------|
| Handler  | requestRedeem               | 1164  | 77      | 0        |
|----------+-----------------------------+-------+---------+----------|
| Handler  | settle                      | 1141  | 0       | 0        |
╰----------+-----------------------------+-------+---------+----------╯

[PASS] invariant_noSynthBorrow() (runs: 256, calls: 12800, reverts: 1106)

╭----------+-----------------------------+-------+---------+----------╮
| Contract | Selector                    | Calls | Reverts | Discards |
+=====================================================================+
| Handler  | accrueMainInterest          | 1141  | 0       | 0        |
|----------+-----------------------------+-------+---------+----------|
| Handler  | accruePrimeAndExecutionCost | 1204  | 0       | 0        |
|----------+-----------------------------+-------+---------+----------|
| Handler  | advanceAndStart             | 1126  | 22      | 0        |
|----------+-----------------------------+-------+---------+----------|
| Handler  | churnUnwind                 | 1166  | 0       | 0        |
|----------+-----------------------------+-------+---------+----------|
| Handler  | claim                       | 1154  | 0       | 0        |
|----------+-----------------------------+-------+---------+----------|
| Handler  | claimMainSurplus            | 1170  | 308     | 0        |
|----------+-----------------------------+-------+---------+----------|
| Handler  | deposit                     | 1158  | 695     | 0        |
|----------+-----------------------------+-------+---------+----------|
| Handler  | externalRepayment           | 1181  | 0       | 0        |
|----------+-----------------------------+-------+---------+----------|
| Handler  | ramp                        | 1151  | 1       | 0        |
|----------+-----------------------------+-------+---------+----------|
| Handler  | requestRedeem               | 1122  | 80      | 0        |
|----------+-----------------------------+-------+---------+----------|
| Handler  | settle                      | 1227  | 0       | 0        |
╰----------+-----------------------------+-------+---------+----------╯

[PASS] invariant_principalClaimsPreserved() (runs: 256, calls: 12800, reverts: 1138)

╭----------+-----------------------------+-------+---------+----------╮
| Contract | Selector                    | Calls | Reverts | Discards |
+=====================================================================+
| Handler  | accrueMainInterest          | 1129  | 0       | 0        |
|----------+-----------------------------+-------+---------+----------|
| Handler  | accruePrimeAndExecutionCost | 1140  | 0       | 0        |
|----------+-----------------------------+-------+---------+----------|
| Handler  | advanceAndStart             | 1267  | 15      | 0        |
|----------+-----------------------------+-------+---------+----------|
| Handler  | churnUnwind                 | 1125  | 0       | 0        |
|----------+-----------------------------+-------+---------+----------|
| Handler  | claim                       | 1221  | 0       | 0        |
|----------+-----------------------------+-------+---------+----------|
| Handler  | claimMainSurplus            | 1163  | 348     | 0        |
|----------+-----------------------------+-------+---------+----------|
| Handler  | deposit                     | 1145  | 700     | 0        |
|----------+-----------------------------+-------+---------+----------|
| Handler  | externalRepayment           | 1145  | 0       | 0        |
|----------+-----------------------------+-------+---------+----------|
| Handler  | ramp                        | 1168  | 0       | 0        |
|----------+-----------------------------+-------+---------+----------|
| Handler  | requestRedeem               | 1134  | 75      | 0        |
|----------+-----------------------------+-------+---------+----------|
| Handler  | settle                      | 1163  | 0       | 0        |
╰----------+-----------------------------+-------+---------+----------╯

[PASS] invariant_principalFloored() (runs: 256, calls: 12800, reverts: 1118)

╭----------+-----------------------------+-------+---------+----------╮
| Contract | Selector                    | Calls | Reverts | Discards |
+=====================================================================+
| Handler  | accrueMainInterest          | 1201  | 0       | 0        |
|----------+-----------------------------+-------+---------+----------|
| Handler  | accruePrimeAndExecutionCost | 1127  | 0       | 0        |
|----------+-----------------------------+-------+---------+----------|
| Handler  | advanceAndStart             | 1141  | 18      | 0        |
|----------+-----------------------------+-------+---------+----------|
| Handler  | churnUnwind                 | 1217  | 0       | 0        |
|----------+-----------------------------+-------+---------+----------|
| Handler  | claim                       | 1130  | 0       | 0        |
|----------+-----------------------------+-------+---------+----------|
| Handler  | claimMainSurplus            | 1150  | 324     | 0        |
|----------+-----------------------------+-------+---------+----------|
| Handler  | deposit                     | 1160  | 703     | 0        |
|----------+-----------------------------+-------+---------+----------|
| Handler  | externalRepayment           | 1162  | 0       | 0        |
|----------+-----------------------------+-------+---------+----------|
| Handler  | ramp                        | 1140  | 0       | 0        |
|----------+-----------------------------+-------+---------+----------|
| Handler  | requestRedeem               | 1219  | 73      | 0        |
|----------+-----------------------------+-------+---------+----------|
| Handler  | settle                      | 1153  | 0       | 0        |
╰----------+-----------------------------+-------+---------+----------╯

[PASS] invariant_roundingReserveIsRingFenced() (runs: 256, calls: 12800, reverts: 1165)

╭----------+-----------------------------+-------+---------+----------╮
| Contract | Selector                    | Calls | Reverts | Discards |
+=====================================================================+
| Handler  | accrueMainInterest          | 1194  | 0       | 0        |
|----------+-----------------------------+-------+---------+----------|
| Handler  | accruePrimeAndExecutionCost | 1140  | 0       | 0        |
|----------+-----------------------------+-------+---------+----------|
| Handler  | advanceAndStart             | 1131  | 22      | 0        |
|----------+-----------------------------+-------+---------+----------|
| Handler  | churnUnwind                 | 1153  | 0       | 0        |
|----------+-----------------------------+-------+---------+----------|
| Handler  | claim                       | 1172  | 0       | 0        |
|----------+-----------------------------+-------+---------+----------|
| Handler  | claimMainSurplus            | 1137  | 342     | 0        |
|----------+-----------------------------+-------+---------+----------|
| Handler  | deposit                     | 1174  | 727     | 0        |
|----------+-----------------------------+-------+---------+----------|
| Handler  | externalRepayment           | 1155  | 0       | 0        |
|----------+-----------------------------+-------+---------+----------|
| Handler  | ramp                        | 1154  | 0       | 0        |
|----------+-----------------------------+-------+---------+----------|
| Handler  | requestRedeem               | 1205  | 74      | 0        |
|----------+-----------------------------+-------+---------+----------|
| Handler  | settle                      | 1185  | 0       | 0        |
╰----------+-----------------------------+-------+---------+----------╯

[PASS] invariant_shareConservation() (runs: 256, calls: 12800, reverts: 1106)

╭----------+-----------------------------+-------+---------+----------╮
| Contract | Selector                    | Calls | Reverts | Discards |
+=====================================================================+
| Handler  | accrueMainInterest          | 1175  | 0       | 0        |
|----------+-----------------------------+-------+---------+----------|
| Handler  | accruePrimeAndExecutionCost | 1124  | 0       | 0        |
|----------+-----------------------------+-------+---------+----------|
| Handler  | advanceAndStart             | 1188  | 20      | 0        |
|----------+-----------------------------+-------+---------+----------|
| Handler  | churnUnwind                 | 1210  | 0       | 0        |
|----------+-----------------------------+-------+---------+----------|
| Handler  | claim                       | 1170  | 0       | 0        |
|----------+-----------------------------+-------+---------+----------|
| Handler  | claimMainSurplus            | 1154  | 299     | 0        |
|----------+-----------------------------+-------+---------+----------|
| Handler  | deposit                     | 1154  | 709     | 0        |
|----------+-----------------------------+-------+---------+----------|
| Handler  | externalRepayment           | 1143  | 0       | 0        |
|----------+-----------------------------+-------+---------+----------|
| Handler  | ramp                        | 1145  | 0       | 0        |
|----------+-----------------------------+-------+---------+----------|
| Handler  | requestRedeem               | 1162  | 78      | 0        |
|----------+-----------------------------+-------+---------+----------|
| Handler  | settle                      | 1175  | 0       | 0        |
╰----------+-----------------------------+-------+---------+----------╯

[PASS] invariant_synthConserved() (runs: 256, calls: 12800, reverts: 1113)

╭----------+-----------------------------+-------+---------+----------╮
| Contract | Selector                    | Calls | Reverts | Discards |
+=====================================================================+
| Handler  | accrueMainInterest          | 1167  | 0       | 0        |
|----------+-----------------------------+-------+---------+----------|
| Handler  | accruePrimeAndExecutionCost | 1177  | 0       | 0        |
|----------+-----------------------------+-------+---------+----------|
| Handler  | advanceAndStart             | 1182  | 19      | 0        |
|----------+-----------------------------+-------+---------+----------|
| Handler  | churnUnwind                 | 1242  | 0       | 0        |
|----------+-----------------------------+-------+---------+----------|
| Handler  | claim                       | 1096  | 0       | 0        |
|----------+-----------------------------+-------+---------+----------|
| Handler  | claimMainSurplus            | 1221  | 375     | 0        |
|----------+-----------------------------+-------+---------+----------|
| Handler  | deposit                     | 1115  | 645     | 0        |
|----------+-----------------------------+-------+---------+----------|
| Handler  | externalRepayment           | 1154  | 0       | 0        |
|----------+-----------------------------+-------+---------+----------|
| Handler  | ramp                        | 1120  | 0       | 0        |
|----------+-----------------------------+-------+---------+----------|
| Handler  | requestRedeem               | 1180  | 74      | 0        |
|----------+-----------------------------+-------+---------+----------|
| Handler  | settle                      | 1146  | 0       | 0        |
╰----------+-----------------------------+-------+---------+----------╯

Suite result: ok. 9 passed; 0 failed; 0 skipped; finished in 88.05s (176.10s CPU time)

Ran 17 test suites in 88.43s (142.79s CPU time): 74 tests passed, 0 failed, 1 skipped (75 total tests)
