Missing dependencies found. Installing now...

Warning: Your project has missing dependencies that could not be installed.
Compiling 102 files with Solc 0.8.22
Solc 0.8.22 finished in 305.49s
Compiler run successful!

Ran 5 tests for test/DcaDispatch.t.sol:DcaDispatchTest
[PASS] test_encodeMatchesPolkadotJsReference() (gas: 24312)
[PASS] test_ownerDerivation() (gas: 582)
[PASS] test_routerPalletIndexIsPinned() (gas: 2128)
[PASS] test_routerSellDeployLegMatchesRuntimeMetadata() (gas: 19495)
[PASS] test_routerSellUnwindLegMatchesRuntimeMetadata() (gas: 19608)
Suite result: ok. 5 passed; 0 failed; 0 skipped; finished in 574.98µs (374.38µs CPU time)

Ran 3 tests for test/Harvest.t.sol:HarvestTest
[PASS] test_harvestCompoundsYieldIntoSharePrice() (gas: 9164972)
[PASS] test_harvestSkipsInFlightUnwindEquity() (gas: 13416187)
[PASS] test_primePriceAppreciationCompoundsToDeposit() (gas: 9181888)
Suite result: ok. 3 passed; 0 failed; 0 skipped; finished in 95.85ms (92.94ms CPU time)

Ran 6 tests for test/HarvestMainDebt.t.sol:HarvestMainDebtTest
[PASS] test_feeThenInterestThenCollateralWithoutPrefunding() (gas: 8979369)
[PASS] test_harvestCompoundsYieldIntoSharePrice() (gas: 9165007)
[PASS] test_harvestSkipsInFlightUnwindEquity() (gas: 13416204)
[PASS] test_insufficientYieldNeverPullsPreviouslyCompoundedCollateral() (gas: 8916494)
[PASS] test_ownedIncomePaysBothSwapCostsAndRetainsUnusedAllowance() (gas: 10636483)
[PASS] test_primePriceAppreciationCompoundsToDeposit() (gas: 9181941)
Suite result: ok. 6 passed; 0 failed; 0 skipped; finished in 203.22ms (200.60ms CPU time)

Ran 18 tests for test/PropellerDiscount.t.sol:PropellerDiscountTest
[PASS] testFuzz_discountNeverExceedsConfiguredRate(uint256,uint256) (runs: 256, μ: 45157, ~: 45131)
[PASS] test_committeeCanDisableEvenWithBrokenVaultGetter() (gas: 283258)
[PASS] test_committeeCanIncreaseReduceDisableAndRestore() (gas: 388734)
[PASS] test_committeeCannotEnrollBorrowersOrGrantRoles() (gas: 68117)
[PASS] test_constructorRejectsWrongMarketAndZeroAuthority() (gas: 791544)
[PASS] test_constructorRejectsWrongSyntheticDecimals() (gas: 1365956)
[PASS] test_dustBackingOnlyDiscountsProportionalDebt() (gas: 48375)
[PASS] test_governanceCanRevokeCommitteeRateAuthority() (gas: 81191)
[PASS] test_invalidRateAndUninstalledPolicyRevert() (gas: 51164)
[PASS] test_outsiderCannotSetRateButCanRefresh() (gas: 360156)
[PASS] test_rateChangeRefreshesAllIncludingLostEligibility() (gas: 964698)
[PASS] test_rawSyntheticIsNotEligibility() (gas: 391752)
[PASS] test_receiptOrMinterRoleAloneCannotUnlockDiscount() (gas: 268659)
[PASS] test_refreshFailureRollsBackRateAndEveryBorrower() (gas: 668662)
[PASS] test_registrationRequiresMinterCorrectMarketAndRefreshHook() (gas: 418705)
[PASS] test_registryIsBoundedAndCanReuseRemovedSlots() (gas: 4507912)
[PASS] test_startsAtZeroWithoutDeployerPrivileges() (gas: 1525664)
[PASS] test_unregisterClearsCacheWithoutRevokingMintPermission() (gas: 279544)
Suite result: ok. 18 passed; 0 failed; 0 skipped; finished in 21.49ms (27.30ms CPU time)

Ran 1 test for test/PropellerDiscountFork.t.sol:PropellerDiscountForkTest
[SKIP: skipped] setUp() (gas: 0)
Suite result: ok. 0 passed; 0 failed; 1 skipped; finished in 361.83µs (0.00ns CPU time)

Ran 4 tests for test/YieldCheckpointGas.t.sol:YieldCheckpointGasTest
[PASS] test_checkpointGasDoesNotGrowWithHolderCount() (gas: 32095414)
Logs:
  checkpoint transfer, two holders: 481844
  checkpoint transfer, 102 holders: 481845

[PASS] test_harvestCompoundsYieldIntoSharePrice() (gas: 9164989)
[PASS] test_harvestSkipsInFlightUnwindEquity() (gas: 13416204)
[PASS] test_primePriceAppreciationCompoundsToDeposit() (gas: 9181906)
Suite result: ok. 4 passed; 0 failed; 0 skipped; finished in 238.28ms (234.46ms CPU time)

Ran 37 tests for test/ProtocolFees.t.sol:ProtocolFeesTest
[PASS] testFuzz_accrualClaimAndRotationConserveFees(uint256) (runs: 256, μ: 913854, ~: 908732)
[PASS] testFuzz_feeConservesGross(uint16,uint96) (runs: 256, μ: 174144, ~: 182643)
[PASS] test_actualOutputUsedInsteadOfSwapperReturn() (gas: 9167251)
[PASS] test_claimCannotReenterOrChangeRecipientDuringTransfer() (gas: 10190629)
[PASS] test_claimTransferMismatchRetainsLedger() (gas: 8768087)
[PASS] test_directDonationNotTaxedAndSameTokenSkipsSwap() (gas: 717547)
[PASS] test_failedClaimRetainsLedgerAndRecipientCanRecover() (gas: 8814259)
[PASS] test_feeBoundsAndUnknownVault() (gas: 61942)
[PASS] test_feeTransferMismatchRollsBackHarvest() (gas: 8578875)
[PASS] test_feeWithFullBorrowingDiscount() (gas: 11558251)
[PASS] test_feeWithPartialBorrowingDiscount() (gas: 11558497)
[PASS] test_feeWithZeroBorrowingDiscount() (gas: 11492425)
[PASS] test_fullFeeDoesNotCallZeroSupply() (gas: 8691036)
[PASS] test_governanceControlsAllPolicy() (gas: 224057)
[PASS] test_grossMinOutAppliedBeforeFee() (gas: 8752996)
[PASS] test_harvestCompoundsYieldIntoSharePrice() (gas: 9165216)
[PASS] test_harvestSkipsInFlightUnwindEquity() (gas: 13416280)
[PASS] test_initialFivePercentAndIdleCollateralExcluded() (gas: 8783087)
[PASS] test_laterVaultCannotTakeEarlierVaultCarry() (gas: 23524206)
[PASS] test_laterVaultRateChangeDuringSwapRollsBackBatch() (gas: 23932765)
[PASS] test_lyingSwapperCannotSpendIdleCollateral() (gas: 8931760)
[PASS] test_minOutFailureRollsBackHarvestAndAccrual() (gas: 8523175)
[PASS] test_missingOrMismatchedWiringFailsClosed() (gas: 9639961)
[PASS] test_paidFeesUnaffectedByRecipientRotation() (gas: 8804264)
[PASS] test_partialInputConsumptionRejected() (gas: 8937588)
[PASS] test_permissionlessClaimPaysOnlyCurrentRecipient() (gas: 8827325)
[PASS] test_policyChangeAndRestorationStillReverts() (gas: 9208781)
[PASS] test_primePriceAppreciationCompoundsToDeposit() (gas: 9182397)
[PASS] test_rebindingPreservesExplicitZeroRate() (gas: 119191)
[PASS] test_rejectsZeroAndKnownCustodyRecipients() (gas: 132030)
[PASS] test_runtimeSizesRemainDeployable() (gas: 8046962)
[PASS] test_settledWithdrawalIsNotUsedForFee() (gas: 14264924)
[PASS] test_sharedAssetDifferentRatesUseOneClaimLedger() (gas: 23290411)
[PASS] test_sourceHarvestOnlyThroughHarvester() (gas: 9118001)
[PASS] test_treasuryMayDepositPaidCollateralNormally() (gas: 9797681)
[PASS] test_zeroActualOutputRejectedEvenWhenFloorRoundsZero() (gas: 8938092)
[PASS] test_zeroFeeSuppliesAllHarvest() (gas: 8727406)
Suite result: ok. 37 passed; 0 failed; 0 skipped; finished in 1.32s (1.94s CPU time)

Ran 1 test for test/ProtocolFeesFork.t.sol:ProtocolFeesForkTest
[SKIP: skipped] setUp() (gas: 0)
Suite result: ok. 0 passed; 0 failed; 1 skipped; finished in 757.02µs (0.00ns CPU time)

Ran 28 tests for test/YieldEntryFairness.t.sol:YieldEntryFairnessTest
[PASS] testFuzz_transferAndPartialClaimsConserveOwnership(uint16) (runs: 64, μ: 10800263, ~: 10800210)
[PASS] test_btcEightDecimalsPreservesEntryOwnership() (gas: 26564315)
[PASS] test_dustRemainingAfterLossRescalesUnitsWithoutChangingOwnership() (gas: 17792309)
[PASS] test_entryRejectsMainInterestCoveredOnlyBeforeFees() (gas: 8543840)
[PASS] test_exitFeeUsesActualYieldAndLockedRateAcrossPartialReceipts() (gas: 9779415)
[PASS] test_feeOwnershipSurvivesLaterRateChange() (gas: 9834028)
[PASS] test_fullFeeRequiresNetFundingForMainInterestBeforeEntry() (gas: 9262832)
[PASS] test_fullyCashBackedExitNeedsNoActiveSourceSlice() (gas: 9630325)
[PASS] test_harvestCompoundsYieldIntoSharePrice() (gas: 9165216)
[PASS] test_harvestSkipsInFlightUnwindEquity() (gas: 13416296)
[PASS] test_lateExecutionCostReducesReservedFeeAfterPartialSurplus() (gas: 8974172)
[PASS] test_mainRecoveryCannotMakeHarvesterWithdrawPastHealthFloor() (gas: 9420830)
[PASS] test_newcomerCannotCaptureEarlierCarryAtHarvest() (gas: 10058384)
[PASS] test_newcomerCannotCaptureEarlierCarryByExitingBeforeHarvest() (gas: 11164988)
[PASS] test_newcomerDoesNotReceiveOldMainInterestReserve() (gas: 10367861)
[PASS] test_ownedFeeAndYieldBearExitExecutionCostsTogether() (gas: 190601880)
[PASS] test_partialRewardClaimPreservesUnconvertedValue() (gas: 10502980)
[PASS] test_primePriceAppreciationCompoundsToDeposit() (gas: 9182232)
[PASS] test_recoveryCashIsNotTaxedOrGivenToNewEntrant() (gas: 10652940)
[PASS] test_repeatedYieldWriteOffDoesNotInflateAccountingUnits() (gas: 13731632)
[PASS] test_rewardCollateralCompoundsBeforeOwnerClaims() (gas: 11644952)
[PASS] test_smallHarvestReborrowsWithoutFivePointLtvDrift() (gas: 9761876)
[PASS] test_transferDuringMainResizeKeepsEarlierYieldOwnership() (gas: 11285388)
[PASS] test_transferRetainsPreviouslyEarnedYieldWithSender() (gas: 9935531)
[PASS] test_unconvertedEarningsAreNotLeveredAgain() (gas: 22264708)
[PASS] test_unrealizedYieldAbsorbsLossBeforeMainRecovery() (gas: 8890054)
[PASS] test_vestedExitRewardsKeepEarningAndRemainClaimable() (gas: 13784634)
[PASS] test_waitingWithdrawalKeepsEarningUntilUnwindStarts() (gas: 9461748)
Suite result: ok. 28 passed; 0 failed; 0 skipped; finished in 2.55s (3.73s CPU time)

Ran 4 tests for test/SyntheticToken.t.sol:SyntheticTokenTest
[PASS] testFuzz_mintBurnRoundTrips(uint128) (runs: 256, μ: 48542, ~: 48544)
[PASS] test_decimals() (gas: 5888)
[PASS] test_minterCanMintAndBurn() (gas: 66188)
[PASS] test_nonMinterCannotMint() (gas: 37330)
Suite result: ok. 4 passed; 0 failed; 0 skipped; finished in 2.80s (2.80s CPU time)

Ran 10 test suites in 3.13s (7.23s CPU time): 105 tests passed, 0 failed, 2 skipped (107 total tests)
