Missing dependencies found. Installing now...

No files changed, compilation skipped

Ran 1 test for test/OperationsTuning.t.sol:OperationsTuningTest
[PASS] test_operationsTuning() (gas: 3113568414)
Logs:
  executionAndMarkLossUsd: 29066230644338436601
  fundedCryptoUsd: 341057514825394108360
  unconvertedUserUsd: 57554951036675540057
  unconvertedProtocolUsd: 3029203516830510238
  mainDebtUsd: 7763988206782669252218
  loopDebtUsd: 39475305515803053619582
  sourceEquityUsd: 7825048454870000000000
  cashUsd: 0
  backingDeficitUsd: 0
  sourceReserveUsd: 47300353970671005890
  protocolFeeUsd: 35187358658389373459
  firstHarvestHour: 1418
  firstCryptoHour: 2129
  harvests: 31
  borrows: 22
  rebalances: 14
  repays: 0
  pegUpdates: 2
  blockedObservations: 1024
  mainInterestUsd: 334652069010020334216
  loopInterestUsd: 1525506582423053619582
  waivedInterestUsd: 0
  sourceIncomeUsd: 2326530003648526620000
  minimumHf: 1053569358656062638
  maxHarvestUsd: 23256169901701870000
  maxBorrowUsd: 6284999999990000000000
  maxRebalanceUsd: 19000625450000000000
  deposits: 1
  settlements: 29
  safetySchedules: 0
  servicingHarvests: 31
  economicSkips: 0
  quoteSkips: 134
  admittedUsd: 9999999999999999999046
  unadmittedUsd: 0
  admissionCompleteHour: 0
  harvestGrossUsd: 708064985982526900000
  maxHarvestGapHours: 237
  entryVolumeUsd: 45704741363400000000000
  days: 365

Suite result: ok. 1 passed; 0 failed; 0 skipped; finished in 12.64s (12.63s CPU time)

Ran 1 test suite in 12.64s (12.64s CPU time): 1 tests passed, 0 failed, 0 skipped (1 total tests)
