TAP version 13
# Subtest: test/execution.test.ts
ok 1 - test/execution.test.ts
  ---
  duration_ms: 548.299994
  type: 'test'
  ...
# Subtest: test/rounding.test.ts
ok 2 - test/rounding.test.ts
  ---
  duration_ms: 174.840292
  type: 'test'
  ...
# Subtest: test/safety.test.ts
ok 3 - test/safety.test.ts
  ---
  duration_ms: 583.786752
  type: 'test'
  ...
# Subtest: test/transactions.test.ts
ok 4 - test/transactions.test.ts
  ---
  duration_ms: 583.507396
  type: 'test'
  ...
1..4
# tests 4
# suites 0
# pass 4
# fail 0
# cancelled 0
# skipped 0
# todo 0
# duration_ms 599.200144
