Missing dependencies found. Installing now...

Cloning into '/tmp/propeller-dca-20261004/bil-vault/lib/decentral-contracts'...
fatal: unable to access 'https://github.com/gabrielfst30/decentral-contracts/': Could not resolve host: github.com
fatal: clone of 'https://github.com/gabrielfst30/decentral-contracts' into submodule path '/tmp/propeller-dca-20261004/bil-vault/lib/decentral-contracts' failed
Failed to clone 'bil-vault/lib/decentral-contracts'. Retry scheduled
Cloning into '/tmp/propeller-dca-20261004/bil-vault/lib/openzeppelin-contracts-upgradeable-v5'...
fatal: unable to access 'https://github.com/OpenZeppelin/openzeppelin-contracts-upgradeable/': Could not resolve host: github.com
fatal: clone of 'https://github.com/OpenZeppelin/openzeppelin-contracts-upgradeable' into submodule path '/tmp/propeller-dca-20261004/bil-vault/lib/openzeppelin-contracts-upgradeable-v5' failed
Failed to clone 'bil-vault/lib/openzeppelin-contracts-upgradeable-v5'. Retry scheduled
Cloning into '/tmp/propeller-dca-20261004/bil-vault/lib/openzeppelin-contracts-v5'...
fatal: unable to access 'https://github.com/OpenZeppelin/openzeppelin-contracts/': Could not resolve host: github.com
fatal: clone of 'https://github.com/OpenZeppelin/openzeppelin-contracts' into submodule path '/tmp/propeller-dca-20261004/bil-vault/lib/openzeppelin-contracts-v5' failed
Failed to clone 'bil-vault/lib/openzeppelin-contracts-v5'. Retry scheduled
Cloning into '/tmp/propeller-dca-20261004/bil-vault/lib/decentral-contracts'...
fatal: unable to access 'https://github.com/gabrielfst30/decentral-contracts/': Could not resolve host: github.com
fatal: clone of 'https://github.com/gabrielfst30/decentral-contracts' into submodule path '/tmp/propeller-dca-20261004/bil-vault/lib/decentral-contracts' failed
Failed to clone 'bil-vault/lib/decentral-contracts' a second time, aborting
Warning: Your project has missing dependencies that could not be installed.
Compiling 1 files with Solc 0.8.22
Solc 0.8.22 finished in 59.76s
Compiler run successful!

Ran 1 test for test/PropellerDiscountFork.t.sol:PropellerDiscountForkTest
[SKIP: skipped] setUp() (gas: 0)
Suite result: ok. 0 passed; 0 failed; 1 skipped; finished in 374.02µs (0.00ns CPU time)

Ran 1 test for test/ProtocolFeesFork.t.sol:ProtocolFeesForkTest
[SKIP: skipped] setUp() (gas: 0)
Suite result: ok. 0 passed; 0 failed; 1 skipped; finished in 388.18µs (0.00ns CPU time)

Ran 1 test for test/PluggableYieldSource.t.sol:PluggableYieldSourceTest
[PASS] test_depositRedeemClaimThroughNonLeveragedSource() (gas: 1996537)
Suite result: ok. 1 passed; 0 failed; 0 skipped; finished in 5.36ms (3.09ms CPU time)

Ran 5 tests for test/DcaDispatch.t.sol:DcaDispatchTest
[PASS] test_encodeMatchesPolkadotJsReference() (gas: 24312)
[PASS] test_ownerDerivation() (gas: 582)
[PASS] test_routerPalletIndexIsPinned() (gas: 2128)
[PASS] test_routerSellDeployLegMatchesRuntimeMetadata() (gas: 19495)
[PASS] test_routerSellUnwindLegMatchesRuntimeMetadata() (gas: 19608)
Suite result: ok. 5 passed; 0 failed; 0 skipped; finished in 5.65ms (411.55µs CPU time)

Ran 5 tests for test/PermissionlessKeeper.t.sol:PermissionlessKeeperTest
[PASS] test_compoundEnforcesOracleFloor() (gas: 680775)
[PASS] test_harvestConfiguredAsHarvester() (gas: 15436)
[PASS] test_harvesterDistributesParkedBalance() (gas: 1893721)
[PASS] test_keeperOpsCallableByAnyone() (gas: 534790)
[PASS] test_pauseMatrix() (gas: 335055)
Suite result: ok. 5 passed; 0 failed; 0 skipped; finished in 8.39ms (5.62ms CPU time)

Ran 4 tests for test/GuardianPause.t.sol:GuardianPauseTest
[PASS] test_adminCanDelegateGuardianToTechCommittee() (gas: 148487)
[PASS] test_freshDeployIsPausableByAdmin() (gas: 83579)
[PASS] test_nonGuardianCannotPause() (gas: 59165)
[PASS] test_pauseIsReversible() (gas: 97886)
Suite result: ok. 4 passed; 0 failed; 0 skipped; finished in 8.43ms (577.03µs CPU time)

Ran 2 tests for test/CollateralVaultDeposit.t.sol:CollateralVaultDepositTest
[PASS] test_baselineWithoutSynthIsLiquidatable() (gas: 330389)
[PASS] test_depositWaitsDebtFreeThenDeploymentSynthFloorsHf() (gas: 1368791)
Suite result: ok. 2 passed; 0 failed; 0 skipped; finished in 18.05ms (4.46ms CPU time)

Ran 4 tests for test/InterestPolicyEvidence.t.sol:InterestPolicyEvidenceTest
[PASS] test_compoundedYieldDoesNotSatisfyCurrentHollarBackingCheck() (gas: 1243422)
[PASS] test_currentExitPreservesGrossYieldPromiseButNeedsInterestFunding() (gas: 2377061)
[PASS] test_depositRedeemClaimThroughNonLeveragedSource() (gas: 1996652)
[PASS] test_reborrowSubtractsAccruedMainInterest() (gas: 1560885)
Suite result: ok. 4 passed; 0 failed; 0 skipped; finished in 19.08ms (12.89ms CPU time)

Ran 18 tests for test/PropellerDiscount.t.sol:PropellerDiscountTest
[PASS] testFuzz_discountNeverExceedsConfiguredRate(uint256,uint256) (runs: 256, μ: 45159, ~: 45131)
[PASS] test_committeeCanDisableEvenWithBrokenVaultGetter() (gas: 283258)
[PASS] test_committeeCanIncreaseReduceDisableAndRestore() (gas: 388761)
[PASS] test_committeeCannotEnrollBorrowersOrGrantRoles() (gas: 68117)
[PASS] test_constructorRejectsWrongMarketAndZeroAuthority() (gas: 672932)
[PASS] test_constructorRejectsWrongSyntheticDecimals() (gas: 1304341)
[PASS] test_dustBackingOnlyDiscountsProportionalDebt() (gas: 48375)
[PASS] test_governanceCanRevokeCommitteeRateAuthority() (gas: 81191)
[PASS] test_invalidRateAndUninstalledPolicyRevert() (gas: 51164)
[PASS] test_outsiderCannotSetRateButCanRefresh() (gas: 360156)
[PASS] test_rateChangeRefreshesAllIncludingLostEligibility() (gas: 964698)
[PASS] test_rawSyntheticIsNotEligibility() (gas: 391752)
[PASS] test_receiptOrMinterRoleAloneCannotUnlockDiscount() (gas: 268659)
[PASS] test_refreshFailureRollsBackRateAndEveryBorrower() (gas: 668662)
[PASS] test_registrationRequiresMinterCorrectMarketAndRefreshHook() (gas: 418705)
[PASS] test_registryIsBoundedAndCanReuseRemovedSlots() (gas: 4508392)
[PASS] test_startsAtZeroWithoutDeployerPrivileges() (gas: 34424)
[PASS] test_unregisterClearsCacheWithoutRevokingMintPermission() (gas: 279544)
Suite result: ok. 18 passed; 0 failed; 0 skipped; finished in 29.73ms (29.74ms CPU time)

Ran 1 test for test/formal/VerityParity.t.sol:VerityParityTest
[SKIP: skipped] setUp() (gas: 0)
Suite result: ok. 0 passed; 0 failed; 1 skipped; finished in 717.44µs (0.00ns CPU time)

Ran 1 test for test/UnwindSellPricing.t.sol:UnwindSellPricingTest
[PASS] test_unwindSellSurvivesPrimeAppreciation() (gas: 9532528)
Suite result: ok. 1 passed; 0 failed; 0 skipped; finished in 35.27ms (32.21ms CPU time)

Ran 10 tests for test/AdminConfig.t.sol:AdminConfigTest
[PASS] test_addVaultRejectsDuplicates() (gas: 90307)
[PASS] test_depositFailsClosedBeforeSynthReserveIsListed() (gas: 2619170)
[PASS] test_harvestOnlyByWiredHarvester() (gas: 8407780)
[PASS] test_registryIsAdminOnly() (gas: 140394)
[PASS] test_removeVaultKeepsRegistryConsistent() (gas: 150988)
[PASS] test_removeVaultRejectsUnregistered() (gas: 20462)
[PASS] test_setHarvesterRejectsZero() (gas: 43551)
[PASS] test_setSwapperRejectsZeroAndStrangers() (gas: 517314)
[PASS] test_setSwapperRepointsWithoutUpgrade() (gas: 527808)
[PASS] test_synthLtFollowsGovernance() (gas: 1377452)
Suite result: ok. 10 passed; 0 failed; 0 skipped; finished in 39.12ms (33.09ms CPU time)

Ran 4 tests for test/MainnetTuning.t.sol:MainnetTuningTest
[PASS] test_harvestCompoundsYieldIntoSharePrice() (gas: 9273756)
[PASS] test_harvestSkipsInFlightUnwindEquity() (gas: 13546504)
[SKIP] test_mainnetTuning() (gas: 0)
[PASS] test_primePriceAppreciationCompoundsToDeposit() (gas: 9290717)
Suite result: ok. 3 passed; 0 failed; 1 skipped; finished in 86.01ms (114.56ms CPU time)

Ran 2 tests for test/SynthLtvZero.t.sol:SynthLtvZeroTest
[PASS] test_governanceLtvBumpPlusNextSupplyRecovers() (gas: 2037868)
[PASS] test_ltvZeroSynthRejectsDeploymentAtomically() (gas: 909996)
Suite result: ok. 2 passed; 0 failed; 0 skipped; finished in 7.79ms (5.22ms CPU time)

Ran 2 tests for test/ExchangeRateSettleWindow.t.sol:ExchangeRateSettleWindowTest
[PASS] test_depositInSettleWindowIsNotMisMinted() (gas: 14487422)
[PASS] test_settleDoesNotDepressSharePrice() (gas: 13748422)
Suite result: ok. 2 passed; 0 failed; 0 skipped; finished in 105.21ms (102.87ms CPU time)

Ran 3 tests for test/NegativeCarryView.t.sol:NegativeCarryViewTest
[PASS] test_recoversToZeroWhenPriceReturns() (gas: 8330589)
[PASS] test_reportsDrawdownWhenUnderwater() (gas: 8332384)
[PASS] test_zeroWhenHealthy() (gas: 8307281)
Suite result: ok. 3 passed; 0 failed; 0 skipped; finished in 116.12ms (142.32ms CPU time)

Ran 4 tests for test/OperationsTuning.t.sol:OperationsTuningTest
[PASS] test_harvestCompoundsYieldIntoSharePrice() (gas: 9273869)
[PASS] test_harvestSkipsInFlightUnwindEquity() (gas: 13546601)
[SKIP] test_operationsTuning() (gas: 0)
[PASS] test_primePriceAppreciationCompoundsToDeposit() (gas: 9290815)
Suite result: ok. 3 passed; 0 failed; 1 skipped; finished in 122.06ms (118.30ms CPU time)

Ran 5 tests for test/KeeperOps.t.sol:KeeperOpsTest
[PASS] test_maintainPegOnInterestAccrual() (gas: 127017)
[PASS] test_rebalanceDeLeverIdempotent_noRedemptionDoS() (gas: 14144849)
[PASS] test_rebalanceDownOnDrop() (gas: 12337406)
[PASS] test_rebalanceFollowsGovernanceLtvChange() (gas: 886064)
[PASS] test_rebalanceUpOnAppreciation() (gas: 883833)
Suite result: ok. 5 passed; 0 failed; 0 skipped; finished in 137.28ms (112.58ms CPU time)

Ran 8 tests for test/CollateralVaultDiscount.t.sol:CollateralVaultDiscountTest
[PASS] test_committeeCannotChangeVaultControllerOrEligibility() (gas: 266721)
[PASS] test_detachImmediatelyClearsDiscountAndExitsStillWork() (gas: 2166212)
[PASS] test_firstDepositRefreshesAfterSynthSupply() (gas: 1258999)
[PASS] test_incrementalDepositAndPegMaintenanceRefreshBacking() (gas: 1796931)
[PASS] test_legacyVaultWithoutControllerRemainsUndiscounted() (gas: 1062397)
[PASS] test_settleRefreshesAfterSyntheticWithdrawal() (gas: 2162557)
[PASS] test_unregisterLeavesRepaymentAndPegMaintenanceAvailable() (gas: 2172701)
[PASS] test_upRebalanceRefreshesAfterNewSynthetic() (gas: 1548214)
Suite result: ok. 8 passed; 0 failed; 0 skipped; finished in 165.01ms (31.35ms CPU time)

Ran 13 tests for test/WithdrawalCooldown.t.sol:WithdrawalCooldownTest
[PASS] test_defaultWaitsTwelveHoursBeforeAnyUnwind() (gas: 2085272)
[PASS] test_delayChangesOnlyAffectFutureRequestsAndPreserveFifo() (gas: 2052005)
[PASS] test_delegatedAndSplitRequestsCannotReuseAnOldTimer() (gas: 1788724)
[PASS] test_depositDuringWaitDoesNotDilutePendingShares() (gas: 2251881)
[PASS] test_depositRedeemClaimThroughNonLeveragedSource() (gas: 1996620)
[PASS] test_freezeBlocksMatureStartTransfersAndNewRequests() (gas: 1733734)
[PASS] test_freezeKeepsPegAndCommittedMainRepaymentAvailable() (gas: 1748391)
[PASS] test_freezeStopsFifoAndAlreadySettledClaims() (gas: 2861048)
[PASS] test_fundingCannotBypassCooldown() (gas: 1371472)
[PASS] test_governanceCanDisableDelayButStillRequiresExplicitStart() (gas: 2045687)
[PASS] test_onlyGovernanceChangesDelayOrReopensAfterGuardianFreeze() (gas: 81922)
[PASS] test_sourceFreezeCannotBeBypassedByLocalUnpause() (gas: 2026996)
[PASS] test_waitingSharesKeepTheirYieldAndDebtUntilStart() (gas: 1625741)
Suite result: ok. 13 passed; 0 failed; 0 skipped; finished in 40.58ms (38.40ms CPU time)

Ran 4 tests for test/MultiVaultFlow.t.sol:MultiVaultFlowTest
[PASS] test_fullFlowTwoVaultsYieldInKind() (gas: 16098420)
[PASS] test_netCarryAfterHollarBorrowCost() (gas: 12335260)
[PASS] test_sourceEmergencyFreezesBothVaultsAndPreservesLocalPause() (gas: 105807)
[PASS] test_swapCostsReduceRealizedYield() (gas: 15425519)
Suite result: ok. 4 passed; 0 failed; 0 skipped; finished in 245.07ms (231.76ms CPU time)

Ran 1 test for test/SubLoopDeploy.t.sol:SubLoopDeployTest
[PASS] test_deployRampReachesTargetHf() (gas: 6837654)
Suite result: ok. 1 passed; 0 failed; 0 skipped; finished in 50.13ms (48.96ms CPU time)

Ran 12 tests for test/AccountingSafety.t.sol:VaultAccountingSafetyTest
[PASS] test_deleverThenRedeemDoesNotCountDebtTwice() (gas: 2434219)
[PASS] test_depositRedeemClaimThroughNonLeveragedSource() (gas: 1996684)
[PASS] test_idleCollateralDonationCanBeRedeemed() (gas: 1989175)
[PASS] test_newDepositBlockedWhenMainDebtOutgrowsSource() (gas: 1100311)
[PASS] test_partialClaimsUseCumulativeSettlementRounding() (gas: 2352261)
[PASS] test_publicDepositorCannotPayBootstrapCost() (gas: 243691)
[PASS] test_publicDepositorRecoversExactPrincipalAfterGovernanceBootstrap() (gas: 2249054)
[PASS] test_rebalanceDoesNotAddDebtDuringExit() (gas: 1651380)
[PASS] test_settlementCreditsActualRepaymentOnly() (gas: 2172205)
[PASS] test_shortfallPreservesPrincipalClaimAfterPartialPayment() (gas: 2550274)
[PASS] test_twoQueuedHalvesReturnAllPrincipal() (gas: 2580374)
[PASS] test_unclaimedSettlementDoesNotHaircutNextRedeemer() (gas: 2809552)
Suite result: ok. 12 passed; 0 failed; 0 skipped; finished in 397.16ms (67.08ms CPU time)

Ran 1 test for test/IntegrationWithdraw.t.sol:IntegrationWithdrawTest
[PASS] test_depositRampWithdrawReturnsPrincipal() (gas: 71602112)
Suite result: ok. 1 passed; 0 failed; 0 skipped; finished in 398.29ms (380.85ms CPU time)

Ran 4 tests for test/YieldCheckpointGas.t.sol:YieldCheckpointGasTest
[PASS] test_checkpointGasDoesNotGrowWithHolderCount() (gas: 32370830)
Logs:
  checkpoint transfer, two holders: 484560
  checkpoint transfer, 102 holders: 484561

[PASS] test_harvestCompoundsYieldIntoSharePrice() (gas: 9273756)
[PASS] test_harvestSkipsInFlightUnwindEquity() (gas: 13546476)
[PASS] test_primePriceAppreciationCompoundsToDeposit() (gas: 9290672)
Suite result: ok. 4 passed; 0 failed; 0 skipped; finished in 193.75ms (277.53ms CPU time)

Ran 1 test for test/PartialClaim.t.sol:PartialClaimTest
[PASS] test_partialClaimKeepsRequestActiveAndReturnsRemainder() (gas: 72932615)
Suite result: ok. 1 passed; 0 failed; 0 skipped; finished in 371.46ms (368.73ms CPU time)

Ran 6 tests for test/HarvestMainDebt.t.sol:HarvestMainDebtTest
[PASS] test_feeThenInterestThenCollateralWithoutPrefunding() (gas: 9088588)
[PASS] test_harvestCompoundsYieldIntoSharePrice() (gas: 9273773)
[PASS] test_harvestSkipsInFlightUnwindEquity() (gas: 13546468)
[PASS] test_insufficientYieldNeverPullsPreviouslyCompoundedCollateral() (gas: 9025696)
[PASS] test_ownedIncomePaysBothSwapCostsAndRetainsUnusedAllowance() (gas: 10466806)
[PASS] test_primePriceAppreciationCompoundsToDeposit() (gas: 9290708)
Suite result: ok. 6 passed; 0 failed; 0 skipped; finished in 514.08ms (317.04ms CPU time)

Ran 16 tests for test/MainDebt.t.sol:MainDebtTest
[PASS] testFuzz_partialRepaymentsAndPostStartInterest(uint96,uint96) (runs: 65, μ: 3088783, ~: 2419323)
[PASS] test_boundedSourceBatchExcludesNewExitsAndConservesRounding() (gas: 6798444)
[PASS] test_costAndCashBatchesRemainProportionalAcrossBoundedCalls() (gas: 7278887)
[PASS] test_depositRedeemClaimThroughNonLeveragedSource() (gas: 1996656)
[PASS] test_directMainRepaymentBenefitsAllDebtCohorts() (gas: 1856557)
[PASS] test_earlyRepaymentRetainsLaterSourceRecoveryForOriginalOwner() (gas: 2200004)
[PASS] test_exitInterestRemainsUnpaidUntilRecoveryWithoutHaircut() (gas: 2323685)
[PASS] test_noLiveLedgerReplacement() (gas: 1006389)
[PASS] test_noSponsoredCashOrDepositCyclingReward() (gas: 5278734)
[PASS] test_partialSourceCreditsAreProportionalNotFirstCome() (gas: 2754468)
[PASS] test_pauseBlocksSurplusButAllowsTargetedRecovery() (gas: 2083559)
[PASS] test_scaledBorrowRoundingRecordsObservedDebt() (gas: 1040197)
[PASS] test_scaledExitRepaymentClearsDebtUnitsAndPreservesCollateral() (gas: 2135735)
[PASS] test_scaledRepaymentTailUsesOnlyExplicitlyFundedCash() (gas: 1319564)
[PASS] test_unfundedInterestPreservesPrincipalAndBlocksDeposits() (gas: 1360085)
[PASS] test_wiringRequiredButNoPrefundingOrPolicyRequired() (gas: 1608995)
Suite result: ok. 16 passed; 0 failed; 0 skipped; finished in 536.63ms (603.99ms CPU time)

Ran 23 tests for test/ExecutionControls.t.sol:ExecutionControlsTest
[PASS] test_controlsBoundedHarvestLeavesOwnedYieldInvested() (gas: 15093336)
[PASS] test_controlsClearingRecoveredSafetyTargetIsUsefulWork() (gas: 8395450)
[PASS] test_controlsCooldownAndSameBlockPreventBurstRefills() (gas: 5194905)
[PASS] test_controlsDirectDepositCannotBypassDeploymentQuotes() (gas: 2234354)
[PASS] test_controlsExitBeforeDeploymentNeedsNoSwapsOrDebt() (gas: 1981928)
[PASS] test_controlsExpiredForkedAndFutureQuotesRevert() (gas: 948759)
[PASS] test_controlsExpiredPolicyNeverBlocksSafetyRepayment() (gas: 10075839)
[PASS] test_controlsHarvestCannotUseTheOlderWiderConsumerFloor() (gas: 9951056)
[PASS] test_controlsLargeDepositWaitsAndDeploymentIsSliced() (gas: 5183355)
[PASS] test_controlsMinimumEntryAndGlobalBudgetAcrossDepositsAndRamp() (gas: 6167624)
[PASS] test_controlsNewcomerCannotTakeYieldBetweenPartialHarvests() (gas: 14919640)
[PASS] test_controlsPartialDeploymentExitRemovesOnlyItsPendingCredit() (gas: 7746006)
[PASS] test_controlsPegHysteresisAndNoOpResults() (gas: 8456632)
[PASS] test_controlsPreviewCannotMoveFundsEvenWhenMined() (gas: 1942347)
[PASS] test_controlsQuoteDeteriorationRevertsAndRefundsBudget() (gas: 4766790)
[PASS] test_controlsSecondVaultCannotObtainAnotherAdmissionBudget() (gas: 7690757)
[PASS] test_controlsSmallerHarvestCanServiceDebtWhenFullBatchExceedsServiceLimit() (gas: 13384560)
[PASS] test_controlsStrictOracleFloorRejectsFeesAndAcceptsFairPrice() (gas: 4561987)
[PASS] test_controlsUnwindAlsoRequiresQuoteAndTightOracleFloor() (gas: 11096233)
[PASS] test_controlsUpwardRebalanceMakesBoundedProgress() (gas: 12625063)
[PASS] test_harvestCompoundsYieldIntoSharePrice() (gas: 9273844)
[PASS] test_harvestSkipsInFlightUnwindEquity() (gas: 13546607)
[PASS] test_primePriceAppreciationCompoundsToDeposit() (gas: 9290904)
Suite result: ok. 23 passed; 0 failed; 0 skipped; finished in 672.13ms (595.24ms CPU time)

Ran 11 tests for test/SourceUpgradeCompatibility.t.sol:SourceUpgradeCompatibilityTest
[PASS] test_fullFlowTwoVaultsYieldInKind() (gas: 16098552)
[PASS] test_netCarryAfterHollarBorrowCost() (gas: 12335381)
[PASS] test_sourceEmergencyFreezesBothVaultsAndPreservesLocalPause() (gas: 105971)
[PASS] test_swapCostsReduceRealizedYield() (gas: 15425687)
[PASS] test_upgradeCannotHideAnUnderfundedOldPosition() (gas: 19961552)
[PASS] test_upgradeLateRecoveryStillPaysOriginalExitOwner() (gas: 21433969)
[PASS] test_upgradeLiveSourcePreservesPartialExitAndWaitingRequest() (gas: 28879169)
[PASS] test_upgradePendingCostsAndReceiptsAreCreditedExactlyOnce() (gas: 20637213)
[PASS] test_upgradePreservesEmergencyAndLocalPauses() (gas: 24057708)
[PASS] test_upgradeRequiresAuthorityAndCannotReinitializeExistingState() (gas: 11620467)
[PASS] test_upgradeResettingCostCounterBreaksSettlementWithoutErasingClaims() (gas: 19583900)
Suite result: ok. 11 passed; 0 failed; 0 skipped; finished in 676.29ms (667.35ms CPU time)

Ran 2 tests for test/SettleBatch.t.sol:SettleBatchTest
[PASS] test_longQueueSettlesInBoundedPasses() (gas: 287588435)
Logs:
  settle calls to drain the queue: 13
  max gas for one settle pass: 7390484

[PASS] test_singleRequestSettles() (gas: 13985756)
Logs:
  gas to settle 1 request: 625551

Suite result: ok. 2 passed; 0 failed; 0 skipped; finished in 924.57ms (972.50ms CPU time)

Ran 10 tests for test/PrincipalRounding.t.sol:PrincipalRoundingTest
[PASS] testFuzz_depositSplitExitPreservesPrincipalAndOtherHolder(uint96,uint96,uint96) (runs: 256, μ: 3126429, ~: 3125887)
[PASS] test_depositRedeemClaimThroughNonLeveragedSource() (gas: 1996696)
[PASS] test_exhaustedBufferCannotHaircutSettlement() (gas: 3111932)
[PASS] test_exhaustedBufferPreservesWaitingRequestUntilRefilled() (gas: 2822955)
[PASS] test_insufficientBufferRevertsDepositAtomically() (gas: 1381547)
[PASS] test_oddDepositAtTwoToOnePriceCannotLosePrincipalOrDiluteHolder() (gas: 2557105)
[PASS] test_poolSupplyAndWithdrawalRoundingIsPaidByBuffer() (gas: 2585927)
[PASS] test_roundingBufferIsNotShareBackingOrDepositorFunds() (gas: 1082424)
[PASS] test_splitRequestsCannotConsumeMoreThanFundedRounding() (gas: 20178372)
[PASS] test_splitTransferredSharesAndPartialClaimsKeepAllPrincipal() (gas: 3985741)
Suite result: ok. 10 passed; 0 failed; 0 skipped; finished in 1.93s (2.02s CPU time)

Ran 5 tests for test/AdminSourceControl.t.sol:AdminSourceControlTest
[PASS] test_onlyAdminControls() (gas: 522284)
[PASS] test_setYieldSourceGuardsInFlightUnwind() (gas: 9370196)
[PASS] test_setYieldSourceOnFreshVault() (gas: 532633)
[PASS] test_setYieldSourceRevertsWhileFunded() (gas: 8688744)
[PASS] test_setYieldSourceUnreachableOnceFunded() (gas: 581715116)
Suite result: ok. 5 passed; 0 failed; 0 skipped; finished in 2.33s (2.33s CPU time)

Ran 4 tests for test/DeleverQueueInterference.t.sol:DeleverQueueInterferenceTest
[PASS] test_rebalanceWaitsForQueuedExit() (gas: 56592614)
Logs:
  live debt        2250000000000000000000
  queued debt      2024999999999997975000
  non-queued debt  225000000000002025000
  deleverTarget    0

[PASS] test_requestRedeemBeforeRampHasRecognizedBacking() (gas: 2137639)
[PASS] test_subLoopPreservesSharesAtZeroEquity() (gas: 1345664)
[PASS] test_unwindSpiralTailRemainsClaimableUntilRecovery() (gas: 581937675)
Logs:
  spiral rounds       2000
  repaid / debtShare  2249999971190000000000 2249999999999997750000
  pendingUnwindOf     6719997750000
  loop aPRIME left    42
  unwindTargetEquity  6719997750000
  queueHead / tail    0 1

Suite result: ok. 4 passed; 0 failed; 0 skipped; finished in 2.38s (2.66s CPU time)

Ran 8 tests for test/RecoveryE2E.t.sol:RecoveryE2ETest
[PASS] testFuzz_recoveryFundingAndProcessingOrder(bool,bool,uint16) (runs: 33, μ: 19649624, ~: 19649681)
[PASS] test_fullFlowTwoVaultsYieldInKind() (gas: 16098482)
[PASS] test_lossFreezeStagedFundingAndFullRecovery() (gas: 19649318)
[PASS] test_netCarryAfterHollarBorrowCost() (gas: 12335304)
[PASS] test_reverseVaultAndClaimOrderPreservesAllPrincipal() (gas: 19649810)
[PASS] test_sourceEmergencyFreezesBothVaultsAndPreservesLocalPause() (gas: 105940)
[PASS] test_swapCostsReduceRealizedYield() (gas: 15425702)
[PASS] test_zeroEquityCannotStartUnwindOrEraseWaitingShares() (gas: 10699150)
Suite result: ok. 8 passed; 0 failed; 0 skipped; finished in 2.54s (2.92s CPU time)

Ran 28 tests for test/YieldEntryFairness.t.sol:YieldEntryFairnessTest
[PASS] testFuzz_transferAndPartialClaimsConserveOwnership(uint16) (runs: 64, μ: 10631989, ~: 10631933)
[PASS] test_btcEightDecimalsPreservesEntryOwnership() (gas: 13128624)
[PASS] test_dustRemainingAfterLossRescalesUnitsWithoutChangingOwnership() (gas: 17988216)
[PASS] test_entryRejectsMainInterestCoveredOnlyBeforeFees() (gas: 8645956)
[PASS] test_exitFeeUsesActualYieldAndLockedRateAcrossPartialReceipts() (gas: 9882584)
[PASS] test_feeOwnershipSurvivesLaterRateChange() (gas: 9658997)
[PASS] test_fullFeeRequiresNetFundingForMainInterestBeforeEntry() (gas: 9112885)
[PASS] test_fullyCashBackedExitNeedsNoActiveSourceSlice() (gas: 9741582)
[PASS] test_harvestCompoundsYieldIntoSharePrice() (gas: 9273983)
[PASS] test_harvestSkipsInFlightUnwindEquity() (gas: 13546564)
[PASS] test_lateExecutionCostReducesReservedFeeAfterPartialSurplus() (gas: 9076520)
[PASS] test_mainRecoveryCannotMakeHarvesterWithdrawPastHealthFloor() (gas: 9531896)
[PASS] test_newcomerCannotCaptureEarlierCarryAtHarvest() (gas: 9884403)
[PASS] test_newcomerCannotCaptureEarlierCarryByExitingBeforeHarvest() (gas: 11632329)
[PASS] test_newcomerDoesNotReceiveOldMainInterestReserve() (gas: 10196008)
[PASS] test_ownedFeeAndYieldBearExitExecutionCostsTogether() (gas: 193696593)
[PASS] test_partialRewardClaimPreservesUnconvertedValue() (gas: 10332442)
[PASS] test_primePriceAppreciationCompoundsToDeposit() (gas: 9291001)
[PASS] test_recoveryCashIsNotTaxedOrGivenToNewEntrant() (gas: 9873207)
[PASS] test_repeatedYieldWriteOffDoesNotInflateAccountingUnits() (gas: 13871117)
[PASS] test_rewardCollateralCompoundsBeforeOwnerClaims() (gas: 11486497)
[PASS] test_smallHarvestReborrowsWithoutFivePointLtvDrift() (gas: 9875806)
[PASS] test_transferDuringMainResizeKeepsEarlierYieldOwnership() (gas: 11417902)
[PASS] test_transferRetainsPreviouslyEarnedYieldWithSender() (gas: 10050414)
[PASS] test_unconvertedEarningsAreNotLeveredAgain() (gas: 22390897)
[PASS] test_unrealizedYieldAbsorbsLossBeforeMainRecovery() (gas: 8994765)
[PASS] test_vestedExitRewardsKeepEarningAndRemainClaimable() (gas: 16119864)
[PASS] test_waitingWithdrawalKeepsEarningUntilUnwindStarts() (gas: 9565944)
Suite result: ok. 28 passed; 0 failed; 0 skipped; finished in 2.78s (4.62s CPU time)

Ran 3 tests for test/SubLoopUnwind.t.sol:SubLoopUnwindTest
[PASS] test_deLeverRestoresTargetHf() (gas: 8273300)
[PASS] test_fullUnwindFreesSeedEquity() (gas: 62509561)
[PASS] test_unwinderPrunedAfterFullPull() (gas: 66007688)
Suite result: ok. 3 passed; 0 failed; 0 skipped; finished in 2.90s (669.39ms CPU time)

Ran 8 tests for test/SubLoopUnwindSizing.t.sol:SubLoopUnwindSizingTest
[PASS] test_deleverStillRunsWhileUnhealthy() (gas: 8361871)
[PASS] test_deleverTargetLapsesWhenHealthRecovers() (gas: 6890709)
[PASS] test_idleHollarCoversUnwindBeforeSelling() (gas: 7102455)
[PASS] test_pokeBorrowResumesAfterRecovery() (gas: 7033652)
[PASS] test_reservedHollarIsNotAvailableToAnotherUnwind() (gas: 7666790)
[PASS] test_subPrimeUnitClaimFinishesWithoutDebt() (gas: 781509)
[PASS] test_subUsd8ClaimFinishesWithDebt() (gas: 7205076)
[PASS] test_unwindSaleSizedToRemainingTarget() (gas: 7373588)
Suite result: ok. 8 passed; 0 failed; 0 skipped; finished in 2.90s (169.90ms CPU time)

Ran 4 tests for test/SyntheticToken.t.sol:SyntheticTokenTest
[PASS] testFuzz_mintBurnRoundTrips(uint128) (runs: 256, μ: 48542, ~: 48546)
[PASS] test_decimals() (gas: 5888)
[PASS] test_minterCanMintAndBurn() (gas: 66188)
[PASS] test_nonMinterCannotMint() (gas: 37330)
Suite result: ok. 4 passed; 0 failed; 0 skipped; finished in 2.91s (2.91s CPU time)

Ran 15 tests for test/YieldFundedExecution.t.sol:YieldFundedExecutionTest
[PASS] testFuzz_recoveryFundingAndProcessingOrder(bool,bool,uint16) (runs: 257, μ: 19649730, ~: 19649756)
[PASS] test_costHoldbackNeverCreatesOrRequiresStartupCapital() (gas: 11556646)
[PASS] test_directPrimeRepaymentBecomesNetCollateralYieldWithoutChangingBasis() (gas: 12823572)
[PASS] test_earnedCostAllowanceProtectsAllThreeExitsWithoutRecovery() (gas: 106399997)
[PASS] test_earnedPrimePaysResizeFrictionWithoutSellingUserCollateral() (gas: 15467621)
[PASS] test_fullFlowTwoVaultsYieldInKind() (gas: 16098605)
[PASS] test_lossFreezeStagedFundingAndFullRecovery() (gas: 19649488)
[PASS] test_netCarryAfterHollarBorrowCost() (gas: 12335427)
[PASS] test_realizedCostsCannotWriteOffSourcePrincipalWithoutYield() (gas: 12394034)
[PASS] test_reverseVaultAndClaimOrderPreservesAllPrincipal() (gas: 19650068)
[PASS] test_slippageFailureRollsBackBorrowAndUnwindWithoutWidening() (gas: 12231432)
[PASS] test_sourceEmergencyFreezesBothVaultsAndPreservesLocalPause() (gas: 106044)
[PASS] test_swapCostsReduceRealizedYield() (gas: 15425755)
[PASS] test_tbtcFallShrinksPrimeLoopToRepayMainWithoutSponsoredCash() (gas: 13940204)
[PASS] test_zeroEquityCannotStartUnwindOrEraseWaitingShares() (gas: 10699240)
Suite result: ok. 15 passed; 0 failed; 0 skipped; finished in 17.10s (18.20s CPU time)

Ran 16 tests for test/MainDebtCampaign.t.sol:MainDebtCampaignTest
[PASS] testFuzz_recoveryFundingAndProcessingOrder(bool,bool,uint16) (runs: 257, μ: 19663285, ~: 19663356)
[SKIP] test_campaign100k() (gas: 0)
[SKIP] test_campaign100m() (gas: 0)
[SKIP] test_campaign10m() (gas: 0)
[SKIP] test_campaign1m() (gas: 0)
[SKIP] test_campaign500k() (gas: 0)
[SKIP] test_campaign50m() (gas: 0)
[SKIP] test_campaignSensitivity100k() (gas: 0)
[SKIP] test_campaignSensitivity1m() (gas: 0)
[PASS] test_fullFlowTwoVaultsYieldInKind() (gas: 16106509)
[PASS] test_lossFreezeStagedFundingAndFullRecovery() (gas: 19662987)
[PASS] test_netCarryAfterHollarBorrowCost() (gas: 12341858)
[PASS] test_reverseVaultAndClaimOrderPreservesAllPrincipal() (gas: 19663637)
[PASS] test_sourceEmergencyFreezesBothVaultsAndPreservesLocalPause() (gas: 106949)
[PASS] test_swapCostsReduceRealizedYield() (gas: 15433316)
[PASS] test_zeroEquityCannotStartUnwindOrEraseWaitingShares() (gas: 10706136)
Suite result: ok. 8 passed; 0 failed; 8 skipped; finished in 18.40s (18.76s CPU time)

Ran 35 tests for test/Market90Days.t.sol:Market90DaysTest
[PASS] testFuzz_recoveryFundingAndProcessingOrder(bool,bool,uint16) (runs: 257, μ: 19660925, ~: 19660985)
[PASS] test_90Day100kBear() (gas: 400435048)
Logs:
  path (0 bull, 1 bear, 2 seesaw): 1
  Modeled TVL USD: 100000
  Main interest HOLLAR wei: 1583143541117586045988
  Loop interest HOLLAR wei: 7461855794012428140368
  External exit funding HOLLAR wei: 6066200889744863502412
  Synthetic floor misses (vault-days): 0
  Deficit-blocked rebalances: 0

[PASS] test_90Day100kBull() (gas: 182126549)
Logs:
  path (0 bull, 1 bear, 2 seesaw): 0
  Modeled TVL USD: 100000
  Main interest HOLLAR wei: 1134572221893968183068
  Loop interest HOLLAR wei: 4372184544211114584210
  External exit funding HOLLAR wei: 0
  Synthetic floor misses (vault-days): 0
  Deficit-blocked rebalances: 0

[PASS] test_90Day100kSeesaw() (gas: 275027328)
Logs:
  Token-unit reconciliation HOLLAR wei: 1414005000301019410
  Token-unit reconciliation HOLLAR wei: 1480606436861734663
  path (0 bull, 1 bear, 2 seesaw): 2
  Modeled TVL USD: 100000
  Main interest HOLLAR wei: 1021314947251881866192
  Loop interest HOLLAR wei: 3864115393105316155847
  External exit funding HOLLAR wei: 936561369879103917523
  Synthetic floor misses (vault-days): 0
  Deficit-blocked rebalances: 136

[PASS] test_90Day100mBear() (gas: 496466728)
Logs:
  path (0 bull, 1 bear, 2 seesaw): 1
  Modeled TVL USD: 100000000
  Main interest HOLLAR wei: 600522753086243500585855
  Loop interest HOLLAR wei: 2805502812633089609039760
  External exit funding HOLLAR wei: 2287501646518683500585855
  Synthetic floor misses (vault-days): 0
  Deficit-blocked rebalances: 180

[PASS] test_90Day100mBull() (gas: 181819425)
Logs:
  path (0 bull, 1 bear, 2 seesaw): 0
  Modeled TVL USD: 100000000
  Main interest HOLLAR wei: 1121531482913237221126956
  Loop interest HOLLAR wei: 1128063285465713519462469
  External exit funding HOLLAR wei: 0
  Synthetic floor misses (vault-days): 0
  Deficit-blocked rebalances: 0

[PASS] test_90Day100mSeesaw() (gas: 177495660)
Logs:
  Token-unit reconciliation HOLLAR wei: 12758879464383827056340
  Token-unit reconciliation HOLLAR wei: 13570748009041680043884
  path (0 bull, 1 bear, 2 seesaw): 2
  Modeled TVL USD: 100000000
  Main interest HOLLAR wei: 1012937277880519050089440
  Loop interest HOLLAR wei: 999551889686972583664540
  External exit funding HOLLAR wei: 435460977399131237381414
  Synthetic floor misses (vault-days): 0
  Deficit-blocked rebalances: 136

[PASS] test_90Day10mBear() (gas: 492486430)
Logs:
  path (0 bull, 1 bear, 2 seesaw): 1
  Modeled TVL USD: 10000000
  Main interest HOLLAR wei: 158314249276302589982328
  Loop interest HOLLAR wei: 746185082617376606039140
  External exit funding HOLLAR wei: 606619678976085522208703
  Synthetic floor misses (vault-days): 0
  Deficit-blocked rebalances: 0

[PASS] test_90Day10mBull() (gas: 182128556)
Logs:
  path (0 bull, 1 bear, 2 seesaw): 0
  Modeled TVL USD: 10000000
  Main interest HOLLAR wei: 113457153861605463336723
  Loop interest HOLLAR wei: 437218173849447245764219
  External exit funding HOLLAR wei: 0
  Synthetic floor misses (vault-days): 0
  Deficit-blocked rebalances: 0

[PASS] test_90Day10mSeesaw() (gas: 323904688)
Logs:
  Token-unit reconciliation HOLLAR wei: 141403420168800469531
  Token-unit reconciliation HOLLAR wei: 148118304188076083231
  path (0 bull, 1 bear, 2 seesaw): 2
  Modeled TVL USD: 10000000
  Main interest HOLLAR wei: 102131429108400678884904
  Loop interest HOLLAR wei: 386411288610169681892046
  External exit funding HOLLAR wei: 93656129953874672132519
  Synthetic floor misses (vault-days): 0
  Deficit-blocked rebalances: 136

[PASS] test_90Day1mBear() (gas: 446057927)
Logs:
  path (0 bull, 1 bear, 2 seesaw): 1
  Modeled TVL USD: 1000000
  Main interest HOLLAR wei: 15831425880679827445396
  Loop interest HOLLAR wei: 74618512777627177894107
  External exit funding HOLLAR wei: 60661971626938139540626
  Synthetic floor misses (vault-days): 0
  Deficit-blocked rebalances: 0

[PASS] test_90Day1mBull() (gas: 182132006)
Logs:
  path (0 bull, 1 bear, 2 seesaw): 0
  Modeled TVL USD: 1000000
  Main interest HOLLAR wei: 11345716007322296135940
  Loop interest HOLLAR wei: 43721819935480615405240
  External exit funding HOLLAR wei: 0
  Synthetic floor misses (vault-days): 0
  Deficit-blocked rebalances: 0

[PASS] test_90Day1mSeesaw() (gas: 299464404)
Logs:
  Token-unit reconciliation HOLLAR wei: 14140315359900878019
  Token-unit reconciliation HOLLAR wei: 14811306112591703647
  path (0 bull, 1 bear, 2 seesaw): 2
  Modeled TVL USD: 1000000
  Main interest HOLLAR wei: 10213143507356265148265
  Loop interest HOLLAR wei: 38641131139944212008700
  External exit funding HOLLAR wei: 9365613064850876913659
  Synthetic floor misses (vault-days): 0
  Deficit-blocked rebalances: 136

[PASS] test_90Day500kBear() (gas: 432208563)
Logs:
  path (0 bull, 1 bear, 2 seesaw): 1
  Modeled TVL USD: 500000
  Main interest HOLLAR wei: 7915713469811942645755
  Loop interest HOLLAR wei: 37309258897179666757329
  External exit funding HOLLAR wei: 30330987891661897702007
  Synthetic floor misses (vault-days): 0
  Deficit-blocked rebalances: 0

[PASS] test_90Day500kBull() (gas: 182127358)
Logs:
  path (0 bull, 1 bear, 2 seesaw): 0
  Modeled TVL USD: 500000
  Main interest HOLLAR wei: 5672858348750994111494
  Loop interest HOLLAR wei: 21860911384558952220212
  External exit funding HOLLAR wei: 0
  Synthetic floor misses (vault-days): 0
  Deficit-blocked rebalances: 0

[PASS] test_90Day500kSeesaw() (gas: 292132857)
Logs:
  Token-unit reconciliation HOLLAR wei: 7070142893187571287
  Token-unit reconciliation HOLLAR wei: 7405361803290909737
  path (0 bull, 1 bear, 2 seesaw): 2
  Modeled TVL USD: 500000
  Main interest HOLLAR wei: 5106572085075991486825
  Loop interest HOLLAR wei: 19320566835858318104633
  External exit funding HOLLAR wei: 4682806570505611081020
  Synthetic floor misses (vault-days): 0
  Deficit-blocked rebalances: 136

[PASS] test_90Day50mBear() (gas: 521453128)
Logs:
  Token-unit reconciliation HOLLAR wei: 1728708933033114
  Token-unit reconciliation HOLLAR wei: 1619360022356291
  path (0 bull, 1 bear, 2 seesaw): 1
  Modeled TVL USD: 50000000
  Main interest HOLLAR wei: 573155385655757513869630
  Loop interest HOLLAR wei: 2686606322649775088375272
  External exit funding HOLLAR wei: 2188174520749960209079505
  Synthetic floor misses (vault-days): 0
  Deficit-blocked rebalances: 131

[PASS] test_90Day50mBull() (gas: 178384910)
Logs:
  path (0 bull, 1 bear, 2 seesaw): 0
  Modeled TVL USD: 50000000
  Main interest HOLLAR wei: 565065049594348523281373
  Loop interest HOLLAR wei: 1128063285465713519462469
  External exit funding HOLLAR wei: 0
  Synthetic floor misses (vault-days): 0
  Deficit-blocked rebalances: 0

[PASS] test_90Day50mSeesaw() (gas: 198584546)
Logs:
  Token-unit reconciliation HOLLAR wei: 4380663033786028108376
  Token-unit reconciliation HOLLAR wei: 4669267033946882978179
  path (0 bull, 1 bear, 2 seesaw): 2
  Modeled TVL USD: 50000000
  Main interest HOLLAR wei: 509823248015856797941420
  Loop interest HOLLAR wei: 1008247681651388331196483
  External exit funding HOLLAR wei: 306684182357482964305453
  Synthetic floor misses (vault-days): 0
  Deficit-blocked rebalances: 136

[PASS] test_90DayBear() (gas: 344225988)
Logs:
  path (0 bull, 1 bear, 2 seesaw): 1
  Modeled TVL USD: 6000
  Main interest HOLLAR wei: 94989607874428435165
  Loop interest HOLLAR wei: 447716064091259335186
  External exit funding HOLLAR wei: 363975950266065732289
  Synthetic floor misses (vault-days): 0
  Deficit-blocked rebalances: 0

[PASS] test_90DayBearFullMainDiscount() (gas: 320604572)
Logs:
  path (0 bull, 1 bear, 2 seesaw): 1
  Modeled TVL USD: 6000
  Main interest HOLLAR wei: 0
  Loop interest HOLLAR wei: 454607311865636914418
  External exit funding HOLLAR wei: 273061612162829516031
  Synthetic floor misses (vault-days): 0
  Deficit-blocked rebalances: 0

[PASS] test_90DayBearKeeperOutage() (gas: 307126388)
Logs:
  path (0 bull, 1 bear, 2 seesaw): 1
  Modeled TVL USD: 6000
  Main interest HOLLAR wei: 100551044496355155646
  Loop interest HOLLAR wei: 475057701136370792890
  External exit funding HOLLAR wei: 386030815934691113356
  Synthetic floor misses (vault-days): 40
  Deficit-blocked rebalances: 0

[PASS] test_90DayBull() (gas: 182125444)
Logs:
  path (0 bull, 1 bear, 2 seesaw): 0
  Modeled TVL USD: 6000
  Main interest HOLLAR wei: 68074982082605864678
  Loop interest HOLLAR wei: 262333736502264165431
  External exit funding HOLLAR wei: 0
  Synthetic floor misses (vault-days): 0
  Deficit-blocked rebalances: 0

[PASS] test_90DayBullFullMainDiscount() (gas: 178300444)
Logs:
  path (0 bull, 1 bear, 2 seesaw): 0
  Modeled TVL USD: 6000
  Main interest HOLLAR wei: 0
  Loop interest HOLLAR wei: 262333736502264165431
  External exit funding HOLLAR wei: 0
  Synthetic floor misses (vault-days): 0
  Deficit-blocked rebalances: 0

[PASS] test_90DayBullKeeperOutage() (gas: 133140230)
Logs:
  path (0 bull, 1 bear, 2 seesaw): 0
  Modeled TVL USD: 6000
  Main interest HOLLAR wei: 65618786243774381749
  Loop interest HOLLAR wei: 262333736502264165431
  External exit funding HOLLAR wei: 0
  Synthetic floor misses (vault-days): 18
  Deficit-blocked rebalances: 0

[PASS] test_90DaySeesaw() (gas: 245700800)
Logs:
  Token-unit reconciliation HOLLAR wei: 84812580279562978
  Token-unit reconciliation HOLLAR wei: 88288913353234484
  path (0 bull, 1 bear, 2 seesaw): 2
  Modeled TVL USD: 6000
  Main interest HOLLAR wei: 61279519863229534751
  Loop interest HOLLAR wei: 231849303790271872881
  External exit funding HOLLAR wei: 56193748878804189241
  Synthetic floor misses (vault-days): 0
  Deficit-blocked rebalances: 136

[PASS] test_90DaySeesawFullMainDiscount() (gas: 193233452)
Logs:
  path (0 bull, 1 bear, 2 seesaw): 2
  Modeled TVL USD: 6000
  Main interest HOLLAR wei: 0
  Loop interest HOLLAR wei: 150072810651222939815
  External exit funding HOLLAR wei: 0
  Synthetic floor misses (vault-days): 0
  Deficit-blocked rebalances: 2

[PASS] test_90DaySeesawKeeperOutage() (gas: 215950651)
Logs:
  Token-unit reconciliation HOLLAR wei: 84812580279562978
  Token-unit reconciliation HOLLAR wei: 88288913353234484
  path (0 bull, 1 bear, 2 seesaw): 2
  Modeled TVL USD: 6000
  Main interest HOLLAR wei: 61279519863229534751
  Loop interest HOLLAR wei: 231849303790271872881
  External exit funding HOLLAR wei: 56193748878804189241
  Synthetic floor misses (vault-days): 24
  Deficit-blocked rebalances: 78

[PASS] test_fullFlowTwoVaultsYieldInKind() (gas: 16105516)
[PASS] test_lossFreezeStagedFundingAndFullRecovery() (gas: 19660668)
[PASS] test_netCarryAfterHollarBorrowCost() (gas: 12341294)
[PASS] test_reverseVaultAndClaimOrderPreservesAllPrincipal() (gas: 19661548)
[PASS] test_sourceEmergencyFreezesBothVaultsAndPreservesLocalPause() (gas: 106956)
[PASS] test_swapCostsReduceRealizedYield() (gas: 15432185)
[PASS] test_zeroEquityCannotStartUnwindOrEraseWaitingShares() (gas: 10705436)
Suite result: ok. 35 passed; 0 failed; 0 skipped; finished in 18.94s (54.01s CPU time)

Ran 6 tests for test/WithdrawalCooldown.t.sol:SourceEmergencyPauseTest
[PASS] test_deLeverRestoresTargetHf() (gas: 8273360)
[PASS] test_emergencyAllowsSafetyRepaymentWithoutExitAllocation() (gas: 7260308)
[PASS] test_emergencyStopsExistingUnwindAndNewRisk() (gas: 7250193)
[PASS] test_fullUnwindFreesSeedEquity() (gas: 62509582)
[PASS] test_onlyGuardianFreezesAndOnlyGovernanceReopensSource() (gas: 119033)
[PASS] test_unwinderPrunedAfterFullPull() (gas: 66007727)
Suite result: ok. 6 passed; 0 failed; 0 skipped; finished in 26.35s (688.20ms CPU time)

Ran 7 tests for test/YieldValidation.t.sol:YieldValidationTest
[PASS] testFuzz_rewardFundConservesOwnershipAcrossMixedActions(uint256) (runs: 256, μ: 42411372, ~: 43202843)
[PASS] test_harvestCompoundsYieldIntoSharePrice() (gas: 9273756)
[PASS] test_harvestSkipsInFlightUnwindEquity() (gas: 13546502)
[PASS] test_negativeSpreadCannotFabricateHarvestedCollateral() (gas: 15186142)
Logs:
  first realized collateral day: 0
  first source harvest day: 0
  days from first to second harvest: 0
  harvests in 180 days: 0
  peak modeled harvest gas: 0
  collateral earned in 180 days (wei): 0

[PASS] test_primePriceAppreciationCompoundsToDeposit() (gas: 9290750)
[PASS] test_realizationDelayWithFivePercentPrimeAndTwoPercentBorrow() (gas: 74658859)
Logs:
  first realized collateral day: 123
  first source harvest day: 113
  days from first to second harvest: 2
  harvests in 180 days: 34
  peak modeled harvest gas: 1354344
  collateral earned in 180 days (wei): 20192029758242216

[PASS] test_realizationWithTenBpsExecutionReserveIsStillNotImmediate() (gas: 171628875)
Logs:
  first realized collateral day: 13
  first source harvest day: 13
  days from first to second harvest: 2
  harvests in 180 days: 84
  peak modeled harvest gas: 1442798
  collateral earned in 180 days (wei): 61482886102620942

Suite result: ok. 7 passed; 0 failed; 0 skipped; finished in 47.30s (48.82s CPU time)

Ran 7 tests for test/AccountingSafety.t.sol:SourceAccountingSafetyTest
[PASS] test_backToBackVaultUnwindsDoNotOverbookEquity() (gas: 7250228)
[PASS] test_deLeverRestoresTargetHf() (gas: 8273386)
[PASS] test_depositDuringPendingUnwindIsPricedOnLiveBacking() (gas: 7390614)
[PASS] test_fullUnwindFreesSeedEquity() (gas: 62509591)
[PASS] test_unleveredExitSellsCollateralWithoutDebt() (gas: 767326)
[PASS] test_unwinderPrunedAfterFullPull() (gas: 66007718)
[PASS] test_zeroProgressCannotWriteOffUnpaidClaims() (gas: 6957212)
Suite result: ok. 7 passed; 0 failed; 0 skipped; finished in 57.97s (683.49ms CPU time)

Ran 3 tests for test/Harvest.t.sol:HarvestTest
[PASS] test_harvestCompoundsYieldIntoSharePrice() (gas: 9273738)
[PASS] test_harvestSkipsInFlightUnwindEquity() (gas: 13546458)
[PASS] test_primePriceAppreciationCompoundsToDeposit() (gas: 9290655)
Suite result: ok. 3 passed; 0 failed; 0 skipped; finished in 68.48s (176.21ms CPU time)

Ran 37 tests for test/ProtocolFees.t.sol:ProtocolFeesTest
[PASS] testFuzz_accrualClaimAndRotationConserveFees(uint256) (runs: 256, μ: 913306, ~: 910023)
[PASS] testFuzz_feeConservesGross(uint16,uint96) (runs: 256, μ: 176042, ~: 183096)
[PASS] test_actualOutputUsedInsteadOfSwapperReturn() (gas: 9275048)
[PASS] test_claimCannotReenterOrChangeRecipientDuringTransfer() (gas: 10302740)
[PASS] test_claimTransferMismatchRetainsLedger() (gas: 8875844)
[PASS] test_directDonationNotTaxedAndSameTokenSkipsSwap() (gas: 723439)
[PASS] test_failedClaimRetainsLedgerAndRecipientCanRecover() (gas: 8922016)
[PASS] test_feeBoundsAndUnknownVault() (gas: 61942)
[PASS] test_feeTransferMismatchRollsBackHarvest() (gas: 8685916)
[PASS] test_feeWithFullBorrowingDiscount() (gas: 10484047)
[PASS] test_feeWithPartialBorrowingDiscount() (gas: 10484293)
[PASS] test_feeWithZeroBorrowingDiscount() (gas: 10415020)
[PASS] test_fullFeeDoesNotCallZeroSupply() (gas: 8798514)
[PASS] test_governanceControlsAllPolicy() (gas: 224120)
[PASS] test_grossMinOutAppliedBeforeFee() (gas: 8860753)
[PASS] test_harvestCompoundsYieldIntoSharePrice() (gas: 9273983)
[PASS] test_harvestSkipsInFlightUnwindEquity() (gas: 13546555)
[PASS] test_initialFivePercentAndIdleCollateralExcluded() (gas: 8890897)
[PASS] test_laterVaultCannotTakeEarlierVaultCarry() (gas: 11100068)
[PASS] test_laterVaultRateChangeDuringSwapRollsBackBatch() (gas: 11450828)
[PASS] test_lyingSwapperCannotSpendIdleCollateral() (gas: 9038516)
[PASS] test_minOutFailureRollsBackHarvestAndAccrual() (gas: 8629824)
[PASS] test_missingOrMismatchedWiringFailsClosed() (gas: 8362537)
[PASS] test_paidFeesUnaffectedByRecipientRotation() (gas: 8912020)
[PASS] test_partialInputConsumptionRejected() (gas: 9044260)
[PASS] test_permissionlessClaimPaysOnlyCurrentRecipient() (gas: 8935082)
[PASS] test_policyChangeAndRestorationStillReverts() (gas: 9314379)
[PASS] test_primePriceAppreciationCompoundsToDeposit() (gas: 9291164)
[PASS] test_rebindingPreservesExplicitZeroRate() (gas: 119820)
[PASS] test_rejectsZeroAndKnownCustodyRecipients() (gas: 132118)
[PASS] test_runtimeSizesRemainDeployable() (gas: 45108)
[PASS] test_settledWithdrawalIsNotUsedForFee() (gas: 14399476)
[PASS] test_sharedAssetDifferentRatesUseOneClaimLedger() (gas: 10993835)
[PASS] test_sourceHarvestOnlyThroughHarvester() (gas: 9226700)
[PASS] test_treasuryMayDepositPaidCollateralNormally() (gas: 9654564)
[PASS] test_zeroActualOutputRejectedEvenWhenFloorRoundsZero() (gas: 9044494)
[PASS] test_zeroFeeSuppliesAllHarvest() (gas: 8835162)
Suite result: ok. 37 passed; 0 failed; 0 skipped; finished in 68.49s (2.20s CPU time)

Ran 9 tests for test/invariant/PropellerInvariant.t.sol:PropellerInvariantTest
[PASS] invariant_escrow() (runs: 256, calls: 12800, reverts: 1160)

╭----------+-----------------------------+-------+---------+----------╮
| Contract | Selector                    | Calls | Reverts | Discards |
+=====================================================================+
| Handler  | accrueMainInterest          | 1160  | 0       | 0        |
|----------+-----------------------------+-------+---------+----------|
| Handler  | accruePrimeAndExecutionCost | 1151  | 0       | 0        |
|----------+-----------------------------+-------+---------+----------|
| Handler  | advanceAndStart             | 1172  | 26      | 0        |
|----------+-----------------------------+-------+---------+----------|
| Handler  | churnUnwind                 | 1190  | 0       | 0        |
|----------+-----------------------------+-------+---------+----------|
| Handler  | claim                       | 1196  | 0       | 0        |
|----------+-----------------------------+-------+---------+----------|
| Handler  | claimMainSurplus            | 1219  | 341     | 0        |
|----------+-----------------------------+-------+---------+----------|
| Handler  | deposit                     | 1158  | 655     | 0        |
|----------+-----------------------------+-------+---------+----------|
| Handler  | externalRepayment           | 1149  | 0       | 0        |
|----------+-----------------------------+-------+---------+----------|
| Handler  | ramp                        | 1131  | 71      | 0        |
|----------+-----------------------------+-------+---------+----------|
| Handler  | requestRedeem               | 1172  | 67      | 0        |
|----------+-----------------------------+-------+---------+----------|
| Handler  | settle                      | 1102  | 0       | 0        |
╰----------+-----------------------------+-------+---------+----------╯

[PASS] invariant_freedBacked() (runs: 256, calls: 12800, reverts: 1238)

╭----------+-----------------------------+-------+---------+----------╮
| Contract | Selector                    | Calls | Reverts | Discards |
+=====================================================================+
| Handler  | accrueMainInterest          | 1149  | 0       | 0        |
|----------+-----------------------------+-------+---------+----------|
| Handler  | accruePrimeAndExecutionCost | 1188  | 0       | 0        |
|----------+-----------------------------+-------+---------+----------|
| Handler  | advanceAndStart             | 1159  | 32      | 0        |
|----------+-----------------------------+-------+---------+----------|
| Handler  | churnUnwind                 | 1153  | 0       | 0        |
|----------+-----------------------------+-------+---------+----------|
| Handler  | claim                       | 1164  | 0       | 0        |
|----------+-----------------------------+-------+---------+----------|
| Handler  | claimMainSurplus            | 1197  | 319     | 0        |
|----------+-----------------------------+-------+---------+----------|
| Handler  | deposit                     | 1154  | 712     | 0        |
|----------+-----------------------------+-------+---------+----------|
| Handler  | externalRepayment           | 1124  | 0       | 0        |
|----------+-----------------------------+-------+---------+----------|
| Handler  | ramp                        | 1179  | 94      | 0        |
|----------+-----------------------------+-------+---------+----------|
| Handler  | requestRedeem               | 1188  | 81      | 0        |
|----------+-----------------------------+-------+---------+----------|
| Handler  | settle                      | 1145  | 0       | 0        |
╰----------+-----------------------------+-------+---------+----------╯

[PASS] invariant_mainCashDebtAndSourceClaimsConserved() (runs: 256, calls: 12800, reverts: 1223)

╭----------+-----------------------------+-------+---------+----------╮
| Contract | Selector                    | Calls | Reverts | Discards |
+=====================================================================+
| Handler  | accrueMainInterest          | 1124  | 0       | 0        |
|----------+-----------------------------+-------+---------+----------|
| Handler  | accruePrimeAndExecutionCost | 1182  | 0       | 0        |
|----------+-----------------------------+-------+---------+----------|
| Handler  | advanceAndStart             | 1217  | 38      | 0        |
|----------+-----------------------------+-------+---------+----------|
| Handler  | churnUnwind                 | 1183  | 0       | 0        |
|----------+-----------------------------+-------+---------+----------|
| Handler  | claim                       | 1090  | 0       | 0        |
|----------+-----------------------------+-------+---------+----------|
| Handler  | claimMainSurplus            | 1096  | 289     | 0        |
|----------+-----------------------------+-------+---------+----------|
| Handler  | deposit                     | 1175  | 728     | 0        |
|----------+-----------------------------+-------+---------+----------|
| Handler  | externalRepayment           | 1194  | 0       | 0        |
|----------+-----------------------------+-------+---------+----------|
| Handler  | ramp                        | 1184  | 81      | 0        |
|----------+-----------------------------+-------+---------+----------|
| Handler  | requestRedeem               | 1186  | 87      | 0        |
|----------+-----------------------------+-------+---------+----------|
| Handler  | settle                      | 1169  | 0       | 0        |
╰----------+-----------------------------+-------+---------+----------╯

[PASS] invariant_noSynthBorrow() (runs: 256, calls: 12800, reverts: 1162)

╭----------+-----------------------------+-------+---------+----------╮
| Contract | Selector                    | Calls | Reverts | Discards |
+=====================================================================+
| Handler  | accrueMainInterest          | 1149  | 0       | 0        |
|----------+-----------------------------+-------+---------+----------|
| Handler  | accruePrimeAndExecutionCost | 1208  | 0       | 0        |
|----------+-----------------------------+-------+---------+----------|
| Handler  | advanceAndStart             | 1203  | 20      | 0        |
|----------+-----------------------------+-------+---------+----------|
| Handler  | churnUnwind                 | 1172  | 0       | 0        |
|----------+-----------------------------+-------+---------+----------|
| Handler  | claim                       | 1163  | 0       | 0        |
|----------+-----------------------------+-------+---------+----------|
| Handler  | claimMainSurplus            | 1142  | 288     | 0        |
|----------+-----------------------------+-------+---------+----------|
| Handler  | deposit                     | 1142  | 720     | 0        |
|----------+-----------------------------+-------+---------+----------|
| Handler  | externalRepayment           | 1126  | 0       | 0        |
|----------+-----------------------------+-------+---------+----------|
| Handler  | ramp                        | 1223  | 73      | 0        |
|----------+-----------------------------+-------+---------+----------|
| Handler  | requestRedeem               | 1126  | 61      | 0        |
|----------+-----------------------------+-------+---------+----------|
| Handler  | settle                      | 1146  | 0       | 0        |
╰----------+-----------------------------+-------+---------+----------╯

[PASS] invariant_principalClaimsPreserved() (runs: 256, calls: 12800, reverts: 1150)

╭----------+-----------------------------+-------+---------+----------╮
| Contract | Selector                    | Calls | Reverts | Discards |
+=====================================================================+
| Handler  | accrueMainInterest          | 1205  | 0       | 0        |
|----------+-----------------------------+-------+---------+----------|
| Handler  | accruePrimeAndExecutionCost | 1132  | 0       | 0        |
|----------+-----------------------------+-------+---------+----------|
| Handler  | advanceAndStart             | 1140  | 25      | 0        |
|----------+-----------------------------+-------+---------+----------|
| Handler  | churnUnwind                 | 1097  | 0       | 0        |
|----------+-----------------------------+-------+---------+----------|
| Handler  | claim                       | 1203  | 0       | 0        |
|----------+-----------------------------+-------+---------+----------|
| Handler  | claimMainSurplus            | 1165  | 271     | 0        |
|----------+-----------------------------+-------+---------+----------|
| Handler  | deposit                     | 1192  | 719     | 0        |
|----------+-----------------------------+-------+---------+----------|
| Handler  | externalRepayment           | 1114  | 0       | 0        |
|----------+-----------------------------+-------+---------+----------|
| Handler  | ramp                        | 1187  | 85      | 0        |
|----------+-----------------------------+-------+---------+----------|
| Handler  | requestRedeem               | 1183  | 50      | 0        |
|----------+-----------------------------+-------+---------+----------|
| Handler  | settle                      | 1182  | 0       | 0        |
╰----------+-----------------------------+-------+---------+----------╯

[PASS] invariant_principalFloored() (runs: 256, calls: 12800, reverts: 1209)

╭----------+-----------------------------+-------+---------+----------╮
| Contract | Selector                    | Calls | Reverts | Discards |
+=====================================================================+
| Handler  | accrueMainInterest          | 1187  | 0       | 0        |
|----------+-----------------------------+-------+---------+----------|
| Handler  | accruePrimeAndExecutionCost | 1133  | 0       | 0        |
|----------+-----------------------------+-------+---------+----------|
| Handler  | advanceAndStart             | 1170  | 20      | 0        |
|----------+-----------------------------+-------+---------+----------|
| Handler  | churnUnwind                 | 1115  | 0       | 0        |
|----------+-----------------------------+-------+---------+----------|
| Handler  | claim                       | 1134  | 0       | 0        |
|----------+-----------------------------+-------+---------+----------|
| Handler  | claimMainSurplus            | 1190  | 319     | 0        |
|----------+-----------------------------+-------+---------+----------|
| Handler  | deposit                     | 1189  | 722     | 0        |
|----------+-----------------------------+-------+---------+----------|
| Handler  | externalRepayment           | 1127  | 0       | 0        |
|----------+-----------------------------+-------+---------+----------|
| Handler  | ramp                        | 1244  | 81      | 0        |
|----------+-----------------------------+-------+---------+----------|
| Handler  | requestRedeem               | 1160  | 67      | 0        |
|----------+-----------------------------+-------+---------+----------|
| Handler  | settle                      | 1151  | 0       | 0        |
╰----------+-----------------------------+-------+---------+----------╯

[PASS] invariant_roundingReserveIsRingFenced() (runs: 256, calls: 12800, reverts: 1193)

╭----------+-----------------------------+-------+---------+----------╮
| Contract | Selector                    | Calls | Reverts | Discards |
+=====================================================================+
| Handler  | accrueMainInterest          | 1099  | 0       | 0        |
|----------+-----------------------------+-------+---------+----------|
| Handler  | accruePrimeAndExecutionCost | 1185  | 0       | 0        |
|----------+-----------------------------+-------+---------+----------|
| Handler  | advanceAndStart             | 1251  | 17      | 0        |
|----------+-----------------------------+-------+---------+----------|
| Handler  | churnUnwind                 | 1191  | 0       | 0        |
|----------+-----------------------------+-------+---------+----------|
| Handler  | claim                       | 1181  | 0       | 0        |
|----------+-----------------------------+-------+---------+----------|
| Handler  | claimMainSurplus            | 1169  | 317     | 0        |
|----------+-----------------------------+-------+---------+----------|
| Handler  | deposit                     | 1157  | 687     | 0        |
|----------+-----------------------------+-------+---------+----------|
| Handler  | externalRepayment           | 1096  | 0       | 0        |
|----------+-----------------------------+-------+---------+----------|
| Handler  | ramp                        | 1119  | 85      | 0        |
|----------+-----------------------------+-------+---------+----------|
| Handler  | requestRedeem               | 1180  | 87      | 0        |
|----------+-----------------------------+-------+---------+----------|
| Handler  | settle                      | 1172  | 0       | 0        |
╰----------+-----------------------------+-------+---------+----------╯

[PASS] invariant_shareConservation() (runs: 256, calls: 12800, reverts: 1259)

╭----------+-----------------------------+-------+---------+----------╮
| Contract | Selector                    | Calls | Reverts | Discards |
+=====================================================================+
| Handler  | accrueMainInterest          | 1228  | 0       | 0        |
|----------+-----------------------------+-------+---------+----------|
| Handler  | accruePrimeAndExecutionCost | 1165  | 0       | 0        |
|----------+-----------------------------+-------+---------+----------|
| Handler  | advanceAndStart             | 1199  | 18      | 0        |
|----------+-----------------------------+-------+---------+----------|
| Handler  | churnUnwind                 | 1155  | 0       | 0        |
|----------+-----------------------------+-------+---------+----------|
| Handler  | claim                       | 1109  | 0       | 0        |
|----------+-----------------------------+-------+---------+----------|
| Handler  | claimMainSurplus            | 1179  | 325     | 0        |
|----------+-----------------------------+-------+---------+----------|
| Handler  | deposit                     | 1142  | 696     | 0        |
|----------+-----------------------------+-------+---------+----------|
| Handler  | externalRepayment           | 1136  | 0       | 0        |
|----------+-----------------------------+-------+---------+----------|
| Handler  | ramp                        | 1198  | 103     | 0        |
|----------+-----------------------------+-------+---------+----------|
| Handler  | requestRedeem               | 1156  | 117     | 0        |
|----------+-----------------------------+-------+---------+----------|
| Handler  | settle                      | 1133  | 0       | 0        |
╰----------+-----------------------------+-------+---------+----------╯

[PASS] invariant_synthConserved() (runs: 256, calls: 12800, reverts: 1176)

╭----------+-----------------------------+-------+---------+----------╮
| Contract | Selector                    | Calls | Reverts | Discards |
+=====================================================================+
| Handler  | accrueMainInterest          | 1197  | 0       | 0        |
|----------+-----------------------------+-------+---------+----------|
| Handler  | accruePrimeAndExecutionCost | 1196  | 0       | 0        |
|----------+-----------------------------+-------+---------+----------|
| Handler  | advanceAndStart             | 1138  | 19      | 0        |
|----------+-----------------------------+-------+---------+----------|
| Handler  | churnUnwind                 | 1182  | 0       | 0        |
|----------+-----------------------------+-------+---------+----------|
| Handler  | claim                       | 1116  | 0       | 0        |
|----------+-----------------------------+-------+---------+----------|
| Handler  | claimMainSurplus            | 1162  | 296     | 0        |
|----------+-----------------------------+-------+---------+----------|
| Handler  | deposit                     | 1187  | 725     | 0        |
|----------+-----------------------------+-------+---------+----------|
| Handler  | externalRepayment           | 1183  | 0       | 0        |
|----------+-----------------------------+-------+---------+----------|
| Handler  | ramp                        | 1182  | 70      | 0        |
|----------+-----------------------------+-------+---------+----------|
| Handler  | requestRedeem               | 1131  | 66      | 0        |
|----------+-----------------------------+-------+---------+----------|
| Handler  | settle                      | 1126  | 0       | 0        |
╰----------+-----------------------------+-------+---------+----------╯

Suite result: ok. 9 passed; 0 failed; 0 skipped; finished in 68.49s (248.97s CPU time)

Ran 48 test suites in 68.49s (418.11s CPU time): 367 tests passed, 0 failed, 13 skipped (380 total tests)
