ETH 2161 candles
BTC 2154 candles
2026-07-03 21 pool observations oracle 175585882916,6250910777233,103700000,100000000
2026-07-04 19 pool observations oracle 175622489528,6291974322536,103700000,100000000
2026-07-05 20 pool observations oracle 177469244137,6328693909738,103700000,100000000
2026-07-06 20 pool observations oracle 178230948757,6371699193233,103700000,100000000
2026-07-07 21 pool observations oracle 180234939873,6400835256664,103700000,100000000
2026-07-08 21 pool observations oracle 177683570515,6326661988508,103700000,100000000
2026-07-09 21 pool observations oracle 174001260328,6213683460010,103700000,100000000
2026-07-10 21 pool observations oracle 174579817611,6316206028467,103700000,100000000
2026-07-11 23 pool observations oracle 178964853327,6411712885323,103700000,100000000
2026-07-12 25 pool observations oracle 178707580374,6366655247743,103700000,100000000
2026-07-13 27 pool observations oracle 180831560831,6389336301731,103700000,100000000
2026-07-14 28 pool observations oracle 177763753494,6230162237604,103700000,100000000
2026-07-15 30 pool observations oracle 188810111190,6481247802832,103700000,100000000
2026-07-16 25 pool observations oracle 191449901854,6463976181785,103700000,100000000
2026-07-17 26 pool observations oracle 185817887907,6374322449866,103700000,100000000
2026-07-18 27 pool observations oracle 184325089265,6393808485488,103700000,100000000
2026-07-19 31 pool observations oracle 186105419331,6473410938424,103700000,100000000
2026-07-20 32 pool observations oracle 188133163889,6489927859953,103700000,100000000
2026-07-21 30 pool observations oracle 190495095754,6518300158020,103700000,100000000
2026-07-22 26 pool observations oracle 194110145713,6652789322529,103700000,100000000
2026-07-23 23 pool observations oracle 193549062887,6622274918612,103700000,100000000
2026-07-24 25 pool observations oracle 187854544050,6498323884312,103700000,100000000
2026-07-25 24 pool observations oracle 186412682717,6419433392683,103700000,100000000
2026-07-26 25 pool observations oracle 186732286687,6422246266944,103700000,100000000
2026-07-27 22 pool observations oracle 194809705466,6534024982667,103700000,100000000
2026-07-28 22 pool observations oracle 188236737600,6353348429785,103700000,100000000
2026-07-29 23 pool observations oracle 192130586359,6385788520209,103700000,100000000
2026-07-30 25 pool observations oracle 190829419587,6381014692232,103700000,100000000
2026-07-31 24 pool observations oracle 191701485107,6470080308632,103700000,100000000
2026-08-01 25 pool observations oracle 186096420634,6288444286815,105050000,100000000
2026-08-02 25 pool observations oracle 184504709341,6274583967100,105050000,100000000
2026-08-03 24 pool observations oracle 187597589674,6334073315279,105050000,100000000
2026-08-04 24 pool observations oracle 185554211324,6336447190279,105050000,100000000
2026-08-05 26 pool observations oracle 187658381931,6397029411510,105050000,100000000
2026-08-06 25 pool observations oracle 190742524053,6455686908413,105050000,100000000
2026-08-07 25 pool observations oracle 190373189289,6434967839461,105050000,100000000
2026-08-08 25 pool observations oracle 191470536320,6483724305589,105050000,100000000
2026-08-09 26 pool observations oracle 191407683023,6494843455694,105050000,100000000
2026-08-10 27 pool observations oracle 191730158319,6475768969703,105050000,100000000
2026-08-11 26 pool observations oracle 187245655635,6380606153453,105050000,100000000
2026-08-12 25 pool observations oracle 187817817639,6346081592313,105050000,100000000
2026-08-13 26 pool observations oracle 187382774084,6334077624814,105050000,100000000
2026-08-14 26 pool observations oracle 188502976119,6348485212637,105050000,100000000
2026-08-15 27 pool observations oracle 187397247466,6275867785864,105050000,100000000
2026-08-16 26 pool observations oracle 187916170961,6293646427052,105050000,100000000
2026-08-17 25 pool observations oracle 187030032856,6278520671170,105050000,100000000
2026-08-18 25 pool observations oracle 191545263736,6438390021813,105050000,100000000
2026-08-19 25 pool observations oracle 191820453252,6469553417464,105050000,100000000
2026-08-20 25 pool observations oracle 226355707571,6941941355610,105050000,100000000
2026-08-21 24 pool observations oracle 233128337334,7355874511030,105050000,100000000
2026-08-22 25 pool observations oracle 252081116257,7846487542261,105050000,100000000
2026-08-23 24 pool observations oracle 242241041525,7694782276823,105050000,100000000
2026-08-24 36 pool observations oracle 245180421422,7744297949831,105050000,100000000
2026-08-25 61 pool observations oracle 248623281720,7882680892251,105050000,100000000
2026-08-26 67 pool observations oracle 244597514029,7838863516463,105050000,100000000
2026-08-27 68 pool observations oracle 249808818905,7886710609147,105050000,100000000
2026-08-28 69 pool observations oracle 251469443731,8018188217454,105050000,100000000
2026-08-29 68 pool observations oracle 243302760235,7761619298335,105050000,100000000
2026-08-30 67 pool observations oracle 245546190307,7817856098480,105050000,100000000
2026-08-31 68 pool observations oracle 241336714297,7758896740983,105050000,100000000
2026-09-01 68 pool observations oracle 246942634181,7848293155710,105050000,100000000
2026-09-02 68 pool observations oracle 241501381461,7731582988051,105050000,100000000
2026-09-03 69 pool observations oracle 238634135274,7722836213738,105050000,100000000
2026-09-04 67 pool observations oracle 249855749015,8103415065380,105050000,100000000
2026-09-05 68 pool observations oracle 245640511611,7981107942547,105050000,100000000
2026-09-06 68 pool observations oracle 248848370380,7981411286329,105050000,100000000
2026-09-07 67 pool observations oracle 251686832696,8024748185908,105050000,100000000
2026-09-08 67 pool observations oracle 248280324128,7879309949662,105050000,100000000
2026-09-09 65 pool observations oracle 247927594997,7840072238387,105050000,100000000
2026-09-10 64 pool observations oracle 246599452400,7815950961015,105050000,100000000
2026-09-11 62 pool observations oracle 244881534245,7657588607105,105050000,100000000
2026-09-12 63 pool observations oracle 251438131916,7750814543653,105050000,100000000
2026-09-13 64 pool observations oracle 251988707404,7731071048619,105050000,100000000
2026-09-14 65 pool observations oracle 247903331403,7681602307089,105050000,100000000
2026-09-15 65 pool observations oracle 251694459451,7859451080766,105050000,100000000
2026-09-16 64 pool observations oracle 240299951814,7540970493830,105050000,100000000
2026-09-17 64 pool observations oracle 241273267189,7572428047590,105050000,100000000
2026-09-18 65 pool observations oracle 243837060960,7675741961610,105050000,100000000
2026-09-19 67 pool observations oracle 261917994221,8101637203073,105050000,100000000
2026-09-20 66 pool observations oracle 262826149244,8129464316531,105050000,100000000
2026-09-21 66 pool observations oracle 265431485075,8086658502447,105050000,100000000
2026-09-22 64 pool observations oracle 277560668301,8655345877298,105050000,100000000
2026-09-23 65 pool observations oracle 276236632364,8620204911675,105050000,100000000
2026-09-24 64 pool observations oracle 268193920527,8443296045812,105050000,100000000
2026-09-25 62 pool observations oracle 268299978645,8405485814644,105050000,100000000
2026-09-26 64 pool observations oracle 269265939252,8358478385841,106125658,100000000
2026-09-27 62 pool observations oracle 269513412083,8406185812449,106143892,100000000
2026-09-28 67 pool observations oracle 268861247697,8410450770237,106162061,100000000
2026-09-29 69 pool observations oracle 268149846274,8341822709614,106180466,100000000
2026-09-30 70 pool observations oracle 267718899802,8351225569559,106198459,100000000
2026-10-01 69 pool observations oracle 267944863635,8359326983738,106216074,100000000
2026-10-02 70 pool observations oracle 269716706502,8459419302954,106232136,100000000
dense market observations 200 / 3809
dense market observations 400 / 3809
dense market observations 600 / 3809
dense market observations 800 / 3809
dense market observations 1000 / 3809
dense market observations 1200 / 3809
dense market observations 1400 / 3809
dense market observations 1600 / 3809
dense market observations 1800 / 3809
dense market observations 2000 / 3809
dense market observations 2200 / 3809
dense market observations 2400 / 3809
dense market observations 2600 / 3809
dense market observations 2800 / 3809
dense market observations 3000 / 3809
dense market observations 3200 / 3809
dense market observations 3400 / 3809
dense market observations 3600 / 3809
dense market observations 3800 / 3809
saved /tmp/propeller-historical-model-20261003/history.json
