
[2026-10-02T15:51:56.771Z] maintainer cycle #1
  HF 1.050 → target 1.050

[2026-10-02T15:51:56.773Z] maintainer cycle #1
  HF 1.050 → target 1.050

[2026-10-02T15:51:56.773Z] maintainer cycle #1
  HF 1.050 → target 1.050

[2026-10-02T15:51:56.773Z] maintainer cycle #1
  HF 2.100 → target 1.050

[2026-10-02T15:51:56.773Z] maintainer cycle #1
  HF 1.050 → target 1.050

[2026-10-02T15:51:56.776Z] maintainer cycle #1
  HF 2.100 → target 1.050

[2026-10-02T15:51:56.776Z] maintainer cycle #1
  HF 2.100 → target 1.050
[ALERT] 0x0000000000000000000000000000000000000002: Main debt backing or source allocation incomplete; new ramp disabled

[2026-10-02T15:51:56.776Z] maintainer cycle #1
  HF 1.050 → target 1.050
[ALERT] 0x0000000000000000000000000000000000000002: Main debt backing or source allocation incomplete; new ramp disabled

[2026-10-02T15:51:56.776Z] maintainer cycle #1
  HF 1.050 → target 1.050

[2026-10-02T15:51:56.777Z] maintainer cycle #1
  HF 2.100 → target 1.050

[2026-10-02T15:51:56.777Z] maintainer cycle #1
  HF 2.100 → target 1.050

[2026-10-02T15:51:56.777Z] maintainer cycle #1
  HF 1.050 → target 1.050

[2026-10-02T15:51:56.777Z] maintainer cycle #1
  HF 2.100 → target 1.050

[2026-10-02T15:51:56.778Z] maintainer cycle #1
  HF 1.050 → target 1.050

[2026-10-02T15:51:56.778Z] maintainer cycle #1
  HF 1.050 → target 1.050

[2026-10-02T15:51:56.778Z] maintainer cycle #1
  HF 1.050 → target 1.050

[2026-10-02T15:51:56.778Z] maintainer cycle #1
  HF 1.050 → target 1.050

[2026-10-02T15:51:56.781Z] maintainer cycle #1
  HF 2.100 → target 1.050

[2026-10-02T15:51:56.781Z] maintainer cycle #1
  HF 1.050 → target 1.050

[2026-10-02T15:51:56.781Z] maintainer cycle #1
  HF 1.050 → target 1.050

[2026-10-02T15:51:56.781Z] maintainer cycle #1
  HF 1.050 → target 1.050
  settle → 0x123
  settle → 0x123
[ALERT] settle: gas estimate 12000000 plus 20% margin exceeds budget 12000000
[ALERT] settle: gas estimate 7372545 plus 20% margin exceeds budget 8000000
  settle: skipped (estimation unavailable)
  settle → 0x123
[ALERT] settle: transaction reverted (0x123)
✔ rounding policy uses exact base units and covers every vault (1.371478ms)
✔ rounding policy rejects ambiguous or unsafe thresholds (0.282626ms)
✔ monitor distinguishes low reserve from missing custody (0.167963ms)
✔ low HF schedules and services safety repayment without user redemptions (1.686044ms)
✔ an existing safety target is serviced even if HF recovered (0.232275ms)
✔ Main down-rebalance is settled with an empty redemption queue (0.268975ms)
✔ active exits prevent ramping and share a single source repayment (0.225284ms)
✔ source pause stops swaps but not settlement of already freed funds (2.357058ms)
✔ idle healthy loop ramps normally (0.225945ms)
✔ unfunded operating buffer blocks ramp but not repayment (0.422448ms)
✔ late source recoveries are pulled even after collateral exits completed (0.193654ms)
✔ idle recovery surplus is not a repayment obligation (0.185194ms)
✔ cooldown-only requests do not start source repayment or ramping (0.230695ms)
✔ eligible requests start before a single source repayment and settlement (0.188924ms)
✔ local vault freeze prevents starts, FIFO settlement and new ramping (0.141273ms)
✔ emergency freeze stops existing exit servicing without a safety target (0.131072ms)
✔ source emergency preserves safety repayment and Main committed repayment (0.145803ms)
✔ source swap pause postpones starting otherwise eligible unwinds (0.161463ms)
✔ rounding monitor read failure alerts without blocking debt service (2.512231ms)
✔ harvest precedes optional ramp and reinvests in the same maintenance cycle (0.197594ms)
✔ empty harvests do not submit transactions or trigger extra maintenance (0.145773ms)
✔ harvest availability never bypasses emergency or local pause (0.195984ms)
✔ large settlement uses estimated gas and the live fee quote (0.352807ms)
✔ small operations only reserve their estimated gas plus margin (0.160383ms)
✔ an operator budget cannot be silently exceeded (0.119523ms)
✔ the live chain limit also bounds the submission budget (0.122103ms)
✔ estimation failure never falls back to a fixed gas limit (0.145493ms)
✔ a reverted receipt is not treated as successful maintenance (0.120003ms)
ℹ tests 28
ℹ suites 0
ℹ pass 28
ℹ fail 0
ℹ cancelled 0
ℹ skipped 0
ℹ todo 0
ℹ duration_ms 430.65475
