Missing dependencies found. Installing now...

Warning: Your project has missing dependencies that could not be installed.
No files changed, compilation skipped

Ran 5 tests for test/HarvestMainDebt.t.sol:HarvestMainDebtTest
[PASS] test_feeThenInterestThenCollateralWithoutPrefunding() (gas: 8976249)
[PASS] test_harvestCompoundsYieldIntoSharePrice() (gas: 9159636)
[PASS] test_harvestSkipsInFlightUnwindEquity() (gas: 13410851)
[PASS] test_insufficientYieldNeverPullsPreviouslyCompoundedCollateral() (gas: 8913321)
[PASS] test_primePriceAppreciationCompoundsToDeposit() (gas: 9176570)
Suite result: ok. 5 passed; 0 failed; 0 skipped; finished in 141.54ms (136.68ms CPU time)

Ran 4 tests for test/YieldCheckpointGas.t.sol:YieldCheckpointGasTest
[PASS] test_checkpointGasDoesNotGrowWithHolderCount() (gas: 32095429)
Logs:
  checkpoint transfer, two holders: 481849
  checkpoint transfer, 102 holders: 481850

[PASS] test_harvestCompoundsYieldIntoSharePrice() (gas: 9159636)
[PASS] test_harvestSkipsInFlightUnwindEquity() (gas: 13410851)
[PASS] test_primePriceAppreciationCompoundsToDeposit() (gas: 9176552)
Suite result: ok. 4 passed; 0 failed; 0 skipped; finished in 204.04ms (200.63ms CPU time)

Ran 28 tests for test/YieldEntryFairness.t.sol:YieldEntryFairnessTest
[PASS] testFuzz_transferAndPartialClaimsConserveOwnership(uint16) (runs: 64, μ: 10794897, ~: 10794856)
[PASS] test_btcEightDecimalsPreservesEntryOwnership() (gas: 26253369)
[PASS] test_dustRemainingAfterLossRescalesUnitsWithoutChangingOwnership() (gas: 17788477)
[PASS] test_entryRejectsMainInterestCoveredOnlyBeforeFees() (gas: 8543840)
[PASS] test_exitFeeUsesActualYieldAndLockedRateAcrossPartialReceipts() (gas: 9779415)
[PASS] test_feeOwnershipSurvivesLaterRateChange() (gas: 9830914)
[PASS] test_fullFeeRequiresNetFundingForMainInterestBeforeEntry() (gas: 9262836)
[PASS] test_fullyCashBackedExitNeedsNoActiveSourceSlice() (gas: 9630280)
[PASS] test_harvestCompoundsYieldIntoSharePrice() (gas: 9159863)
[PASS] test_harvestSkipsInFlightUnwindEquity() (gas: 13410943)
[PASS] test_lateExecutionCostReducesReservedFeeAfterPartialSurplus() (gas: 8974172)
[PASS] test_mainRecoveryCannotMakeHarvesterWithdrawPastHealthFloor() (gas: 9383573)
[PASS] test_newcomerCannotCaptureEarlierCarryAtHarvest() (gas: 10053030)
[PASS] test_newcomerCannotCaptureEarlierCarryByExitingBeforeHarvest() (gas: 11164992)
[PASS] test_newcomerDoesNotReceiveOldMainInterestReserve() (gas: 10312500)
[PASS] test_ownedFeeAndYieldBearExitExecutionCostsTogether() (gas: 190596527)
[PASS] test_partialRewardClaimPreservesUnconvertedValue() (gas: 10497627)
[PASS] test_primePriceAppreciationCompoundsToDeposit() (gas: 9176879)
[PASS] test_recoveryCashIsNotTaxedOrGivenToNewEntrant() (gas: 10615688)
[PASS] test_repeatedYieldWriteOffDoesNotInflateAccountingUnits() (gas: 13731696)
[PASS] test_rewardCollateralCompoundsBeforeOwnerClaims() (gas: 11634245)
[PASS] test_smallHarvestReborrowsWithoutFivePointLtvDrift() (gas: 9756523)
[PASS] test_transferDuringMainResizeKeepsEarlierYieldOwnership() (gas: 11285392)
[PASS] test_transferRetainsPreviouslyEarnedYieldWithSender() (gas: 9930177)
[PASS] test_unconvertedEarningsAreNotLeveredAgain() (gas: 22264708)
[PASS] test_unrealizedYieldAbsorbsLossBeforeMainRecovery() (gas: 8890058)
[PASS] test_vestedExitRewardsKeepEarningAndRemainClaimable() (gas: 13773927)
[PASS] test_waitingWithdrawalKeepsEarningUntilUnwindStarts() (gas: 9461752)
Suite result: ok. 28 passed; 0 failed; 0 skipped; finished in 2.80s (3.95s CPU time)

Ran 3 test suites in 2.95s (3.15s CPU time): 37 tests passed, 0 failed, 0 skipped (37 total tests)
