Missing dependencies found. Installing now...

Warning: Your project has missing dependencies that could not be installed.
No files changed, compilation skipped

Ran 8 tests for test/MainDebtCampaign.t.sol:MainDebtCampaignTest
[PASS] test_campaign100k() (gas: 8684387556)
Logs:
  CONTRACT_CASE,100000,0,0,0,0,85,10,100,0,172800,1,60,734744614337272563291,3813481037331244140182,0,37500053010000000000,488188359345212608933928,489349845878040000000000,489855760002891000000000,0,0,0,0,377997338453199771316,851885861515563888759,0
  CONTRACT_CASE,100000,0,0,5000,0,85,10,100,0,172800,1,60,366469918762172449201,3814381359941574850728,0,37500053010000000000,487899241258204755157905,489351185929950000000000,488594337537042000000000,0,0,0,0,540868609522532378022,1058982864777190185092,0
  CONTRACT_CASE,100000,0,0,10000,0,85,10,100,0,172800,1,60,0,3814895164049179313672,0,37500053010000000000,487610243264277578076505,489351951239870000000000,487231593780906000000000,0,0,0,0,685211280765998788000,1282720111933182676497,0
  CONTRACT_CASE,100000,0,1,0,0,85,10,100,0,172800,1,60,734745082899311737859,3805202175157970000963,0,37500053010000000000,488168090993982980444824,489337627555640000000000,489831601912164000000000,0,0,0,0,374116285404160596748,851843191436159019992,0
  CONTRACT_CASE,100000,0,1,5000,0,85,10,100,0,172800,1,60,366470152151561525437,3806133599218012315465,0,37500053010000000000,487879049070440763119514,489339013592090000000000,488570333160447000000000,0,0,0,0,537012614018143301786,1058930062450311156663,0
  CONTRACT_CASE,100000,0,1,10000,0,85,10,100,0,172800,1,60,0,3806647728814233129348,0,37500053010000000000,487590051867124483293952,489339779380020000000000,487207658131515000000000,0,0,0,0,681366711234998788000,1282656201724155034663,0
  CONTRACT_CASE,100000,1,0,0,0,85,10,100,0,172800,1,60,933025118205571902798,4825461147704624126005,0,37500053010000000000,716817159042238574740620,719389654182970000000000,720256538673810000000000,0,0,0,0,337053007058967993722,1007652710982682550137,0
  CONTRACT_CASE,100000,1,0,5000,0,85,10,100,0,172800,1,60,464199004448978398129,4810592685088962923135,0,37500053010000000000,700204719803726361580993,702830024937040000000000,701966137690503000000000,0,0,0,0,545645755595206635867,1292254906466915454954,0
  CONTRACT_CASE,100000,1,0,10000,0,85,10,100,0,172800,1,60,0,4856014260087684905708,0,37500053010000000000,715939287025693440730575,719683876459800000000000,717312282158529000000000,0,0,0,0,756711153773998787700,1547037107745097356041,0
  CONTRACT_CASE,100000,1,1,0,0,85,10,100,0,172800,1,60,894990475355653452679,4616026495940771326125,0,37500053010000000000,700803008327882470237051,703305035483730000000000,704284381442187000000000,0,0,0,0,323809284240379891716,934844493266021599258,0
  CONTRACT_CASE,100000,1,1,5000,0,85,10,100,0,172800,1,60,444613318205898863953,4596364700278994692642,0,37500053010000000000,702004848798299374643945,704882438209920000000000,704239050592413000000000,0,0,0,0,498419759584297000185,1194154951643975783472,0
  CONTRACT_CASE,100000,1,1,10000,0,85,10,100,0,172800,1,60,0,4638481812097817282923,0,37500053010000000000,703437213557447470044743,706625984060620000000000,704263725767538000000000,0,0,0,0,683105883847998788000,1487809272870442882384,0
  CONTRACT_CASE,100000,2,0,0,0,85,10,100,0,172800,1,60,1525103910071259301715,4229245794925709131709,0,4942937897838253401130,465769174493485957260273,475884334240620000000000,476695738933155000000000,0,0,0,0,4000000000000,0,0
  CONTRACT_CASE,100000,2,0,5000,0,85,10,100,0,172800,1,60,760541142734071556582,4457717969183258776213,0,4311340442048059347674,465756434759198286027396,475884334240620000000000,476791233197301000000000,0,0,0,0,4000000000000,0,0
  CONTRACT_CASE,100000,2,0,10000,0,85,10,100,0,172800,1,60,0,4557386842170858164419,0,3593545501702595362722,465743695025920614794520,475884334240620000000000,476848164037473000000000,0,0,0,0,3011594187766,0,0
  CONTRACT_CASE,100000,2,1,0,0,85,10,100,0,172800,1,60,1637744589868531990261,6921203548833327584701,0,6714235959414967367306,465769174493485957260273,475884334240620000000000,477728918090784000000000,32,0,0,0,3004434209699,0,0
  CONTRACT_CASE,100000,2,1,5000,0,85,10,100,0,172800,1,60,814087495403519225254,6925899589564528785362,0,5891351946756913931579,465756434759198286027396,475884334240620000000000,477732834372582000000000,2,0,0,0,3012393522665,0,0
  CONTRACT_CASE,100000,2,1,10000,0,85,10,100,0,172800,1,60,0,6960604645805743151378,0,5099700580585348775478,465743695025920614794520,475884334240620000000000,477745110780885000000000,0,0,0,0,3003347600882,0,0
  CONTRACT_CASE,100000,3,0,0,0,85,10,100,0,172800,1,60,884979725663913736460,4165054704295116209868,0,2057098022682756978378,476804283241566968367559,475884334240620000000000,478877081937624000000000,0,0,0,0,3008842012937,0,0
  CONTRACT_CASE,100000,3,0,5000,0,85,10,100,0,172800,1,60,441021855533764472428,4140870610988509274573,0,1610025974692249460796,476729342617176152512388,475884334240620000000000,478856018039607000000000,0,0,0,0,3009483747684,0,0
  CONTRACT_CASE,100000,3,0,10000,0,85,10,100,0,172800,1,60,0,4143194796199123572192,0,1167746871359762397800,476654465127651792157294,475884334240620000000000,478859597116947000000000,0,0,0,0,3003761177331,0,0
  CONTRACT_CASE,100000,3,1,0,0,85,10,100,0,172800,1,60,884979725663913736460,4165054704295116209868,0,2057098022682756978378,476804283241566968367559,475884334240620000000000,478877081937624000000000,2,0,0,0,3008842012937,0,0
  CONTRACT_CASE,100000,3,1,5000,0,85,10,100,0,172800,1,60,441021855533764472428,4140870610988509274573,0,1610025974692249460796,476729342617176152512388,475884334240620000000000,478856018039607000000000,0,0,0,0,3009483747684,0,0
  CONTRACT_CASE,100000,3,1,10000,0,85,10,100,0,172800,1,60,0,4143194796199123572192,0,1167746871359762397800,476654465127651792157294,475884334240620000000000,478859597116947000000000,0,0,0,0,3003761177331,0,0
  CONTRACT_CASE,100000,4,0,0,0,85,10,100,0,172800,1,60,1484317762105906612132,7034893793963975725721,0,3633621251474729616348,664436474905737986533722,661332920197630000000000,666218246411457000000000,0,0,0,0,3008821709011,0,0
  CONTRACT_CASE,100000,4,0,5000,0,85,10,100,0,172800,1,60,738214716822523735470,7292790357778209750910,0,3079668268681158695109,649630116173048644646179,682774836355050000000000,687725881691013000000000,0,0,0,0,3007633662616,0,0
  CONTRACT_CASE,100000,4,0,10000,0,85,10,100,0,172800,1,60,0,7451727298498858300239,0,2460756156017934182496,639748362120410944241517,699407924356550000000000,704399659171065000000000,0,0,0,0,1054484521177257014,0,0
  CONTRACT_CASE,100000,4,1,0,0,85,10,100,0,172800,1,60,1426853448435871949383,7121175700944383332660,0,3628655152216370774502,580437349844954890572563,576136088840380000000000,581055165921276000000000,0,0,0,0,3008497553208,0,0
  CONTRACT_CASE,100000,4,1,5000,0,85,10,100,0,172800,1,60,712075938141365963421,7173211873895703242902,0,3011852693143918345660,600479402173703887677058,596557428030070000000000,601430569021377000000000,0,0,0,0,3013551081381,0,0
  CONTRACT_CASE,100000,4,1,10000,0,85,10,100,0,172800,1,60,0,7245252783303815571521,0,2309819378584392885274,602508015599040444530186,601487564475920000000000,606424715826426000000000,0,0,0,0,2011887171869592205,0,0

[PASS] test_campaign100m() (gas: 12535413411)
Logs:
  CONTRACT_CASE,100000000,0,0,0,0,85,10,100,0,172800,1,60,735384334396317830548827,3778334234592994872632998,0,37500000053010000000000,488090587622064411320436822,487838021255469960000000000,488297642915895759000000000,0,0,0,0,365936529542560643010001,850711115695210926489123,0
  CONTRACT_CASE,100000000,0,0,5000,0,85,10,100,0,172800,1,60,366789719295522493725899,3783795115584953429101108,0,37500000053010000000000,487812674171092906014566103,487844259666160540000000000,487058411660054328000000000,0,0,0,0,533261927652668212318810,1055839015563627303379954,0
  CONTRACT_CASE,100000000,0,0,10000,0,85,10,100,0,172800,1,60,0,3789191474152785043970522,0,37500000053010000000000,487535676340967406718756297,487850428401269680000000000,485721624726209232000000000,0,0,0,0,682688917155831999998787,1277128050328179970669352,0
  CONTRACT_CASE,100000000,0,1,0,0,85,10,100,0,172800,1,60,735384529134497434283758,3770018781688396257968666,0,37500000053010000000000,488070236846380953255952044,487828607896501500000000000,488276466353548866000000000,0,0,0,0,362068394425578039275070,850631335846776946050513,0
  CONTRACT_CASE,100000000,0,1,5000,0,85,10,100,0,172800,1,60,366789815928771214955665,3775542219224004693407156,0,37500000053010000000000,487792476577900957044032427,487834917264857030000000000,487037497589550837000000000,0,0,0,0,529439411596868491089044,1055743334808717177261946,0
  CONTRACT_CASE,100000000,0,1,10000,0,85,10,100,0,172800,1,60,0,3780941927742950091321415,0,37500000053010000000000,487515486951123975255672572,487841089808317000000000000,485700827043673269000000000,0,0,0,0,678885227982158999998787,1277015123139979283713571,0
  CONTRACT_CASE,100000000,1,0,0,0,85,10,100,0,172800,1,60,936964126206367426610826,4801567727467252671634506,0,37500000053010000000000,711659938606958841378799646,712695237213619050000000000,713462619915924363000000000,0,0,0,0,328669981963021843460113,1020678142180816727226519,0
  CONTRACT_CASE,100000000,1,0,5000,0,85,10,100,0,172800,1,60,466598347709463293145426,4804610998402055138262443,0,37500000053010000000000,700127958966322542481880073,705087370911338680000000000,704191846518772965000000000,0,0,0,0,537339543564072891885395,1297880048134010356342102,0
  CONTRACT_CASE,100000000,1,0,10000,0,85,10,100,0,172800,1,60,0,4849736285891447719871343,0,37500000053010000000000,714232636491524922877808945,714943626238339600000000000,712296502575706206000000000,0,0,0,0,727066228508930999998787,1591385071951473621957747,0
  CONTRACT_CASE,100000000,1,1,0,0,85,10,100,0,172800,1,60,898929111858089282438026,4585244285819222819256736,0,37500000053010000000000,700662979170689159848230194,705505161022228180000000000,706434445767109536000000000,0,0,0,0,304471193660635750903186,936888831131277880667463,0
  CONTRACT_CASE,100000000,1,1,5000,0,85,10,100,0,172800,1,60,447041204399468634376476,4587511551060522855881671,0,37500000053010000000000,701919301295615723116157210,706596858369394890000000000,705878435354123502000000000,0,0,0,0,483829584873820561486337,1205966024741090089407689,0
  CONTRACT_CASE,100000000,1,1,10000,0,85,10,100,0,172800,1,60,0,4622929679276596171858529,0,37500000053010000000000,703327382587579327844458711,707745065995268330000000000,705212296495142148000000000,0,0,0,0,654110747455537999998787,1513487998550158470448443,0
  CONTRACT_CASE,100000000,2,0,0,0,85,10,100,0,172800,1,60,1529885446635114988319918,6552631637668459035534756,0,6348454728423559996866241,456737047381926405573738734,455986986704086340000000000,457721048929418424000000000,0,0,0,0,3009008545162,0,0
  CONTRACT_CASE,100000000,2,0,5000,0,85,10,100,0,172800,1,60,762194928298094421052918,6569923044266749443142270,0,5592423801639878980345956,456673285901600009272154044,455986986704086340000000000,457726680750343041000000000,0,0,0,0,3007559291879,0,0
  CONTRACT_CASE,100000000,2,0,10000,0,85,10,100,0,172800,1,60,0,6739921624893468787518503,0,4934675383177167805330509,456609566325964525148281779,455986986704086340000000000,457792232810389317000000000,0,0,0,0,3016805329321,0,0
  CONTRACT_CASE,100000000,2,1,0,0,85,10,100,0,172800,1,60,1644893781587895638152336,7496762919376165439494651,0,7056380616550540957976673,456737047381926405573738734,455986986704086340000000000,458072262640384182000000000,32,0,0,0,3009319823146,0,0
  CONTRACT_CASE,100000000,2,1,5000,0,85,10,100,0,172800,1,60,818103355447236116295998,7605294370712437910038942,0,6299478178449295417030292,456673285901600009272154044,455986986704086340000000000,458110906095159270000000000,2,0,0,0,3010300733118,0,0
  CONTRACT_CASE,100000000,2,1,10000,0,85,10,100,0,172800,1,60,0,7646323059920956928025915,0,5505823386790337239739028,456609566325964525148281779,455986986704086340000000000,458127486220106601000000000,0,0,0,0,3009239737847,0,0
  CONTRACT_CASE,100000000,3,0,0,0,85,10,100,0,172800,1,60,885005618290639508847648,4167864827592159164464795,0,2023490055474700966176514,457319229594129592301353129,455986986704086340000000000,459016366901644611000000000,0,0,0,0,3013457327618,0,0
  CONTRACT_CASE,100000000,3,0,5000,0,85,10,100,0,172800,1,60,441052532932064846317616,4160893966519470562974193,0,1577907813477987112023661,457205940107579207853744435,455986986704086340000000000,459011025200472831000000000,0,0,0,0,3010265704814,0,0
  CONTRACT_CASE,100000000,3,0,10000,0,85,10,100,0,172800,1,60,0,4154172298902322560499119,0,1135240495202804809078584,457092800272557927745525348,455986986704086340000000000,459005918318835462000000000,0,0,0,0,3008809077343,0,0
  CONTRACT_CASE,100000000,3,1,0,0,85,10,100,0,172800,1,60,885005618290639508847648,4167864827592159164464795,0,2023490055474700966176514,457319229594129592301353129,455986986704086340000000000,459016366901644611000000000,2,0,0,0,3013457327618,0,0
  CONTRACT_CASE,100000000,3,1,5000,0,85,10,100,0,172800,1,60,441052532932064846317616,4160893966519470562974193,0,1577907813477987112023661,457205940107579207853744435,455986986704086340000000000,459011025200472831000000000,0,0,0,0,3010265704814,0,0
  CONTRACT_CASE,100000000,3,1,10000,0,85,10,100,0,172800,1,60,0,4154172298902322560499119,0,1135240495202804809078584,457092800272557927745525348,455986986704086340000000000,459005918318835462000000000,0,0,0,0,3008809077343,0,0
  CONTRACT_CASE,100000000,4,0,0,0,85,10,100,0,172800,1,60,1492454793349110293094569,7217901695492020901309009,0,3810328781226648366564682,659793087882300000018829800,663684807089668950000000000,668584834518786606000000000,0,0,0,0,3014073468807,0,0
  CONTRACT_CASE,100000000,4,0,5000,0,85,10,100,0,172800,1,60,740950439202352540625270,7326667593314230670998715,0,3106711796251611462837849,649553915982520581293445037,667638846094329660000000000,672599752036078860000000000,0,0,0,0,3014922211265,0,0
  CONTRACT_CASE,100000000,4,0,10000,0,85,10,100,0,172800,1,60,0,7444849030139061818610624,0,2445366584082410058048006,638018827916837599661369040,675037696620580650000000000,680039532328439979000000000,0,0,0,0,2353557851557519210204,0,0
  CONTRACT_CASE,100000000,4,1,0,0,85,10,100,0,172800,1,60,1427375870381622067114979,6986392719053556210086353,0,3598327482861775850170089,579738306252001459289915395,575494767216339000000000000,580310208035216649000000000,0,0,0,0,3017783053816,0,0
  CONTRACT_CASE,100000000,4,1,5000,0,85,10,100,0,172800,1,60,712966564528230655853721,7081085632626670092553700,0,2985173775025408649048370,600403454217105728382102531,596512406166106070000000000,601321284294055443000000000,0,0,0,0,3003993193354,0,0
  CONTRACT_CASE,100000000,4,1,10000,0,85,10,100,0,172800,1,60,0,7206247728182873260989370,0,2336877955030805359846394,602340236438625932077073627,607272996836112720000000000,612143806287609540000000000,0,0,0,0,1439973715570422934936,0,0

[PASS] test_campaign10m() (gas: 10177199691)
Logs:
  CONTRACT_CASE,10000000,0,0,0,0,85,10,100,0,172800,1,60,73474406242968207554804,381347827765275577355479,0,3750000053010000000000,48818804802978363595146401,48934940662065400000000000,48985531329746358000000000,0,0,0,0,37794630792279265992995,85193817030223586611811,0
  CONTRACT_CASE,10000000,0,0,5000,0,85,10,100,0,172800,1,60,36646964357630809685311,381437860040175789269013,0,3750000053010000000000,48789893019926583163033268,48935074681378370000000000,48859389073168461000000000,0,0,0,0,54081758173692896348430,105903520150508182087446,0
  CONTRACT_CASE,10000000,0,0,10000,0,85,10,100,0,172800,1,60,0,381489240490473910686652,0,3750000053010000000000,48760993248038830422028200,48935151221216600000000000,48723114693466953000000000,0,0,0,0,68516026835022999987879,128277245550561155866957,0
  CONTRACT_CASE,10000000,0,1,0,0,85,10,100,0,172800,1,60,73474453101826167491496,380519941466962932554536,0,3750000053010000000000,48816777850342294235499840,48933718720385690000000000,48983115391756704000000000,0,0,0,0,37406504734257306056303,85189549504333385465860,0
  CONTRACT_CASE,10000000,0,1,5000,0,85,10,100,0,172800,1,60,36646987697842407913840,380613083908785193850064,0,3750000053010000000000,48787873686244276317970744,48933857339107320000000000,48856988507376222000000000,0,0,0,0,53696137736652298119901,105898239411105509832504,0
  CONTRACT_CASE,10000000,0,1,10000,0,85,10,100,0,172800,1,60,0,380664496898701038465453,0,3750000053010000000000,48758973994015288734478644,48933933927019740000000000,48720721000898610000000000,0,0,0,0,68131549186409999987879,128270854009034332210680,0
  CONTRACT_CASE,10000000,1,0,0,0,85,10,100,0,172800,1,60,93302443832063216086263,482545776914871089029916,0,3750000053010000000000,71681673181674719834899869,71938905109868500000000000,72025592636374299000000000,0,0,0,0,33698300348180323807378,100772426019789634076163,0
  CONTRACT_CASE,10000000,1,0,5000,0,85,10,100,0,172800,1,60,46419866712159641970270,481058932265116824899811,0,3750000053010000000000,70020430174046110050019864,70282943467861110000000000,70196553779538861000000000,0,0,0,0,54557717406212543060588,129232502685398864397454,0
  CONTRACT_CASE,10000000,1,0,10000,0,85,10,100,0,172800,1,60,0,485601089658597136567593,0,3750000053010000000000,71593887116134201671432477,71968328901050350000000000,71731168490367171000000000,0,0,0,0,75664287750745999987876,154710694274356048352813,0
  CONTRACT_CASE,10000000,1,1,0,0,85,10,100,0,172800,1,60,89498981624768205271588,461602322234619894863738,0,3750000053010000000000,70080258992920523682802778,70330444550140260000000000,70428378239517366000000000,0,0,0,0,32374072746686828069705,93491432752379211696944,0
  CONTRACT_CASE,10000000,1,1,5000,0,85,10,100,0,172800,1,60,44461299022918959760518,459636143539162744433789,0,3750000053010000000000,70200442973965277842689311,70488184686724700000000000,70423844970911778000000000,0,0,0,0,49835099747766236102413,119422500972436155052031,0
  CONTRACT_CASE,10000000,1,1,10000,0,85,10,100,0,172800,1,60,0,463847854256630625679643,0,3750000053010000000000,70343679377411727145838838,70662539141367820000000000,70426312321529340000000000,0,0,0,0,68303694015499999987879,148787953307280605995113,0
  CONTRACT_CASE,10000000,2,0,0,0,85,10,100,0,172800,1,60,152510277108263599037431,422924323550902192536911,0,494293463684874590697025,46576887569987297527671231,47588402893459980000000000,47669544023293422000000000,0,0,0,0,4000000000000,0,0
  CONTRACT_CASE,10000000,2,0,5000,0,85,10,100,0,172800,1,60,76054057714791001540882,445771526508056630298439,0,431133779272355986780364,46575613597376297527671231,47588402893459980000000000,47679094678039461000000000,0,0,0,0,4000000000000,0,0
  CONTRACT_CASE,10000000,2,0,10000,0,85,10,100,0,172800,1,60,0,455738409058543601517000,0,359354327550601845376642,46574339624766307527671232,47588402893459980000000000,47684786953049478000000000,0,0,0,0,3001845365060,0,0
  CONTRACT_CASE,10000000,2,1,0,0,85,10,100,0,172800,1,60,163774339890774115789597,692119985462733675786569,0,671423203849956065003283,46576887569987297527671231,47588402893459980000000000,47772873881466957000000000,32,0,0,0,3004949201812,0,0
  CONTRACT_CASE,10000000,2,1,5000,0,85,10,100,0,172800,1,60,81408690280173085107759,692589579637261994668920,0,589134857107818509641501,46575613597376297527671231,47588402893459980000000000,47773266177877857000000000,2,0,0,0,3014424521905,0,0
  CONTRACT_CASE,10000000,2,1,10000,0,85,10,100,0,172800,1,60,0,696060085432311363635793,0,509969779105872084706552,46574339624766307527671232,47588402893459980000000000,47774493063912708000000000,0,0,0,0,3009084694685,0,0
  CONTRACT_CASE,10000000,3,0,0,0,85,10,100,0,172800,1,60,88497906801363588918294,416505203453437200167710,0,205709672016703863156825,47680397734635056153729281,47588402893459980000000000,47887696142486739000000000,0,0,0,0,3002274226329,0,0
  CONTRACT_CASE,10000000,3,0,5000,0,85,10,100,0,172800,1,60,44102152757425032683950,414086795660848843381556,0,161002499786565453204275,47672903677006341049319995,47588402893459980000000000,47885589157603716000000000,0,0,0,0,3004420508117,0,0
  CONTRACT_CASE,10000000,3,0,10000,0,85,10,100,0,172800,1,60,0,414319214035180861438846,0,116774622622560950031216,47665415932760228990000534,47588402893459980000000000,47885947297850970000000000,0,0,0,0,3004950018947,0,0
  CONTRACT_CASE,10000000,3,1,0,0,85,10,100,0,172800,1,60,88497906801363588918294,416505203453437200167710,0,205709672016703863156825,47680397734635056153729281,47588402893459980000000000,47887696142486739000000000,2,0,0,0,3002274226329,0,0
  CONTRACT_CASE,10000000,3,1,5000,0,85,10,100,0,172800,1,60,44102152757425032683950,414086795660848843381556,0,161002499786565453204275,47672903677006341049319995,47588402893459980000000000,47885589157603716000000000,0,0,0,0,3004420508117,0,0
  CONTRACT_CASE,10000000,3,1,10000,0,85,10,100,0,172800,1,60,0,414319214035180861438846,0,116774622622560950031216,47665415932760228990000534,47588402893459980000000000,47885947297850970000000000,0,0,0,0,3004950018947,0,0
  CONTRACT_CASE,10000000,4,0,0,0,85,10,100,0,172800,1,60,148431662355041672139246,703488973190634416444231,0,363361894437892466086111,66443607785250198597130002,66133252497648490000000000,66621810969360171000000000,0,0,0,0,3010793933840,0,0
  CONTRACT_CASE,10000000,4,0,5000,0,85,10,100,0,172800,1,60,73821414749976427259994,729278610179609400713839,0,307966637838092139707101,64962972648775928311238009,68277442688621830000000000,68772575780636166000000000,0,0,0,0,3006712434229,0,0
  CONTRACT_CASE,10000000,4,0,10000,0,85,10,100,0,172800,1,60,0,745172293786731695209709,0,246075473090036770741756,63974797629281253740876806,69940750321250410000000000,70439952293076168000000000,0,0,0,0,105449311868987316210,0,0
  CONTRACT_CASE,10000000,4,1,0,0,85,10,100,0,172800,1,60,142685233974843553089511,712117231814459696186154,0,362865357343943294059553,58043700339906526617651145,57613574508192370000000000,58105511318632374000000000,0,0,0,0,3006740957194,0,0
  CONTRACT_CASE,10000000,4,1,5000,0,85,10,100,0,172800,1,60,71207539153242771909773,717320769437265518010198,0,301185109944912285847873,60047903823859115452976224,59655706655346690000000000,60143049561475710000000000,0,0,0,0,3008513925162,0,0
  CONTRACT_CASE,10000000,4,1,10000,0,85,10,100,0,172800,1,60,0,724524863972711405919738,0,230981833271016449787005,60250765081508416845254927,60148720100805300000000000,60642464028845958000000000,0,0,0,0,201188797297918711131,0,0

[PASS] test_campaign1m() (gas: 9430694944)
Logs:
  CONTRACT_CASE,1000000,0,0,0,0,85,10,100,0,172800,1,60,7347441126034093212366,38134785284744073864972,0,375000053010000000000,4881880763220638429634765,4893494465280320000000000,4898553538774230000000000,0,0,0,0,3779509423775380225142,8519334149150680998890,0
  CONTRACT_CASE,1000000,0,0,5000,0,85,10,100,0,172800,1,60,3664696685932735319305,38143788512325602478671,0,375000053010000000000,4878989584708656143730418,4893507867250080000000000,4885939313401455000000000,0,0,0,0,5408222188834970604752,10590304436193275595988,0
  CONTRACT_CASE,1000000,0,0,10000,0,85,10,100,0,172800,1,60,0,38148926557330330354068,0,375000053010000000000,4876099607289948104235126,4893515521231050000000000,4872311875558377000000000,0,0,0,0,6851649058646999878799,12827676971053248762371,0
  CONTRACT_CASE,1000000,0,1,0,0,85,10,100,0,172800,1,60,7347445811891918270291,38051996656360538736150,0,375000053010000000000,4881678069138590181552846,4893372272368850000000000,4898311946455383000000000,0,0,0,0,3740697054910555167217,8518907401732455768002,0
  CONTRACT_CASE,1000000,0,1,5000,0,85,10,100,0,172800,1,60,3664699019941136065454,38061310900232964213386,0,375000053010000000000,4878787652450787568861211,4893386134140130000000000,4885699258132020000000000,0,0,0,0,5369660355911569858603,10589776368286582091328,0
  CONTRACT_CASE,1000000,0,1,10000,0,85,10,100,0,172800,1,60,0,38066452199182538877846,0,375000053010000000000,4875897683023709554003103,4893393792893140000000000,4872072507565977000000000,0,0,0,0,6813201496616999878799,12827037823314404970350,0
  CONTRACT_CASE,1000000,1,0,0,0,85,10,100,0,172800,1,60,9330245001283505025316,48254580762684418962521,0,375000053010000000000,7168167706487524843490163,7193891059177890000000000,7202559820200210000000000,0,0,0,0,3369893658371034869149,10077177557085731028737,0
  CONTRACT_CASE,1000000,1,0,5000,0,85,10,100,0,172800,1,60,4641986977879013624310,48105896282452019302760,0,375000053010000000000,7002043397315577550551529,7028294883199060000000000,7019655923098296000000000,0,0,0,0,5455834053398171407522,12923186521640963415764,0
  CONTRACT_CASE,1000000,1,0,10000,0,85,10,100,0,172800,1,60,0,48560112023310352150247,0,375000053010000000000,7159389089625503695585004,7196833424132640000000000,7173117391972338000000000,0,0,0,0,7566490838242999878769,15471005941017144238281,0
  CONTRACT_CASE,1000000,1,1,0,0,85,10,100,0,172800,1,60,8949898761664089091630,46160235199619160102816,0,375000053010000000000,7008026279685894985825034,7033044991404310000000000,7042838368592151000000000,0,0,0,0,3237469605825944250710,9349079789081284770897,0
  CONTRACT_CASE,1000000,1,1,5000,0,85,10,100,0,172800,1,60,4446130200453071653243,45963617321802462493243,0,375000053010000000000,7020044678319703023513007,7048819006199680000000000,7042385043275247000000000,0,0,0,0,4983572472801124210800,11942186408721230919697,0
  CONTRACT_CASE,1000000,1,1,10000,0,85,10,100,0,172800,1,60,0,46384788397707032445989,0,375000053010000000000,7034368319320606758630326,7066254452807810000000000,7042631779809729000000000,0,0,0,0,6830432060078999878799,14878731458028683907494,0
  CONTRACT_CASE,1000000,2,0,0,0,85,10,100,0,172800,1,60,15251028746266362469738,42292434682366921434504,0,49429349330965354303475,4657689028634464975342464,4758840566901800000000000,4766954673871728000000000,0,0,0,0,4000000000000,0,0
  CONTRACT_CASE,1000000,2,0,5000,0,85,10,100,0,172800,1,60,7605406285656973384969,44577155109558618681496,0,43113380340251958979253,4657561631365930728767122,4758840566901800000000000,4767909727915674000000000,0,0,0,0,4000000000000,0,0
  CONTRACT_CASE,1000000,2,0,10000,0,85,10,100,0,172800,1,60,0,45573843407664443823915,0,35935434751391958317840,4657434234098406482191780,4758840566901800000000000,4768478959640148000000000,0,0,0,0,3010958199989,0,0
  CONTRACT_CASE,1000000,2,1,0,0,85,10,100,0,172800,1,60,16377435071773826188543,69212001905872021878575,0,67142323946440868143542,4657689028634464975342464,4758840566901800000000000,4777287548738643000000000,32,0,0,0,3011041835777,0,0
  CONTRACT_CASE,1000000,2,1,5000,0,85,10,100,0,172800,1,60,8140869566743137360301,69258961412473577064719,0,58913488781993027645079,4657561631365930728767122,4758840566901800000000000,4777326777119994000000000,2,0,0,0,3001890167604,0,0
  CONTRACT_CASE,1000000,2,1,10000,0,85,10,100,0,172800,1,60,0,69606011989860940017242,0,50996980429488952230019,4657434234098406482191780,4758840566901800000000000,4777449460961346000000000,0,0,0,0,3008952111554,0,0
  CONTRACT_CASE,1000000,3,0,0,0,85,10,100,0,172800,1,60,8849791277996073779605,41650522772477041043356,0,20570968389606455306493,4768040051554949953831076,4758840566901800000000000,4788769727180529000000000,0,0,0,0,3016381403133,0,0
  CONTRACT_CASE,1000000,3,0,5000,0,85,10,100,0,172800,1,60,4410215573881269644760,41408681979077630959634,0,16100250866304216102116,4767290645748347839016440,4758840566901800000000000,4788559033871742000000000,0,0,0,0,3012946332645,0,0
  CONTRACT_CASE,1000000,3,0,10000,0,85,10,100,0,172800,1,60,0,41431923818079988264661,0,11677462846920718130623,4766541871280951869664585,4758840566901800000000000,4788594841398372000000000,0,0,0,0,3013718005724,0,0
  CONTRACT_CASE,1000000,3,1,0,0,85,10,100,0,172800,1,60,8849791277996073779605,41650522772477041043356,0,20570968389606455306493,4768040051554949953831076,4758840566901800000000000,4788769727180529000000000,2,0,0,0,3016381403133,0,0
  CONTRACT_CASE,1000000,3,1,5000,0,85,10,100,0,172800,1,60,4410215573881269644760,41408681979077630959634,0,16100250866304216102116,4767290645748347839016440,4758840566901800000000000,4788559033871742000000000,0,0,0,0,3012946332645,0,0
  CONTRACT_CASE,1000000,3,1,10000,0,85,10,100,0,172800,1,60,0,41431923818079988264661,0,11677462846920718130623,4766541871280951869664585,4758840566901800000000000,4788594841398372000000000,0,0,0,0,3013718005724,0,0
  CONTRACT_CASE,1000000,4,0,0,0,85,10,100,0,172800,1,60,14843167270587902000323,70348901012385329946748,0,36336191543013767558803,6644361139468246435892824,6613325609039520000000000,6662181218416515000000000,0,0,0,0,3013865427684,0,0
  CONTRACT_CASE,1000000,4,0,5000,0,85,10,100,0,172800,1,60,7382141992626509750586,72927864886773719484810,0,30796665524756538791832,6496297619018923461863528,6827744640966250000000000,6877257688358811000000000,0,0,0,0,3005028912526,0,0
  CONTRACT_CASE,1000000,4,0,10000,0,85,10,100,0,172800,1,60,0,74517233342650342391215,0,24607548618038000660422,6397480113642777074101508,6994075414905550000000000,7043995354826772000000000,0,0,0,0,10544923070219717639,0,0
  CONTRACT_CASE,1000000,4,1,0,0,85,10,100,0,172800,1,60,14268524405392389004797,71211726257603532082618,0,36286537164580428992980,5804370348944666245807234,5761357763330030000000000,5810551173528930000000000,0,0,0,0,3003039859996,0,0
  CONTRACT_CASE,1000000,4,1,5000,0,85,10,100,0,172800,1,60,7120754412245457483896,71732080743088869966898,0,30118512448718783857570,6004790713222159383916965,5965570994135970000000000,6014305028459187000000000,0,0,0,0,3002326244788,0,0
  CONTRACT_CASE,1000000,4,1,10000,0,85,10,100,0,172800,1,60,0,72452490163688683770548,0,23098184285944191016010,6025076839735355208264014,6014872340472430000000000,6064246477281924000000000,0,0,0,0,20118878934660665058,0,0

[PASS] test_campaign500k() (gas: 9206859185)
Logs:
  CONTRACT_CASE,500000,0,0,0,0,85,10,100,0,172800,1,60,3673720841755869658158,19067394036392929299447,0,187500053010000000000,2440940538906978059451651,2446747454533340000000000,2449276995051225000000000,0,0,0,0,1889780492758603656806,4259640655766778583404,0
  CONTRACT_CASE,500000,0,0,5000,0,85,10,100,0,172800,1,60,1832348481950463927984,19071895649533835519870,0,187500053010000000000,2439494949377546167480429,2446754155344820000000000,2442969882288414000000000,0,0,0,0,2704136855696241874203,5295125786325378799886,0
  CONTRACT_CASE,500000,0,0,10000,0,85,10,100,0,172800,1,60,0,19074464671656308345770,0,187500053010000000000,2438049960508787539244881,2446757982246410000000000,2436156163335906000000000,0,0,0,0,3425850271895999757599,6413812049658356725486,0
  CONTRACT_CASE,500000,0,1,0,0,85,10,100,0,172800,1,60,3673723184673100174450,19025999722635983919480,0,187500053010000000000,2440839192447387579186685,2446686358656040000000000,2449156199571621000000000,0,0,0,0,1870374420147373140514,4259427285497530481118,0
  CONTRACT_CASE,500000,0,1,5000,0,85,10,100,0,172800,1,60,1832349648946999691061,19030656844118856694434,0,187500053010000000000,2439393983892918966411264,2446693289411880000000000,2442849855387462000000000,0,0,0,0,2684856056217706111126,5294861754783662318086,0
  CONTRACT_CASE,500000,0,1,10000,0,85,10,100,0,172800,1,60,0,19033227493223395514691,0,187500053010000000000,2437948999004050452237576,2446697118703760000000000,2436036480082962000000000,0,0,0,0,3406626612221999757599,6413492478036488664431,0
  CONTRACT_CASE,500000,1,0,0,0,85,10,100,0,172800,1,60,4665122844016805986900,24127292087844319091078,0,187500053010000000000,3584084069043823404395584,3596945834213840000000000,3601280219392503000000000,0,0,0,0,1684982190670733907049,5038552642240835834004,0
  CONTRACT_CASE,500000,1,0,5000,0,85,10,100,0,172800,1,60,2320993659306844806113,24052949839267542168339,0,187500053010000000000,3501021909761942802942586,3514147739734740000000000,3509828264552841000000000,0,0,0,0,2727951666015340225118,6461557846646068609863,0
  CONTRACT_CASE,500000,1,0,10000,0,85,10,100,0,172800,1,60,0,24280057710786093250778,0,187500053010000000000,3579694754924962919591598,3598417008762970000000000,3586558997639214000000000,0,0,0,0,3783279905138999757539,7735467700194250164088,0
  CONTRACT_CASE,500000,1,1,0,0,85,10,100,0,172800,1,60,4474949713713561962942,23080119252959686020185,0,187500053010000000000,3504013351140065003417408,3516522793651280000000000,3521419486811757000000000,0,0,0,0,1618769417232471378573,4674504624920368902519,0
  CONTRACT_CASE,500000,1,1,5000,0,85,10,100,0,172800,1,60,2223065265872334270431,22981810309703891991695,0,187500053010000000000,3510022550783212244331619,3524409801654630000000000,3521192824997460000000000,0,0,0,0,2491820949384861592553,5971057821078317220209,0
  CONTRACT_CASE,500000,1,1,10000,0,85,10,100,0,172800,1,60,0,23192395850246975823438,0,187500053010000000000,3517184371682038257082788,3533127525731900000000000,3521316194236728000000000,0,0,0,0,3415250853067999757599,7439330244414767711129,0
  CONTRACT_CASE,500000,2,0,0,0,85,10,100,0,172800,1,60,7625514948373526071640,21146218633238466185248,0,24714676345594518188524,2328844665218345225205478,2379420437641310000000000,2383477491315330000000000,0,0,0,0,4000000000000,0,0
  CONTRACT_CASE,500000,2,0,5000,0,85,10,100,0,172800,1,60,3802703428473073883973,22288578920172547152131,0,21556691601388059785371,2328780966579947964931505,2379420437641310000000000,2383955018370270000000000,0,0,0,0,4000000000000,0,0
  CONTRACT_CASE,500000,2,0,10000,0,85,10,100,0,172800,1,60,0,22786923092891627271436,0,17967718539245549226507,2328717267942560704657534,2379420437641310000000000,2384239634237502000000000,0,0,0,0,3012548994700,0,0
  CONTRACT_CASE,500000,2,1,0,0,85,10,100,0,172800,1,60,8188718137364395446939,34606002816869122439412,0,33571163946737209019673,2328844665218345225205478,2379420437641310000000000,2388643864565535000000000,32,0,0,0,3014813332722,0,0
  CONTRACT_CASE,500000,2,1,5000,0,85,10,100,0,172800,1,60,4070435082652788243393,34629482620529842106471,0,29456746086073426604500,2328780966579947964931505,2379420437641310000000000,2388663473396076000000000,2,0,0,0,3011638123327,0,0
  CONTRACT_CASE,500000,2,1,10000,0,85,10,100,0,172800,1,60,0,34803007908728609541217,0,25498491623394865940044,2328717267942560704657534,2379420437641310000000000,2388724820857206000000000,0,0,0,0,3016865699481,0,0
  CONTRACT_CASE,500000,3,0,0,0,85,10,100,0,172800,1,60,4424895971133239929759,20825262733845232818958,0,10285484849960242810807,2384020180265450023567310,2379420437641310000000000,2394384927063228000000000,0,0,0,0,3005002636998,0,0
  CONTRACT_CASE,500000,3,0,5000,0,85,10,100,0,172800,1,60,2205107952577340296040,20704342329599696155140,0,8050125925030779586383,2383645477337854185952374,2379420437641310000000000,2394279579151593000000000,0,0,0,0,3010439041730,0,0
  CONTRACT_CASE,500000,3,0,10000,0,85,10,100,0,172800,1,60,0,20715963249770020383648,0,5838731750766057726521,2383271090080386888265387,2379420437641310000000000,2394297485932887000000000,0,0,0,0,3008057478511,0,0
  CONTRACT_CASE,500000,3,1,0,0,85,10,100,0,172800,1,60,4424895971133239929759,20825262733845232818958,0,10285484849960242810807,2384020180265450023567310,2379420437641310000000000,2394384927063228000000000,2,0,0,0,3005002636998,0,0
  CONTRACT_CASE,500000,3,1,5000,0,85,10,100,0,172800,1,60,2205107952577340296040,20704342329599696155140,0,8050125925030779586383,2383645477337854185952374,2379420437641310000000000,2394279579151593000000000,0,0,0,0,3010439041730,0,0
  CONTRACT_CASE,500000,3,1,10000,0,85,10,100,0,172800,1,60,0,20715963249770020383648,0,5838731750766057726521,2383271090080386888265387,2379420437641310000000000,2394297485932887000000000,0,0,0,0,3008057478511,0,0
  CONTRACT_CASE,500000,4,0,0,0,85,10,100,0,172800,1,60,7421584210332912599331,35174452558354049693405,0,18168096927765817111192,3322180770270402712279050,3306663004129980000000000,3331090671238665000000000,0,0,0,0,3011904254811,0,0
  CONTRACT_CASE,500000,4,0,5000,0,85,10,100,0,172800,1,60,3691071283862937666312,36463934592415008704571,0,15398333724162547382191,3248149006280866800687344,3413872527246960000000000,3438628907913108000000000,0,0,0,0,3012609457979,0,0
  CONTRACT_CASE,500000,4,0,10000,0,85,10,100,0,172800,1,60,0,37258618874304815324768,0,12303775009117211090248,3198740251749977534009709,3497037920252840000000000,3521997742721013000000000,0,0,0,0,5272457599432629385,0,0
  CONTRACT_CASE,500000,4,1,0,0,85,10,100,0,172800,1,60,7134262762652554419536,35605864837106390657151,0,18143269384562301605915,2902185349426201532216231,2880679055261690000000000,2905275613692510000000000,0,0,0,0,3016746927793,0,0
  CONTRACT_CASE,500000,4,1,5000,0,85,10,100,0,172800,1,60,3560377482178038932320,35866042482519021377433,0,15059257025435077190691,3002395540438224580692637,2982785679653420000000000,3007152553036248000000000,0,0,0,0,3006038002799,0,0
  CONTRACT_CASE,500000,4,1,10000,0,85,10,100,0,172800,1,60,0,36226247174398570338377,0,11549092664736340436654,3012538604101273093448101,3007436353805970000000000,3032123274191376000000000,0,0,0,0,10059439135810840424,0,0

[PASS] test_campaign50m() (gas: 10934447151)
Logs:
  CONTRACT_CASE,50000000,0,0,0,0,85,10,100,0,172800,1,60,367372080271070709698723,1905840464804329825991550,0,18750000053010000000000,244091811296026728698373828,244673361000732990000000000,244925015742296775000000000,0,0,0,0,188549209802083763858879,425964674923658893004200,0
  CONTRACT_CASE,50000000,0,0,5000,0,85,10,100,0,172800,1,60,183234841896983777530896,1906445770231253331717432,0,18750000053010000000000,243947633688998331376360729,244674262043412160000000000,244294765167095433000000000,0,0,0,0,270058852506301928512594,529513059510107598595047,0
  CONTRACT_CASE,50000000,0,0,10000,0,85,10,100,0,172800,1,60,0,1906806224873735878889782,0,18750000053010000000000,243803389448349347969625702,244674799001836670000000000,243613701596958885000000000,0,0,0,0,342279727713254999997575,641381484958338822132221,0
  CONTRACT_CASE,50000000,0,1,0,0,85,10,100,0,172800,1,60,367372314859253323006007,1901695853793464277204844,0,18750000053010000000000,244081663839207441754760917,244667243627719710000000000,244912920914262744000000000,0,0,0,0,186606148197810150551595,425943310653441513593401,0
  CONTRACT_CASE,50000000,0,1,5000,0,85,10,100,0,172800,1,60,183234958599143666825677,1902321852818399516489319,0,18750000053010000000000,243937536925617187000600959,244668175272627530000000000,244282762225065420000000000,0,0,0,0,268130732167469039217813,529486655555830962463023,0
  CONTRACT_CASE,50000000,0,1,10000,0,85,10,100,0,172800,1,60,0,1902682534306642621407036,0,18750000053010000000000,243793293240698962119339381,244668712566582080000000000,243601733208082131000000000,0,0,0,0,340357351328960999997575,641349527438121974867587,0
  CONTRACT_CASE,50000000,1,0,0,0,85,10,100,0,172800,1,60,466512268409875854072993,2411817738159445443669298,0,18750000053010000000000,358406122088491740451307947,359693164030798890000000000,360125279493464277000000000,0,0,0,0,168060707790025685820621,503858642697703414654230,0
  CONTRACT_CASE,50000000,1,0,5000,0,85,10,100,0,172800,1,60,232099354893262467955874,2404499389639629714224380,0,18750000053010000000000,350100191842292536047607373,351413528325083610000000000,350980432026800409000000000,0,0,0,0,272413513248697717074953,646158478547828457879119,0
  CONTRACT_CASE,50000000,1,0,10000,0,85,10,100,0,172800,1,60,0,2427313679766901575865535,0,18750000053010000000000,357967731013657503362429828,359840609638614030000000000,358653813124679370000000000,0,0,0,0,377995770434774999997575,773549331423954429536770,0
  CONTRACT_CASE,50000000,1,1,0,0,85,10,100,0,172800,1,60,447494958824865294734071,2307075977829194991004495,0,18750000053010000000000,350398991007674533242433086,351650825326122320000000000,352139134920451002000000000,0,0,0,0,161427867871695738607146,467453765876836534993743,0
  CONTRACT_CASE,50000000,1,1,5000,0,85,10,100,0,172800,1,60,222306517532827102635530,2297343022725190828151808,0,18750000053010000000000,351000149207144619630422687,352439675344675720000000000,352116766189396179000000000,0,0,0,0,248780307780559093227297,597108510991599441433872,0
  CONTRACT_CASE,50000000,1,1,10000,0,85,10,100,0,172800,1,60,0,2318528861427788170658335,0,18750000053010000000000,351716645440751061682566227,353311634878496020000000000,352129479118654266000000000,0,0,0,0,341184018273965999997575,743935587927819101458069,0
  CONTRACT_CASE,50000000,2,0,0,0,85,10,100,0,172800,1,60,762555318560443397449321,2129964175232177988656026,0,2472345722111941392055184,237676033099187162152132765,237519830003719020000000000,237940003771084962000000000,0,0,0,0,4000000000000,0,0
  CONTRACT_CASE,50000000,2,0,5000,0,85,10,100,0,172800,1,60,380258498129958773194009,2232803141642681566349935,0,2151941695049457531769620,237663290231840932311029368,237519830003719020000000000,237980949940354536000000000,0,0,0,0,4000000000000,0,0
  CONTRACT_CASE,50000000,2,0,10000,0,85,10,100,0,172800,1,60,0,2289909054160371043934217,0,1794913575169212246030242,237650549458697253935867051,237519830003719020000000000,238014825470250201000000000,0,0,0,0,3009246027891,0,0
  CONTRACT_CASE,50000000,2,1,0,0,85,10,100,0,172800,1,60,818794779738822380912542,3437121567106732458629131,0,3340299719292160287687947,237676033099187162152132765,237519830003719020000000000,238435446506715657000000000,32,0,0,0,3009906773039,0,0
  CONTRACT_CASE,50000000,2,1,5000,0,85,10,100,0,172800,1,60,407026766231260143538229,3479439870762852246503556,0,2955903850094555759897877,237663290231840932311029368,237519830003719020000000000,238450392658242018000000000,2,0,0,0,3004616357276,0,0
  CONTRACT_CASE,50000000,2,1,10000,0,85,10,100,0,172800,1,60,0,3485920925162892049805767,0,2551966238481840742051560,237650549458697253935867051,237519830003719020000000000,238453784552694276000000000,0,0,0,0,3009742049194,0,0
  CONTRACT_CASE,50000000,3,0,0,0,85,10,100,0,172800,1,60,442555226943025740483969,2109167069928064007813778,0,1035472048698244240632738,238135493126985809530760689,237519830003719020000000000,239036080066520058000000000,0,0,0,0,3010500146283,0,0
  CONTRACT_CASE,50000000,3,0,5000,0,85,10,100,0,172800,1,60,220579490046651919898782,2120057189592838744577398,0,818170036810225044000741,238085243017987106436056661,237519830003719020000000000,239042296457784180000000000,0,0,0,0,3006124099492,0,0
  CONTRACT_CASE,50000000,3,0,10000,0,85,10,100,0,172800,1,60,0,2116764017409359433563915,0,596639341575965540952186,238035051214169728630643565,237519830003719020000000000,239039954493704568000000000,0,0,0,0,3015540949704,0,0
  CONTRACT_CASE,50000000,3,1,0,0,85,10,100,0,172800,1,60,442555226943025740483969,2109167069928064007813778,0,1035472048698244240632738,238135493126985809530760689,237519830003719020000000000,239036080066520058000000000,2,0,0,0,3010500146283,0,0
  CONTRACT_CASE,50000000,3,1,5000,0,85,10,100,0,172800,1,60,220579490046651919898782,2120057189592838744577398,0,818170036810225044000741,238085243017987106436056661,237519830003719020000000000,239042296457784180000000000,0,0,0,0,3006124099492,0,0
  CONTRACT_CASE,50000000,3,1,10000,0,85,10,100,0,172800,1,60,0,2116764017409359433563915,0,596639341575965540952186,238035051214169728630643565,237519830003719020000000000,239039954493704568000000000,0,0,0,0,3015540949704,0,0
  CONTRACT_CASE,50000000,4,0,0,0,85,10,100,0,172800,1,60,741757855738314754582939,3484801678137325301398343,0,1795714404110271330055847,332215812206282264634876796,330664938984320870000000000,333095783858687241000000000,0,0,0,0,3012575470310,0,0
  CONTRACT_CASE,50000000,4,0,5000,0,85,10,100,0,172800,1,60,369107981850393284220803,3645601599898217556004203,0,1540204980572023458580954,324812917971233772211220257,341385928500811360000000000,343860432808706847000000000,0,0,0,0,3006174357588,0,0
  CONTRACT_CASE,50000000,4,0,10000,0,85,10,100,0,172800,1,60,0,3725789566024247544316059,0,1231018297267153324161959,319872295568508075836183372,349672970289381230000000000,352168259753281185000000000,0,0,0,0,518487589484583744314,0,0
  CONTRACT_CASE,50000000,4,1,0,0,85,10,100,0,172800,1,60,713427647780432687460051,3559552015202162134121107,0,1814689004086559155680627,290214847133407390711131747,288065155595846860000000000,290523445958199582000000000,0,0,0,0,3010468217998,0,0
  CONTRACT_CASE,50000000,4,1,5000,0,85,10,100,0,172800,1,60,356038570184099372558184,3585806748759461056493739,0,1506294372247951172989565,300237581472923597736455824,298277388577355600000000000,300712939237938870000000000,0,0,0,0,3003800428829,0,0
  CONTRACT_CASE,50000000,4,1,10000,0,85,10,100,0,172800,1,60,0,3621926849074179795623925,0,1155220812423296781709660,301252143429264567384572973,300742489960040330000000000,303210196205918166000000000,0,0,0,0,1000498325248389760314,0,0

[PASS] test_campaignSensitivity100k() (gas: 29797020117)
Logs:
  CONTRACT_CASE,100000,0,0,0,1,0,10,100,0,172800,1,60,734744614337272563291,3813481037331244140182,0,37500053010000000000,488188359345212608933928,489349845878040000000000,489855760002891000000000,0,0,0,0,377997338453199771316,851885861515563888759,0
  CONTRACT_CASE,100000,0,0,0,2,50,10,100,0,172800,1,60,734744614337272563291,3813481037331244140182,0,37500053010000000000,488188359345212608933928,489349845878040000000000,489855760002891000000000,0,0,0,0,377997338453199771316,851885861515563888759,0
  CONTRACT_CASE,100000,0,0,0,3,100,10,100,0,172800,1,60,734744614337272563291,3813481037331244140182,0,37500053010000000000,488188359345212608933928,489349845878040000000000,489855760002891000000000,0,0,0,0,377997338453199771316,851885861515563888759,0
  CONTRACT_CASE,100000,0,0,0,4,85,10,100,0,0,1,60,715915265790035265579,3713857357060329836821,0,37500053010000000000,488070635255787263293288,488765000785200000000000,489515125865004000000000,0,0,0,0,391162152991468810038,782513122988762117954,0
  CONTRACT_CASE,100000,0,0,0,5,85,10,100,0,43200,1,60,718277277659202110106,3726058771253365885667,0,37500053010000000000,488070635255787263293288,488765000785200000000000,489552060172725000000000,0,0,0,0,400474009356294030259,780099884291877289862,0
  CONTRACT_CASE,100000,0,0,0,6,85,10,100,0,1209600,1,60,847765423951130897066,4423563753839065306434,0,37500053010000000000,488895300424952980682301,486069583783450000000000,485106003133272000000000,0,0,0,0,333432227722150991482,1257020288887121351151,0
  CONTRACT_CASE,100000,0,0,0,7,85,10,100,0,172800,3,60,734744614337272563291,3813481037331244140182,0,37500053010000000000,488188359345212608933928,489349845878040000000000,489855760002891000000000,0,0,0,0,377997338453199771316,851885861515563888759,0
  CONTRACT_CASE,100000,0,0,0,8,85,10,100,0,172800,7,60,734744614337272563291,3813481037331244140182,0,37500053010000000000,488188359345212608933928,489349845878040000000000,489855760002891000000000,0,0,0,0,377997338453199771316,851885861515563888759,0
  CONTRACT_CASE,100000,0,0,0,9,85,10,100,0,172800,1,60,734744614337272563291,3813481037331244140182,0,37500053010000000000,488188359345212608933928,489349845878040000000000,489855760002891000000000,0,0,0,0,377997338453199771316,851885861515563888759,0
  CONTRACT_CASE,100000,0,0,0,10,85,10,10,0,172800,1,60,730925091777751217020,3714646267521092933218,0,50509062920011727217,481543813799053499568877,642777289830140000000000,646343329267413000000000,0,0,71,76,583847459364558102,23646456738924135936,0
  CONTRACT_CASE,100000,0,0,0,11,85,10,25,0,172800,1,60,731953082370707617667,3763106150745274666489,0,37500053010000000000,485372751075000117468625,575722377260200000000000,577916569043892000000000,0,0,27,29,303465116391011468929,371747164756596833204,0
  CONTRACT_CASE,100000,0,0,0,12,85,10,50,0,172800,1,60,734503594456804079260,3809816617128942144884,0,37500053010000000000,488188359345212608933928,517658803831950000000000,518344116730290000000000,0,0,0,0,377310727915979720917,778833443996555021480,0
  CONTRACT_CASE,100000,0,0,0,13,85,10,100,0,172800,1,60,734744614337272563291,3813481037331244140182,0,37500053010000000000,488188359345212608933928,489349845878040000000000,489855760002891000000000,0,0,0,0,377997338453199771316,851885861515563888759,0
  CONTRACT_CASE,100000,0,0,0,14,85,10,100,1,172800,1,60,733071218090056029594,3813481037331244140182,280872565786222306701,37500053010000000000,487906400859538258286734,489349845878040000000000,488934702409464000000000,0,0,0,0,510589475117893654202,1002761482965563888759,0
  CONTRACT_CASE,100000,0,0,0,15,85,10,100,2,172800,1,60,731765690008669106094,3813481037331244140182,500000000000000000000,37500053010000000000,487686426226744650664730,489349845878040000000000,488412856273968000000000,0,0,0,0,646010874746151253879,1088295280245563888759,0
  CONTRACT_CASE,100000,0,0,0,16,85,10,100,3,172800,1,60,734684125774365115604,3828400161740307660322,500000000000000000000,37500053010000000000,490796628368460127877650,492475910290690000000000,491516282601108000000000,0,0,0,0,641302152313107219003,1095255519300815092105,0
  CONTRACT_CASE,100000,0,0,0,17,85,10,100,0,172800,1,1,460204267704143333218,2315301412436986100003,0,245624866097175879969,476056521698650608968856,484069098327780000000000,483612019766118000000000,0,0,0,0,4911399850504881801,579460419639664688435,0
  CONTRACT_CASE,100000,0,0,0,18,85,10,100,0,172800,1,3,469194935658628436484,2396547670233513242174,0,217973408410127130358,476171347947128784011844,481613515855810000000000,481112817037551000000000,0,0,0,0,8192953781971028481,604317377548690479024,0
  CONTRACT_CASE,100000,0,0,0,19,85,10,100,0,172800,1,7,487222516399849586437,2483449271042257910944,0,162660995909053575570,476401083542085172645858,481575429607240000000000,481295878544799000000000,0,0,0,0,9370044237676323740,596075292675741457667,0
  CONTRACT_CASE,100000,1,0,0,1,0,10,100,0,172800,1,60,933025118205571902798,4825461147704624126005,0,37500053010000000000,716817159042238574740620,719389654182970000000000,720256538673810000000000,0,0,0,0,337053007058967993722,1007652710982682550137,0
  CONTRACT_CASE,100000,1,0,0,2,50,10,100,0,172800,1,60,933025118205571902798,4825461147704624126005,0,37500053010000000000,716817159042238574740620,719389654182970000000000,720256538673810000000000,0,0,0,0,337053007058967993722,1007652710982682550137,0
  CONTRACT_CASE,100000,1,0,0,3,100,10,100,0,172800,1,60,933025118205571902798,4825461147704624126005,0,37500053010000000000,716817159042238574740620,719389654182970000000000,720256538673810000000000,0,0,0,0,337053007058967993722,1007652710982682550137,0
  CONTRACT_CASE,100000,1,0,0,4,85,10,100,0,0,1,60,905285492093304880924,4679263777652101101716,0,37500053010000000000,716644302304224798428994,718543556662050000000000,719788098357036000000000,0,0,0,0,359195462371105582608,903085190688279725829,0
  CONTRACT_CASE,100000,1,0,0,5,85,10,100,0,43200,1,60,908765203673279451998,4697167752905829575253,0,37500053010000000000,716644302304224798428994,718543556662050000000000,719689712763114000000000,0,0,0,0,348109680138163369781,924432756873185107705,0
  CONTRACT_CASE,100000,1,0,0,6,85,10,100,0,1209600,1,60,1099528482487903941677,5720794967053888536475,0,37500053010000000000,717855175387137551709821,714613981496410000000000,713182462413228000000000,0,0,0,0,246333846391412552776,1626984962698698813503,0
  CONTRACT_CASE,100000,1,0,0,7,85,10,100,0,172800,3,60,933025118205571902798,4825461147704624126005,0,37500053010000000000,716817159042238574740620,719389654182970000000000,720256538673810000000000,0,0,0,0,337053007058967993722,1007652710982682550137,0
  CONTRACT_CASE,100000,1,0,0,8,85,10,100,0,172800,7,60,933025118205571902798,4825461147704624126005,0,37500053010000000000,716817159042238574740620,719389654182970000000000,720256538673810000000000,0,0,0,0,337053007058967993722,1007652710982682550137,0
  CONTRACT_CASE,100000,1,0,0,9,85,10,100,0,172800,1,60,933025118205571902798,4825461147704624126005,0,37500053010000000000,716817159042238574740620,719389654182970000000000,720256538673810000000000,0,0,0,0,337053007058967993722,1007652710982682550137,0
  CONTRACT_CASE,100000,1,0,0,10,85,10,10,0,172800,1,60,929985475068092941434,4724565818780520613570,0,56694921467399123385,692344605366044367442908,849968732095460000000000,854570782790001000000000,0,0,54,57,13525022798358815272,22095928157681922549,0
  CONTRACT_CASE,100000,1,0,0,11,85,10,25,0,172800,1,60,930173156105477487686,4791698749379594910144,0,37500053010000000000,716045898532794108781589,783596664617250000000000,786202384604022000000000,0,0,14,15,336319621857037972613,533307036635795805649,0
  CONTRACT_CASE,100000,1,0,0,12,85,10,50,0,172800,1,60,932993118197069882871,4824688396073240644606,0,37500053010000000000,716817159042238574740620,726944778486850000000000,727785446771268000000000,0,0,0,0,325130794582346605873,998670001960456994741,0
  CONTRACT_CASE,100000,1,0,0,13,85,10,100,0,172800,1,60,933025118205571902798,4825461147704624126005,0,37500053010000000000,716817159042238574740620,719389654182970000000000,720256538673810000000000,0,0,0,0,337053007058967993722,1007652710982682550137,0
  CONTRACT_CASE,100000,1,0,0,14,85,10,100,1,172800,1,60,930793211594530883109,4823691660283071937036,301203482559197682186,37500053010000000000,711783637750619010498170,714498312331710000000000,714521133284346000000000,0,0,0,0,510559305083817285344,1146811376949330612321,0
  CONTRACT_CASE,100000,1,0,0,15,85,10,100,2,172800,1,60,930602985028033135162,4828762994445245240045,500000000000000000000,37500053010000000000,712818152546322308303884,715739693659240000000000,715163309610201000000000,0,0,0,0,612405185476117345435,1245943690912066755971,0
  CONTRACT_CASE,100000,1,0,0,16,85,10,100,3,172800,1,60,932964629642041890010,4840380271961062916317,500000000000000000000,37500053010000000000,719425428073860505216736,722515718241960000000000,721884280404708000000000,0,0,0,0,595306889050498006510,1256106133179602177504,0
  CONTRACT_CASE,100000,1,0,0,17,85,10,100,0,172800,1,1,460204267704143333218,2315301412436986100003,0,245624866097175879969,476056521698650608968856,484069098327780000000000,483612019766118000000000,0,0,0,0,4911399850504881801,579460419639664688435,0
  CONTRACT_CASE,100000,1,0,0,18,85,10,100,0,172800,1,3,469194935658628436484,2396547670233513242174,0,217973408410127130358,476171347947128784011844,481613515855810000000000,481112817037551000000000,0,0,0,0,8192953781971028481,604317377548690479024,0
  CONTRACT_CASE,100000,1,0,0,19,85,10,100,0,172800,1,7,487222516399849586437,2483449271042257910944,0,162660995909053575570,476401083542085172645858,481575429607240000000000,481295878544799000000000,0,0,0,0,9370044237676323740,596075292675741457667,0
  CONTRACT_CASE,100000,2,0,0,1,0,10,100,0,172800,1,60,1525103910071259301715,4229245794925709131709,0,4942937897838253401130,465769174493485957260273,475884334240620000000000,476695738933155000000000,0,0,0,0,4000000000000,0,0
  CONTRACT_CASE,100000,2,0,0,2,50,10,100,0,172800,1,60,1525103910071259301715,4229245794925709131709,0,4942937897838253401130,465769174493485957260273,475884334240620000000000,476695738933155000000000,0,0,0,0,4000000000000,0,0
  CONTRACT_CASE,100000,2,0,0,3,100,10,100,0,172800,1,60,1525103910071259301715,4229245794925709131709,0,4942937897838253401130,465769174493485957260273,475884334240620000000000,476695738933155000000000,0,0,0,0,4000000000000,0,0
  CONTRACT_CASE,100000,2,0,0,4,85,10,100,0,0,1,60,1494753011438677927685,4229088493741830832716,0,4913324821232686735683,465769174493485957260273,475884334240620000000000,476694843813171000000000,0,0,0,0,4000000000000,0,0
  CONTRACT_CASE,100000,2,0,0,5,85,10,100,0,43200,1,60,1498930389219351539080,4229089125588468946588,0,4917466703963366609509,465769174493485957260273,475884334240620000000000,476694879939009000000000,0,0,0,0,4000000000000,0,0
  CONTRACT_CASE,100000,2,0,0,6,85,10,100,0,1209600,1,60,1707396913345644214988,4230191742096545308132,0,5120802711480746781198,465769174493485957260273,475884334240620000000000,476701113115593000000000,0,0,0,0,4000000000000,0,0
  CONTRACT_CASE,100000,2,0,0,7,85,10,100,0,172800,3,60,1525103910071259301715,4229245794925709131709,0,4942937897838253401130,465769174493485957260273,475884334240620000000000,476695738933155000000000,0,0,0,0,4000000000000,0,0
  CONTRACT_CASE,100000,2,0,0,8,85,10,100,0,172800,7,60,1525103910071259301715,4229245794925709131709,0,4942937897838253401130,465769174493485957260273,475884334240620000000000,476695738933155000000000,0,0,0,0,4000000000000,0,0
  CONTRACT_CASE,100000,2,0,0,9,85,10,100,0,172800,1,60,1525103910071259301715,4229245794925709131709,0,4942937897838253401130,465769174493485957260273,475884334240620000000000,476695738933155000000000,0,0,0,0,4000000000000,0,0
  CONTRACT_CASE,100000,2,0,0,10,85,10,10,0,172800,1,60,1525103910071259301715,4229245794925709131709,0,4942937897838253401130,465769174493485957260273,475884334240620000000000,476695738933155000000000,0,0,0,0,4000000000000,0,0
  CONTRACT_CASE,100000,2,0,0,11,85,10,25,0,172800,1,60,1525103910071259301715,4229245794925709131709,0,4942937897838253401130,465769174493485957260273,475884334240620000000000,476695738933155000000000,0,0,0,0,4000000000000,0,0
  CONTRACT_CASE,100000,2,0,0,12,85,10,50,0,172800,1,60,1525103910071259301715,4229245794925709131709,0,4942937897838253401130,465769174493485957260273,475884334240620000000000,476695738933155000000000,0,0,0,0,4000000000000,0,0
  CONTRACT_CASE,100000,2,0,0,13,85,10,100,0,172800,1,60,1525103910071259301715,4229245794925709131709,0,4942937897838253401130,465769174493485957260273,475884334240620000000000,476695738933155000000000,0,0,0,0,4000000000000,0,0
  CONTRACT_CASE,100000,2,0,0,14,85,10,100,1,172800,1,60,1524672025619220850804,4227354100859399181606,72398493000782117587,4869062677476396559676,465769174493485957260273,475884334240620000000000,476694892471464000000000,0,0,0,0,4000000000000,0,0
  CONTRACT_CASE,100000,2,0,0,15,85,10,100,2,172800,1,60,1523461411529084891010,4311753945579385657432,500000000000000000000,4487335121587814810944,465769174493485957260273,475884334240620000000000,476732206211373000000000,0,0,0,0,4000000000000,0,0
  CONTRACT_CASE,100000,2,0,0,16,85,10,100,3,172800,1,60,1522586402492561310191,4199495889185473137016,500000000000000000000,4423386540281488548889,465769174493485957260273,475884334240620000000000,476683026359454000000000,0,0,0,0,4000000000000,0,0
  CONTRACT_CASE,100000,2,0,0,17,85,10,100,0,172800,1,1,1271270680634220854339,5845510730044702652657,0,5740703657563220561271,476353853940191480145777,475884334240620000000000,477260154138969000000000,0,0,0,0,3009998464120,0,0
  CONTRACT_CASE,100000,2,0,0,18,85,10,100,0,172800,1,3,1295360125975486033796,5912306417973810654568,0,5802533866837485740728,465769174493485957260273,475884334240620000000000,477289201138893000000000,0,0,0,0,3009998464120,0,0
  CONTRACT_CASE,100000,2,0,0,19,85,10,100,0,172800,1,7,1314493129091673650427,6009833861426680068876,0,5877410157373364374119,465769174493485957260273,475884334240620000000000,477330992764434000000000,0,0,0,0,3017689486759,0,0
  CONTRACT_CASE,100000,3,0,0,1,0,10,100,0,172800,1,60,884979725663913736460,4165054704295116209868,0,2057098022682756978378,476804283241566968367559,475884334240620000000000,478877081937624000000000,0,0,0,0,3008842012937,0,0
  CONTRACT_CASE,100000,3,0,0,2,50,10,100,0,172800,1,60,884979725663913736460,4165054704295116209868,0,2057098022682756978378,476804283241566968367559,475884334240620000000000,478877081937624000000000,0,0,0,0,3008842012937,0,0
  CONTRACT_CASE,100000,3,0,0,3,100,10,100,0,172800,1,60,884979725663913736460,4165054704295116209868,0,2057098022682756978378,476804283241566968367559,475884334240620000000000,478877081937624000000000,0,0,0,0,3008842012937,0,0
  CONTRACT_CASE,100000,3,0,0,4,85,10,100,0,0,1,60,863358199009990152859,4070031274724109296677,0,2027895692411833394777,476804283241566968367559,475884334240620000000000,478789644143943000000000,0,0,0,0,3008842012935,0,0
  CONTRACT_CASE,100000,3,0,0,5,85,10,100,0,43200,1,60,867879054473816358507,4090001931257923043891,0,2041326826207659600425,476804283241566968367559,475884334240620000000000,478800702939078000000000,0,0,0,0,3008842012936,0,0
  CONTRACT_CASE,100000,3,0,0,6,85,10,100,0,1209600,1,60,1059117859226554740310,4936370862865807965244,0,2482685038971397982228,476804283241566968367559,475884334240620000000000,479396956076091000000000,0,0,0,0,3008842012936,0,0
  CONTRACT_CASE,100000,3,0,0,7,85,10,100,0,172800,3,60,884979725663913736460,4165054704295116209868,0,2057098022682756978378,476804283241566968367559,475884334240620000000000,478877081937624000000000,0,0,0,0,3008842012937,0,0
  CONTRACT_CASE,100000,3,0,0,8,85,10,100,0,172800,7,60,884979725663913736460,4165054704295116209868,0,2057098022682756978378,476804283241566968367559,475884334240620000000000,478877081937624000000000,0,0,0,0,3008842012937,0,0
  CONTRACT_CASE,100000,3,0,0,9,85,10,100,0,172800,1,60,884979725663913736460,4165054704295116209868,0,2057098022682756978378,476804283241566968367559,475884334240620000000000,478877081937624000000000,0,0,0,0,3008842012937,0,0
  CONTRACT_CASE,100000,3,0,0,10,85,10,10,0,172800,1,60,884979725663913736460,4165054704295116209868,0,2057098022682756978378,476804283241566968367559,475884334240620000000000,478877081937624000000000,0,0,0,0,3008842012937,0,0
  CONTRACT_CASE,100000,3,0,0,11,85,10,25,0,172800,1,60,884979725663913736460,4165054704295116209868,0,2057098022682756978378,476804283241566968367559,475884334240620000000000,478877081937624000000000,0,0,0,0,3008842012937,0,0
  CONTRACT_CASE,100000,3,0,0,12,85,10,50,0,172800,1,60,884979725663913736460,4165054704295116209868,0,2057098022682756978378,476804283241566968367559,475884334240620000000000,478877081937624000000000,0,0,0,0,3008842012937,0,0
  CONTRACT_CASE,100000,3,0,0,13,85,10,100,0,172800,1,60,884979725663913736460,4165054704295116209868,0,2057098022682756978378,476804283241566968367559,475884334240620000000000,478877081937624000000000,0,0,0,0,3008842012937,0,0
  CONTRACT_CASE,100000,3,0,0,14,85,10,100,1,172800,1,60,884340872698587840638,4165054704295116209868,49835762291447340891,2006623407425983741665,476804283241566968367559,475884334240620000000000,478877081937624000000000,0,0,0,0,3008842012937,0,0
  CONTRACT_CASE,100000,3,0,0,15,85,10,100,2,172800,1,60,878570142104322697702,4165054704295116209868,500000000000000000000,1550688439123165939620,476804283241566968367559,475884334240620000000000,478877081937624000000000,0,0,0,0,3008842012937,0,0
  CONTRACT_CASE,100000,3,0,0,16,85,10,100,3,172800,1,60,883498440003029390535,4164718058780439411402,500000000000000000000,1551692819939872632453,476804283241566968367559,475884334240620000000000,478880668610361000000000,0,0,0,0,3018841988937,0,0
  CONTRACT_CASE,100000,3,0,0,17,85,10,100,0,172800,1,1,706742255681282009694,3426898748960895859134,0,1733262481246281716626,475982125390579357737251,475884334240620000000000,478284427320489000000000,0,0,0,0,3009998464120,0,0
  CONTRACT_CASE,100000,3,0,0,18,85,10,100,0,172800,1,3,711326202152738779678,3445413861409862542521,0,1692474052138738486610,476047330653425012258570,475884334240620000000000,478348309761102000000000,0,0,0,0,3009998464121,0,0
  CONTRACT_CASE,100000,3,0,0,19,85,10,100,0,172800,1,7,741018953523307268866,3611436110831548717224,0,1741687250971306975798,476177767979961745701793,475884334240620000000000,478494818555652000000000,0,0,0,0,3009998464121,0,0
  CONTRACT_CASE,100000,4,0,0,1,0,10,100,0,172800,1,60,1484317762105906612132,7034893793963975725721,0,3633621251474729616348,664436474905737986533722,661332920197630000000000,666218246411457000000000,0,0,0,0,3008821709011,0,0
  CONTRACT_CASE,100000,4,0,0,2,50,10,100,0,172800,1,60,1484317762105906612132,7034893793963975725721,0,3633621251474729616348,664436474905737986533722,661332920197630000000000,666218246411457000000000,0,0,0,0,3008821709011,0,0
  CONTRACT_CASE,100000,4,0,0,3,100,10,100,0,172800,1,60,1484317762105906612132,7034893793963975725721,0,3633621251474729616348,664436474905737986533722,661332920197630000000000,666218246411457000000000,0,0,0,0,3008821709011,0,0
  CONTRACT_CASE,100000,4,0,0,4,85,10,100,0,0,1,60,1425937338624122326857,6765335696443478758689,0,3414707725404945331073,664436474905737986533722,661332920197630000000000,666109214263746000000000,0,0,0,0,3008821709011,0,0
  CONTRACT_CASE,100000,4,0,0,5,85,10,100,0,43200,1,60,1432959382413695191861,6794953676243980070050,0,3439395448156518196077,664436474905737986533722,661332920197630000000000,666121164562485000000000,0,0,0,0,3008821709012,0,0
  CONTRACT_CASE,100000,4,0,0,6,85,10,100,0,1209600,1,60,1834051926818716099846,8470875454715471667318,0,4833925510776539104062,664436474905737986533722,661332920197630000000000,666803665371492000000000,0,0,0,0,3018821707812,0,0
  CONTRACT_CASE,100000,4,0,0,7,85,10,100,0,172800,3,60,1484317762105906612132,7034893793963975725721,0,3633621251474729616348,664436474905737986533722,661332920197630000000000,666218246411457000000000,0,0,0,0,3008821709011,0,0
  CONTRACT_CASE,100000,4,0,0,8,85,10,100,0,172800,7,60,1484317762105906612132,7034893793963975725721,0,3633621251474729616348,664436474905737986533722,661332920197630000000000,666218246411457000000000,0,0,0,0,3008821709011,0,0
  CONTRACT_CASE,100000,4,0,0,9,85,10,100,0,172800,1,60,1484317762105906612132,7034893793963975725721,0,3633621251474729616348,664436474905737986533722,661332920197630000000000,666218246411457000000000,0,0,0,0,3008821709011,0,0
  CONTRACT_CASE,100000,4,0,0,10,85,10,10,0,172800,1,60,1483221046884664256349,6827840391603202372321,0,3637614777165329046048,645164447637079078631459,683279915532220000000000,687497115276423000000000,0,0,3,1,3011022693062,0,0
  CONTRACT_CASE,100000,4,0,0,11,85,10,25,0,172800,1,60,1484317762105906612132,7034893793963975725721,0,3633621251474729616348,664436474905737986533722,661332920197630000000000,666218246411457000000000,0,0,0,0,3008821709011,0,0
  CONTRACT_CASE,100000,4,0,0,12,85,10,50,0,172800,1,60,1484317762105906612132,7034893793963975725721,0,3633621251474729616348,664436474905737986533722,661332920197630000000000,666218246411457000000000,0,0,0,0,3008821709011,0,0
  CONTRACT_CASE,100000,4,0,0,13,85,10,100,0,172800,1,60,1484317762105906612132,7034893793963975725721,0,3633621251474729616348,664436474905737986533722,661332920197630000000000,666218246411457000000000,0,0,0,0,3008821709011,0,0
  CONTRACT_CASE,100000,4,0,0,14,85,10,100,1,172800,1,60,1482298391507061868485,7130581566050363162147,301203482559197682186,3443117922495795477534,659900002445470677646790,690830665861710000000000,695698949235420000000000,0,0,0,0,3004930010165,0,0
  CONTRACT_CASE,100000,4,0,0,15,85,10,100,2,172800,1,60,1481200740029733005133,7134293515901479791516,500000000000000000000,3246542281603804245300,660926895164873827389140,692117734118050000000000,696986418125772000000000,0,0,0,0,3007069951042,0,0
  CONTRACT_CASE,100000,4,0,0,16,85,10,100,3,172800,1,60,1482668204022757624876,7156055899715116466070,500000000000000000000,3256469300265662938112,667024993159148255993149,687663487242320000000000,692545468299993000000000,0,0,0,0,3012904008216,0,0
  CONTRACT_CASE,100000,4,0,0,17,85,10,100,0,172800,1,1,851565770997197187743,4128238173650519441941,0,2713243233359196894675,476056521698650608968856,489948340686430000000000,492214621858812000000000,0,0,0,0,3009998464121,0,0
  CONTRACT_CASE,100000,4,0,0,18,85,10,100,0,172800,1,3,860281726066688861092,4196746779210569889237,0,2664139798138688568024,476171347947128784011844,485046639985670000000000,487439247876948000000000,0,0,0,0,3009998464120,0,0
  CONTRACT_CASE,100000,4,0,0,19,85,10,100,0,172800,1,7,877759786685463371964,4287065305023306195367,0,2610828388730463078896,476401083542085172645858,486137756227640000000000,488691464919435000000000,0,0,0,0,3009998464120,0,0

[PASS] test_campaignSensitivity1m() (gas: 32264732400)
Logs:
  CONTRACT_CASE,1000000,0,0,0,1,0,10,100,0,172800,1,60,7347441126034093212366,38134785284744073864972,0,375000053010000000000,4881880763220638429634765,4893494465280320000000000,4898553538774230000000000,0,0,0,0,3779509423775380225142,8519334149150680998890,0
  CONTRACT_CASE,1000000,0,0,0,2,50,10,100,0,172800,1,60,7347441126034093212366,38134785284744073864972,0,375000053010000000000,4881880763220638429634765,4893494465280320000000000,4898553538774230000000000,0,0,0,0,3779509423775380225142,8519334149150680998890,0
  CONTRACT_CASE,1000000,0,0,0,3,100,10,100,0,172800,1,60,7347441126034093212366,38134785284744073864972,0,375000053010000000000,4881880763220638429634765,4893494465280320000000000,4898553538774230000000000,0,0,0,0,3779509423775380225142,8519334149150680998890,0
  CONTRACT_CASE,1000000,0,0,0,4,85,10,100,0,0,1,60,7159147750616762119844,37138549055685264321165,0,375000053010000000000,4880703523008880609122997,4887646017280340000000000,4895147202406344000000000,0,0,0,0,3911158342754743058409,7825605695973910555889,0
  CONTRACT_CASE,1000000,0,0,0,5,85,10,100,0,43200,1,60,7182767841741778989457,37260563068458635505755,0,375000053010000000000,4880703523008880609122997,4887646017280340000000000,4895516545418619000000000,0,0,0,0,4004276835457718253610,7801473394657023828938,0
  CONTRACT_CASE,1000000,0,0,0,6,85,10,100,0,1209600,1,60,8477648561881313838319,44235611864923384722975,0,375000053010000000000,4888950169919609922137000,4860693024258910000000000,4851056444218425000000000,0,0,0,0,3333747053954969154726,12570792533330817120371,0
  CONTRACT_CASE,1000000,0,0,0,7,85,10,100,0,172800,3,60,7347441126034093212366,38134785284744073864972,0,375000053010000000000,4881880763220638429634765,4893494465280320000000000,4898553538774230000000000,0,0,0,0,3779509423775380225142,8519334149150680998890,0
  CONTRACT_CASE,1000000,0,0,0,8,85,10,100,0,172800,7,60,7347441126034093212366,38134785284744073864972,0,375000053010000000000,4881880763220638429634765,4893494465280320000000000,4898553538774230000000000,0,0,0,0,3779509423775380225142,8519334149150680998890,0
  CONTRACT_CASE,1000000,0,0,0,9,85,10,100,0,172800,1,60,7347441126034093212366,38134785284744073864972,0,375000053010000000000,4881880763220638429634765,4893494465280320000000000,4898553538774230000000000,0,0,0,0,3779509423775380225142,8519334149150680998890,0
  CONTRACT_CASE,1000000,0,0,0,10,85,10,10,0,172800,1,60,7309245901749742715668,37146437944938518849814,0,505090167618649969854,4815435334174401391656714,6427767560532890000000000,6463427932250919000000000,0,0,71,76,5386164012648409948,236919629245914955388,0
  CONTRACT_CASE,1000000,0,0,0,11,85,10,25,0,172800,1,60,7319525796326570405950,37631036507993201058976,0,375000053010000000000,4853724691855094950361695,5757218802559210000000000,5779160719218117000000000,0,0,27,29,3034201699818334594345,3717926854145584700864,0
  CONTRACT_CASE,1000000,0,0,0,12,85,10,50,0,172800,1,60,7345030921163486910962,38098140758970770435022,0,375000053010000000000,4881880763220638429634765,5176583462936390000000000,5183436613495266000000000,0,0,0,0,3772660945781439608583,7788792261943426982193,0
  CONTRACT_CASE,1000000,0,0,0,13,85,10,100,0,172800,1,60,7347441126034093212366,38134785284744073864972,0,375000053010000000000,4881880763220638429634765,4893494465280320000000000,4898553538774230000000000,0,0,0,0,3779509423775380225142,8519334149150680998890,0
  CONTRACT_CASE,1000000,0,0,0,14,85,10,100,1,172800,1,60,7330707175907026314666,38134785284744073864972,2808724027957796004483,375000053010000000000,4879061180000100946923340,4893494465280320000000000,4889342960931870000000000,0,0,0,0,5105430596888497066913,10028090568270680998890,0
  CONTRACT_CASE,1000000,0,0,0,15,85,10,100,2,172800,1,60,7317651887304695265368,38134785284744073864972,5000000000000000000000,375000053010000000000,4876861432035958846942801,4893494465280320000000000,4884124498794693000000000,0,0,0,0,6459647369764798930709,10883428607970680998890,0
  CONTRACT_CASE,1000000,0,0,0,16,85,10,100,3,172800,1,60,7346836240376254096015,38283976512074112209331,5000000000000000000000,375000053010000000000,4907963453863795716183572,4924755103089870000000000,4915158755481684000000000,0,0,0,0,6412557418367219341493,10953034054707619719093,0
  CONTRACT_CASE,1000000,0,0,0,17,85,10,100,0,172800,1,1,4602037658743221280773,23152994307343674625212,0,2456248171360365242024,4760562440477855659484022,4840687034715340000000000,4836116195765082000000000,0,0,0,0,48653544428617398804,5795075632779565543190,0
  CONTRACT_CASE,1000000,0,0,0,18,85,10,100,0,172800,1,3,4691944338456566551554,23965462834548232206715,0,2179733590067176957556,4761710702302029647826413,4816132373314040000000000,4811124938179941000000000,0,0,0,0,81410118131083843510,6043708174906976747545,0
  CONTRACT_CASE,1000000,0,0,0,19,85,10,100,0,172800,1,7,4872220146195955724035,24834478328305204641629,0,1626609455179272087429,4764008056911708985094094,4815751510415010000000000,4812955567544115000000000,0,0,0,0,93182694497789800902,5961285025171105738512,0
  CONTRACT_CASE,1000000,1,0,0,1,0,10,100,0,172800,1,60,9330245001283505025316,48254580762684418962521,0,375000053010000000000,7168167706487524843490163,7193891059177890000000000,7202559820200210000000000,0,0,0,0,3369893658371034869149,10077177557085731028737,0
  CONTRACT_CASE,1000000,1,0,0,2,50,10,100,0,172800,1,60,9330245001283505025316,48254580762684418962521,0,375000053010000000000,7168167706487524843490163,7193891059177890000000000,7202559820200210000000000,0,0,0,0,3369893658371034869149,10077177557085731028737,0
  CONTRACT_CASE,1000000,1,0,0,3,100,10,100,0,172800,1,60,9330245001283505025316,48254580762684418962521,0,375000053010000000000,7168167706487524843490163,7193891059177890000000000,7202559820200210000000000,0,0,0,0,3369893658371034869149,10077177557085731028737,0
  CONTRACT_CASE,1000000,1,0,0,4,85,10,100,0,0,1,60,9052848891397976295394,46792607848316347557432,0,375000053010000000000,7166439140043977816581800,7185430087235360000000000,7197875423717778000000000,0,0,0,0,3591319247248434166083,9031500779275384700106,0
  CONTRACT_CASE,1000000,1,0,0,5,85,10,100,0,43200,1,60,9087645969316429305555,46971647423649643718252,0,375000053010000000000,7166439140043977816581800,7185430087235360000000000,7196891567093244000000000,0,0,0,0,3480461242435013514169,9244976638010288421741,0
  CONTRACT_CASE,1000000,1,0,0,6,85,10,100,0,1209600,1,60,10995277736746031597260,57207918143726644321515,0,375000053010000000000,7178547864312224210413614,7146135948114230000000000,7131819787105149000000000,0,0,0,0,2462562091084284895135,16270644047182185691879,0
  CONTRACT_CASE,1000000,1,0,0,7,85,10,100,0,172800,3,60,9330245001283505025316,48254580762684418962521,0,375000053010000000000,7168167706487524843490163,7193891059177890000000000,7202559820200210000000000,0,0,0,0,3369893658371034869149,10077177557085731028737,0
  CONTRACT_CASE,1000000,1,0,0,8,85,10,100,0,172800,7,60,9330245001283505025316,48254580762684418962521,0,375000053010000000000,7168167706487524843490163,7193891059177890000000000,7202559820200210000000000,0,0,0,0,3369893658371034869149,10077177557085731028737,0
  CONTRACT_CASE,1000000,1,0,0,9,85,10,100,0,172800,1,60,9330245001283505025316,48254580762684418962521,0,375000053010000000000,7168167706487524843490163,7193891059177890000000000,7202559820200210000000000,0,0,0,0,3369893658371034869149,10077177557085731028737,0
  CONTRACT_CASE,1000000,1,0,0,10,85,10,10,0,172800,1,60,9299848567490916701650,47245627804582478984820,0,566948693249349710677,6923442305238648492946972,8499680531824280000000000,8545734871661178000000000,0,0,54,57,140074454514046317328,216105014167464117380,0
  CONTRACT_CASE,1000000,1,0,0,11,85,10,25,0,172800,1,60,9301725366492397055838,47916956734669995122818,0,375000053010000000000,7160455106115032229828820,7835960148201460000000000,7862017348885878000000000,0,0,14,15,3362576875330830350476,5333696966795761944120,0
  CONTRACT_CASE,1000000,1,0,0,12,85,10,50,0,172800,1,60,9329924999621990623100,48246853174329242789943,0,375000053010000000000,7168167706487524843490163,7269441983408420000000000,7277848657081128000000000,0,0,0,0,3250684858714629662065,9987337115607078758514,0
  CONTRACT_CASE,1000000,1,0,0,13,85,10,100,0,172800,1,60,9330245001283505025316,48254580762684418962521,0,375000053010000000000,7168167706487524843490163,7193891059177890000000000,7202559820200210000000000,0,0,0,0,3369893658371034869149,10077177557085731028737,0
  CONTRACT_CASE,1000000,1,0,0,14,85,10,100,1,172800,1,60,9307925947197087990949,48236885878938588746818,3012033109186761041428,375000053010000000000,7117832504098843119017449,7144977654586080000000000,7145205777809055000000000,0,0,0,0,5104957934927823529946,11468763008819363458041,0
  CONTRACT_CASE,1000000,1,0,0,15,85,10,100,2,172800,1,60,9306023679129755181890,48287599252549753218682,5000000000000000000000,375000053010000000000,7128177661044403484598094,7157391475231390000000000,7151627546669997000000000,0,0,0,0,6123418159830395297925,12460087494992616407987,0
  CONTRACT_CASE,1000000,1,0,0,16,85,10,100,3,172800,1,60,9329640115656534004682,48403771989036439497126,5000000000000000000000,375000053010000000000,7194250397193566651459958,7225151692949970000000000,7218837226317393000000000,0,0,0,0,5952432024861005889783,12561715241958365687705,0
  CONTRACT_CASE,1000000,1,0,0,17,85,10,100,0,172800,1,1,4602037658743221280773,23152994307343674625212,0,2456248171360365242024,4760562440477855659484022,4840687034715340000000000,4836116195765082000000000,0,0,0,0,48653544428617398804,5795075632779565543190,0
  CONTRACT_CASE,1000000,1,0,0,18,85,10,100,0,172800,1,3,4691944338456566551554,23965462834548232206715,0,2179733590067176957556,4761710702302029647826413,4816132373314040000000000,4811124938179941000000000,0,0,0,0,81410118131083843510,6043708174906976747545,0
  CONTRACT_CASE,1000000,1,0,0,19,85,10,100,0,172800,1,7,4872220146195955724035,24834478328305204641629,0,1626609455179272087429,4764008056911708985094094,4815751510415010000000000,4812955567544115000000000,0,0,0,0,93182694497789800902,5961285025171105738512,0
  CONTRACT_CASE,1000000,2,0,0,1,0,10,100,0,172800,1,60,15251028746266362469738,42292434682366921434504,0,49429349330965354303475,4657689028634464975342464,4758840566901800000000000,4766954673871728000000000,0,0,0,0,4000000000000,0,0
  CONTRACT_CASE,1000000,2,0,0,2,50,10,100,0,172800,1,60,15251028746266362469738,42292434682366921434504,0,49429349330965354303475,4657689028634464975342464,4758840566901800000000000,4766954673871728000000000,0,0,0,0,4000000000000,0,0
  CONTRACT_CASE,1000000,2,0,0,3,100,10,100,0,172800,1,60,15251028746266362469738,42292434682366921434504,0,49429349330965354303475,4657689028634464975342464,4758840566901800000000000,4766954673871728000000000,0,0,0,0,4000000000000,0,0
  CONTRACT_CASE,1000000,2,0,0,4,85,10,100,0,0,1,60,14947519947347143488181,42290861666451522569263,0,49133218758161149959536,4657689028634464975342464,4758840566901800000000000,4766945722632927000000000,0,0,0,0,4000000000000,0,0
  CONTRACT_CASE,1000000,2,0,0,5,85,10,100,0,43200,1,60,14989293678359462344699,42290867984947800691638,0,49174637540238475169777,4657689028634464975342464,4758840566901800000000000,4766946083900298000000000,0,0,0,0,4000000000000,0,0
  CONTRACT_CASE,1000000,2,0,0,6,85,10,100,0,1209600,1,60,17073957654567494609439,42301894178584052653777,0,51207995754054294612983,4657689028634464975342464,4758840566901800000000000,4767008415898905000000000,0,0,0,0,4000000000000,0,0
  CONTRACT_CASE,1000000,2,0,0,7,85,10,100,0,172800,3,60,15251028746266362469738,42292434682366921434504,0,49429349330965354303475,4657689028634464975342464,4758840566901800000000000,4766954673871728000000000,0,0,0,0,4000000000000,0,0
  CONTRACT_CASE,1000000,2,0,0,8,85,10,100,0,172800,7,60,15251028746266362469738,42292434682366921434504,0,49429349330965354303475,4657689028634464975342464,4758840566901800000000000,4766954673871728000000000,0,0,0,0,4000000000000,0,0
  CONTRACT_CASE,1000000,2,0,0,9,85,10,100,0,172800,1,60,15251028746266362469738,42292434682366921434504,0,49429349330965354303475,4657689028634464975342464,4758840566901800000000000,4766954673871728000000000,0,0,0,0,4000000000000,0,0
  CONTRACT_CASE,1000000,2,0,0,10,85,10,10,0,172800,1,60,15251028746266362469738,42292434682366921434504,0,49429349330965354303475,4657689028634464975342464,4758840566901800000000000,4766954673871728000000000,0,0,0,0,4000000000000,0,0
  CONTRACT_CASE,1000000,2,0,0,11,85,10,25,0,172800,1,60,15251028746266362469738,42292434682366921434504,0,49429349330965354303475,4657689028634464975342464,4758840566901800000000000,4766954673871728000000000,0,0,0,0,4000000000000,0,0
  CONTRACT_CASE,1000000,2,0,0,12,85,10,50,0,172800,1,60,15251028746266362469738,42292434682366921434504,0,49429349330965354303475,4657689028634464975342464,4758840566901800000000000,4766954673871728000000000,0,0,0,0,4000000000000,0,0
  CONTRACT_CASE,1000000,2,0,0,13,85,10,100,0,172800,1,60,15251028746266362469738,42292434682366921434504,0,49429349330965354303475,4657689028634464975342464,4758840566901800000000000,4766954673871728000000000,0,0,0,0,4000000000000,0,0
  CONTRACT_CASE,1000000,2,0,0,14,85,10,100,1,172800,1,60,15246709902081039605289,42273517747642195944926,723984556057825002390,48690597505897170729227,4657689028634464975342464,4758840566901800000000000,4766946205754322000000000,0,0,0,0,4000000000000,0,0
  CONTRACT_CASE,1000000,2,0,0,15,85,10,100,2,172800,1,60,15234603776984213798107,43117515696034379580579,5000000000000000000000,44873321415928940720308,4657689028634464975342464,4758840566901800000000000,4767319356666885000000000,0,0,0,0,4000000000000,0,0
  CONTRACT_CASE,1000000,2,0,0,16,85,10,100,3,172800,1,60,15225853655259741021468,41994935569115380447282,5000000000000000000000,44233835411797665821849,4657689028634464975342464,4758840566901800000000000,4766827517080803000000000,0,0,0,0,4000000000000,0,0
  CONTRACT_CASE,1000000,2,0,0,17,85,10,100,0,172800,1,1,12712692991124160503254,58455081970308337225543,0,57407004845172160474960,4763535761159130916376169,4758840566901800000000000,4772601076431114000000000,0,0,0,0,3009999847423,0,0
  CONTRACT_CASE,1000000,2,0,0,18,85,10,100,0,172800,1,3,12953587393733536689497,59123033399154721207438,0,58025303238605536661203,4657689028634464975342464,4758840566901800000000000,4772891614710006000000000,0,0,0,0,3009999847423,0,0
  CONTRACT_CASE,1000000,2,0,0,19,85,10,100,0,172800,1,7,13144917958345126550501,60098325082849438312116,0,58774077222102298543718,4657689028634464975342464,4758840566901800000000000,4773309478688745000000000,0,0,0,0,3011171868464,0,0
  CONTRACT_CASE,1000000,3,0,0,1,0,10,100,0,172800,1,60,8849791277996073779605,41650522772477041043356,0,20570968389606455306493,4768040051554949953831076,4758840566901800000000000,4788769727180529000000000,0,0,0,0,3016381403133,0,0
  CONTRACT_CASE,1000000,3,0,0,2,50,10,100,0,172800,1,60,8849791277996073779605,41650522772477041043356,0,20570968389606455306493,4768040051554949953831076,4758840566901800000000000,4788769727180529000000000,0,0,0,0,3016381403133,0,0
  CONTRACT_CASE,1000000,3,0,0,3,100,10,100,0,172800,1,60,8849791277996073779605,41650522772477041043356,0,20570968389606455306493,4768040051554949953831076,4758840566901800000000000,4788769727180529000000000,0,0,0,0,3016381403133,0,0
  CONTRACT_CASE,1000000,3,0,0,4,85,10,100,0,0,1,60,8633576216332860863247,40700289030394222667358,0,20278945288634242390135,4768040051554949953831076,4758840566901800000000000,4787895303127881000000000,0,0,0,0,3006381403254,0,0
  CONTRACT_CASE,1000000,3,0,0,5,85,10,100,0,43200,1,60,8678784719731741506429,40899995479493288720500,0,20413256541620123033317,4768040051554949953831076,4758840566901800000000000,4788005904978318000000000,0,0,0,0,3006381403253,0,0
  CONTRACT_CASE,1000000,3,0,0,6,85,10,100,0,1209600,1,60,10591171441338584023608,49363679862321950860395,0,24826835834216965550496,4768040051554949953831076,4758840566901800000000000,4793968396453383000000000,0,0,0,0,3006381403254,0,0
  CONTRACT_CASE,1000000,3,0,0,7,85,10,100,0,172800,3,60,8849791277996073779605,41650522772477041043356,0,20570968389606455306493,4768040051554949953831076,4758840566901800000000000,4788769727180529000000000,0,0,0,0,3016381403133,0,0
  CONTRACT_CASE,1000000,3,0,0,8,85,10,100,0,172800,7,60,8849791277996073779605,41650522772477041043356,0,20570968389606455306493,4768040051554949953831076,4758840566901800000000000,4788769727180529000000000,0,0,0,0,3016381403133,0,0
  CONTRACT_CASE,1000000,3,0,0,9,85,10,100,0,172800,1,60,8849791277996073779605,41650522772477041043356,0,20570968389606455306493,4768040051554949953831076,4758840566901800000000000,4788769727180529000000000,0,0,0,0,3016381403133,0,0
  CONTRACT_CASE,1000000,3,0,0,10,85,10,10,0,172800,1,60,8849791277996073779605,41650522772477041043356,0,20570968389606455306493,4768040051554949953831076,4758840566901800000000000,4788769727180529000000000,0,0,0,0,3016381403133,0,0
  CONTRACT_CASE,1000000,3,0,0,11,85,10,25,0,172800,1,60,8849791277996073779605,41650522772477041043356,0,20570968389606455306493,4768040051554949953831076,4758840566901800000000000,4788769727180529000000000,0,0,0,0,3016381403133,0,0
  CONTRACT_CASE,1000000,3,0,0,12,85,10,50,0,172800,1,60,8849791277996073779605,41650522772477041043356,0,20570968389606455306493,4768040051554949953831076,4758840566901800000000000,4788769727180529000000000,0,0,0,0,3016381403133,0,0
  CONTRACT_CASE,1000000,3,0,0,13,85,10,100,0,172800,1,60,8849791277996073779605,41650522772477041043356,0,20570968389606455306493,4768040051554949953831076,4758840566901800000000000,4788769727180529000000000,0,0,0,0,3016381403133,0,0
  CONTRACT_CASE,1000000,3,0,0,14,85,10,100,1,172800,1,60,8843402752070829679509,41650522772477041043356,498357332098789095288,20066222531582422111109,4768040051554949953831076,4758840566901800000000000,4788769727180529000000000,0,0,0,0,3016381403134,0,0
  CONTRACT_CASE,1000000,3,0,0,15,85,10,100,2,172800,1,60,8785695442400163392039,41650522772477041043356,5000000000000000000000,15506872554010544918927,4768040051554949953831076,4758840566901800000000000,4788769727180529000000000,0,0,0,0,3016381403133,0,0
  CONTRACT_CASE,1000000,3,0,0,16,85,10,100,3,172800,1,60,8834978413437892098901,41647156168010012677683,5000000000000000000000,15516916340145273625789,4768040051554949953831076,4758840566901800000000000,4788805597749054000000000,0,0,0,0,3006381403253,0,0
  CONTRACT_CASE,1000000,3,0,0,17,85,10,100,0,172800,1,1,7067414532263413852558,34268970597466748086600,0,17332614664671413824264,4759818477831045390924344,4758840566901800000000000,4782844047192129000000000,0,0,0,0,3009999847423,0,0
  CONTRACT_CASE,1000000,3,0,0,18,85,10,100,0,172800,1,3,7113253997077591559356,34454121604253274975288,0,16924730780357591531062,4760470530088297191292140,4758840566901800000000000,4783482929666133000000000,0,0,0,0,3009999847423,0,0
  CONTRACT_CASE,1000000,3,0,0,19,85,10,100,0,172800,1,7,7410181630509434164593,36114342975369685614883,0,17416862005093434136299,4761774902592916247024916,4758840566901800000000000,4784947945144173000000000,0,0,0,0,3009999847423,0,0
  CONTRACT_CASE,1000000,4,0,0,1,0,10,100,0,172800,1,60,14843167270587902000323,70348901012385329946748,0,36336191543013767558803,6644361139468246435892824,6613325609039520000000000,6662181218416515000000000,0,0,0,0,3013865427684,0,0
  CONTRACT_CASE,1000000,4,0,0,2,50,10,100,0,172800,1,60,14843167270587902000323,70348901012385329946748,0,36336191543013767558803,6644361139468246435892824,6613325609039520000000000,6662181218416515000000000,0,0,0,0,3013865427684,0,0
  CONTRACT_CASE,1000000,4,0,0,3,100,10,100,0,172800,1,60,14843167270587902000323,70348901012385329946748,0,36336191543013767558803,6644361139468246435892824,6613325609039520000000000,6662181218416515000000000,0,0,0,0,3013865427684,0,0
  CONTRACT_CASE,1000000,4,0,0,4,85,10,100,0,0,1,60,14259363356283955425954,67653321451399009440134,0,34147057498293820984434,6644361139468246435892824,6613325609039520000000000,6661090964953323000000000,0,0,0,0,3013865427684,0,0
  CONTRACT_CASE,1000000,4,0,0,5,85,10,100,0,43200,1,60,14329583717037778106707,67949501117523153801517,0,34393934600007643665187,6644361139468246435892824,6613325609039520000000000,6661210499497125000000000,0,0,0,0,3013865427685,0,0
  CONTRACT_CASE,1000000,4,0,0,6,85,10,100,0,1209600,1,60,18340507000672508814648,84708710134502688067159,0,48339227767371374373128,6644361139468246435892824,6613325609039520000000000,6668035337802150000000000,0,0,0,0,3013865427685,0,0
  CONTRACT_CASE,1000000,4,0,0,7,85,10,100,0,172800,3,60,14843167270587902000323,70348901012385329946748,0,36336191543013767558803,6644361139468246435892824,6613325609039520000000000,6662181218416515000000000,0,0,0,0,3013865427684,0,0
  CONTRACT_CASE,1000000,4,0,0,8,85,10,100,0,172800,7,60,14843167270587902000323,70348901012385329946748,0,36336191543013767558803,6644361139468246435892824,6613325609039520000000000,6662181218416515000000000,0,0,0,0,3013865427684,0,0
  CONTRACT_CASE,1000000,4,0,0,9,85,10,100,0,172800,1,60,14843167270587902000323,70348901012385329946748,0,36336191543013767558803,6644361139468246435892824,6613325609039520000000000,6662181218416515000000000,0,0,0,0,3013865427684,0,0
  CONTRACT_CASE,1000000,4,0,0,10,85,10,10,0,172800,1,60,14832200150110820985262,68278367849273338824401,0,36376128648976847654649,6451640969176856451031666,6832795435340350000000000,6874969733812602000000000,0,0,3,1,3009175073301,0,0
  CONTRACT_CASE,1000000,4,0,0,11,85,10,25,0,172800,1,60,14843167270587902000323,70348901012385329946748,0,36336191543013767558803,6644361139468246435892824,6613325609039520000000000,6662181218416515000000000,0,0,0,0,3013865427684,0,0
  CONTRACT_CASE,1000000,4,0,0,12,85,10,50,0,172800,1,60,14843167270587902000323,70348901012385329946748,0,36336191543013767558803,6644361139468246435892824,6613325609039520000000000,6662181218416515000000000,0,0,0,0,3013865427684,0,0
  CONTRACT_CASE,1000000,4,0,0,13,85,10,100,0,172800,1,60,14843167270587902000323,70348901012385329946748,0,36336191543013767558803,6644361139468246435892824,6613325609039520000000000,6662181218416515000000000,0,0,0,0,3013865427684,0,0
  CONTRACT_CASE,1000000,4,0,0,14,85,10,100,1,172800,1,60,14822973567700726228566,71305777752229970433553,3012033109186761041428,34431158938515375526657,6598996424057315206261407,6908302890357210000000000,6956988174273600000000000,0,0,0,0,3006410209861,0,0
  CONTRACT_CASE,1000000,4,0,0,15,85,10,100,2,172800,1,60,14811997037643323579741,71342897270783731099943,5000000000000000000000,32465400712773151103158,6609265360169393070265232,6921173583983670000000000,6969862803953403000000000,0,0,0,0,3010827393806,0,0
  CONTRACT_CASE,1000000,4,0,0,16,85,10,100,3,172800,1,60,14826671667520144519683,71560519335034304731043,5000000000000000000000,32564669860782234448707,6670246322356024269934952,6876631107731200000000000,6925453351296966000000000,0,0,0,0,3011089800592,0,0
  CONTRACT_CASE,1000000,4,0,0,17,85,10,100,0,172800,1,1,8515648148344150201758,41282340298628598957123,0,27132401459036150173464,4760562440477855659484022,4899479179871600000000000,4922144486860581000000000,0,0,0,0,3009999847423,0,0
  CONTRACT_CASE,1000000,4,0,0,18,85,10,100,0,172800,1,3,8602807699163638849388,41967429276365960763762,0,26641367620308638821094,4761710702302029647826413,4850462359202000000000000,4874390941690098000000000,0,0,0,0,3009999847423,0,0
  CONTRACT_CASE,1000000,4,0,0,19,85,10,100,0,172800,1,7,8777588305580433506676,42870613986548183696385,0,26108254086585433478382,4764008056911708985094094,4861373513805230000000000,4886913181172841000000000,0,0,0,0,3009999847423,0,0

Suite result: ok. 8 passed; 0 failed; 0 skipped; finished in 105.48s (416.71s CPU time)

Ran 1 test suite in 105.76s (105.48s CPU time): 8 tests passed, 0 failed, 0 skipped (8 total tests)
