Missing dependencies found. Installing now...

Warning: Your project has missing dependencies that could not be installed.
Compiling 87 files with Solc 0.8.22
Solc 0.8.22 finished in 32.98s
Compiler run successful with warnings:
Warning (2018): Function state mutability can be restricted to pure
  --> test/mocks/MockYieldSource.sol:89:5:
   |
89 |     function harvest() external returns (uint256 surplus) {
   |     ^ (Relevant source part starts here and spans across multiple lines).

note[screaming-snake-case-immutable]: immutables should use SCREAMING_SNAKE_CASE
  --> test/mocks/MockSwapper.sol:17:31
   |
17 |     MockPool public immutable pool;
   |                               ^^^^ help: consider using: `POOL`
   |
   = help: https://book.getfoundry.sh/reference/forge/forge-lint#screaming-snake-case-immutable

warning[erc20-unchecked-transfer]: ERC20 'transfer' and 'transferFrom' calls should check the return value
  --> test/mocks/MockFeeAttack.sol:30:9
   |
30 |         IERC20(tokenIn).transferFrom(msg.sender, address(this), amountIn * spendBps / 10_000);
   |         ^^^^^^^^^^^^^^^^^^^^^^^^^^^^^^^^^^^^^^^^^^^^^^^^^^^^^^^^^^^^^^^^^^^^^^^^^^^^^^^^^^^^^
   |
   = help: https://book.getfoundry.sh/reference/forge/forge-lint#erc20-unchecked-transfer

note[screaming-snake-case-immutable]: immutables should use SCREAMING_SNAKE_CASE
  --> src/PropellerDiscount.sol:25:56
   |
25 |     IHollarDiscountDebtToken public immutable override debtToken;
   |                                                        ^^^^^^^^^ help: consider using: `DEBT_TOKEN`
   |
   = help: https://book.getfoundry.sh/reference/forge/forge-lint#screaming-snake-case-immutable

note[screaming-snake-case-immutable]: immutables should use SCREAMING_SNAKE_CASE
  --> src/PropellerDiscount.sol:26:39
   |
26 |     address public immutable override synthetic;
   |                                       ^^^^^^^^^ help: consider using: `SYNTHETIC`
   |
   = help: https://book.getfoundry.sh/reference/forge/forge-lint#screaming-snake-case-immutable

note[screaming-snake-case-immutable]: immutables should use SCREAMING_SNAKE_CASE
  --> src/PropellerDiscount.sol:27:39
   |
27 |     ISyntheticAToken public immutable aSynthetic;
   |                                       ^^^^^^^^^^ help: consider using: `A_SYNTHETIC`
   |
   = help: https://book.getfoundry.sh/reference/forge/forge-lint#screaming-snake-case-immutable

note[screaming-snake-case-immutable]: immutables should use SCREAMING_SNAKE_CASE
  --> src/PropellerDiscount.sol:28:30
   |
28 |     address public immutable pool;
   |                              ^^^^ help: consider using: `POOL`
   |
   = help: https://book.getfoundry.sh/reference/forge/forge-lint#screaming-snake-case-immutable

note[screaming-snake-case-immutable]: immutables should use SCREAMING_SNAKE_CASE
 --> test/mocks/MockERC20.sol:8:29
  |
8 |     uint8 private immutable _dec;
  |                             ^^^^ help: consider using: `_DEC`
  |
  = help: https://book.getfoundry.sh/reference/forge/forge-lint#screaming-snake-case-immutable

note[screaming-snake-case-immutable]: immutables should use SCREAMING_SNAKE_CASE
  --> test/mocks/MockDiscount.sol:69:30
   |
69 |     address public immutable pool;
   |                              ^^^^ help: consider using: `POOL`
   |
   = help: https://book.getfoundry.sh/reference/forge/forge-lint#screaming-snake-case-immutable

note[screaming-snake-case-immutable]: immutables should use SCREAMING_SNAKE_CASE
  --> test/mocks/MockDiscount.sol:70:30
   |
70 |     address public immutable synthetic;
   |                              ^^^^^^^^^ help: consider using: `SYNTHETIC`
   |
   = help: https://book.getfoundry.sh/reference/forge/forge-lint#screaming-snake-case-immutable

note[screaming-snake-case-immutable]: immutables should use SCREAMING_SNAKE_CASE
  --> test/mocks/MockDiscount.sol:71:30
   |
71 |     address public immutable hollarDebtToken;
   |                              ^^^^^^^^^^^^^^^ help: consider using: `HOLLAR_DEBT_TOKEN`
   |
   = help: https://book.getfoundry.sh/reference/forge/forge-lint#screaming-snake-case-immutable

note[screaming-snake-case-immutable]: immutables should use SCREAMING_SNAKE_CASE
  --> test/mocks/MockYieldSource.sol:18:29
   |
18 |     IERC20 public immutable hollar;
   |                             ^^^^^^ help: consider using: `HOLLAR`
   |
   = help: https://book.getfoundry.sh/reference/forge/forge-lint#screaming-snake-case-immutable

note[named-struct-fields]: prefer initializing structs with named fields
  --> test/mocks/MockPool.sol:90:27
   |
90 |         reserves[asset] = Reserve(MockERC20(aToken), MockERC20(debtToken), ltBps, ltvBps, dec, priceWad, true);
   |                           ^^^^^^^^^^^^^^^^^^^^^^^^^^^^^^^^^^^^^^^^^^^^^^^^^^^^^^^^^^^^^^^^^^^^^^^^^^^^^^^^^^^^ help: consider using named fields: `Reserve({ aToken: MockERC20(aToken), debtToken: MockERC20(debtToken), ltBps: ltBps, ltvBps: ltvBps, decimals: dec, priceWad: priceWad, exists: true })`
   |
   = help: https://book.getfoundry.sh/reference/forge/forge-lint#named-struct-fields

note[screaming-snake-case-immutable]: immutables should use SCREAMING_SNAKE_CASE
  --> src/PropellerMainDebt.sol:37:39
   |
37 |     address public immutable override vault;
   |                                       ^^^^^ help: consider using: `VAULT`
   |
   = help: https://book.getfoundry.sh/reference/forge/forge-lint#screaming-snake-case-immutable

note[screaming-snake-case-immutable]: immutables should use SCREAMING_SNAKE_CASE
  --> src/PropellerMainDebt.sol:38:29
   |
38 |     IERC20 public immutable hollar;
   |                             ^^^^^^ help: consider using: `HOLLAR`
   |
   = help: https://book.getfoundry.sh/reference/forge/forge-lint#screaming-snake-case-immutable

note[screaming-snake-case-immutable]: immutables should use SCREAMING_SNAKE_CASE
  --> src/PropellerMainDebt.sol:39:29
   |
39 |     IERC20 public immutable debtToken;
   |                             ^^^^^^^^^ help: consider using: `DEBT_TOKEN`
   |
   = help: https://book.getfoundry.sh/reference/forge/forge-lint#screaming-snake-case-immutable

note[screaming-snake-case-immutable]: immutables should use SCREAMING_SNAKE_CASE
  --> src/PropellerMainDebt.sol:40:32
   |
40 |     IAavePool public immutable pool;
   |                                ^^^^ help: consider using: `POOL`
   |
   = help: https://book.getfoundry.sh/reference/forge/forge-lint#screaming-snake-case-immutable

note[screaming-snake-case-immutable]: immutables should use SCREAMING_SNAKE_CASE
  --> src/Harvester.sol:27:31
   |
27 |     ISubLoop public immutable subLoop;
   |                               ^^^^^^^ help: consider using: `SUB_LOOP`
   |
   = help: https://book.getfoundry.sh/reference/forge/forge-lint#screaming-snake-case-immutable

note[screaming-snake-case-immutable]: immutables should use SCREAMING_SNAKE_CASE
  --> src/Harvester.sol:28:29
   |
28 |     IERC20 public immutable prime; // the token SubLoop.harvest returns
   |                             ^^^^^ help: consider using: `PRIME`
   |
   = help: https://book.getfoundry.sh/reference/forge/forge-lint#screaming-snake-case-immutable

warning[erc20-unchecked-transfer]: ERC20 'transfer' and 'transferFrom' calls should check the return value
  --> test/mocks/MockYieldSource.sol:38:9
   |
38 |         hollar.transferFrom(msg.sender, address(this), hollarAmount);
   |         ^^^^^^^^^^^^^^^^^^^^^^^^^^^^^^^^^^^^^^^^^^^^^^^^^^^^^^^^^^^^
   |
   = help: https://book.getfoundry.sh/reference/forge/forge-lint#erc20-unchecked-transfer

warning[erc20-unchecked-transfer]: ERC20 'transfer' and 'transferFrom' calls should check the return value
  --> test/mocks/MockYieldSource.sol:56:9
   |
56 |         hollar.transfer(msg.sender, hollarSent);
   |         ^^^^^^^^^^^^^^^^^^^^^^^^^^^^^^^^^^^^^^^
   |
   = help: https://book.getfoundry.sh/reference/forge/forge-lint#erc20-unchecked-transfer

note[screaming-snake-case-immutable]: immutables should use SCREAMING_SNAKE_CASE
   --> src/CollateralVault.sol:153:30
    |
153 |     address public immutable compoundLogic;
    |                              ^^^^^^^^^^^^^ help: consider using: `COMPOUND_LOGIC`
    |
    = help: https://book.getfoundry.sh/reference/forge/forge-lint#screaming-snake-case-immutable

warning[unsafe-typecast]: typecasts that can truncate values should be checked
   --> src/lib/DcaDispatch.sol:172:20
    |
172 |             bytes1(uint8(x)), bytes1(uint8(x >> 8)), bytes1(uint8(x >> 16)), bytes1(uint8(x >> 24))
    |                    ^^^^^^^^
    |
    = note: consider disabling this lint if you're certain the cast is safe
            
            // casting to 'uint8' is safe because [explain why]
            // forge-lint: disable-next-line(unsafe-typecast)
            
            
    = help: https://book.getfoundry.sh/reference/forge/forge-lint#unsafe-typecast

warning[divide-before-multiply]: multiplication should occur before division to avoid loss of precision
   --> src/SubLoop.sol:406:39
    |
406 |                     uint256 sellAmt = ((coll8 - minColl8) * 90 / 100) * 1e6 / pPrime;
    |                                       ^^^^^^^^^^^^^^^^^^^^^^^^^^^^^^^^^^^^^
    |
    = help: https://book.getfoundry.sh/reference/forge/forge-lint#divide-before-multiply

warning[unsafe-typecast]: typecasts that can truncate values should be checked
   --> src/lib/DcaDispatch.sol:172:38
    |
172 |             bytes1(uint8(x)), bytes1(uint8(x >> 8)), bytes1(uint8(x >> 16)), bytes1(uint8(x >> 24))
    |                                      ^^^^^^^^^^^^^
    |
    = note: consider disabling this lint if you're certain the cast is safe
            
            // casting to 'uint8' is safe because [explain why]
            // forge-lint: disable-next-line(unsafe-typecast)
            
            
    = help: https://book.getfoundry.sh/reference/forge/forge-lint#unsafe-typecast

warning[unsafe-typecast]: typecasts that can truncate values should be checked
   --> src/lib/DcaDispatch.sol:172:61
    |
172 |             bytes1(uint8(x)), bytes1(uint8(x >> 8)), bytes1(uint8(x >> 16)), bytes1(uint8(x >> 24))
    |                                                             ^^^^^^^^^^^^^^
    |
    = note: consider disabling this lint if you're certain the cast is safe
            
            // casting to 'uint8' is safe because [explain why]
            // forge-lint: disable-next-line(unsafe-typecast)
            
            
    = help: https://book.getfoundry.sh/reference/forge/forge-lint#unsafe-typecast

warning[unsafe-typecast]: typecasts that can truncate values should be checked
   --> src/lib/DcaDispatch.sol:172:85
    |
172 |             bytes1(uint8(x)), bytes1(uint8(x >> 8)), bytes1(uint8(x >> 16)), bytes1(uint8(x >> 24))
    |                                                                                     ^^^^^^^^^^^^^^
    |
    = note: consider disabling this lint if you're certain the cast is safe
            
            // casting to 'uint8' is safe because [explain why]
            // forge-lint: disable-next-line(unsafe-typecast)
            
            
    = help: https://book.getfoundry.sh/reference/forge/forge-lint#unsafe-typecast

note[mixed-case-variable]: mutable variables should use mixedCase
   --> src/CollateralVault.sol:885:25
    |
885 |     uint256[29] private __gap;
    |                         ^^^^^ help: consider using: `_gap`
    |
    = help: https://book.getfoundry.sh/reference/forge/forge-lint#mixed-case-variable

warning[unsafe-typecast]: typecasts that can truncate values should be checked
   --> src/lib/DcaDispatch.sol:179:27
    |
179 |             b[i] = bytes1(uint8(x >> (8 * i)));
    |                           ^^^^^^^^^^^^^^^^^^^
    |
    = note: consider disabling this lint if you're certain the cast is safe
            
            // casting to 'uint8' is safe because [explain why]
            // forge-lint: disable-next-line(unsafe-typecast)
            
            
    = help: https://book.getfoundry.sh/reference/forge/forge-lint#unsafe-typecast

warning[unsafe-typecast]: typecasts that can truncate values should be checked
   --> src/lib/DcaDispatch.sol:186:44
    |
186 |             return abi.encodePacked(bytes1(uint8(x) << 2)); // mode 0b00
    |                                            ^^^^^^^^
    |
    = note: consider disabling this lint if you're certain the cast is safe
            
            // casting to 'uint8' is safe because [explain why]
            // forge-lint: disable-next-line(unsafe-typecast)
            
            
    = help: https://book.getfoundry.sh/reference/forge/forge-lint#unsafe-typecast

note[mixed-case-variable]: mutable variables should use mixedCase
   --> src/SubLoop.sol:789:25
    |
789 |     uint256[37] private __gap;
    |                         ^^^^^ help: consider using: `_gap`
    |
    = help: https://book.getfoundry.sh/reference/forge/forge-lint#mixed-case-variable

note[unwrapped-modifier-logic]: wrap modifier logic to reduce code size
  --> src/PropellerMainDebt.sol:91:5
   |
91 | /     modifier onlyVault() {
92 | |         if (msg.sender != vault) revert Unauthorized();
93 | |         _;
94 | |     }
   | |_____^
   |
help: wrap modifier logic to reduce code size
   |
91 ~     modifier onlyVault() {
92 +         _onlyVault();
93 +         _;
94 +     }
95 + 
96 +     function _onlyVault() internal {
97 +         if (msg.sender != vault) revert Unauthorized();
98 +     }
   |
   = help: https://book.getfoundry.sh/reference/forge/forge-lint#unwrapped-modifier-logic

warning[unsafe-typecast]: typecasts that can truncate values should be checked
  --> test/helpers/NativeRouteSwapper.sol:14:14
   |
14 |         id = uint32(uint160(token));
   |              ^^^^^^^^^^^^^^^^^^^^^^
   |
   = note: consider disabling this lint if you're certain the cast is safe
           
           // casting to 'uint32' is safe because [explain why]
           // forge-lint: disable-next-line(unsafe-typecast)
           
           
   = help: https://book.getfoundry.sh/reference/forge/forge-lint#unsafe-typecast

warning[unsafe-typecast]: typecasts that can truncate values should be checked
   --> src/CollateralVault.sol:672:37
    |
672 |         emit SyntheticPegMaintained(int256(add));
    |                                     ^^^^^^^^^^^
    |
    = note: consider disabling this lint if you're certain the cast is safe
            
            // casting to 'int256' is safe because [explain why]
            // forge-lint: disable-next-line(unsafe-typecast)
            
            
    = help: https://book.getfoundry.sh/reference/forge/forge-lint#unsafe-typecast

warning[unsafe-typecast]: typecasts that can truncate values should be checked
   --> src/lib/DcaDispatch.sol:188:25
    |
188 |             uint16 v = (uint16(x) << 2) | 0x01; // mode 0b01
    |                         ^^^^^^^^^
    |
    = note: consider disabling this lint if you're certain the cast is safe
            
            // casting to 'uint16' is safe because [explain why]
            // forge-lint: disable-next-line(unsafe-typecast)
            
            
    = help: https://book.getfoundry.sh/reference/forge/forge-lint#unsafe-typecast

warning[unsafe-typecast]: typecasts that can truncate values should be checked
   --> src/lib/DcaDispatch.sol:189:44
    |
189 |             return abi.encodePacked(bytes1(uint8(v)), bytes1(uint8(v >> 8)));
    |                                            ^^^^^^^^
    |
    = note: consider disabling this lint if you're certain the cast is safe
            
            // casting to 'uint8' is safe because [explain why]
            // forge-lint: disable-next-line(unsafe-typecast)
            
            
    = help: https://book.getfoundry.sh/reference/forge/forge-lint#unsafe-typecast

warning[unsafe-typecast]: typecasts that can truncate values should be checked
   --> src/lib/DcaDispatch.sol:189:62
    |
189 |             return abi.encodePacked(bytes1(uint8(v)), bytes1(uint8(v >> 8)));
    |                                                              ^^^^^^^^^^^^^
    |
    = note: consider disabling this lint if you're certain the cast is safe
            
            // casting to 'uint8' is safe because [explain why]
            // forge-lint: disable-next-line(unsafe-typecast)
            
            
    = help: https://book.getfoundry.sh/reference/forge/forge-lint#unsafe-typecast

warning[unsafe-typecast]: typecasts that can truncate values should be checked
  --> test/helpers/NativeRouteSwapper.sol:28:44
   |
28 |         DcaDispatch.routerSell(input, out, uint128(amount), uint128(minOut), hops);
   |                                            ^^^^^^^^^^^^^^^
   |
   = note: consider disabling this lint if you're certain the cast is safe
           
           // casting to 'uint128' is safe because [explain why]
           // forge-lint: disable-next-line(unsafe-typecast)
           
           
   = help: https://book.getfoundry.sh/reference/forge/forge-lint#unsafe-typecast

warning[unsafe-typecast]: typecasts that can truncate values should be checked
  --> test/helpers/NativeRouteSwapper.sol:28:61
   |
28 |         DcaDispatch.routerSell(input, out, uint128(amount), uint128(minOut), hops);
   |                                                             ^^^^^^^^^^^^^^^
   |
   = note: consider disabling this lint if you're certain the cast is safe
           
           // casting to 'uint128' is safe because [explain why]
           // forge-lint: disable-next-line(unsafe-typecast)
           
           
   = help: https://book.getfoundry.sh/reference/forge/forge-lint#unsafe-typecast

note[unwrapped-modifier-logic]: wrap modifier logic to reduce code size
   --> src/SubLoop.sol:112:5
    |
112 | /     modifier whenNotEmergencyPaused() {
113 | |         if (emergencyPaused) revert EmergencyPaused();
114 | |         _;
115 | |     }
    | |_____^
    |
help: wrap modifier logic to reduce code size
    |
112 ~     modifier whenNotEmergencyPaused() {
113 +         _whenNotEmergencyPaused();
114 +         _;
115 +     }
116 + 
117 +     function _whenNotEmergencyPaused() internal {
118 +         if (emergencyPaused) revert EmergencyPaused();
119 +     }
    |
    = help: https://book.getfoundry.sh/reference/forge/forge-lint#unwrapped-modifier-logic

warning[unsafe-typecast]: typecasts that can truncate values should be checked
   --> src/SubLoop.sol:346:62
    |
346 |         DcaDispatch.routerSell(hollarAssetId, aPrimeAssetId, uint128(amount), minOut, _deployRoute());
    |                                                              ^^^^^^^^^^^^^^^
    |
    = note: consider disabling this lint if you're certain the cast is safe
            
            // casting to 'uint128' is safe because [explain why]
            // forge-lint: disable-next-line(unsafe-typecast)
            
            
    = help: https://book.getfoundry.sh/reference/forge/forge-lint#unsafe-typecast

warning[unsafe-typecast]: typecasts that can truncate values should be checked
   --> src/SubLoop.sol:362:16
    |
362 |         return uint128(minimum);
    |                ^^^^^^^^^^^^^^^^
    |
    = note: consider disabling this lint if you're certain the cast is safe
            
            // casting to 'uint128' is safe because [explain why]
            // forge-lint: disable-next-line(unsafe-typecast)
            
            
    = help: https://book.getfoundry.sh/reference/forge/forge-lint#unsafe-typecast

warning[unsafe-typecast]: typecasts that can truncate values should be checked
   --> src/SubLoop.sol:495:62
    |
495 |         DcaDispatch.routerSell(aPrimeAssetId, hollarAssetId, uint128(amount), _minimumOut(fairOut), _unwindRoute());
    |                                                              ^^^^^^^^^^^^^^^
    |
    = note: consider disabling this lint if you're certain the cast is safe
            
            // casting to 'uint128' is safe because [explain why]
            // forge-lint: disable-next-line(unsafe-typecast)
            
            
    = help: https://book.getfoundry.sh/reference/forge/forge-lint#unsafe-typecast

warning[erc20-unchecked-transfer]: ERC20 'transfer' and 'transferFrom' calls should check the return value
   --> test/mocks/MockPool.sol:126:9
    |
126 |         IERC20(asset).transferFrom(msg.sender, address(this), amount);
    |         ^^^^^^^^^^^^^^^^^^^^^^^^^^^^^^^^^^^^^^^^^^^^^^^^^^^^^^^^^^^^^
    |
    = help: https://book.getfoundry.sh/reference/forge/forge-lint#erc20-unchecked-transfer

warning[erc20-unchecked-transfer]: ERC20 'transfer' and 'transferFrom' calls should check the return value
   --> test/mocks/MockPool.sol:143:9
    |
143 |         IERC20(asset).transfer(to, amount);
    |         ^^^^^^^^^^^^^^^^^^^^^^^^^^^^^^^^^^
    |
    = help: https://book.getfoundry.sh/reference/forge/forge-lint#erc20-unchecked-transfer

warning[erc20-unchecked-transfer]: ERC20 'transfer' and 'transferFrom' calls should check the return value
   --> test/mocks/MockPool.sol:161:9
    |
161 |         IERC20(asset).transferFrom(msg.sender, address(this), r);
    |         ^^^^^^^^^^^^^^^^^^^^^^^^^^^^^^^^^^^^^^^^^^^^^^^^^^^^^^^^
    |
    = help: https://book.getfoundry.sh/reference/forge/forge-lint#erc20-unchecked-transfer

warning[erc20-unchecked-transfer]: ERC20 'transfer' and 'transferFrom' calls should check the return value
   --> test/mocks/MockPool.sol:195:9
    |
195 |         IERC20(asset).transfer(to, amount);
    |         ^^^^^^^^^^^^^^^^^^^^^^^^^^^^^^^^^^
    |
    = help: https://book.getfoundry.sh/reference/forge/forge-lint#erc20-unchecked-transfer

