TAP version 13
# Subtest: amount conversion preserves six-decimal stress amounts
ok 1 - amount conversion preserves six-decimal stress amounts
  ---
  duration_ms: 1.54156
  type: 'test'
  ...
# Subtest: exact-output BUY quote agrees with exact-input within fee and rounding dust
ok 2 - exact-output BUY quote agrees with exact-input within fee and rounding dust
  ---
  duration_ms: 2.835026
  type: 'test'
  ...
# Subtest: runtime quote direction and buyback-fee gate match official HSM math
ok 3 - runtime quote direction and buyback-fee gate match official HSM math
  ---
  duration_ms: 2.736164
  type: 'test'
  ...
# Subtest: old static HSM helper uses the same corrected BUY direction
ok 4 - old static HSM helper uses the same corrected BUY direction
  ---
  duration_ms: 1.211854
  type: 'test'
  ...
# Subtest: funded pools at the peg do not trigger buybacks
ok 5 - funded pools at the peg do not trigger buybacks
  ---
  duration_ms: 0.286955
  type: 'test'
  ...
# Subtest: zero collateral or zero burn bucket independently prevent intervention
ok 6 - zero collateral or zero burn bucket independently prevent intervention
  ---
  duration_ms: 0.788926
  type: 'test'
  ...
# Subtest: OCW will not burn a candidate larger than its remaining bucket
ok 7 - OCW will not burn a candidate larger than its remaining bucket
  ---
  duration_ms: 0.551321
  type: 'test'
  ...
# Subtest: flash capacity and minimum trade size are separate gates
ok 8 - flash capacity and minimum trade size are separate gates
  ---
  duration_ms: 0.387898
  type: 'test'
  ...
# Subtest: a full shock consumes reserves and preserves exact token conservation
not ok 9 - a full shock consumes reserves and preserves exact token conservation
  ---
  duration_ms: 541.785465
  type: 'test'
  location: '/tmp/propeller-consolidation-20260922/scripts/propeller/peg-model.test.mjs:24:3'
  failureType: 'testCodeFailure'
  error: |-
    The expression evaluated to a falsy value:

      assert.ok(r.burned > 250000 && r.burned < 300000)

  code: 'ERR_ASSERTION'
  name: 'AssertionError'
  expected: true
  actual: false
  operator: '=='
  stack: |-
    TestContext.<anonymous> (file:///tmp/propeller-consolidation-20260922/scripts/propeller/peg-model.test.mjs:122:12)
    Test.runInAsyncScope (node:async_hooks:226:14)
    Test.run (node:internal/test_runner/test:1120:25)
    Test.processPendingSubtests (node:internal/test_runner/test:789:18)
    Test.postRun (node:internal/test_runner/test:1249:19)
    Test.run (node:internal/test_runner/test:1177:12)
    async Test.processPendingSubtests (node:internal/test_runner/test:789:7)
  ...
# Subtest: larger mint ceilings alone produce identical downside protection
ok 10 - larger mint ceilings alone produce identical downside protection
  ---
  duration_ms: 1152.940394
  type: 'test'
  ...
# Subtest: collateral donations do not remove the independent burn constraint
not ok 11 - collateral donations do not remove the independent burn constraint
  ---
  duration_ms: 1223.129412
  type: 'test'
  location: '/tmp/propeller-consolidation-20260922/scripts/propeller/peg-model.test.mjs:24:3'
  failureType: 'testCodeFailure'
  error: |-
    The expression evaluated to a falsy value:

      assert.ok(funded.finalPrice < 0.99 && funded.hsmRemaining > 1.9e6)

  code: 'ERR_ASSERTION'
  name: 'AssertionError'
  expected: true
  actual: false
  operator: '=='
  stack: |-
    TestContext.<anonymous> (file:///tmp/propeller-consolidation-20260922/scripts/propeller/peg-model.test.mjs:156:12)
    Test.runInAsyncScope (node:async_hooks:226:14)
    Test.run (node:internal/test_runner/test:1120:25)
    Test.processPendingSubtests (node:internal/test_runner/test:789:18)
    Test.postRun (node:internal/test_runner/test:1249:19)
    Test.run (node:internal/test_runner/test:1177:12)
    async Test.processPendingSubtests (node:internal/test_runner/test:789:7)
  ...
# Subtest: funded and explicitly counterfactual burn expansion improves recovery
ok 12 - funded and explicitly counterfactual burn expansion improves recovery
  ---
  duration_ms: 1700.045838
  type: 'test'
  ...
# Subtest: an offline keeper cannot improve the instantaneous sell price
ok 13 - an offline keeper cannot improve the instantaneous sell price
  ---
  duration_ms: 580.60315
  type: 'test'
  ...
# Subtest: half service delays intervention, not initial price impact
ok 14 - half service delays intervention, not initial price impact
  ---
  duration_ms: 1176.07894
  type: 'test'
  ...
# Subtest: pool sizing constrains terminal price, not just average execution
ok 15 - pool sizing constrains terminal price, not just average execution
  ---
  duration_ms: 6.796193
  type: 'test'
  ...
# Subtest: tighter bands require more depth; balanced depth scales with pressure
ok 16 - tighter bands require more depth; balanced depth scales with pressure
  ---
  duration_ms: 12.827341
  type: 'test'
  ...
# Subtest: additional LP sizing respects existing imbalance and existing liquidity
ok 17 - additional LP sizing respects existing imbalance and existing liquidity
  ---
  duration_ms: 3.57158
  type: 'test'
  ...
1..17
# tests 17
# suites 0
# pass 15
# fail 2
# cancelled 0
# skipped 0
# todo 0
# duration_ms 6418.906065
