TAP version 13
# Subtest: native policy uses runtime mapping and dust protection
ok 1 - native policy uses runtime mapping and dust protection
  ---
  duration_ms: 1.830286
  type: 'test'
  ...
# Subtest: wrong native asset or minimum at ED fails closed
ok 2 - wrong native asset or minimum at ED fails closed
  ---
  duration_ms: 0.4763
  type: 'test'
  ...
# Subtest: unprotected custody is distinguishable from a funded reserve
ok 3 - unprotected custody is distinguishable from a funded reserve
  ---
  duration_ms: 0.174323
  type: 'test'
  ...
1..3
# tests 3
# suites 0
# pass 3
# fail 0
# cancelled 0
# skipped 0
# todo 0
# duration_ms 10.363163
