TAP version 13
# Subtest: identical layout preserves the baseline
ok 1 - identical layout preserves the baseline
  ---
  duration_ms: 1.581201
  type: 'test'
  ...
# Subtest: append-only storage after the preserved gaps is allowed
ok 2 - append-only storage after the preserved gaps is allowed
  ---
  duration_ms: 1.108652
  type: 'test'
  ...
# Subtest: a changed existing slot fails
ok 3 - a changed existing slot fails
  ---
  duration_ms: 2.352745
  type: 'test'
  ...
# Subtest: packed offsets and scalar types cannot drift
ok 4 - packed offsets and scalar types cannot drift
  ---
  duration_ms: 2.423797
  type: 'test'
  ...
# Subtest: mapping value structure remains part of the compatibility boundary
ok 5 - mapping value structure remains part of the compatibility boundary
  ---
  duration_ms: 1.041781
  type: 'test'
  ...
# Subtest: removal and inheritance reordering fail
ok 6 - removal and inheritance reordering fail
  ---
  duration_ms: 1.065931
  type: 'test'
  ...
# Subtest: gap consumption and compiler changes require separate review
ok 7 - gap consumption and compiler changes require separate review
  ---
  duration_ms: 1.253024
  type: 'test'
  ...
# Subtest: compiler AST identifiers do not cause false incompatibility
ok 8 - compiler AST identifiers do not cause false incompatibility
  ---
  duration_ms: 0.259225
  type: 'test'
  ...
1..8
# tests 8
# suites 0
# pass 8
# fail 0
# cancelled 0
# skipped 0
# todo 0
# duration_ms 18.611573
