Missing dependencies found. Installing now...

No files changed, compilation skipped

Ran 1 test for test/OperationsTuning.t.sol:OperationsTuningTest
[PASS] test_operationsTuning() (gas: 9650583811)
Logs:
  executionAndMarkLossUsd: 34822597944650217174
  fundedCryptoUsd: 334509382323702659391
  unconvertedUserUsd: 57452350162527970231
  unconvertedProtocolUsd: 3023807903290945798
  mainDebtUsd: 8265626789910972029771
  loopDebtUsd: 41976514061196462303954
  sourceEquityUsd: 8326467845260000000000
  cashUsd: 0
  backingDeficitUsd: 0
  sourceReserveUsd: 50302981906452502500
  protocolFeeUsd: 35224608390828869774
  firstHarvestHour: 1861
  firstCryptoHour: 2653
  harvests: 35
  borrows: 241
  rebalances: 15
  repays: 0
  pegUpdates: 3
  blockedObservations: 1607
  mainInterestUsd: 338343643332049319078
  loopInterestUsd: 1518180727863129114354
  waivedInterestUsd: 0
  sourceIncomeUsd: 2321922015203388150000
  minimumHf: 1053919467236490305
  maxHarvestUsd: 20676132967203140000
  maxBorrowUsd: 2500000000000000000000
  maxRebalanceUsd: 17819588500000000000
  deposits: 4
  settlements: 31
  safetySchedules: 0
  servicingHarvests: 35
  economicSkips: 0
  quoteSkips: 3961
  admittedUsd: 9999999999999999996254
  unadmittedUsd: 0
  admissionCompleteHour: 927
  harvestGrossUsd: 711608250319831060000
  maxHarvestGapHours: 198
  entryVolumeUsd: 48717027075243333189600
  days: 365

Suite result: ok. 1 passed; 0 failed; 0 skipped; finished in 40.02s (40.01s CPU time)

Ran 1 test suite in 40.03s (40.02s CPU time): 1 tests passed, 0 failed, 0 skipped (1 total tests)
