Missing dependencies found. Installing now...

No files changed, compilation skipped

Ran 1 test for test/OperationsTuning.t.sol:OperationsTuningTest
[PASS] test_operationsTuning() (gas: 3934398952)
Logs:
  executionAndMarkLossUsd: 29260770312610981382
  fundedCryptoUsd: 354298948650158403827
  unconvertedUserUsd: 45461461426035178098
  unconvertedProtocolUsd: 2392705155844354724
  mainDebtUsd: 7756565584774714443818
  loopDebtUsd: 39482628894678303968004
  sourceEquityUsd: 7804438306470000000000
  cashUsd: 0
  backingDeficitUsd: 0
  sourceReserveUsd: 47287067201147772530
  protocolFeeUsd: 36348273812923100280
  firstHarvestHour: 1404
  firstCryptoHour: 2115
  harvests: 32
  borrows: 22
  rebalances: 14
  repays: 0
  pegUpdates: 2
  blockedObservations: 1130
  mainInterestUsd: 334719817905681960325
  loopInterestUsd: 1531062602828303968004
  waivedInterestUsd: 0
  sourceIncomeUsd: 2333563135204963970000
  minimumHf: 1053567194051750924
  maxHarvestUsd: 23273047415722720000
  maxBorrowUsd: 6284999999990000000000
  maxRebalanceUsd: 19003066710000000000
  deposits: 1
  settlements: 30
  safetySchedules: 0
  servicingHarvests: 32
  economicSkips: 0
  quoteSkips: 524
  admittedUsd: 9999999999999999999046
  unadmittedUsd: 0
  admissionCompleteHour: 0
  harvestGrossUsd: 731421335112557250000
  maxHarvestGapHours: 237
  entryVolumeUsd: 45707779329850000000000
  days: 365

Suite result: ok. 1 passed; 0 failed; 0 skipped; finished in 17.57s (17.57s CPU time)

Ran 1 test suite in 17.59s (17.57s CPU time): 1 tests passed, 0 failed, 0 skipped (1 total tests)
