Missing dependencies found. Installing now...

No files changed, compilation skipped

Ran 1 test for test/OperationsTuning.t.sol:OperationsTuningTest
[PASS] test_operationsTuning() (gas: 3996433454)
Logs:
  executionAndMarkLossUsd: 35589370033962060006
  fundedCryptoUsd: 365494269475006775663
  unconvertedUserUsd: 56637195812293258399
  unconvertedProtocolUsd: 2980905042752276751
  mainDebtUsd: 8298440078573706741606
  loopDebtUsd: 42114874306331216144857
  sourceEquityUsd: 8358387246660000000000
  cashUsd: 0
  backingDeficitUsd: 0
  sourceReserveUsd: 50473261552991280010
  protocolFeeUsd: 37899345151589839646
  firstHarvestHour: 1325
  firstCryptoHour: 2116
  harvests: 47
  borrows: 22
  rebalances: 21
  repays: 0
  pegUpdates: 2
  blockedObservations: 1129
  mainInterestUsd: 357299632534922171434
  loopInterestUsd: 1633138216761216144857
  waivedInterestUsd: 0
  sourceIncomeUsd: 2489368002042990250000
  minimumHf: 1053703871201359482
  maxHarvestUsd: 16642604737725050000
  maxBorrowUsd: 6703999999990000000000
  maxRebalanceUsd: 14327753960000000000
  deposits: 1
  settlements: 42
  safetySchedules: 0
  servicingHarvests: 47
  economicSkips: 0
  quoteSkips: 541
  admittedUsd: 9999999999999999996254
  unadmittedUsd: 0
  admissionCompleteHour: 0
  harvestGrossUsd: 765643336395826770000
  maxHarvestGapHours: 159
  entryVolumeUsd: 48773923891130000000000
  days: 365

Suite result: ok. 1 passed; 0 failed; 0 skipped; finished in 16.17s (16.16s CPU time)

Ran 1 test suite in 16.18s (16.17s CPU time): 1 tests passed, 0 failed, 0 skipped (1 total tests)
