Compiling 59 files with Solc 0.8.22
Solc 0.8.22 finished in 33.84s
Compiler run successful!
note[screaming-snake-case-immutable]: immutables should use SCREAMING_SNAKE_CASE
  --> src/PropellerMainDebt.sol:40:39
   |
40 |     address public immutable override vault;
   |                                       ^^^^^ help: consider using: `VAULT`
   |
   = help: https://book.getfoundry.sh/reference/forge/forge-lint#screaming-snake-case-immutable

note[screaming-snake-case-immutable]: immutables should use SCREAMING_SNAKE_CASE
  --> src/Harvester.sol:28:31
   |
28 |     ISubLoop public immutable subLoop;
   |                               ^^^^^^^ help: consider using: `SUB_LOOP`
   |
   = help: https://book.getfoundry.sh/reference/forge/forge-lint#screaming-snake-case-immutable

note[screaming-snake-case-immutable]: immutables should use SCREAMING_SNAKE_CASE
  --> src/Harvester.sol:29:29
   |
29 |     IERC20 public immutable prime; // the token SubLoop.harvest returns
   |                             ^^^^^ help: consider using: `PRIME`
   |
   = help: https://book.getfoundry.sh/reference/forge/forge-lint#screaming-snake-case-immutable

note[screaming-snake-case-immutable]: immutables should use SCREAMING_SNAKE_CASE
  --> src/PropellerYieldAccounting.sol:27:30
   |
27 |     address public immutable vault;
   |                              ^^^^^ help: consider using: `VAULT`
   |
   = help: https://book.getfoundry.sh/reference/forge/forge-lint#screaming-snake-case-immutable

note[screaming-snake-case-immutable]: immutables should use SCREAMING_SNAKE_CASE
  --> src/PropellerMainDebt.sol:41:39
   |
41 |     address public immutable override yieldAccounting;
   |                                       ^^^^^^^^^^^^^^^ help: consider using: `YIELD_ACCOUNTING`
   |
   = help: https://book.getfoundry.sh/reference/forge/forge-lint#screaming-snake-case-immutable

note[screaming-snake-case-immutable]: immutables should use SCREAMING_SNAKE_CASE
  --> src/PropellerMainDebt.sol:42:29
   |
42 |     IERC20 public immutable hollar;
   |                             ^^^^^^ help: consider using: `HOLLAR`
   |
   = help: https://book.getfoundry.sh/reference/forge/forge-lint#screaming-snake-case-immutable

note[screaming-snake-case-immutable]: immutables should use SCREAMING_SNAKE_CASE
   --> src/CollateralVault.sol:154:30
    |
154 |     address public immutable compoundLogic;
    |                              ^^^^^^^^^^^^^ help: consider using: `COMPOUND_LOGIC`
    |
    = help: https://book.getfoundry.sh/reference/forge/forge-lint#screaming-snake-case-immutable

note[screaming-snake-case-immutable]: immutables should use SCREAMING_SNAKE_CASE
  --> src/PropellerDiscount.sol:25:56
   |
25 |     IHollarDiscountDebtToken public immutable override debtToken;
   |                                                        ^^^^^^^^^ help: consider using: `DEBT_TOKEN`
   |
   = help: https://book.getfoundry.sh/reference/forge/forge-lint#screaming-snake-case-immutable

note[screaming-snake-case-immutable]: immutables should use SCREAMING_SNAKE_CASE
  --> src/PropellerDiscount.sol:26:39
   |
26 |     address public immutable override synthetic;
   |                                       ^^^^^^^^^ help: consider using: `SYNTHETIC`
   |
   = help: https://book.getfoundry.sh/reference/forge/forge-lint#screaming-snake-case-immutable

warning[divide-before-multiply]: multiplication should occur before division to avoid loss of precision
   --> src/SubLoop.sol:429:39
    |
429 |                     uint256 sellAmt = ((coll8 - minColl8) * 90 / 100) * 1e6 / pPrime;
    |                                       ^^^^^^^^^^^^^^^^^^^^^^^^^^^^^^^^^^^^^
    |
    = help: https://book.getfoundry.sh/reference/forge/forge-lint#divide-before-multiply

note[screaming-snake-case-immutable]: immutables should use SCREAMING_SNAKE_CASE
  --> src/PropellerDiscount.sol:27:39
   |
27 |     ISyntheticAToken public immutable aSynthetic;
   |                                       ^^^^^^^^^^ help: consider using: `A_SYNTHETIC`
   |
   = help: https://book.getfoundry.sh/reference/forge/forge-lint#screaming-snake-case-immutable

note[screaming-snake-case-immutable]: immutables should use SCREAMING_SNAKE_CASE
  --> src/PropellerDiscount.sol:28:30
   |
28 |     address public immutable pool;
   |                              ^^^^ help: consider using: `POOL`
   |
   = help: https://book.getfoundry.sh/reference/forge/forge-lint#screaming-snake-case-immutable

note[unwrapped-modifier-logic]: wrap modifier logic to reduce code size
  --> src/PropellerYieldAccounting.sol:55:5
   |
55 |     modifier onlyVault() { if (msg.sender != vault) revert Unauthorized(); _; }
   |     ^^^^^^^^^^^^^^^^^^^^^^^^^^^^^^^^^^^^^^^^^^^^^^^^^^^^^^^^^^^^^^^^^^^^^^^^^^^
   |
help: wrap modifier logic to reduce code size
   |
55 ~     modifier onlyVault() {
56 + _onlyVault();
57 + _;
58 + }
59 + 
60 + function _onlyVault() internal {
61 + if (msg.sender != vault) revert Unauthorized();
62 + }
   |
   = help: https://book.getfoundry.sh/reference/forge/forge-lint#unwrapped-modifier-logic

warning[unsafe-typecast]: typecasts that can truncate values should be checked
   --> src/lib/DcaDispatch.sol:172:20
    |
172 |             bytes1(uint8(x)), bytes1(uint8(x >> 8)), bytes1(uint8(x >> 16)), bytes1(uint8(x >> 24))
    |                    ^^^^^^^^
    |
    = note: consider disabling this lint if you're certain the cast is safe
            
            // casting to 'uint8' is safe because [explain why]
            // forge-lint: disable-next-line(unsafe-typecast)
            
            
    = help: https://book.getfoundry.sh/reference/forge/forge-lint#unsafe-typecast

note[mixed-case-variable]: mutable variables should use mixedCase
   --> src/SubLoop.sol:836:25
    |
836 |     uint256[37] private __gap;
    |                         ^^^^^ help: consider using: `_gap`
    |
    = help: https://book.getfoundry.sh/reference/forge/forge-lint#mixed-case-variable

warning[unsafe-typecast]: typecasts that can truncate values should be checked
   --> src/lib/DcaDispatch.sol:172:38
    |
172 |             bytes1(uint8(x)), bytes1(uint8(x >> 8)), bytes1(uint8(x >> 16)), bytes1(uint8(x >> 24))
    |                                      ^^^^^^^^^^^^^
    |
    = note: consider disabling this lint if you're certain the cast is safe
            
            // casting to 'uint8' is safe because [explain why]
            // forge-lint: disable-next-line(unsafe-typecast)
            
            
    = help: https://book.getfoundry.sh/reference/forge/forge-lint#unsafe-typecast

note[mixed-case-variable]: mutable variables should use mixedCase
   --> src/CollateralVault.sol:824:25
    |
824 |     uint256[29] private __gap;
    |                         ^^^^^ help: consider using: `_gap`
    |
    = help: https://book.getfoundry.sh/reference/forge/forge-lint#mixed-case-variable

warning[unsafe-typecast]: typecasts that can truncate values should be checked
   --> src/lib/DcaDispatch.sol:172:61
    |
172 |             bytes1(uint8(x)), bytes1(uint8(x >> 8)), bytes1(uint8(x >> 16)), bytes1(uint8(x >> 24))
    |                                                             ^^^^^^^^^^^^^^
    |
    = note: consider disabling this lint if you're certain the cast is safe
            
            // casting to 'uint8' is safe because [explain why]
            // forge-lint: disable-next-line(unsafe-typecast)
            
            
    = help: https://book.getfoundry.sh/reference/forge/forge-lint#unsafe-typecast

note[screaming-snake-case-immutable]: immutables should use SCREAMING_SNAKE_CASE
  --> src/PropellerMainDebt.sol:43:29
   |
43 |     IERC20 public immutable debtToken;
   |                             ^^^^^^^^^ help: consider using: `DEBT_TOKEN`
   |
   = help: https://book.getfoundry.sh/reference/forge/forge-lint#screaming-snake-case-immutable

note[screaming-snake-case-immutable]: immutables should use SCREAMING_SNAKE_CASE
  --> src/PropellerMainDebt.sol:44:32
   |
44 |     IAavePool public immutable pool;
   |                                ^^^^ help: consider using: `POOL`
   |
   = help: https://book.getfoundry.sh/reference/forge/forge-lint#screaming-snake-case-immutable

warning[unsafe-typecast]: typecasts that can truncate values should be checked
   --> src/lib/DcaDispatch.sol:172:85
    |
172 |             bytes1(uint8(x)), bytes1(uint8(x >> 8)), bytes1(uint8(x >> 16)), bytes1(uint8(x >> 24))
    |                                                                                     ^^^^^^^^^^^^^^
    |
    = note: consider disabling this lint if you're certain the cast is safe
            
            // casting to 'uint8' is safe because [explain why]
            // forge-lint: disable-next-line(unsafe-typecast)
            
            
    = help: https://book.getfoundry.sh/reference/forge/forge-lint#unsafe-typecast

warning[unsafe-typecast]: typecasts that can truncate values should be checked
   --> src/lib/DcaDispatch.sol:179:27
    |
179 |             b[i] = bytes1(uint8(x >> (8 * i)));
    |                           ^^^^^^^^^^^^^^^^^^^
    |
    = note: consider disabling this lint if you're certain the cast is safe
            
            // casting to 'uint8' is safe because [explain why]
            // forge-lint: disable-next-line(unsafe-typecast)
            
            
    = help: https://book.getfoundry.sh/reference/forge/forge-lint#unsafe-typecast

warning[unsafe-typecast]: typecasts that can truncate values should be checked
   --> src/lib/DcaDispatch.sol:186:44
    |
186 |             return abi.encodePacked(bytes1(uint8(x) << 2)); // mode 0b00
    |                                            ^^^^^^^^
    |
    = note: consider disabling this lint if you're certain the cast is safe
            
            // casting to 'uint8' is safe because [explain why]
            // forge-lint: disable-next-line(unsafe-typecast)
            
            
    = help: https://book.getfoundry.sh/reference/forge/forge-lint#unsafe-typecast

note[unwrapped-modifier-logic]: wrap modifier logic to reduce code size
   --> src/SubLoop.sol:117:5
    |
117 | /     modifier whenNotEmergencyPaused() {
118 | |         if (emergencyPaused) revert EmergencyPaused();
119 | |         _;
120 | |     }
    | |_____^
    |
help: wrap modifier logic to reduce code size
    |
117 ~     modifier whenNotEmergencyPaused() {
118 +         _whenNotEmergencyPaused();
119 +         _;
120 +     }
121 + 
122 +     function _whenNotEmergencyPaused() internal {
123 +         if (emergencyPaused) revert EmergencyPaused();
124 +     }
    |
    = help: https://book.getfoundry.sh/reference/forge/forge-lint#unwrapped-modifier-logic

warning[unsafe-typecast]: typecasts that can truncate values should be checked
   --> src/lib/DcaDispatch.sol:188:25
    |
188 |             uint16 v = (uint16(x) << 2) | 0x01; // mode 0b01
    |                         ^^^^^^^^^
    |
    = note: consider disabling this lint if you're certain the cast is safe
            
            // casting to 'uint16' is safe because [explain why]
            // forge-lint: disable-next-line(unsafe-typecast)
            
            
    = help: https://book.getfoundry.sh/reference/forge/forge-lint#unsafe-typecast

warning[unsafe-typecast]: typecasts that can truncate values should be checked
   --> src/lib/DcaDispatch.sol:189:44
    |
189 |             return abi.encodePacked(bytes1(uint8(v)), bytes1(uint8(v >> 8)));
    |                                            ^^^^^^^^
    |
    = note: consider disabling this lint if you're certain the cast is safe
            
            // casting to 'uint8' is safe because [explain why]
            // forge-lint: disable-next-line(unsafe-typecast)
            
            
    = help: https://book.getfoundry.sh/reference/forge/forge-lint#unsafe-typecast

warning[unsafe-typecast]: typecasts that can truncate values should be checked
   --> src/lib/DcaDispatch.sol:189:62
    |
189 |             return abi.encodePacked(bytes1(uint8(v)), bytes1(uint8(v >> 8)));
    |                                                              ^^^^^^^^^^^^^
    |
    = note: consider disabling this lint if you're certain the cast is safe
            
            // casting to 'uint8' is safe because [explain why]
            // forge-lint: disable-next-line(unsafe-typecast)
            
            
    = help: https://book.getfoundry.sh/reference/forge/forge-lint#unsafe-typecast

note[unwrapped-modifier-logic]: wrap modifier logic to reduce code size
   --> src/PropellerMainDebt.sol:102:5
    |
102 | /     modifier onlyVault() {
103 | |         if (msg.sender != vault) revert Unauthorized();
104 | |         _;
105 | |     }
    | |_____^
    |
help: wrap modifier logic to reduce code size
    |
102 ~     modifier onlyVault() {
103 +         _onlyVault();
104 +         _;
105 +     }
106 + 
107 +     function _onlyVault() internal {
108 +         if (msg.sender != vault) revert Unauthorized();
109 +     }
    |
    = help: https://book.getfoundry.sh/reference/forge/forge-lint#unwrapped-modifier-logic

warning[unsafe-typecast]: typecasts that can truncate values should be checked
   --> src/CollateralVault.sol:605:37
    |
605 |         emit SyntheticPegMaintained(int256(add));
    |                                     ^^^^^^^^^^^
    |
    = note: consider disabling this lint if you're certain the cast is safe
            
            // casting to 'int256' is safe because [explain why]
            // forge-lint: disable-next-line(unsafe-typecast)
            
            
    = help: https://book.getfoundry.sh/reference/forge/forge-lint#unsafe-typecast

warning[unsafe-typecast]: typecasts that can truncate values should be checked
   --> src/SubLoop.sol:369:62
    |
369 |         DcaDispatch.routerSell(hollarAssetId, aPrimeAssetId, uint128(amount), minOut, _deployRoute());
    |                                                              ^^^^^^^^^^^^^^^
    |
    = note: consider disabling this lint if you're certain the cast is safe
            
            // casting to 'uint128' is safe because [explain why]
            // forge-lint: disable-next-line(unsafe-typecast)
            
            
    = help: https://book.getfoundry.sh/reference/forge/forge-lint#unsafe-typecast

note[named-struct-fields]: prefer initializing structs with named fields
   --> src/PropellerMainDebt.sol:227:31
    |
227 |             sourceFees[key] = SourceFee(yield, fee);
    |                               ^^^^^^^^^^^^^^^^^^^^^ help: consider using named fields: `SourceFee({ yieldRemaining: yield, feeRemaining: fee })`
    |
    = help: https://book.getfoundry.sh/reference/forge/forge-lint#named-struct-fields

warning[unsafe-typecast]: typecasts that can truncate values should be checked
   --> src/SubLoop.sol:385:16
    |
385 |         return uint128(minimum);
    |                ^^^^^^^^^^^^^^^^
    |
    = note: consider disabling this lint if you're certain the cast is safe
            
            // casting to 'uint128' is safe because [explain why]
            // forge-lint: disable-next-line(unsafe-typecast)
            
            
    = help: https://book.getfoundry.sh/reference/forge/forge-lint#unsafe-typecast

warning[unsafe-typecast]: typecasts that can truncate values should be checked
   --> src/SubLoop.sol:518:62
    |
518 |         DcaDispatch.routerSell(aPrimeAssetId, hollarAssetId, uint128(amount), _minimumOut(fairOut), _unwindRoute());
    |                                                              ^^^^^^^^^^^^^^^
    |
    = note: consider disabling this lint if you're certain the cast is safe
            
            // casting to 'uint128' is safe because [explain why]
            // forge-lint: disable-next-line(unsafe-typecast)
            
            
    = help: https://book.getfoundry.sh/reference/forge/forge-lint#unsafe-typecast

note[named-struct-fields]: prefer initializing structs with named fields
   --> src/PropellerMainDebt.sol:243:25
    |
243 |         sourceFees[0] = SourceFee(yield, fee);
    |                         ^^^^^^^^^^^^^^^^^^^^^ help: consider using named fields: `SourceFee({ yieldRemaining: yield, feeRemaining: fee })`
    |
    = help: https://book.getfoundry.sh/reference/forge/forge-lint#named-struct-fields

