TAP version 13
# Subtest: rounding policy uses exact base units and covers every vault
ok 1 - rounding policy uses exact base units and covers every vault
  ---
  duration_ms: 1.141102
  type: 'test'
  ...
# Subtest: rounding policy rejects ambiguous or unsafe thresholds
ok 2 - rounding policy rejects ambiguous or unsafe thresholds
  ---
  duration_ms: 0.301335
  type: 'test'
  ...
# Subtest: monitor distinguishes low reserve from missing custody
ok 3 - monitor distinguishes low reserve from missing custody
  ---
  duration_ms: 0.193204
  type: 'test'
  ...
1..3
# tests 3
# suites 0
# pass 3
# fail 0
# cancelled 0
# skipped 0
# todo 0
# duration_ms 10.168418
