Missing dependencies found. Installing now...

Warning: Your project has missing dependencies that could not be installed.
Compiling 1 files with Solc 0.8.22
Solc 0.8.22 finished in 106.72s
Compiler run successful!

Ran 5 tests for test/DcaDispatch.t.sol:DcaDispatchTest
[PASS] test_encodeMatchesPolkadotJsReference() (gas: 24312)
[PASS] test_ownerDerivation() (gas: 582)
[PASS] test_routerPalletIndexIsPinned() (gas: 2128)
[PASS] test_routerSellDeployLegMatchesRuntimeMetadata() (gas: 19495)
[PASS] test_routerSellUnwindLegMatchesRuntimeMetadata() (gas: 19608)
Suite result: ok. 5 passed; 0 failed; 0 skipped; finished in 650.60µs (466.25µs CPU time)

Ran 3 tests for test/Harvest.t.sol:HarvestTest
[PASS] test_harvestCompoundsYieldIntoSharePrice() (gas: 9159618)
[PASS] test_harvestSkipsInFlightUnwindEquity() (gas: 13410833)
[PASS] test_primePriceAppreciationCompoundsToDeposit() (gas: 9176535)
Suite result: ok. 3 passed; 0 failed; 0 skipped; finished in 104.99ms (101.10ms CPU time)

Ran 5 tests for test/HarvestMainDebt.t.sol:HarvestMainDebtTest
[PASS] test_feeThenInterestThenCollateralWithoutPrefunding() (gas: 8976249)
[PASS] test_harvestCompoundsYieldIntoSharePrice() (gas: 9159636)
[PASS] test_harvestSkipsInFlightUnwindEquity() (gas: 13410851)
[PASS] test_insufficientYieldNeverPullsPreviouslyCompoundedCollateral() (gas: 8913321)
[PASS] test_primePriceAppreciationCompoundsToDeposit() (gas: 9176570)
Suite result: ok. 5 passed; 0 failed; 0 skipped; finished in 169.45ms (165.54ms CPU time)

Ran 18 tests for test/PropellerDiscount.t.sol:PropellerDiscountTest
[PASS] testFuzz_discountNeverExceedsConfiguredRate(uint256,uint256) (runs: 256, μ: 45152, ~: 45131)
[PASS] test_committeeCanDisableEvenWithBrokenVaultGetter() (gas: 283258)
[PASS] test_committeeCanIncreaseReduceDisableAndRestore() (gas: 388734)
[PASS] test_committeeCannotEnrollBorrowersOrGrantRoles() (gas: 68117)
[PASS] test_constructorRejectsWrongMarketAndZeroAuthority() (gas: 791544)
[PASS] test_constructorRejectsWrongSyntheticDecimals() (gas: 1365956)
[PASS] test_dustBackingOnlyDiscountsProportionalDebt() (gas: 48375)
[PASS] test_governanceCanRevokeCommitteeRateAuthority() (gas: 81191)
[PASS] test_invalidRateAndUninstalledPolicyRevert() (gas: 51164)
[PASS] test_outsiderCannotSetRateButCanRefresh() (gas: 360156)
[PASS] test_rateChangeRefreshesAllIncludingLostEligibility() (gas: 964698)
[PASS] test_rawSyntheticIsNotEligibility() (gas: 391752)
[PASS] test_receiptOrMinterRoleAloneCannotUnlockDiscount() (gas: 268659)
[PASS] test_refreshFailureRollsBackRateAndEveryBorrower() (gas: 668662)
[PASS] test_registrationRequiresMinterCorrectMarketAndRefreshHook() (gas: 418705)
[PASS] test_registryIsBoundedAndCanReuseRemovedSlots() (gas: 4507912)
[PASS] test_startsAtZeroWithoutDeployerPrivileges() (gas: 1525664)
[PASS] test_unregisterClearsCacheWithoutRevokingMintPermission() (gas: 279544)
Suite result: ok. 18 passed; 0 failed; 0 skipped; finished in 20.98ms (26.60ms CPU time)

Ran 1 test for test/PropellerDiscountFork.t.sol:PropellerDiscountForkTest
[SKIP: skipped] setUp() (gas: 0)
Suite result: ok. 0 passed; 0 failed; 1 skipped; finished in 362.94µs (0.00ns CPU time)

Ran 4 tests for test/YieldCheckpointGas.t.sol:YieldCheckpointGasTest
[PASS] test_checkpointGasDoesNotGrowWithHolderCount() (gas: 32095429)
Logs:
  checkpoint transfer, two holders: 481849
  checkpoint transfer, 102 holders: 481850

[PASS] test_harvestCompoundsYieldIntoSharePrice() (gas: 9159636)
[PASS] test_harvestSkipsInFlightUnwindEquity() (gas: 13410851)
[PASS] test_primePriceAppreciationCompoundsToDeposit() (gas: 9176552)
Suite result: ok. 4 passed; 0 failed; 0 skipped; finished in 216.46ms (212.56ms CPU time)

Ran 37 tests for test/ProtocolFees.t.sol:ProtocolFeesTest
[PASS] testFuzz_accrualClaimAndRotationConserveFees(uint256) (runs: 256, μ: 908893, ~: 910903)
[PASS] testFuzz_feeConservesGross(uint16,uint96) (runs: 256, μ: 176320, ~: 182643)
[PASS] test_actualOutputUsedInsteadOfSwapperReturn() (gas: 9164131)
[PASS] test_claimCannotReenterOrChangeRecipientDuringTransfer() (gas: 10184389)
[PASS] test_claimTransferMismatchRetainsLedger() (gas: 8764967)
[PASS] test_directDonationNotTaxedAndSameTokenSkipsSwap() (gas: 709708)
[PASS] test_failedClaimRetainsLedgerAndRecipientCanRecover() (gas: 8811139)
[PASS] test_feeBoundsAndUnknownVault() (gas: 61942)
[PASS] test_feeTransferMismatchRollsBackHarvest() (gas: 8578880)
[PASS] test_feeWithFullBorrowingDiscount() (gas: 11555131)
[PASS] test_feeWithPartialBorrowingDiscount() (gas: 11555377)
[PASS] test_feeWithZeroBorrowingDiscount() (gas: 11489305)
[PASS] test_fullFeeDoesNotCallZeroSupply() (gas: 8687902)
[PASS] test_governanceControlsAllPolicy() (gas: 224057)
[PASS] test_grossMinOutAppliedBeforeFee() (gas: 8749876)
[PASS] test_harvestCompoundsYieldIntoSharePrice() (gas: 9159863)
[PASS] test_harvestSkipsInFlightUnwindEquity() (gas: 13410926)
[PASS] test_initialFivePercentAndIdleCollateralExcluded() (gas: 8779967)
[PASS] test_laterVaultCannotTakeEarlierVaultCarry() (gas: 23213259)
[PASS] test_laterVaultRateChangeDuringSwapRollsBackBatch() (gas: 23617911)
[PASS] test_lyingSwapperCannotSpendIdleCollateral() (gas: 8931764)
[PASS] test_minOutFailureRollsBackHarvestAndAccrual() (gas: 8523180)
[PASS] test_missingOrMismatchedWiringFailsClosed() (gas: 9639961)
[PASS] test_paidFeesUnaffectedByRecipientRotation() (gas: 8801144)
[PASS] test_partialInputConsumptionRejected() (gas: 8937592)
[PASS] test_permissionlessClaimPaysOnlyCurrentRecipient() (gas: 8824205)
[PASS] test_policyChangeAndRestorationStillReverts() (gas: 9205661)
[PASS] test_primePriceAppreciationCompoundsToDeposit() (gas: 9177044)
[PASS] test_rebindingPreservesExplicitZeroRate() (gas: 119191)
[PASS] test_rejectsZeroAndKnownCustodyRecipients() (gas: 132030)
[PASS] test_runtimeSizesRemainDeployable() (gas: 7920725)
[PASS] test_settledWithdrawalIsNotUsedForFee() (gas: 14261804)
[PASS] test_sharedAssetDifferentRatesUseOneClaimLedger() (gas: 22975557)
[PASS] test_sourceHarvestOnlyThroughHarvester() (gas: 9112648)
[PASS] test_treasuryMayDepositPaidCollateralNormally() (gas: 9794565)
[PASS] test_zeroActualOutputRejectedEvenWhenFloorRoundsZero() (gas: 8938096)
[PASS] test_zeroFeeSuppliesAllHarvest() (gas: 8724286)
Suite result: ok. 37 passed; 0 failed; 0 skipped; finished in 1.37s (2.01s CPU time)

Ran 1 test for test/ProtocolFeesFork.t.sol:ProtocolFeesForkTest
[SKIP: skipped] setUp() (gas: 0)
Suite result: ok. 0 passed; 0 failed; 1 skipped; finished in 755.26µs (0.00ns CPU time)

Ran 28 tests for test/YieldEntryFairness.t.sol:YieldEntryFairnessTest
[PASS] testFuzz_transferAndPartialClaimsConserveOwnership(uint16) (runs: 64, μ: 10794903, ~: 10794856)
[PASS] test_btcEightDecimalsPreservesEntryOwnership() (gas: 26253369)
[PASS] test_dustRemainingAfterLossRescalesUnitsWithoutChangingOwnership() (gas: 17788477)
[PASS] test_entryRejectsMainInterestCoveredOnlyBeforeFees() (gas: 8543840)
[PASS] test_exitFeeUsesActualYieldAndLockedRateAcrossPartialReceipts() (gas: 9779415)
[PASS] test_feeOwnershipSurvivesLaterRateChange() (gas: 9830914)
[PASS] test_fullFeeRequiresNetFundingForMainInterestBeforeEntry() (gas: 9262836)
[PASS] test_fullyCashBackedExitNeedsNoActiveSourceSlice() (gas: 9630280)
[PASS] test_harvestCompoundsYieldIntoSharePrice() (gas: 9159863)
[PASS] test_harvestSkipsInFlightUnwindEquity() (gas: 13410943)
[PASS] test_lateExecutionCostReducesReservedFeeAfterPartialSurplus() (gas: 8974172)
[PASS] test_mainRecoveryCannotMakeHarvesterWithdrawPastHealthFloor() (gas: 9383573)
[PASS] test_newcomerCannotCaptureEarlierCarryAtHarvest() (gas: 10053030)
[PASS] test_newcomerCannotCaptureEarlierCarryByExitingBeforeHarvest() (gas: 11164992)
[PASS] test_newcomerDoesNotReceiveOldMainInterestReserve() (gas: 10312500)
[PASS] test_ownedFeeAndYieldBearExitExecutionCostsTogether() (gas: 190596527)
[PASS] test_partialRewardClaimPreservesUnconvertedValue() (gas: 10497627)
[PASS] test_primePriceAppreciationCompoundsToDeposit() (gas: 9176879)
[PASS] test_recoveryCashIsNotTaxedOrGivenToNewEntrant() (gas: 10615688)
[PASS] test_repeatedYieldWriteOffDoesNotInflateAccountingUnits() (gas: 13731696)
[PASS] test_rewardCollateralCompoundsBeforeOwnerClaims() (gas: 11634245)
[PASS] test_smallHarvestReborrowsWithoutFivePointLtvDrift() (gas: 9756523)
[PASS] test_transferDuringMainResizeKeepsEarlierYieldOwnership() (gas: 11285392)
[PASS] test_transferRetainsPreviouslyEarnedYieldWithSender() (gas: 9930177)
[PASS] test_unconvertedEarningsAreNotLeveredAgain() (gas: 22264708)
[PASS] test_unrealizedYieldAbsorbsLossBeforeMainRecovery() (gas: 8890058)
[PASS] test_vestedExitRewardsKeepEarningAndRemainClaimable() (gas: 13773927)
[PASS] test_waitingWithdrawalKeepsEarningUntilUnwindStarts() (gas: 9461752)
Suite result: ok. 28 passed; 0 failed; 0 skipped; finished in 2.40s (3.68s CPU time)

Ran 4 tests for test/SyntheticToken.t.sol:SyntheticTokenTest
[PASS] testFuzz_mintBurnRoundTrips(uint128) (runs: 256, μ: 48542, ~: 48546)
[PASS] test_decimals() (gas: 5888)
[PASS] test_minterCanMintAndBurn() (gas: 66188)
[PASS] test_nonMinterCannotMint() (gas: 37330)
Suite result: ok. 4 passed; 0 failed; 0 skipped; finished in 2.63s (2.63s CPU time)

Ran 10 test suites in 2.93s (6.93s CPU time): 104 tests passed, 0 failed, 2 skipped (106 total tests)
