Missing dependencies found. Installing now...

Warning: Your project has missing dependencies that could not be installed.
Compiling 90 files with Solc 0.8.22
Solc 0.8.22 finished in 50.25s
Compiler run successful with warnings:
Warning (2018): Function state mutability can be restricted to pure
   --> test/mocks/MockYieldSource.sol:112:5:
    |
112 |     function harvest() external returns (uint256 surplus) {
    |     ^ (Relevant source part starts here and spans across multiple lines).


╭---------------------------------------------------------------------------------------------------------+------------------+-------------------+--------------------+---------------------╮
| Contract                                                                                                | Runtime Size (B) | Initcode Size (B) | Runtime Margin (B) | Initcode Margin (B) |
+===========================================================================================================================================================================================+
| Address (../bil-vault/lib/openzeppelin-contracts/contracts/utils/Address.sol)                           | 58               | 87                | 24,518             | 49,065              |
|---------------------------------------------------------------------------------------------------------+------------------+-------------------+--------------------+---------------------|
| Address (/tmp/propeller-pr62-20261002/bil-vault/lib/openzeppelin-contracts/contracts/utils/Address.sol) | 58               | 87                | 24,518             | 49,065              |
|---------------------------------------------------------------------------------------------------------+------------------+-------------------+--------------------+---------------------|
| AddressUpgradeable                                                                                      | 58               | 87                | 24,518             | 49,065              |
|---------------------------------------------------------------------------------------------------------+------------------+-------------------+--------------------+---------------------|
| CollateralVault                                                                                         | 24,086           | 41,660            | 490                | 7,492               |
|---------------------------------------------------------------------------------------------------------+------------------+-------------------+--------------------+---------------------|
| CompoundLogic                                                                                           | 17,150           | 17,178            | 7,426              | 31,974              |
|---------------------------------------------------------------------------------------------------------+------------------+-------------------+--------------------+---------------------|
| DcaDispatch                                                                                             | 58               | 87                | 24,518             | 49,065              |
|---------------------------------------------------------------------------------------------------------+------------------+-------------------+--------------------+---------------------|
| ERC20                                                                                                   | 2,221            | 3,176             | 22,355             | 45,976              |
|---------------------------------------------------------------------------------------------------------+------------------+-------------------+--------------------+---------------------|
| ERC20Upgradeable                                                                                        | 2,228            | 2,256             | 22,348             | 46,896              |
|---------------------------------------------------------------------------------------------------------+------------------+-------------------+--------------------+---------------------|
| ExecutionController                                                                                     | 9,813            | 10,237            | 14,763             | 38,915              |
|---------------------------------------------------------------------------------------------------------+------------------+-------------------+--------------------+---------------------|
| Harvester                                                                                               | 9,147            | 9,677             | 15,429             | 39,475              |
|---------------------------------------------------------------------------------------------------------+------------------+-------------------+--------------------+---------------------|
| Math (../bil-vault/lib/openzeppelin-contracts/contracts/utils/math/Math.sol)                            | 58               | 87                | 24,518             | 49,065              |
|---------------------------------------------------------------------------------------------------------+------------------+-------------------+--------------------+---------------------|
| Math (/tmp/propeller-pr62-20261002/bil-vault/lib/openzeppelin-contracts/contracts/utils/math/Math.sol)  | 58               | 87                | 24,518             | 49,065              |
|---------------------------------------------------------------------------------------------------------+------------------+-------------------+--------------------+---------------------|
| MathUpgradeable                                                                                         | 58               | 87                | 24,518             | 49,065              |
|---------------------------------------------------------------------------------------------------------+------------------+-------------------+--------------------+---------------------|
| MockDiscountAToken                                                                                      | 2,926            | 3,844             | 21,650             | 45,308              |
|---------------------------------------------------------------------------------------------------------+------------------+-------------------+--------------------+---------------------|
| MockDiscountDebtToken                                                                                   | 3,849            | 4,735             | 20,727             | 44,417              |
|---------------------------------------------------------------------------------------------------------+------------------+-------------------+--------------------+---------------------|
| MockDiscountVault                                                                                       | 449              | 689               | 24,127             | 48,463              |
|---------------------------------------------------------------------------------------------------------+------------------+-------------------+--------------------+---------------------|
| MockDispatch                                                                                            | 3,090            | 3,118             | 21,486             | 46,034              |
|---------------------------------------------------------------------------------------------------------+------------------+-------------------+--------------------+---------------------|
| MockERC20                                                                                               | 2,769            | 3,754             | 21,807             | 45,398              |
|---------------------------------------------------------------------------------------------------------+------------------+-------------------+--------------------+---------------------|
| MockFeeCallbackToken                                                                                    | 3,839            | 4,704             | 20,737             | 44,448              |
|---------------------------------------------------------------------------------------------------------+------------------+-------------------+--------------------+---------------------|
| MockFeeSwapper                                                                                          | 2,103            | 2,137             | 22,473             | 47,015              |
|---------------------------------------------------------------------------------------------------------+------------------+-------------------+--------------------+---------------------|
| MockPool                                                                                                | 6,133            | 6,167             | 18,443             | 42,985              |
|---------------------------------------------------------------------------------------------------------+------------------+-------------------+--------------------+---------------------|
| MockSwapper                                                                                             | 2,262            | 2,412             | 22,314             | 46,740              |
|---------------------------------------------------------------------------------------------------------+------------------+-------------------+--------------------+---------------------|
| MockYieldSource                                                                                         | 2,124            | 2,280             | 22,452             | 46,872              |
|---------------------------------------------------------------------------------------------------------+------------------+-------------------+--------------------+---------------------|
| NativeQueueActor                                                                                        | 1,194            | 1,248             | 23,382             | 47,904              |
|---------------------------------------------------------------------------------------------------------+------------------+-------------------+--------------------+---------------------|
| NativeRouteSwapper                                                                                      | 2,704            | 2,732             | 21,872             | 46,420              |
|---------------------------------------------------------------------------------------------------------+------------------+-------------------+--------------------+---------------------|
| PropellerDiscount                                                                                       | 6,740            | 8,364             | 17,836             | 40,788              |
|---------------------------------------------------------------------------------------------------------+------------------+-------------------+--------------------+---------------------|
| PropellerFeeController                                                                                  | 8,960            | 9,402             | 15,616             | 39,750              |
|---------------------------------------------------------------------------------------------------------+------------------+-------------------+--------------------+---------------------|
| PropellerMainDebt                                                                                       | 17,483           | 31,293            | 7,093              | 17,859              |
|---------------------------------------------------------------------------------------------------------+------------------+-------------------+--------------------+---------------------|
| PropellerYieldAccounting                                                                                | 12,230           | 12,576            | 12,346             | 36,576              |
|---------------------------------------------------------------------------------------------------------+------------------+-------------------+--------------------+---------------------|
| RoundingReserveFixture                                                                                  | 58               | 87                | 24,518             | 49,065              |
|---------------------------------------------------------------------------------------------------------+------------------+-------------------+--------------------+---------------------|
| SafeERC20                                                                                               | 58               | 87                | 24,518             | 49,065              |
|---------------------------------------------------------------------------------------------------------+------------------+-------------------+--------------------+---------------------|
| SignedMath                                                                                              | 58               | 87                | 24,518             | 49,065              |
|---------------------------------------------------------------------------------------------------------+------------------+-------------------+--------------------+---------------------|
| SignedMathUpgradeable                                                                                   | 58               | 87                | 24,518             | 49,065              |
|---------------------------------------------------------------------------------------------------------+------------------+-------------------+--------------------+---------------------|
| StorageSlotUpgradeable                                                                                  | 58               | 87                | 24,518             | 49,065              |
|---------------------------------------------------------------------------------------------------------+------------------+-------------------+--------------------+---------------------|
| Strings                                                                                                 | 58               | 87                | 24,518             | 49,065              |
|---------------------------------------------------------------------------------------------------------+------------------+-------------------+--------------------+---------------------|
| StringsUpgradeable                                                                                      | 58               | 87                | 24,518             | 49,065              |
|---------------------------------------------------------------------------------------------------------+------------------+-------------------+--------------------+---------------------|
| SubLoop                                                                                                 | 23,981           | 24,212            | 595                | 24,940              |
|---------------------------------------------------------------------------------------------------------+------------------+-------------------+--------------------+---------------------|
| SyntheticToken                                                                                          | 4,827            | 5,957             | 19,749             | 43,195              |
╰---------------------------------------------------------------------------------------------------------+------------------+-------------------+--------------------+---------------------╯

note[screaming-snake-case-immutable]: immutables should use SCREAMING_SNAKE_CASE
  --> src/PropellerYieldAccounting.sol:27:30
   |
27 |     address public immutable vault;
   |                              ^^^^^ help: consider using: `VAULT`
   |
   = help: https://book.getfoundry.sh/reference/forge/forge-lint#screaming-snake-case-immutable

note[screaming-snake-case-immutable]: immutables should use SCREAMING_SNAKE_CASE
  --> src/PropellerDiscount.sol:25:56
   |
25 |     IHollarDiscountDebtToken public immutable override debtToken;
   |                                                        ^^^^^^^^^ help: consider using: `DEBT_TOKEN`
   |
   = help: https://book.getfoundry.sh/reference/forge/forge-lint#screaming-snake-case-immutable

note[screaming-snake-case-immutable]: immutables should use SCREAMING_SNAKE_CASE
  --> src/PropellerDiscount.sol:26:39
   |
26 |     address public immutable override synthetic;
   |                                       ^^^^^^^^^ help: consider using: `SYNTHETIC`
   |
   = help: https://book.getfoundry.sh/reference/forge/forge-lint#screaming-snake-case-immutable

note[screaming-snake-case-immutable]: immutables should use SCREAMING_SNAKE_CASE
  --> src/PropellerDiscount.sol:27:39
   |
27 |     ISyntheticAToken public immutable aSynthetic;
   |                                       ^^^^^^^^^^ help: consider using: `A_SYNTHETIC`
   |
   = help: https://book.getfoundry.sh/reference/forge/forge-lint#screaming-snake-case-immutable

note[screaming-snake-case-immutable]: immutables should use SCREAMING_SNAKE_CASE
  --> src/PropellerDiscount.sol:28:30
   |
28 |     address public immutable pool;
   |                              ^^^^ help: consider using: `POOL`
   |
   = help: https://book.getfoundry.sh/reference/forge/forge-lint#screaming-snake-case-immutable

note[screaming-snake-case-immutable]: immutables should use SCREAMING_SNAKE_CASE
  --> src/ExecutionController.sol:27:29
   |
27 |     uint64 public immutable maxQuoteAge;
   |                             ^^^^^^^^^^^ help: consider using: `MAX_QUOTE_AGE`
   |
   = help: https://book.getfoundry.sh/reference/forge/forge-lint#screaming-snake-case-immutable

note[screaming-snake-case-immutable]: immutables should use SCREAMING_SNAKE_CASE
  --> src/ExecutionController.sol:28:29
   |
28 |     uint64 public immutable maxQuoteBlocks;
   |                             ^^^^^^^^^^^^^^ help: consider using: `MAX_QUOTE_BLOCKS`
   |
   = help: https://book.getfoundry.sh/reference/forge/forge-lint#screaming-snake-case-immutable

note[unwrapped-modifier-logic]: wrap modifier logic to reduce code size
  --> src/PropellerYieldAccounting.sol:55:5
   |
55 |     modifier onlyVault() { if (msg.sender != vault) revert Unauthorized(); _; }
   |     ^^^^^^^^^^^^^^^^^^^^^^^^^^^^^^^^^^^^^^^^^^^^^^^^^^^^^^^^^^^^^^^^^^^^^^^^^^^
   |
help: wrap modifier logic to reduce code size
   |
55 ~     modifier onlyVault() {
56 + _onlyVault();
57 + _;
58 + }
59 +
60 + function _onlyVault() internal {
61 + if (msg.sender != vault) revert Unauthorized();
62 + }
   |
   = help: https://book.getfoundry.sh/reference/forge/forge-lint#unwrapped-modifier-logic

note[screaming-snake-case-immutable]: immutables should use SCREAMING_SNAKE_CASE
  --> src/PropellerMainDebt.sol:42:39
   |
42 |     address public immutable override vault;
   |                                       ^^^^^ help: consider using: `VAULT`
   |
   = help: https://book.getfoundry.sh/reference/forge/forge-lint#screaming-snake-case-immutable

note[screaming-snake-case-immutable]: immutables should use SCREAMING_SNAKE_CASE
  --> src/Harvester.sol:30:31
   |
30 |     ISubLoop public immutable subLoop;
   |                               ^^^^^^^ help: consider using: `SUB_LOOP`
   |
   = help: https://book.getfoundry.sh/reference/forge/forge-lint#screaming-snake-case-immutable

note[screaming-snake-case-immutable]: immutables should use SCREAMING_SNAKE_CASE
  --> src/Harvester.sol:31:29
   |
31 |     IERC20 public immutable prime; // the token SubLoop.harvest returns
   |                             ^^^^^ help: consider using: `PRIME`
   |
   = help: https://book.getfoundry.sh/reference/forge/forge-lint#screaming-snake-case-immutable

note[screaming-snake-case-immutable]: immutables should use SCREAMING_SNAKE_CASE
  --> src/PropellerMainDebt.sol:43:39
   |
43 |     address public immutable override yieldAccounting;
   |                                       ^^^^^^^^^^^^^^^ help: consider using: `YIELD_ACCOUNTING`
   |
   = help: https://book.getfoundry.sh/reference/forge/forge-lint#screaming-snake-case-immutable

note[screaming-snake-case-immutable]: immutables should use SCREAMING_SNAKE_CASE
  --> test/mocks/MockYieldSource.sol:18:29
   |
18 |     IERC20 public immutable hollar;
   |                             ^^^^^^ help: consider using: `HOLLAR`
   |
   = help: https://book.getfoundry.sh/reference/forge/forge-lint#screaming-snake-case-immutable

note[screaming-snake-case-immutable]: immutables should use SCREAMING_SNAKE_CASE
   --> src/CollateralVault.sol:155:30
    |
155 |     address public immutable compoundLogic;
    |                              ^^^^^^^^^^^^^ help: consider using: `COMPOUND_LOGIC`
    |
    = help: https://book.getfoundry.sh/reference/forge/forge-lint#screaming-snake-case-immutable

warning[erc20-unchecked-transfer]: ERC20 'transfer' and 'transferFrom' calls should check the return value
  --> test/mocks/MockFeeAttack.sol:30:9
   |
30 |         IERC20(tokenIn).transferFrom(msg.sender, address(this), amountIn * spendBps / 10_000);
   |         ^^^^^^^^^^^^^^^^^^^^^^^^^^^^^^^^^^^^^^^^^^^^^^^^^^^^^^^^^^^^^^^^^^^^^^^^^^^^^^^^^^^^^
   |
   = help: https://book.getfoundry.sh/reference/forge/forge-lint#erc20-unchecked-transfer

note[asm-keccak256]: use of inefficient hashing mechanism; consider using inline assembly
  --> src/ExecutionController.sol:54:16
   |
54 |         return keccak256(abi.encode(consumer, tokenIn, tokenOut));
   |                ^^^^^^^^^^^^^^^^^^^^^^^^^^^^^^^^^^^^^^^^^^^^^^^^^^
   |
   = help: https://book.getfoundry.sh/reference/forge/forge-lint#asm-keccak256

warning[erc20-unchecked-transfer]: ERC20 'transfer' and 'transferFrom' calls should check the return value
  --> test/mocks/MockYieldSource.sol:42:9
   |
42 |         hollar.transferFrom(msg.sender, address(this), hollarAmount);
   |         ^^^^^^^^^^^^^^^^^^^^^^^^^^^^^^^^^^^^^^^^^^^^^^^^^^^^^^^^^^^^
   |
   = help: https://book.getfoundry.sh/reference/forge/forge-lint#erc20-unchecked-transfer

note[screaming-snake-case-immutable]: immutables should use SCREAMING_SNAKE_CASE
  --> test/helpers/NativeQueueActor.sol:18:30
   |
18 |     address public immutable owner = msg.sender;
   |                              ^^^^^ help: consider using: `OWNER`
   |
   = help: https://book.getfoundry.sh/reference/forge/forge-lint#screaming-snake-case-immutable

warning[unsafe-typecast]: typecasts that can truncate values should be checked
  --> test/helpers/NativeRouteSwapper.sol:14:14
   |
14 |         id = uint32(uint160(token));
   |              ^^^^^^^^^^^^^^^^^^^^^^
   |
   = note: consider disabling this lint if you're certain the cast is safe

           // casting to 'uint32' is safe because [explain why]
           // forge-lint: disable-next-line(unsafe-typecast)


   = help: https://book.getfoundry.sh/reference/forge/forge-lint#unsafe-typecast

note[named-struct-fields]: prefer initializing structs with named fields
  --> src/ExecutionController.sol:66:26
   |
66 |         budgets[group] = Budget(token, capacity, refill, credit, uint64(block.timestamp), expiresAt);
   |                          ^^^^^^^^^^^^^^^^^^^^^^^^^^^^^^^^^^^^^^^^^^^^^^^^^^^^^^^^^^^^^^^^^^^^^^^^^^^ help: consider using named fields: `Budget({ token: token, capacity: capacity, refillPerSecond: refill, credit: credit, updatedAt: uint64(block.timestamp), expiresAt: expiresAt })`
   |
   = help: https://book.getfoundry.sh/reference/forge/forge-lint#named-struct-fields

warning[divide-before-multiply]: multiplication should occur before division to avoid loss of precision
   --> src/SubLoop.sol:445:39
    |
445 |                     uint256 sellAmt = ((coll8 - minColl8) * 90 / 100) * 1e6 / pPrime;
    |                                       ^^^^^^^^^^^^^^^^^^^^^^^^^^^^^^^^^^^^^
    |
    = help: https://book.getfoundry.sh/reference/forge/forge-lint#divide-before-multiply

note[mixed-case-variable]: mutable variables should use mixedCase
   --> src/CollateralVault.sol:845:25
    |
845 |     uint256[29] private __gap;
    |                         ^^^^^ help: consider using: `_gap`
    |
    = help: https://book.getfoundry.sh/reference/forge/forge-lint#mixed-case-variable

note[screaming-snake-case-immutable]: immutables should use SCREAMING_SNAKE_CASE
  --> test/mocks/MockDiscount.sol:69:30
   |
69 |     address public immutable pool;
   |                              ^^^^ help: consider using: `POOL`
   |
   = help: https://book.getfoundry.sh/reference/forge/forge-lint#screaming-snake-case-immutable

note[screaming-snake-case-immutable]: immutables should use SCREAMING_SNAKE_CASE
  --> test/mocks/MockDiscount.sol:70:30
   |
70 |     address public immutable synthetic;
   |                              ^^^^^^^^^ help: consider using: `SYNTHETIC`
   |
   = help: https://book.getfoundry.sh/reference/forge/forge-lint#screaming-snake-case-immutable

note[screaming-snake-case-immutable]: immutables should use SCREAMING_SNAKE_CASE
  --> test/mocks/MockDiscount.sol:71:30
   |
71 |     address public immutable hollarDebtToken;
   |                              ^^^^^^^^^^^^^^^ help: consider using: `HOLLAR_DEBT_TOKEN`
   |
   = help: https://book.getfoundry.sh/reference/forge/forge-lint#screaming-snake-case-immutable

note[screaming-snake-case-immutable]: immutables should use SCREAMING_SNAKE_CASE
  --> src/PropellerMainDebt.sol:44:29
   |
44 |     IERC20 public immutable hollar;
   |                             ^^^^^^ help: consider using: `HOLLAR`
   |
   = help: https://book.getfoundry.sh/reference/forge/forge-lint#screaming-snake-case-immutable

note[screaming-snake-case-immutable]: immutables should use SCREAMING_SNAKE_CASE
  --> src/PropellerMainDebt.sol:45:29
   |
45 |     IERC20 public immutable debtToken;
   |                             ^^^^^^^^^ help: consider using: `DEBT_TOKEN`
   |
   = help: https://book.getfoundry.sh/reference/forge/forge-lint#screaming-snake-case-immutable

note[screaming-snake-case-immutable]: immutables should use SCREAMING_SNAKE_CASE
  --> src/PropellerMainDebt.sol:46:32
   |
46 |     IAavePool public immutable pool;
   |                                ^^^^ help: consider using: `POOL`
   |
   = help: https://book.getfoundry.sh/reference/forge/forge-lint#screaming-snake-case-immutable

note[screaming-snake-case-immutable]: immutables should use SCREAMING_SNAKE_CASE
 --> test/mocks/MockERC20.sol:8:29
  |
8 |     uint8 private immutable _dec;
  |                             ^^^^ help: consider using: `_DEC`
  |
  = help: https://book.getfoundry.sh/reference/forge/forge-lint#screaming-snake-case-immutable

warning[erc20-unchecked-transfer]: ERC20 'transfer' and 'transferFrom' calls should check the return value
  --> test/mocks/MockYieldSource.sol:79:9
   |
79 |         hollar.transfer(msg.sender, hollarSent);
   |         ^^^^^^^^^^^^^^^^^^^^^^^^^^^^^^^^^^^^^^^
   |
   = help: https://book.getfoundry.sh/reference/forge/forge-lint#erc20-unchecked-transfer

note[screaming-snake-case-immutable]: immutables should use SCREAMING_SNAKE_CASE
  --> test/mocks/MockSwapper.sol:17:31
   |
17 |     MockPool public immutable pool;
   |                               ^^^^ help: consider using: `POOL`
   |
   = help: https://book.getfoundry.sh/reference/forge/forge-lint#screaming-snake-case-immutable

note[named-struct-fields]: prefer initializing structs with named fields
  --> src/ExecutionController.sol:76:23
   |
76 |         limits[key] = Limit(group, minimum, maximum);
   |                       ^^^^^^^^^^^^^^^^^^^^^^^^^^^^^^ help: consider using named fields: `Limit({ group: group, minimum: minimum, maximum: maximum })`
   |
   = help: https://book.getfoundry.sh/reference/forge/forge-lint#named-struct-fields

warning[unsafe-typecast]: typecasts that can truncate values should be checked
  --> test/helpers/NativeRouteSwapper.sol:28:44
   |
28 |         DcaDispatch.routerSell(input, out, uint128(amount), uint128(minOut), hops);
   |                                            ^^^^^^^^^^^^^^^
   |
   = note: consider disabling this lint if you're certain the cast is safe

           // casting to 'uint128' is safe because [explain why]
           // forge-lint: disable-next-line(unsafe-typecast)


   = help: https://book.getfoundry.sh/reference/forge/forge-lint#unsafe-typecast

warning[unsafe-typecast]: typecasts that can truncate values should be checked
  --> test/helpers/NativeRouteSwapper.sol:28:61
   |
28 |         DcaDispatch.routerSell(input, out, uint128(amount), uint128(minOut), hops);
   |                                                             ^^^^^^^^^^^^^^^
   |
   = note: consider disabling this lint if you're certain the cast is safe

           // casting to 'uint128' is safe because [explain why]
           // forge-lint: disable-next-line(unsafe-typecast)


   = help: https://book.getfoundry.sh/reference/forge/forge-lint#unsafe-typecast

warning[unsafe-typecast]: typecasts that can truncate values should be checked
   --> src/lib/DcaDispatch.sol:172:20
    |
172 |             bytes1(uint8(x)), bytes1(uint8(x >> 8)), bytes1(uint8(x >> 16)), bytes1(uint8(x >> 24))
    |                    ^^^^^^^^
    |
    = note: consider disabling this lint if you're certain the cast is safe

            // casting to 'uint8' is safe because [explain why]
            // forge-lint: disable-next-line(unsafe-typecast)


    = help: https://book.getfoundry.sh/reference/forge/forge-lint#unsafe-typecast

warning[unsafe-typecast]: typecasts that can truncate values should be checked
   --> src/lib/DcaDispatch.sol:172:38
    |
172 |             bytes1(uint8(x)), bytes1(uint8(x >> 8)), bytes1(uint8(x >> 16)), bytes1(uint8(x >> 24))
    |                                      ^^^^^^^^^^^^^
    |
    = note: consider disabling this lint if you're certain the cast is safe

            // casting to 'uint8' is safe because [explain why]
            // forge-lint: disable-next-line(unsafe-typecast)


    = help: https://book.getfoundry.sh/reference/forge/forge-lint#unsafe-typecast

warning[unsafe-typecast]: typecasts that can truncate values should be checked
   --> src/lib/DcaDispatch.sol:172:61
    |
172 |             bytes1(uint8(x)), bytes1(uint8(x >> 8)), bytes1(uint8(x >> 16)), bytes1(uint8(x >> 24))
    |                                                             ^^^^^^^^^^^^^^
    |
    = note: consider disabling this lint if you're certain the cast is safe

            // casting to 'uint8' is safe because [explain why]
            // forge-lint: disable-next-line(unsafe-typecast)


    = help: https://book.getfoundry.sh/reference/forge/forge-lint#unsafe-typecast

note[mixed-case-variable]: mutable variables should use mixedCase
   --> src/SubLoop.sol:873:25
    |
873 |     uint256[37] private __gap;
    |                         ^^^^^ help: consider using: `_gap`
    |
    = help: https://book.getfoundry.sh/reference/forge/forge-lint#mixed-case-variable

note[named-struct-fields]: prefer initializing structs with named fields
  --> test/mocks/MockPool.sol:90:27
   |
90 |         reserves[asset] = Reserve(MockERC20(aToken), MockERC20(debtToken), ltBps, ltvBps, dec, priceWad, true);
   |                           ^^^^^^^^^^^^^^^^^^^^^^^^^^^^^^^^^^^^^^^^^^^^^^^^^^^^^^^^^^^^^^^^^^^^^^^^^^^^^^^^^^^^ help: consider using named fields: `Reserve({ aToken: MockERC20(aToken), debtToken: MockERC20(debtToken), ltBps: ltBps, ltvBps: ltvBps, decimals: dec, priceWad: priceWad, exists: true })`
   |
   = help: https://book.getfoundry.sh/reference/forge/forge-lint#named-struct-fields

warning[unsafe-typecast]: typecasts that can truncate values should be checked
   --> src/CollateralVault.sol:615:37
    |
615 |         emit SyntheticPegMaintained(int256(add));
    |                                     ^^^^^^^^^^^
    |
    = note: consider disabling this lint if you're certain the cast is safe

            // casting to 'int256' is safe because [explain why]
            // forge-lint: disable-next-line(unsafe-typecast)


    = help: https://book.getfoundry.sh/reference/forge/forge-lint#unsafe-typecast

note[unwrapped-modifier-logic]: wrap modifier logic to reduce code size
   --> src/SubLoop.sol:118:5
    |
118 | /     modifier whenNotEmergencyPaused() {
119 | |         if (emergencyPaused) revert EmergencyPaused();
120 | |         _;
121 | |     }
    | |_____^
    |
help: wrap modifier logic to reduce code size
    |
118 ~     modifier whenNotEmergencyPaused() {
119 +         _whenNotEmergencyPaused();
120 +         _;
121 +     }
122 +
123 +     function _whenNotEmergencyPaused() internal {
124 +         if (emergencyPaused) revert EmergencyPaused();
125 +     }
    |
    = help: https://book.getfoundry.sh/reference/forge/forge-lint#unwrapped-modifier-logic

note[unwrapped-modifier-logic]: wrap modifier logic to reduce code size
   --> src/PropellerMainDebt.sol:104:5
    |
104 | /     modifier onlyVault() {
105 | |         if (msg.sender != vault) revert Unauthorized();
106 | |         _;
107 | |     }
    | |_____^
    |
help: wrap modifier logic to reduce code size
    |
104 ~     modifier onlyVault() {
105 +         _onlyVault();
106 +         _;
107 +     }
108 +
109 +     function _onlyVault() internal {
110 +         if (msg.sender != vault) revert Unauthorized();
111 +     }
    |
    = help: https://book.getfoundry.sh/reference/forge/forge-lint#unwrapped-modifier-logic

warning[unsafe-typecast]: typecasts that can truncate values should be checked
   --> src/lib/DcaDispatch.sol:172:85
    |
172 |             bytes1(uint8(x)), bytes1(uint8(x >> 8)), bytes1(uint8(x >> 16)), bytes1(uint8(x >> 24))
    |                                                                                     ^^^^^^^^^^^^^^
    |
    = note: consider disabling this lint if you're certain the cast is safe

            // casting to 'uint8' is safe because [explain why]
            // forge-lint: disable-next-line(unsafe-typecast)


    = help: https://book.getfoundry.sh/reference/forge/forge-lint#unsafe-typecast

warning[unsafe-typecast]: typecasts that can truncate values should be checked
   --> src/lib/DcaDispatch.sol:179:27
    |
179 |             b[i] = bytes1(uint8(x >> (8 * i)));
    |                           ^^^^^^^^^^^^^^^^^^^
    |
    = note: consider disabling this lint if you're certain the cast is safe

            // casting to 'uint8' is safe because [explain why]
            // forge-lint: disable-next-line(unsafe-typecast)


    = help: https://book.getfoundry.sh/reference/forge/forge-lint#unsafe-typecast

warning[unsafe-typecast]: typecasts that can truncate values should be checked
   --> src/lib/DcaDispatch.sol:186:44
    |
186 |             return abi.encodePacked(bytes1(uint8(x) << 2)); // mode 0b00
    |                                            ^^^^^^^^
    |
    = note: consider disabling this lint if you're certain the cast is safe

            // casting to 'uint8' is safe because [explain why]
            // forge-lint: disable-next-line(unsafe-typecast)


    = help: https://book.getfoundry.sh/reference/forge/forge-lint#unsafe-typecast

warning[unsafe-typecast]: typecasts that can truncate values should be checked
   --> src/lib/DcaDispatch.sol:188:25
    |
188 |             uint16 v = (uint16(x) << 2) | 0x01; // mode 0b01
    |                         ^^^^^^^^^
    |
    = note: consider disabling this lint if you're certain the cast is safe

            // casting to 'uint16' is safe because [explain why]
            // forge-lint: disable-next-line(unsafe-typecast)


    = help: https://book.getfoundry.sh/reference/forge/forge-lint#unsafe-typecast

warning[unsafe-typecast]: typecasts that can truncate values should be checked
   --> src/lib/DcaDispatch.sol:189:44
    |
189 |             return abi.encodePacked(bytes1(uint8(v)), bytes1(uint8(v >> 8)));
    |                                            ^^^^^^^^
    |
    = note: consider disabling this lint if you're certain the cast is safe

            // casting to 'uint8' is safe because [explain why]
            // forge-lint: disable-next-line(unsafe-typecast)


    = help: https://book.getfoundry.sh/reference/forge/forge-lint#unsafe-typecast

warning[unsafe-typecast]: typecasts that can truncate values should be checked
   --> src/lib/DcaDispatch.sol:189:62
    |
189 |             return abi.encodePacked(bytes1(uint8(v)), bytes1(uint8(v >> 8)));
    |                                                              ^^^^^^^^^^^^^
    |
    = note: consider disabling this lint if you're certain the cast is safe

            // casting to 'uint8' is safe because [explain why]
            // forge-lint: disable-next-line(unsafe-typecast)


    = help: https://book.getfoundry.sh/reference/forge/forge-lint#unsafe-typecast

warning[unsafe-typecast]: typecasts that can truncate values should be checked
   --> src/ExecutionController.sol:117:20
    |
117 |         b.credit = uint128(_credit(b) - amount);
    |                    ^^^^^^^^^^^^^^^^^^^^^^^^^^^^
    |
    = note: consider disabling this lint if you're certain the cast is safe

            // casting to 'uint128' is safe because [explain why]
            // forge-lint: disable-next-line(unsafe-typecast)


    = help: https://book.getfoundry.sh/reference/forge/forge-lint#unsafe-typecast

warning[unsafe-typecast]: typecasts that can truncate values should be checked
   --> src/SubLoop.sol:380:62
    |
380 |         DcaDispatch.routerSell(hollarAssetId, aPrimeAssetId, uint128(amount), minOut, _deployRoute());
    |                                                              ^^^^^^^^^^^^^^^
    |
    = note: consider disabling this lint if you're certain the cast is safe

            // casting to 'uint128' is safe because [explain why]
            // forge-lint: disable-next-line(unsafe-typecast)


    = help: https://book.getfoundry.sh/reference/forge/forge-lint#unsafe-typecast

warning[erc20-unchecked-transfer]: ERC20 'transfer' and 'transferFrom' calls should check the return value
   --> test/mocks/MockPool.sol:126:9
    |
126 |         IERC20(asset).transferFrom(msg.sender, address(this), amount);
    |         ^^^^^^^^^^^^^^^^^^^^^^^^^^^^^^^^^^^^^^^^^^^^^^^^^^^^^^^^^^^^^
    |
    = help: https://book.getfoundry.sh/reference/forge/forge-lint#erc20-unchecked-transfer

warning[unsafe-typecast]: typecasts that can truncate values should be checked
   --> src/SubLoop.sol:397:16
    |
397 |         return uint128(minimum);
    |                ^^^^^^^^^^^^^^^^
    |
    = note: consider disabling this lint if you're certain the cast is safe

            // casting to 'uint128' is safe because [explain why]
            // forge-lint: disable-next-line(unsafe-typecast)


    = help: https://book.getfoundry.sh/reference/forge/forge-lint#unsafe-typecast

note[named-struct-fields]: prefer initializing structs with named fields
   --> src/ExecutionController.sol:125:21
    |
125 |         trades.push(Trade(key, amount, 0));
    |                     ^^^^^^^^^^^^^^^^^^^^^ help: consider using named fields: `Trade({ lane: key, amountIn: amount, amountOut: 0 })`
    |
    = help: https://book.getfoundry.sh/reference/forge/forge-lint#named-struct-fields

warning[erc20-unchecked-transfer]: ERC20 'transfer' and 'transferFrom' calls should check the return value
   --> test/mocks/MockPool.sol:143:9
    |
143 |         IERC20(asset).transfer(to, amount);
    |         ^^^^^^^^^^^^^^^^^^^^^^^^^^^^^^^^^^
    |
    = help: https://book.getfoundry.sh/reference/forge/forge-lint#erc20-unchecked-transfer

warning[unsafe-typecast]: typecasts that can truncate values should be checked
   --> src/SubLoop.sol:535:62
    |
535 |         DcaDispatch.routerSell(aPrimeAssetId, hollarAssetId, uint128(amount), _minimumOut(fairOut), _unwindRoute());
    |                                                              ^^^^^^^^^^^^^^^
    |
    = note: consider disabling this lint if you're certain the cast is safe

            // casting to 'uint128' is safe because [explain why]
            // forge-lint: disable-next-line(unsafe-typecast)


    = help: https://book.getfoundry.sh/reference/forge/forge-lint#unsafe-typecast

warning[erc20-unchecked-transfer]: ERC20 'transfer' and 'transferFrom' calls should check the return value
   --> test/mocks/MockPool.sol:161:9
    |
161 |         IERC20(asset).transferFrom(msg.sender, address(this), r);
    |         ^^^^^^^^^^^^^^^^^^^^^^^^^^^^^^^^^^^^^^^^^^^^^^^^^^^^^^^^
    |
    = help: https://book.getfoundry.sh/reference/forge/forge-lint#erc20-unchecked-transfer

note[named-struct-fields]: prefer initializing structs with named fields
   --> src/PropellerMainDebt.sol:229:31
    |
229 |             sourceFees[key] = SourceFee(yield, fee);
    |                               ^^^^^^^^^^^^^^^^^^^^^ help: consider using named fields: `SourceFee({ yieldRemaining: yield, feeRemaining: fee })`
    |
    = help: https://book.getfoundry.sh/reference/forge/forge-lint#named-struct-fields

note[named-struct-fields]: prefer initializing structs with named fields
   --> src/PropellerMainDebt.sol:245:25
    |
245 |         sourceFees[0] = SourceFee(yield, fee);
    |                         ^^^^^^^^^^^^^^^^^^^^^ help: consider using named fields: `SourceFee({ yieldRemaining: yield, feeRemaining: fee })`
    |
    = help: https://book.getfoundry.sh/reference/forge/forge-lint#named-struct-fields

warning[erc20-unchecked-transfer]: ERC20 'transfer' and 'transferFrom' calls should check the return value
   --> test/mocks/MockPool.sol:195:9
    |
195 |         IERC20(asset).transfer(to, amount);
    |         ^^^^^^^^^^^^^^^^^^^^^^^^^^^^^^^^^^
    |
    = help: https://book.getfoundry.sh/reference/forge/forge-lint#erc20-unchecked-transfer

warning[unsafe-typecast]: typecasts that can truncate values should be checked
   --> src/ExecutionController.sol:179:38
    |
179 |             if (reason.length < 4 || bytes4(reason) != Simulation.selector) {
    |                                      ^^^^^^^^^^^^^^
    |
    = note: consider disabling this lint if you're certain the cast is safe

            // casting to 'bytes4' is safe because [explain why]
            // forge-lint: disable-next-line(unsafe-typecast)


    = help: https://book.getfoundry.sh/reference/forge/forge-lint#unsafe-typecast
