TAP version 13
# Subtest: six requested TVLs and 90-day price paths
ok 1 - six requested TVLs and 90-day price paths
  ---
  duration_ms: 1.200893
  type: 'test'
  ...
# Subtest: debt identities and modeled funding are explicit
ok 2 - debt identities and modeled funding are explicit
  ---
  duration_ms: 1.339156
  type: 'test'
  ...
# Subtest: Main discount never subsidizes loop interest; bear still needs loss funding
ok 3 - Main discount never subsidizes loop interest; bear still needs loss funding
  ---
  duration_ms: 0.306186
  type: 'test'
  ...
# Subtest: PRIME gap losses separate Main funding from loop bad debt
ok 4 - PRIME gap losses separate Main funding from loop bad debt
  ---
  duration_ms: 0.183893
  type: 'test'
  ...
# Subtest: outage defers harvest and resizing, without hiding accrued interest
ok 5 - outage defers harvest and resizing, without hiding accrued interest
  ---
  duration_ms: 0.307356
  type: 'test'
  ...
# Subtest: TVL scaling is linear only before capacity gates
ok 6 - TVL scaling is linear only before capacity gates
  ---
  duration_ms: 0.387627
  type: 'test'
  ...
# Subtest: partial and final exits expose both HOLLAR and PRIME liquidity demand
ok 7 - partial and final exits expose both HOLLAR and PRIME liquidity demand
  ---
  duration_ms: 0.51131
  type: 'test'
  ...
# Subtest: pinned snapshot quotes, HSM limits and capacity gates
ok 8 - pinned snapshot quotes, HSM limits and capacity gates
  ---
  duration_ms: 79.641146
  type: 'test'
  ...
1..8
# tests 8
# suites 0
# pass 8
# fail 0
# cancelled 0
# skipped 0
# todo 0
# duration_ms 96.568903
