TAP version 13
# Subtest: bridge capacity refills linearly, rounds down and never exceeds limit
ok 1 - bridge capacity refills linearly, rounds down and never exceeds limit
  ---
  duration_ms: 0.758675
  type: 'test'
  ...
# Subtest: bridge capacity rejects future timestamps or invalid balances
ok 2 - bridge capacity rejects future timestamps or invalid balances
  ---
  duration_ms: 3.745042
  type: 'test'
  ...
# Subtest: minimum refill is exact at native-unit boundary
ok 3 - minimum refill is exact at native-unit boundary
  ---
  duration_ms: 0.168524
  type: 'test'
  ...
# Subtest: pinned pricing and refill evidence does not turn turnover into a guarantee
ok 4 - pinned pricing and refill evidence does not turn turnover into a guarantee
  ---
  duration_ms: 79.35011
  type: 'test'
  ...
1..4
# tests 4
# suites 0
# pass 4
# fail 0
# cancelled 0
# skipped 0
# todo 0
# duration_ms 94.541873
