Missing dependencies found. Installing now...

Warning: Your project has missing dependencies that could not be installed.
No files changed, compilation skipped

Ran 8 tests for test/MainDebtCampaign.t.sol:MainDebtCampaignTest
[PASS] test_campaign100k() (gas: 15073437104)
Logs:
  CONTRACT_CASE,100000,0,0,0,0,85,25,25,0,172800,1,60,735242604261702041259,3758903882227735607793,0,480201585871720149321,484339626226300747658122,515937193257610000000000,519641484159577500000000,0,0,0,0,3137499999989,0,0
  CONTRACT_CASE,100000,0,0,5000,0,85,25,25,0,172800,1,60,366518164894645145607,3762935286187852958026,0,226417311966867032286,484058104242492923657764,515937568661170000000000,519532944243442500000000,0,0,9,10,243027992231635956,17282647969655427232,0
  CONTRACT_CASE,100000,0,0,10000,0,85,25,25,0,172800,1,60,0,3765831773271558933762,0,93750128010000000000,483774897165814198626301,515937841461700000000000,519498709942695000000000,0,0,30,32,18339217654998790973,23152006737528991389,0
  CONTRACT_CASE,100000,0,1,0,0,85,25,25,0,172800,1,60,735254533574442638006,3750840619607669718058,0,483885202707548264198,484320017578132373086733,515936459258700000000000,519630819700545000000000,0,0,0,0,3137499999989,0,0
  CONTRACT_CASE,100000,0,1,5000,0,85,25,25,0,172800,1,60,366524740004644035556,3750840619607669718058,0,229224161028664047741,484028686797386658187842,515936459258700000000000,519516938245725000000000,0,0,9,10,243000469711872936,17282625082252536563,0
  CONTRACT_CASE,100000,0,1,10000,0,85,25,25,0,172800,1,60,0,3750840619607669718058,0,93750128010000000000,483738425535646084684290,515936459258700000000000,519478862402902500000000,0,0,30,32,14864825452498790973,23151969822252536563,0
  CONTRACT_CASE,100000,1,0,0,0,85,25,25,0,172800,1,60,883694037719005299447,4431708893278610168048,0,1005976709232274315036,702799508596128389904958,702253762197690000000000,706562761699777500000000,0,0,0,0,4000000000000,0,0
  CONTRACT_CASE,100000,1,0,5000,0,85,25,25,0,172800,1,60,449171972162927577281,4553800586756444769981,0,493013414366677034235,703384797626117414365613,703188619151840000000000,707697821636032500000000,0,0,0,0,2000000000000,42319951225708922,42320031225708922
  CONTRACT_CASE,100000,1,0,10000,0,85,25,25,0,172800,1,60,0,4682426605767743054712,0,97262185489917043987,722851703209007592828257,722340110739750000000000,726692634106740000000000,0,0,0,0,10485896624915831686,42349151819526627629,0
  CONTRACT_CASE,100000,1,1,0,0,85,25,25,0,172800,1,60,849189193170343162489,4291193407559601301570,0,1047840795530069087681,693957283816484946363411,694082180876320000000000,698174314613685000000000,0,0,0,0,4000000000000,0,0
  CONTRACT_CASE,100000,1,1,5000,0,85,25,25,0,172800,1,60,423792310365400612044,4322681792766524163107,0,612821984712915960278,695775051655723640742637,695404954553840000000000,699538192901362500000000,0,0,0,0,4000000000000,0,0
  CONTRACT_CASE,100000,1,1,10000,0,85,25,25,0,172800,1,60,0,4327231957930911416340,0,226853829792969593493,696922005081634689359619,696859691597120000000000,700993482600757500000000,0,0,0,0,33832185304282880131,0,0
  CONTRACT_CASE,100000,2,0,0,0,85,25,25,0,172800,1,60,1531675928778558056284,4243828189020402007765,0,6366119378861777030278,462201347793895223013698,472255849132970000000000,471665211700935000000000,0,0,0,0,4000000000000,0,0
  CONTRACT_CASE,100000,2,0,5000,0,85,25,25,0,172800,1,60,763729488830280976580,4477335320623074176238,0,5732706157018872000553,462188608059607551780821,472255849132970000000000,471764197155090000000000,0,0,0,0,4000000000000,0,0
  CONTRACT_CASE,100000,2,0,10000,0,85,25,25,0,172800,1,60,0,4591753723001906510656,0,5016715200674892924209,462175868326329880547945,472255849132970000000000,471830876109915000000000,0,0,0,0,3014891747015,0,0
  CONTRACT_CASE,100000,2,1,0,0,85,25,25,0,172800,1,60,1643248556152936987838,6898308478855074450902,0,8122132476325710546015,462201347793895223013698,472255849132970000000000,472675138844212500000000,32,0,0,0,3002772380575,0,0
  CONTRACT_CASE,100000,2,1,5000,0,85,25,25,0,172800,1,60,816764717373086571732,6886702026795878862702,0,7286625226274341665650,462188608059607551780821,472255849132970000000000,472672562957070000000000,2,0,0,0,3016253909051,0,0
  CONTRACT_CASE,100000,2,1,10000,0,85,25,25,0,172800,1,60,0,6896844333227467288396,0,6474287341270777033804,462175868326329880547945,472255849132970000000000,472678271881987500000000,0,0,0,0,3010775847235,0,0
  CONTRACT_CASE,100000,3,0,0,0,85,25,25,0,172800,1,60,887431530502748171661,4044350322316409646594,0,3470357351316945446948,473168783779769900816579,472255849132970000000000,473717098399755000000000,0,0,0,0,3016696039934,0,0
  CONTRACT_CASE,100000,3,0,5000,0,85,25,25,0,172800,1,60,442364047238939494880,4138885508811273840762,0,3028785235355974273056,473093843155379084961408,472255849132970000000000,473808129762975000000000,0,0,0,0,3004533554222,0,0
  CONTRACT_CASE,100000,3,0,10000,0,85,25,25,0,172800,1,60,0,4114344842186792602484,0,2583242604550401652407,473018965665854724606314,472255849132970000000000,473786774256547500000000,0,0,0,0,3015400398437,0,0
  CONTRACT_CASE,100000,3,1,0,0,85,25,25,0,172800,1,60,887431530502748171661,4044350322316409646594,0,3470357351316945446948,473168783779769900816579,472255849132970000000000,473717098399755000000000,2,0,0,0,3016696039934,0,0
  CONTRACT_CASE,100000,3,1,5000,0,85,25,25,0,172800,1,60,442364047238939494880,4138885508811273840762,0,3028785235355974273056,473093843155379084961408,472255849132970000000000,473808129762975000000000,0,0,0,0,3004533554222,0,0
  CONTRACT_CASE,100000,3,1,10000,0,85,25,25,0,172800,1,60,0,4114344842186792602484,0,2583242604550401652407,473018965665854724606314,472255849132970000000000,473786774256547500000000,0,0,0,0,3015400398437,0,0
  CONTRACT_CASE,100000,4,0,0,0,85,25,25,0,172800,1,60,1439337871554054544852,6499790120380629773549,0,5409845083927667962899,616651294280236946940669,613231994461980000000000,615761025520410000000000,0,0,0,0,3013612128856,0,0
  CONTRACT_CASE,100000,4,0,5000,0,85,25,25,0,172800,1,60,728100013188792435401,7042758834109811512312,0,5112936193917403248409,648389460293535084986669,645329651814650000000000,647987290985790000000000,0,0,0,0,3013609512246,0,0
  CONTRACT_CASE,100000,4,0,10000,0,85,25,25,0,172800,1,60,0,6603086422336137565176,0,4013638750165891219582,651689018947519195374733,649186455865210000000000,651775652121352500000000,0,0,0,0,3010889913381,0,0
  CONTRACT_CASE,100000,4,1,0,0,85,25,25,0,172800,1,60,1283225802172898152355,6321314515330846093233,0,4522500405687897859287,476702144867137385977268,472255849132970000000000,475337607379740000000000,0,0,0,0,3009998464120,0,0
  CONTRACT_CASE,100000,4,1,5000,0,85,25,25,0,172800,1,60,637754092302823645192,6321314515330846093233,0,3877028695817823352124,476336477096100522082716,472255849132970000000000,475337607379740000000000,0,0,0,0,3009998464121,0,0
  CONTRACT_CASE,100000,4,1,10000,0,85,25,25,0,172800,1,60,0,6468459637256292319170,0,3810589851890150753165,575468554184417503295262,572222888092740000000000,574880485730617500000000,0,0,0,0,3010149449692,0,0

[PASS] test_campaign100m() (gas: 20041929561)
Logs:
  CONTRACT_CASE,100000000,0,0,0,0,85,25,25,0,172800,1,60,735930246814217416724317,3671321943118890350027519,0,514906496625283832784287,484117564927011292025464593,514865244755171500000000000,518465633366999115000000000,0,0,0,0,2000000000000,34801017149585358333,34801711277085358333
  CONTRACT_CASE,100000000,0,0,5000,0,85,25,25,0,172800,1,60,366843717727914304625512,3688698015215105186292598,0,244104722900453667422003,483868489777418363978942930,514861554917483470000000000,518365321204920630000000000,0,0,8,9,193358718470042565206,17333996993474342413096,0
  CONTRACT_CASE,100000000,0,0,10000,0,85,25,25,0,172800,1,60,0,3700648491412439795098085,0,93750000128010000000000,483607315969343756361363075,514859025666180230000000000,518336665600493092500000000,0,0,29,31,246516200702500001760,23203505093394175189616,0
  CONTRACT_CASE,100000000,0,1,0,0,85,25,25,0,172800,1,60,735967018422016580235892,3639313736247298304252113,0,505549545271099519582356,484038416739945243310269046,510474636742060360000000000,514089454044727732500000000,0,0,0,0,2000000000000,55107601168121775700,55108664570621775700
  CONTRACT_CASE,100000000,0,1,5000,0,85,25,25,0,172800,1,60,366861676291902501555055,3639313736247298304252113,0,244105357362627026861744,483747086147901898683324947,510474636742060360000000000,513712959994667160000000000,0,0,4,5,5140657813658127497,57752743584818121775700,0
  CONTRACT_CASE,100000000,0,1,10000,0,85,25,25,0,172800,1,60,0,3639313736247298304252113,0,93750000128010000000000,483456825073161951168981994,510474636742060360000000000,513629642317444800000000000,0,0,24,26,91513872780000001760,70713366228228121775700,0
  CONTRACT_CASE,100000000,1,0,0,0,85,25,25,0,172800,1,60,892451600560830515889179,4331038862081764936097166,0,1091747332001735179124552,709716999007609989613729565,710693433309606660000000000,714825176016571252500000000,0,0,0,0,4000000000000,0,0
  CONTRACT_CASE,100000000,1,0,5000,0,85,25,25,0,172800,1,60,451908976419985248649483,4475596299092842334250014,0,523639560062592018713104,699071658424892363316321509,702898180356562290000000000,707301446360477745000000000,0,0,0,0,2000000000000,96141986070644258445,96143816838144258445
  CONTRACT_CASE,100000000,1,0,10000,0,85,25,25,0,172800,1,60,0,4626679164392784559963812,0,97136955637194803760115,722667433698158714795907683,722130180566057400000000000,726538617178808175000000000,0,0,0,0,9846484162634803758902,22928371017432487026011,0
  CONTRACT_CASE,100000000,1,1,0,0,85,25,25,0,172800,1,60,853584060201583718938223,4174351388604976749921828,0,1056850696678540248098677,683626594596987995951316191,685452122330180030000000000,689423206665204637500000000,0,0,0,0,4000000000000,0,0
  CONTRACT_CASE,100000000,1,1,5000,0,85,25,25,0,172800,1,60,426117489571193885146258,4210551271259001149453959,0,686077794302301451557466,695457754316735696996152806,700218980476418370000000000,704169571034567505000000000,0,0,0,0,4000000000000,0,0
  CONTRACT_CASE,100000000,1,1,10000,0,85,25,25,0,172800,1,60,0,4219280280926070069475285,0,293199829366270338152183,696604026957126005148596271,701242065588524930000000000,705201671486030040000000000,0,0,0,0,33525859829238357951362,0,0
  CONTRACT_CASE,100000000,2,0,0,0,85,25,25,0,172800,1,60,1534707005054781801958517,6508422888030806173492581,0,7688676028778546625495946,454510682201761106986106913,453764277695422190000000000,454118731428708150000000000,0,0,0,0,3009823536283,0,0
  CONTRACT_CASE,100000000,2,0,5000,0,85,25,25,0,172800,1,60,764666641453087482065723,6535637227344503353250403,0,6936320433458322159237756,454446920721434710684522223,453764277695422190000000000,454128261006236197500000000,0,0,0,0,3017177170857,0,0
  CONTRACT_CASE,100000000,2,0,10000,0,85,25,25,0,172800,1,60,0,6658637692930268014464975,0,6248318499491194051121555,454383201145799226560649958,453764277695422190000000000,454174596760436422500000000,0,0,0,0,3006551120382,0,0
  CONTRACT_CASE,100000000,2,1,0,0,85,25,25,0,172800,1,60,1650736254035852924248669,7495478858316178959779132,0,8426795745674315898202395,454510682201761106986106913,453764277695422190000000000,454483696919392245000000000,32,0,0,0,3010473952536,0,0
  CONTRACT_CASE,100000000,2,1,5000,0,85,25,25,0,172800,1,60,820364418330454045333995,7519448595083516604616912,0,7609811826380423266455770,454446920721434710684522223,453764277695422190000000000,454494278728391685000000000,2,0,0,0,3006721120599,0,0
  CONTRACT_CASE,100000000,2,1,10000,0,85,25,25,0,172800,1,60,0,7556420606625886685871999,0,6812548909039197454231588,454383201145799226560649958,453764277695422190000000000,454508149241885970000000000,0,0,0,0,3012454230403,0,0
  CONTRACT_CASE,100000000,3,0,0,0,85,25,25,0,172800,1,60,887455523220032267156424,4133028184820302730960554,0,3388568767508811957940149,455090026566206616786090995,453764277695422190000000000,455396192451737827500000000,0,0,0,0,3012190782483,0,0
  CONTRACT_CASE,100000000,3,0,5000,0,85,25,25,0,172800,1,60,442273807867887450542838,4125186506443762538334533,0,2941719285239255472727684,454976737079656232338482301,453764277695422190000000000,455390018543517015000000000,0,0,0,0,3005522183607,0,0
  CONTRACT_CASE,100000000,3,0,10000,0,85,25,25,0,172800,1,60,0,4117651037136831432470467,0,2497794816444179179688911,454863597244634952230263214,453764277695422190000000000,455384133733203045000000000,0,0,0,0,3014179687671,0,0
  CONTRACT_CASE,100000000,3,1,0,0,85,25,25,0,172800,1,60,887455523220032267156424,4133028184820302730960554,0,3388568767508811957940149,455090026566206616786090995,453764277695422190000000000,455396192451737827500000000,2,0,0,0,3012190782483,0,0
  CONTRACT_CASE,100000000,3,1,5000,0,85,25,25,0,172800,1,60,442273807867887450542838,4125186506443762538334533,0,2941719285239255472727684,454976737079656232338482301,453764277695422190000000000,455390018543517015000000000,0,0,0,0,3005522183607,0,0
  CONTRACT_CASE,100000000,3,1,10000,0,85,25,25,0,172800,1,60,0,4117651037136831432470467,0,2497794816444179179688911,454863597244634952230263214,453764277695422190000000000,455384133733203045000000000,0,0,0,0,3014179687671,0,0
  CONTRACT_CASE,100000000,4,0,0,0,85,25,25,0,172800,1,60,1443076217959507985280328,6121402561342224550305248,0,5019413225327787961344510,564488813929695820253280034,561244860403810110000000000,563789925722988930000000000,0,0,0,0,3002476062876,0,0
  CONTRACT_CASE,100000000,4,0,5000,0,85,25,25,0,172800,1,60,730901837009826362846196,6887745230619730455424107,0,5074291124211728215772874,640684669803116724398591669,637721824580515230000000000,640266180250981830000000000,0,0,0,0,3006852925393,0,0
  CONTRACT_CASE,100000000,4,0,10000,0,85,25,25,0,172800,1,60,0,6857373458257348531781790,0,4263245631610934975747705,651506150656615098550456845,649078420609333010000000000,651672548171454967500000000,0,0,0,0,3012475746386,0,0
  CONTRACT_CASE,100000000,4,1,0,0,85,25,25,0,172800,1,60,1286020640691059514415721,6179349230207828275045128,0,4449631119252939514416553,458789906930434636176363849,453764277695422190000000000,456780016177600447500000000,0,0,0,0,3009999999585,0,0
  CONTRACT_CASE,100000000,4,1,5000,0,85,25,25,0,172800,1,60,639144520225491557416404,6179349230207828275045128,0,3802754998787371557417236,458359576953167717288649679,453764277695422190000000000,456780016177600447500000000,0,0,0,0,3009999999586,0,0
  CONTRACT_CASE,100000000,4,1,10000,0,85,25,25,0,172800,1,60,0,6377583505584350071138663,0,3758748686930425256816648,555599658559340516322159841,552504370890512830000000000,555123205430871945000000000,0,0,0,0,3012756815339,0,0

[PASS] test_campaign10m() (gas: 17915260720)
Logs:
  CONTRACT_CASE,10000000,0,0,0,0,85,25,25,0,172800,1,60,73524205024040176953083,375890110380736443833605,0,48023422793936172311432,48433931643145280750104122,51593668976027310000000000,51964109293392292500000000,0,0,0,0,2000000000000,3434139584357935604,3434207191857935604
  CONTRACT_CASE,10000000,0,0,5000,0,85,25,25,0,172800,1,60,36651788909680029702184,376293250598593011261937,0,22641673900367732757209,48405779481396584006018975,51593706527346290000000000,51953243882237197500000000,0,0,9,10,19328879576388217771,1733314815932076145766,0
  CONTRACT_CASE,10000000,0,0,10000,0,85,25,25,0,172800,1,60,0,376582899219493486989502,0,9375000128010000000000,48377458816059528790869352,51593733815365350000000000,51949820466872580000000000,0,0,30,32,1828995432649999990852,2320249951759937141370,0
  CONTRACT_CASE,10000000,0,1,0,0,85,25,25,0,172800,1,60,73525397979614464415692,375083784515968729027392,0,48391791803595148758081,48431970739405043177464766,51593595560403630000000000,51963042828684172500000000,0,0,0,0,2000000000000,3434135819714450854,3434203427214450854
  CONTRACT_CASE,10000000,0,1,5000,0,85,25,25,0,172800,1,60,36652446433550782579813,375083784515968729027392,0,22922364458736558410929,48402837680030706579390229,51593595560403630000000000,51951643250445697500000000,0,0,9,10,19325820129924884496,1733312519189714450854,0
  CONTRACT_CASE,10000000,0,1,10000,0,85,25,25,0,172800,1,60,0,375083784515968729027392,0,9375000128010000000000,48373811572388242795533219,51593595560403630000000000,51947835670732995000000000,0,0,30,32,1481548176694999990852,2320246284379714450854,0
  CONTRACT_CASE,10000000,1,0,0,0,85,25,25,0,172800,1,60,88369338158376458593101,443170593406633536949249,0,100597623480757236982110,70279908411254674931708126,70225316734542060000000000,70656258612601200000000000,0,0,0,0,4000000000000,0,0
  CONTRACT_CASE,10000000,1,0,5000,0,85,25,25,0,172800,1,60,44917164441978955429761,455379737752121252433816,0,49307893217827704889200,70338438520467546771910628,70318804124768050000000000,70769724215585377500000000,0,0,0,0,2000000000000,10977557360166913991,10977763682666913991
  CONTRACT_CASE,10000000,1,0,10000,0,85,25,25,0,172800,1,60,0,468242372886807117150060,0,9726205721266165364017,72285127475777358401926742,72233968478105610000000000,72669219983486070000000000,0,0,0,0,1041608717511165351893,4242042210135946015468,0
  CONTRACT_CASE,10000000,1,1,0,0,85,25,25,0,172800,1,60,84918855736765444931985,429119061342772663587147,0,104784030866722695235310,69395686905301941145078318,69408159904504770000000000,69817413378415185000000000,0,0,0,0,4000000000000,0,0
  CONTRACT_CASE,10000000,1,1,5000,0,85,25,25,0,172800,1,60,42379199288410174808234,432267878001771808142262,0,61282180011955214565978,69577463605087700881322941,69540437196308670000000000,69953801685516105000000000,0,0,0,0,4000000000000,0,0
  CONTRACT_CASE,10000000,1,1,10000,0,85,25,25,0,172800,1,60,0,432722884036562652459988,0,22685396352315671708214,69692158872900926821278497,69685910773780970000000000,70099331064068512500000000,0,0,0,0,3383220274281960626733,0,0
  CONTRACT_CASE,10000000,2,0,0,0,85,25,25,0,172800,1,60,153167478998686010224819,424382564515872906662693,0,636611567417611725726576,46220105134735933867397259,47225554618240930000000000,47166493071454155000000000,0,0,0,0,4000000000000,0,0
  CONTRACT_CASE,10000000,2,0,5000,0,85,25,25,0,172800,1,60,76372892331792708018105,447733263857355058385047,0,573270264007273787748275,46218831162124933867397259,47225554618240930000000000,47176390497342487500000000,0,0,0,0,4000000000000,0,0
  CONTRACT_CASE,10000000,2,0,10000,0,85,25,25,0,172800,1,60,0,459175100584456028010221,0,501671214764375015785354,46217557189514943867397260,47225554618240930000000000,47183058494857267500000000,0,0,0,0,3007515773676,0,0
  CONTRACT_CASE,10000000,2,1,0,0,85,25,25,0,172800,1,60,164324737214914940003060,689830491517862916195500,0,812212795331276602336192,46220105134735933867397259,47225554618240930000000000,47267496917128792500000000,32,0,0,0,3009162321381,0,0
  CONTRACT_CASE,10000000,2,1,5000,0,85,25,25,0,172800,1,60,81676412475220826471326,688669835941390159725227,0,728662121500444149798180,46218831162124933867397259,47225554618240930000000000,47267238619434435000000000,2,0,0,0,3013323314913,0,0
  CONTRACT_CASE,10000000,2,1,10000,0,85,25,25,0,172800,1,60,0,689684060491909084533995,0,647428390214138307962393,46217557189514943867397260,47225554618240930000000000,47267810151268822500000000,0,0,0,0,3003307950584,0,0
  CONTRACT_CASE,10000000,3,0,0,0,85,25,25,0,172800,1,60,88743087302323863092267,404434774367031732956578,0,347035540215532219509990,47316848024456641686718431,47225554618240930000000000,47371696759308127500000000,0,0,0,0,3015856405351,0,0
  CONTRACT_CASE,10000000,3,0,5000,0,85,25,25,0,172800,1,60,44236371927494042019636,413888286891888795989683,0,302878363130576736846415,47309353966827926582309145,47225554618240930000000000,47380800730829895000000000,0,0,0,0,3012694814322,0,0
  CONTRACT_CASE,10000000,3,0,10000,0,85,25,25,0,172800,1,60,0,411434221778123530152832,0,258324131930263562480037,47301866222581814522989684,47225554618240930000000000,47378664529357297500000000,0,0,0,0,3013562467681,0,0
  CONTRACT_CASE,10000000,3,1,0,0,85,25,25,0,172800,1,60,88743087302323863092267,404434774367031732956578,0,347035540215532219509990,47316848024456641686718431,47225554618240930000000000,47371696759308127500000000,2,0,0,0,3015856405351,0,0
  CONTRACT_CASE,10000000,3,1,5000,0,85,25,25,0,172800,1,60,44236371927494042019636,413888286891888795989683,0,302878363130576736846415,47309353966827926582309145,47225554618240930000000000,47380800730829895000000000,0,0,0,0,3012694814322,0,0
  CONTRACT_CASE,10000000,3,1,10000,0,85,25,25,0,172800,1,60,0,411434221778123530152832,0,258324131930263562480037,47301866222581814522989684,47225554618240930000000000,47378664529357297500000000,0,0,0,0,3013562467681,0,0
  CONTRACT_CASE,10000000,4,0,0,0,85,25,25,0,172800,1,60,143933675751308358343620,649978602708025480698970,0,540984210893972077451224,61665091753203544208428542,61323161987531610000000000,61576089803205967500000000,0,0,0,0,3008719094646,0,0
  CONTRACT_CASE,10000000,4,0,5000,0,85,25,25,0,172800,1,60,72809945881450129913362,704275494817992456391076,0,511293396268388064914797,64838907618153952989563562,64532926962046390000000000,64798718727614392500000000,0,0,0,0,3017934988484,0,0
  CONTRACT_CASE,10000000,4,0,10000,0,85,25,25,0,172800,1,60,0,660308269835538714397749,0,401363703429615972868204,65168862033314216401967741,64918605882308000000000000,65177550211071900000000000,0,0,0,0,3010972855122,0,0
  CONTRACT_CASE,10000000,4,1,0,0,85,25,25,0,172800,1,60,128322475481774757080025,632131046362065711179350,0,452249791627547257078209,47670183906530191302286080,47225554618240930000000000,47533758061338360000000000,0,0,0,0,3009999985752,0,0
  CONTRACT_CASE,10000000,4,1,5000,0,85,25,25,0,172800,1,60,63775357134442931569509,632131046362065711179350,0,387702673280215431567693,47633617152898356205510717,47225554618240930000000000,47533758061338360000000000,0,0,0,0,3009999985752,0,0
  CONTRACT_CASE,10000000,4,1,10000,0,85,25,25,0,172800,1,60,0,646845557759782509756890,0,381058815834156148906850,57546820218305365517635791,57222253816421980000000000,57488040297570330000000000,0,0,0,0,3006148893897,0,0

[PASS] test_campaign1m() (gas: 16796028428)
Logs:
  CONTRACT_CASE,1000000,0,0,0,0,85,25,25,0,172800,1,60,7352421006033780372648,37589013564148063039631,0,4802298234091461521369,4843393445977296084435457,5159367355336710000000000,5196411388419352500000000,0,0,0,0,2000000000000,297573871863384151,297578829363384151
  CONTRACT_CASE,1000000,0,0,5000,0,85,25,25,0,172800,1,60,3665179141703633625171,37629327587274688768384,0,2264167914946028587729,4840578229386937036657976,5159371110350130000000000,5195324847687082500000000,0,0,9,10,1978108965387724370,173285572364583149555,0
  CONTRACT_CASE,1000000,0,0,10000,0,85,25,25,0,172800,1,60,0,37658292450357338577227,0,937500128010000000000,4837746162519938394524357,5159373839079810000000000,5194982506021245000000000,0,0,30,32,182944328624999881772,231979092132445473312,0
  CONTRACT_CASE,1000000,0,1,0,0,85,25,25,0,172800,1,60,7352540301388706588170,37508380973991944304056,0,4839135068533210856812,4843197355948352142940138,5159360013950680000000000,5196304742161207500000000,0,0,0,0,2000000000000,297572909717468167,297577867217468167
  CONTRACT_CASE,1000000,0,1,5000,0,85,25,25,0,172800,1,60,3665244893958603034417,37508380973991944304056,0,2292236912968823295998,4840284049840916347752557,5159360013950680000000000,5195164784855062500000000,0,0,9,10,1977804172706885072,173285342959717468167,0
  CONTRACT_CASE,1000000,0,1,10000,0,85,25,25,0,172800,1,60,0,37508380973991944304056,0,937500128010000000000,4837381438908200936944147,5159360013950680000000000,5194784026843792500000000,0,0,30,32,148199680092499881772,231978725699717468167,0
  CONTRACT_CASE,1000000,1,0,0,0,85,25,25,0,172800,1,60,8836934412325312737426,44317062030972700937690,0,10059762777616090309271,7027991227011322786412833,7022532214180320000000000,7065626016930967500000000,0,0,0,0,4000000000000,0,0
  CONTRACT_CASE,1000000,1,0,5000,0,85,25,25,0,172800,1,60,4491716742146564439344,45537976692791364649708,0,4930729774642813898022,7033844226980601995009509,7031880937787560000000000,7076972948265570000000000,0,0,0,0,2000000000000,1036436022764458674,1036454852764458674
  CONTRACT_CASE,1000000,1,0,10000,0,85,25,25,0,172800,1,60,0,46824239904375082693835,0,972620688800583287225,7228513137095704975244590,7223397235068950000000000,7266922393164892500000000,0,0,0,0,104224336058083165994,424139430038544064973,0
  CONTRACT_CASE,1000000,1,1,0,0,85,25,25,0,172800,1,60,8491886151677907939621,42911908674598876513480,0,10478403514365156052904,6939569067605737573577736,6940816519419590000000000,6981741498120217500000000,0,0,0,0,4000000000000,0,0
  CONTRACT_CASE,1000000,1,1,5000,0,85,25,25,0,172800,1,60,4237920217460163278302,43226790539358373033204,0,6128218137375200839143,6957746738358948317978088,6954044249367020000000000,6995380323244110000000000,0,0,0,0,4000000000000,0,0
  CONTRACT_CASE,1000000,1,1,10000,0,85,25,25,0,172800,1,60,0,43272291238224733884258,0,2268539520245915502296,6969216265843997216601775,6968591608273490000000000,7009933271778885000000000,0,0,0,0,338322011774706613330,0,0
  CONTRACT_CASE,1000000,2,0,0,0,85,25,25,0,172800,1,60,15316748935126215600977,42438258764040133975202,0,63661160102409431454861,4622010782992843398356163,4722555737256170000000000,4716649562325067500000000,0,0,0,0,4000000000000,0,0
  CONTRACT_CASE,1000000,2,0,5000,0,85,25,25,0,172800,1,60,7637289747269262313354,44773328823685965557184,0,57327029570107843217563,4621883385724309151780821,4722555737256170000000000,4717639314455287500000000,0,0,0,0,4000000000000,0,0
  CONTRACT_CASE,1000000,2,0,10000,0,85,25,25,0,172800,1,60,0,45917512528108896571744,0,50167124099491246478472,4621755988456784905205479,4722555737256170000000000,4718306102526240000000000,0,0,0,0,3008746363206,0,0
  CONTRACT_CASE,1000000,2,1,0,0,85,25,25,0,172800,1,60,16432474797819222684417,68983052390272661518416,0,81221283647083606094801,4622010782992843398356163,4722555737256170000000000,4726749850181415000000000,32,0,0,0,3011883292895,0,0
  CONTRACT_CASE,1000000,2,1,5000,0,85,25,25,0,172800,1,60,8167641786256608207433,68866986927300799871114,0,72866215778647959531615,4621883385724309151780821,4722555737256170000000000,4726724017458082500000000,2,0,0,0,3011351204693,0,0
  CONTRACT_CASE,1000000,2,1,10000,0,85,25,25,0,172800,1,60,0,68968409438063375968082,0,64742842152653333767315,4621755988456784905205479,4722555737256170000000000,4726781173385145000000000,0,0,0,0,3013333648591,0,0
  CONTRACT_CASE,1000000,3,0,0,0,85,25,25,0,172800,1,60,8874309327913691706592,40443479780495786155244,0,34703555778621614533403,4731685078409278058487094,4722555737256170000000000,4737169791748642500000000,0,0,0,0,3005422704168,0,0
  CONTRACT_CASE,1000000,3,0,5000,0,85,25,25,0,172800,1,60,4423637490890937787718,41388831088766561688418,0,30287837762106399643715,4730935672602675943672458,4722555737256170000000000,4738080183586837500000000,0,0,0,0,3015461731628,0,0
  CONTRACT_CASE,1000000,3,0,10000,0,85,25,25,0,172800,1,60,0,41143424563351224668150,0,25832414354087095563469,4730186898135279974320603,4722555737256170000000000,4737866568488025000000000,0,0,0,0,3007095440547,0,0
  CONTRACT_CASE,1000000,3,1,0,0,85,25,25,0,172800,1,60,8874309327913691706592,40443479780495786155244,0,34703555778621614533403,4731685078409278058487094,4722555737256170000000000,4737169791748642500000000,2,0,0,0,3005422704168,0,0
  CONTRACT_CASE,1000000,3,1,5000,0,85,25,25,0,172800,1,60,4423637490890937787718,41388831088766561688418,0,30287837762106399643715,4730935672602675943672458,4722555737256170000000000,4738080183586837500000000,0,0,0,0,3015461731628,0,0
  CONTRACT_CASE,1000000,3,1,10000,0,85,25,25,0,172800,1,60,0,41143424563351224668150,0,25832414354087095563469,4730186898135279974320603,4722555737256170000000000,4737866568488025000000000,0,0,0,0,3007095440547,0,0
  CONTRACT_CASE,1000000,4,0,0,0,85,25,25,0,172800,1,60,14393368587863772394259,64997863991973787743343,0,54098423758849855072045,6166509517844344295276667,6132316539311960000000000,6157609087075740000000000,0,0,0,0,3006082549080,0,0
  CONTRACT_CASE,1000000,4,0,5000,0,85,25,25,0,172800,1,60,7280995092107820814808,70427553014377926589144,0,51129341652075721969362,6483891111031532179623982,6453293043677170000000000,6479871967281247500000000,0,0,0,0,3012901024282,0,0
  CONTRACT_CASE,1000000,4,0,10000,0,85,25,25,0,172800,1,60,0,66030830368881528598360,0,40136371881973012901834,6516886565754443277299930,6491860949224340000000000,6517755153088410000000000,0,0,0,0,3010512770395,0,0
  CONTRACT_CASE,1000000,4,1,0,0,85,25,25,0,172800,1,60,12832248500286000808708,63213108319780540128624,0,45224981423646000780414,4767018668677375720934476,4722555737256170000000000,4753375831964497500000000,0,0,0,0,3009999847423,0,0
  CONTRACT_CASE,1000000,4,1,5000,0,85,25,25,0,172800,1,60,6377536187026611593170,63213108319780540128624,0,38770269110386611564876,4763361993100811744959854,4722555737256170000000000,4753375831964497500000000,0,0,0,0,3009999847423,0,0
  CONTRACT_CASE,1000000,4,1,10000,0,85,25,25,0,172800,1,60,0,64684559466876535777513,0,38105883123731844814468,5754682341862729123045744,5722225699789800000000000,5748804108119835000000000,0,0,0,0,3006844686692,0,0

[PASS] test_campaign500k() (gas: 16462220548)
Logs:
  CONTRACT_CASE,500000,0,0,0,0,85,25,25,0,172800,1,60,3676210782887228632546,18794508184981212659704,0,2401124670510074440322,2421696879324504493802829,2579683931896160000000000,2598205949162197500000000,0,0,0,0,2000000000000,123321121871867728,123322599371867728
  CONTRACT_CASE,500000,0,0,5000,0,85,25,25,0,172800,1,60,1832589710154379025667,18814665197610473201815,0,1132084251542999626887,2420289270911405572501033,2579685809406950000000000,2597662679097307500000000,0,0,9,10,1014175695881107459,86617281177091596162,0
  CONTRACT_CASE,500000,0,0,10000,0,85,25,25,0,172800,1,60,0,18829147629513604764648,0,468750128010000000000,2418873237274477980507999,2579687173729150000000000,2597491508189077500000000,0,0,30,32,91497042247499760572,115964044834954654682,0
  CONTRACT_CASE,500000,0,1,0,0,85,25,25,0,172800,1,60,3676270430382441325329,18754191888168790237870,0,2419543035899436340575,2421598834618986035456389,2579680261337050000000000,2598152626191727500000000,0,0,0,0,2000000000000,123321122222060585,123322599722060585
  CONTRACT_CASE,500000,0,1,5000,0,85,25,25,0,172800,1,60,1832622586208702210610,18754191888168790237870,0,1146118718703805106477,2420142181470822507095855,2579680261337050000000000,2597582647836907500000000,0,0,9,10,1014021793275447963,86617166782222060585,0
  CONTRACT_CASE,500000,0,1,10000,0,85,25,25,0,172800,1,60,0,18754191888168790237870,0,468750128010000000000,2418690875910870894790143,2579680261337050000000000,2597392268810325000000000,0,0,30,32,74124757414999760572,115963861372222060585,0
  CONTRACT_CASE,500000,1,0,0,0,85,25,25,0,172800,1,60,4418467537544495363379,22158532509883506756823,0,5029881629465271933275,3513995827855632348747138,3511266407503640000000000,3532813096754707500000000,0,0,0,0,4000000000000,0,0
  CONTRACT_CASE,500000,1,0,5000,0,85,25,25,0,172800,1,60,2245858536600244159801,22768989967045511196275,0,2465331805358993618046,3516922321755437125422002,3515940760732310000000000,3538486766742427500000000,0,0,0,0,2000000000000,484152142872730313,484160555372730313
  CONTRACT_CASE,500000,1,0,10000,0,85,25,25,0,172800,1,60,0,23412121405479268097113,0,486310409163916882900,3614256785019241147388513,3611698832754450000000000,3633461416021972500000000,0,0,0,0,52147442591416640439,212033719343649169804,0
  CONTRACT_CASE,500000,1,1,0,0,85,25,25,0,172800,1,60,4245943396953310414751,21455955748273174390199,0,5239202020430555998969,3469784743229092736113153,3470408553487460000000000,3490870844096422500000000,0,0,0,0,4000000000000,0,0
  CONTRACT_CASE,500000,1,1,5000,0,85,25,25,0,172800,1,60,2118960269074442841827,21613396791089915945835,0,3064109187999477881312,3478873579054786909261567,3477022418868500000000000,3497690257417965000000000,0,0,0,0,4000000000000,0,0
  CONTRACT_CASE,500000,1,1,10000,0,85,25,25,0,172800,1,60,0,21636147193652680944230,0,1134269687414346635464,3484608343201968790354607,3484296099065290000000000,3504966725094870000000000,0,0,0,0,169160996803140271051,0,0
  CONTRACT_CASE,500000,2,0,0,0,85,25,25,0,172800,1,60,7658375042725413579582,21219130666884667841305,0,31830582191563629750720,2311005541209212206027396,2361278021625460000000000,2358324933881280000000000,0,0,0,0,4000000000000,0,0
  CONTRACT_CASE,500000,2,0,5000,0,85,25,25,0,172800,1,60,3818645159252348321039,22386665766545330856730,0,28663516677080930263609,2310941842570814945753423,2361278021625460000000000,2358819809975317500000000,0,0,0,0,4000000000000,0,0
  CONTRACT_CASE,500000,2,0,10000,0,85,25,25,0,172800,1,60,0,22958757636499460878534,0,25083563666415502123300,2310878143933427685479452,2361278021625460000000000,2359153204017277500000000,0,0,0,0,3015501889370,0,0
  CONTRACT_CASE,500000,2,1,0,0,85,25,25,0,172800,1,60,8216237996918886616236,34491527996231583734099,0,40610644104720945221334,2311005541209212206027396,2361278021625460000000000,2363375007881212500000000,32,0,0,0,3004558371644,0,0
  CONTRACT_CASE,500000,2,1,5000,0,85,25,25,0,172800,1,60,4083821192431139478089,34433495315633121406132,0,36433109925354229545354,2310941842570814945753423,2361278021625460000000000,2363362101335445000000000,2,0,0,0,3010589829088,0,0
  CONTRACT_CASE,500000,2,1,10000,0,85,25,25,0,172800,1,60,0,34484206602509416467221,0,32371422807636942833395,2310878143933427685479452,2361278021625460000000000,2363390670274095000000000,0,0,0,0,3006942597624,0,0
  CONTRACT_CASE,500000,3,0,0,0,85,25,25,0,172800,1,60,4437154996028031924935,20221741193246427970632,0,17351778862016848575832,2365842692497272777329506,2361278021625460000000000,2368584956844015000000000,0,0,0,0,3006316406290,0,0
  CONTRACT_CASE,500000,3,0,5000,0,85,25,25,0,172800,1,60,2211818911089048205526,20694416878346610862615,0,15143919687690896156281,2365467989569676939714570,2361278021625460000000000,2369040150401032500000000,0,0,0,0,3014347703219,0,0
  CONTRACT_CASE,500000,3,0,10000,0,85,25,25,0,172800,1,60,0,20571713607831898869986,0,12916207834052122216946,2365093602312209642027583,2361278021625460000000000,2368933350054075000000000,0,0,0,0,3014621969978,0,0
  CONTRACT_CASE,500000,3,1,0,0,85,25,25,0,172800,1,60,4437154996028031924935,20221741193246427970632,0,17351778862016848575832,2365842692497272777329506,2361278021625460000000000,2368584956844015000000000,2,0,0,0,3006316406290,0,0
  CONTRACT_CASE,500000,3,1,5000,0,85,25,25,0,172800,1,60,2211818911089048205526,20694416878346610862615,0,15143919687690896156281,2365467989569676939714570,2361278021625460000000000,2369040150401032500000000,0,0,0,0,3014347703219,0,0
  CONTRACT_CASE,500000,3,1,10000,0,85,25,25,0,172800,1,60,0,20571713607831898869986,0,12916207834052122216946,2365093602312209642027583,2361278021625460000000000,2368933350054075000000000,0,0,0,0,3014621969978,0,0
  CONTRACT_CASE,500000,4,0,0,0,85,25,25,0,172800,1,60,7196684856595171058999,32498934062788134962841,0,27049213398168136848772,3083254949172435063082714,3066158458814640000000000,3078804612464122500000000,0,0,0,0,3010465531323,0,0
  CONTRACT_CASE,500000,4,0,5000,0,85,25,25,0,172800,1,60,3640497826054378323346,35213778469995217617460,0,25564671942160880936648,3241945749495429548008354,3226646714849730000000000,3239936030489707500000000,0,0,0,0,3009002355207,0,0
  CONTRACT_CASE,500000,4,0,10000,0,85,25,25,0,172800,1,60,0,33015417065495086344205,0,20068186841129205275039,3258443484237037557494096,3245930675177940000000000,3258877667389522500000000,0,0,0,0,3016705013556,0,0
  CONTRACT_CASE,500000,4,1,0,0,85,25,25,0,172800,1,60,6416124779144380171020,31606556206544866830454,0,22612491957831880136182,2383509488776025693432210,2361278021625460000000000,2376687922449540000000000,0,0,0,0,3009999716598,0,0
  CONTRACT_CASE,500000,4,1,5000,0,85,25,25,0,172800,1,60,3188768356640628043576,31606556206544866830454,0,19385135535328128008738,2381681150869199001946512,2361278021625460000000000,2376687922449540000000000,0,0,0,0,3009999716598,0,0
  CONTRACT_CASE,500000,4,1,10000,0,85,25,25,0,172800,1,60,0,32342281783583587741419,0,19052942448600266780066,2877341348672611729679611,2861113026589340000000000,2874402105743385000000000,0,0,0,0,3005266525045,0,0

[PASS] test_campaign50m() (gas: 18389466238)
Logs:
  CONTRACT_CASE,50000000,0,0,0,0,85,25,25,0,172800,1,60,367623965900375100251527,1877470637668643025811593,0,241025957585256555057551,242164824468275866658760678,257968151634665030000000000,259817912720124727500000000,0,0,0,0,2000000000000,17374414412614926130,17374760462614926130
  CONTRACT_CASE,50000000,0,0,5000,0,85,25,25,0,172800,1,60,183259869140493584532567,1879771502520501623819399,0,113603498287343754795007,242024757514750861602061322,257968365958835230000000000,259763963547124627500000000,0,0,9,10,96439115210609012246,8666774888493357863592,0
  CONTRACT_CASE,50000000,0,0,10000,0,85,25,25,0,172800,1,60,0,1881457997969035035024564,0,46875000128010000000000,241883734461959664429629240,257968524848423950000000000,259747162481298030000000000,0,0,30,32,8805628004900000000548,11601450189813481119640,0
  CONTRACT_CASE,50000000,0,1,0,0,85,25,25,0,172800,1,60,367630631229652846239306,1872965521463809757714874,0,243084121409730804425202,242153868526387596562657322,257967741406821950000000000,259811954109693457500000000,0,0,0,0,2000000000000,17374384262179487746,17374730312179487746
  CONTRACT_CASE,50000000,0,1,5000,0,85,25,25,0,172800,1,60,183263569241329563334440,1872965521463809757714874,0,115183032692031271088747,242008203230271478618418527,257967741406821950000000000,259754956247124345000000000,0,0,9,9,96421905243900136328,8666761965902179487746,0
  CONTRACT_CASE,50000000,0,1,10000,0,85,25,25,0,172800,1,60,0,1872965521463809757714874,0,46875000128010000000000,241863072692807910954345548,257967741406821950000000000,259735918357597185000000000,0,0,29,31,6837304703345000000548,11601429417762179487746,0
  CONTRACT_CASE,50000000,1,0,0,0,85,25,25,0,172800,1,60,441846851931439512190161,2212664587764138060051030,0,504458498030664197441518,351391634957963901923049303,351118274953089240000000000,353268327470220015000000000,0,0,0,0,4000000000000,0,0
  CONTRACT_CASE,50000000,1,0,5000,0,85,25,25,0,172800,1,60,224585876065479243731803,2274919507786030311115767,0,247454010928830493191302,351687389023776854077178307,351588849492066060000000000,353840556498985185000000000,0,0,0,0,2000000000000,55168007980716965617,55169047745716965617
  CONTRACT_CASE,50000000,1,0,10000,0,85,25,25,0,172800,1,60,0,2339618085506817664999282,0,48627919010514022381877,361421755400077516543509868,361167544130673580000000000,363346384200363795000000000,0,0,0,0,5191105963934022379452,20466929649514131974684,0
  CONTRACT_CASE,50000000,1,1,0,0,85,25,25,0,172800,1,60,424589888653987093911415,2140574006007256144062616,0,526383249049316923427945,346919807273939048823727352,347054747803855550000000000,349093528036771822500000000,0,0,0,0,4000000000000,0,0
  CONTRACT_CASE,50000000,1,1,5000,0,85,25,25,0,172800,1,60,211896078000925527444537,2158308912539508299642408,0,307808404956543178227218,347879933519031387874206726,347694285500835990000000000,349756681676779807500000000,0,0,0,0,4000000000000,0,0
  CONTRACT_CASE,50000000,1,1,10000,0,85,25,25,0,172800,1,60,0,2160557501303284367823768,0,114830045813137025214872,348453349561276659191305547,348421587287976190000000000,350484223910764545000000000,0,0,0,0,16909584956380671523388,0,0
  CONTRACT_CASE,50000000,2,0,0,0,85,25,25,0,172800,1,60,765797385037070731724481,2128819405701564049396486,0,3179224672946423703255229,235889430745383083508339003,235734401823071560000000000,235449793932248962500000000,0,0,0,0,4000000000000,0,0
  CONTRACT_CASE,50000000,2,0,5000,0,85,25,25,0,172800,1,60,381838942668383315234195,2234481511510094309442500,0,2858810874145939873213837,235876687878036853667235606,235734401823071560000000000,235491911377636725000000000,0,0,0,0,4000000000000,0,0
  CONTRACT_CASE,50000000,2,0,10000,0,85,25,25,0,172800,1,60,0,2297033730788005240800962,0,2503199298524217947565034,235863947104893175292073289,235734401823071560000000000,235528236246853252500000000,0,0,0,0,3002947562704,0,0
  CONTRACT_CASE,50000000,2,1,0,0,85,25,25,0,172800,1,60,821491342955470702372682,3422598160548601711795619,0,4041353394195761886510896,235889430745383083508339003,235734401823071560000000000,235937137803688335000000000,32,0,0,0,3008684135849,0,0
  CONTRACT_CASE,50000000,2,1,5000,0,85,25,25,0,172800,1,60,408353998524204711053662,3421892038829946173817783,0,3626721900868747958925814,235876687878036853667235606,235734401823071560000000000,235937925830713260000000000,2,0,0,0,3003247869792,0,0
  CONTRACT_CASE,50000000,2,1,10000,0,85,25,25,0,172800,1,60,0,3471159003903380902314818,0,3250027930597438728532887,235863947104893175292073289,235734401823071560000000000,235955532763690687500000000,0,0,0,0,3011228530533,0,0
  CONTRACT_CASE,50000000,3,0,0,0,85,25,25,0,172800,1,60,443779671373997045568906,2054470307299925044163008,0,1741469517425603411210689,236345437028365982535358758,235734401823071560000000000,236491182101429482500000000,0,0,0,0,3006365639310,0,0
  CONTRACT_CASE,50000000,3,0,5000,0,85,25,25,0,172800,1,60,221153422019617185521104,2038691411065131284015569,0,1516959561630704719028313,236295186919367279440654730,235734401823071560000000000,236477286920378647500000000,0,0,0,0,3010033504733,0,0
  CONTRACT_CASE,50000000,3,0,10000,0,85,25,25,0,172800,1,60,0,2084005749969890508126365,0,1297325928490772973654047,236244995115549901635241634,235734401823071560000000000,236521081460861557500000000,0,0,0,0,3007973651581,0,0
  CONTRACT_CASE,50000000,3,1,0,0,85,25,25,0,172800,1,60,443779671373997045568906,2054470307299925044163008,0,1741469517425603411210689,236345437028365982535358758,235734401823071560000000000,236491182101429482500000000,2,0,0,0,3006365639310,0,0
  CONTRACT_CASE,50000000,3,1,5000,0,85,25,25,0,172800,1,60,221153422019617185521104,2038691411065131284015569,0,1516959561630704719028313,236295186919367279440654730,235734401823071560000000000,236477286920378647500000000,0,0,0,0,3010033504733,0,0
  CONTRACT_CASE,50000000,3,1,10000,0,85,25,25,0,172800,1,60,0,2084005749969890508126365,0,1297325928490772973654047,236244995115549901635241634,235734401823071560000000000,236521081460861557500000000,0,0,0,0,3007973651581,0,0
  CONTRACT_CASE,50000000,4,0,0,0,85,25,25,0,172800,1,60,719936399745571334314029,3242716311433311738724648,0,2700368305835865455249732,307380132319698179490215328,305673998321567550000000000,306936282474120075000000000,0,0,0,0,3009120933100,0,0
  CONTRACT_CASE,50000000,4,0,5000,0,85,25,25,0,172800,1,60,364051048945924310203700,3519170024472704552980463,0,2557200893733018282373799,324186359605612846373942340,322658418126742310000000000,323984438019718875000000000,0,0,0,0,3008972167502,0,0
  CONTRACT_CASE,50000000,4,0,10000,0,85,25,25,0,172800,1,60,0,3281784830598597593374703,0,1996305490285743349443458,325840457480979584687392019,324590756054478280000000000,325876235152046565000000000,0,0,0,0,3008349440847,0,0
  CONTRACT_CASE,50000000,4,1,0,0,85,25,25,0,172800,1,60,642403272131336941732248,3168249837094987592188497,0,2267793365621909441755661,238032076069258866946508455,235734401823071560000000000,237277261297830232500000000,0,0,0,0,3010000020924,0,0
  CONTRACT_CASE,50000000,4,1,5000,0,85,25,25,0,172800,1,60,319270362688511469301983,3168249837094987592188497,0,1944660456179083969325396,237842782411806617011109627,235734401823071560000000000,237277261297830232500000000,0,0,0,0,3010000020925,0,0
  CONTRACT_CASE,50000000,4,1,10000,0,85,25,25,0,172800,1,60,0,3227563098661556565151907,0,1902983990571462306470962,287637528068565321800636625,286017680752060480000000000,287342259590743455000000000,0,0,0,0,3009806468379,0,0

[PASS] test_campaignSensitivity100k() (gas: 46310420112)
Logs:
  CONTRACT_CASE,100000,0,0,0,1,0,25,25,0,172800,1,60,735232749882880299215,3758903882227735607793,0,474866039066087515304,484339626226300747658122,515937193257610000000000,519641484159577500000000,0,0,0,0,3137499999989,0,0
  CONTRACT_CASE,100000,0,0,0,2,50,25,25,0,172800,1,60,735238556763815265721,3758903882227735607793,0,478010111927878755433,484339626226300747658122,515937193257610000000000,519641484159577500000000,0,0,0,0,3137499999989,0,0
  CONTRACT_CASE,100000,0,0,0,3,100,25,25,0,172800,1,60,735244334537577625608,3758903882227735607793,0,481138425025951609474,484339626226300747658122,515937193257610000000000,519641484159577500000000,0,0,0,0,3137499999989,0,0
  CONTRACT_CASE,100000,0,0,0,4,85,25,25,0,0,1,60,716586717648405269772,3661077764701739301731,0,537331755638366239482,484222830238894206355409,517200433342330000000000,520800604071142500000000,0,0,0,0,2000000000000,5488781839776685,5488428130099259
  CONTRACT_CASE,100000,0,0,0,5,85,25,25,0,43200,1,60,718950808824950016349,3672984855517539858418,0,530673018970693177839,484222830238894206355409,517200433342330000000000,520821537861502500000000,0,0,0,0,2000000000000,4855764058216398,4854836558216398
  CONTRACT_CASE,100000,0,0,0,6,85,25,25,0,1209600,1,60,847819813042493215676,4347843556525250703834,0,451563667788838697884,485040993990957643396891,495104059752320000000000,498334893218872500000000,0,0,18,19,3656529711628786421,204875477633966100388,0
  CONTRACT_CASE,100000,0,0,0,7,85,25,25,0,172800,3,60,735250838482863627999,3760295527640106120048,0,428721938176449434538,484339626226300747658122,505751268832890000000000,509504812613422500000000,0,0,0,0,2000000000000,8853973695967762,8853712244354852
  CONTRACT_CASE,100000,0,0,0,8,85,25,25,0,172800,7,60,735262723446459270336,3761214508942421508129,0,398476998331817720608,484339626226300747658122,500141939349740000000000,503950347020820000000000,0,0,0,0,2000000000000,11798534427748038,11798355072909321
  CONTRACT_CASE,100000,0,0,0,9,85,10,25,0,172800,1,60,731953082370707617667,3763106150745274666489,0,37500053010000000000,485372751075000117468625,575722377260200000000000,577916569043892000000000,0,0,27,29,303465116391011468929,371747164756596833204,0
  CONTRACT_CASE,100000,0,0,0,10,85,10,10,0,172800,1,60,730925091777751217020,3714646267521092933218,0,50509062920011727217,481543813799053499568877,642777289830140000000000,646343329267413000000000,0,0,71,76,583847459364558102,23646456738924135936,0
  CONTRACT_CASE,100000,0,0,0,11,85,10,25,0,172800,1,60,731953082370707617667,3763106150745274666489,0,37500053010000000000,485372751075000117468625,575722377260200000000000,577916569043892000000000,0,0,27,29,303465116391011468929,371747164756596833204,0
  CONTRACT_CASE,100000,0,0,0,12,85,10,50,0,172800,1,60,734503594456804079260,3809816617128942144884,0,37500053010000000000,488188359345212608933928,517658803831950000000000,518344116730290000000000,0,0,0,0,377310727915979720917,778833443996555021480,0
  CONTRACT_CASE,100000,0,0,0,13,85,10,100,0,172800,1,60,734744614337272563291,3813481037331244140182,0,37500053010000000000,488188359345212608933928,489349845878040000000000,489855760002891000000000,0,0,0,0,377997338453199771316,851885861515563888759,0
  CONTRACT_CASE,100000,0,0,0,14,85,10,25,1,172800,1,60,730952071370168036658,3763106150745274666489,280872565786222306701,37500053010000000000,485091336073060717173284,575722377260200000000000,577916569043892000000000,0,0,50,53,346777356717754199626,371747164756596833204,0
  CONTRACT_CASE,100000,0,0,0,15,85,10,25,2,172800,1,60,729662999243305982829,3763106150745274666489,500000000000000000000,37500053010000000000,484871785448201253019230,575722377260200000000000,577269479805867000000000,0,0,50,54,460153357395716977366,478231974806596833204,0
  CONTRACT_CASE,100000,0,0,0,16,85,10,25,3,172800,1,60,731131974857762869526,3745678412902112150103,500000000000000000000,37500053010000000000,485314338779934250472199,624122101548090000000000,625830454978110000000000,0,0,56,60,373675953279463147005,371748694699705403234,0
  CONTRACT_CASE,100000,0,0,0,17,85,10,25,0,172800,1,1,459202351916009595050,2303060539914633892393,0,245624866097175879969,476056521698650608968856,546263967672160000000000,546377992016067000000000,0,0,2,2,4813721967606510583,386723960810210742713,0
  CONTRACT_CASE,100000,0,0,0,18,85,10,25,0,172800,1,3,468127338321203561307,2374254991030585025378,0,217973408410127130358,476171347947128784011844,541291323101690000000000,541455691097214000000000,0,0,3,4,5882451044067455286,398541170221861841621,0
  CONTRACT_CASE,100000,0,0,0,19,85,10,25,0,172800,1,7,486171663347563701889,2465646103112387856757,0,162660995909053575570,476401083542085172645858,542548144994720000000000,542877244262073000000000,0,0,3,3,5882459367334136592,398541143142164404807,0
  CONTRACT_CASE,100000,1,0,0,1,0,25,25,0,172800,1,60,883694037719005299447,4431708893278610168048,0,1005976709232274315036,702799508596128389904958,702253762197690000000000,706562761699777500000000,0,0,0,0,4000000000000,0,0
  CONTRACT_CASE,100000,1,0,0,2,50,25,25,0,172800,1,60,883694037719005299447,4431708893278610168048,0,1005976709232274315036,702799508596128389904958,702253762197690000000000,706562761699777500000000,0,0,0,0,4000000000000,0,0
  CONTRACT_CASE,100000,1,0,0,3,100,25,25,0,172800,1,60,883694037719005299447,4431708893278610168048,0,1005976709232274315036,702799508596128389904958,702253762197690000000000,706562761699777500000000,0,0,0,0,4000000000000,0,0
  CONTRACT_CASE,100000,1,0,0,4,85,25,25,0,0,1,60,856199702075017992387,4288629664160597167922,0,1084511425918287007976,702630032141775748977085,701761593979650000000000,705821489892855000000000,0,0,0,0,4000000000000,0,0
  CONTRACT_CASE,100000,1,0,0,5,85,25,25,0,43200,1,60,859662076107288597879,4306062684868002500861,0,1074766461165557613468,702630032141775748977085,701761593979650000000000,705852134292847500000000,0,0,0,0,4000000000000,0,0
  CONTRACT_CASE,100000,1,0,0,6,85,25,25,0,1209600,1,60,1048429493664463496064,5286664023898870639979,0,632442042665512448397,703817226110151744079095,722704019568130000000000,728289139070167500000000,0,0,0,0,4000000000000,0,0
  CONTRACT_CASE,100000,1,0,0,7,85,25,25,0,172800,3,60,883694037719005299447,4431708893278610168048,0,1005976709232274315036,702799508596128389904958,702253762197690000000000,706562761699777500000000,0,0,0,0,4000000000000,0,0
  CONTRACT_CASE,100000,1,0,0,8,85,25,25,0,172800,7,60,883694037719005299447,4431708893278610168048,0,1005976709232274315036,702799508596128389904958,702253762197690000000000,706562761699777500000000,0,0,0,0,4000000000000,0,0
  CONTRACT_CASE,100000,1,0,0,9,85,10,25,0,172800,1,60,930173156105477487686,4791698749379594910144,0,37500053010000000000,716045898532794108781589,783596664617250000000000,786202384604022000000000,0,0,14,15,336319621857037972613,533307036635795805649,0
  CONTRACT_CASE,100000,1,0,0,10,85,10,10,0,172800,1,60,929985475068092941434,4724565818780520613570,0,56694921467399123385,692344605366044367442908,849968732095460000000000,854570782790001000000000,0,0,54,57,13525022798358815272,22095928157681922549,0
  CONTRACT_CASE,100000,1,0,0,11,85,10,25,0,172800,1,60,930173156105477487686,4791698749379594910144,0,37500053010000000000,716045898532794108781589,783596664617250000000000,786202384604022000000000,0,0,14,15,336319621857037972613,533307036635795805649,0
  CONTRACT_CASE,100000,1,0,0,12,85,10,50,0,172800,1,60,932993118197069882871,4824688396073240644606,0,37500053010000000000,716817159042238574740620,726944778486850000000000,727785446771268000000000,0,0,0,0,325130794582346605873,998670001960456994741,0
  CONTRACT_CASE,100000,1,0,0,13,85,10,100,0,172800,1,60,933025118205571902798,4825461147704624126005,0,37500053010000000000,716817159042238574740620,719389654182970000000000,720256538673810000000000,0,0,0,0,337053007058967993722,1007652710982682550137,0
  CONTRACT_CASE,100000,1,0,0,14,85,10,25,1,172800,1,60,928396524593102931477,4787500690477391721485,301203482559197682186,37500053010000000000,710680452135386082338661,778920516836130000000000,781562757619278000000000,0,0,23,26,493716128181282415906,529652706964312170895,0
  CONTRACT_CASE,100000,1,0,0,15,85,10,25,2,172800,1,60,928217270945428295290,4792512985380506269482,500000000000000000000,37500053010000000000,711713613497056366554606,780306629112680000000000,782361820103931000000000,0,0,23,26,596454073617812377742,627361462290953069535,0
  CONTRACT_CASE,100000,1,0,0,16,85,10,25,3,172800,1,60,929583843702386245779,4767373901069113596332,500000000000000000000,37500053010000000000,697591038910681753096967,824507483240550000000000,826589738176668000000000,0,0,25,26,537372885131314178576,539331388603246609900,0
  CONTRACT_CASE,100000,1,0,0,17,85,10,25,0,172800,1,1,459202351916009595559,2303060539914633892393,0,245624866097175879969,476056521698650608968856,546263967672160000000000,546377992016067000000000,0,0,1,1,4813721967606473459,386723960810210742713,0
  CONTRACT_CASE,100000,1,0,0,18,85,10,25,0,172800,1,3,468127338321203562363,2374254991030585025378,0,217973408410127130358,476171347947128784011844,541291323101690000000000,541455691097214000000000,0,0,2,2,5882451044067476233,398541170221861841621,0
  CONTRACT_CASE,100000,1,0,0,19,85,10,25,0,172800,1,7,486171663347563702908,2465646103112387856757,0,162660995909053575570,476401083542085172645858,542548144994720000000000,542877244262073000000000,0,0,1,2,5882459367334175600,398541143142164404807,0
  CONTRACT_CASE,100000,2,0,0,1,0,25,25,0,172800,1,60,1531675928778558056284,4243828189020402007765,0,6366119378861777030278,462201347793895223013698,472255849132970000000000,471665211700935000000000,0,0,0,0,4000000000000,0,0
  CONTRACT_CASE,100000,2,0,0,2,50,25,25,0,172800,1,60,1531675928778558056284,4243828189020402007765,0,6366119378861777030278,462201347793895223013698,472255849132970000000000,471665211700935000000000,0,0,0,0,4000000000000,0,0
  CONTRACT_CASE,100000,2,0,0,3,100,25,25,0,172800,1,60,1531675928778558056284,4243828189020402007765,0,6366119378861777030278,462201347793895223013698,472255849132970000000000,471665211700935000000000,0,0,0,0,4000000000000,0,0
  CONTRACT_CASE,100000,2,0,0,4,85,25,25,0,0,1,60,1501325177261475803470,4243259134573290184401,0,6336841140524148362337,462201347793895223013698,472255849132970000000000,471663570150097500000000,0,0,0,0,4000000000000,0,0
  CONTRACT_CASE,100000,2,0,0,5,85,25,25,0,43200,1,60,1505614488489165703589,4243264975176174086804,0,6341045722174508275661,462201347793895223013698,472255849132970000000000,471663660717112500000000,0,0,0,0,4000000000000,0,0
  CONTRACT_CASE,100000,2,0,0,6,85,25,25,0,1209600,1,60,1713961889605405211361,4247250062705416608095,0,6541971902809929673897,462201347793895223013698,472255849132970000000000,471675066917145000000000,0,0,0,0,4000000000000,0,0
  CONTRACT_CASE,100000,2,0,0,7,85,25,25,0,172800,3,60,1531675928778558056284,4243828189020402007765,0,6366119378861777030278,462201347793895223013698,472255849132970000000000,471665211700935000000000,0,0,0,0,4000000000000,0,0
  CONTRACT_CASE,100000,2,0,0,8,85,25,25,0,172800,7,60,1531675928778558056284,4243828189020402007765,0,6366119378861777030278,462201347793895223013698,472255849132970000000000,471665211700935000000000,0,0,0,0,4000000000000,0,0
  CONTRACT_CASE,100000,2,0,0,9,85,10,25,0,172800,1,60,1525103910071259301715,4229245794925709131709,0,4942937897838253401130,465769174493485957260273,475884334240620000000000,476695738933155000000000,0,0,0,0,4000000000000,0,0
  CONTRACT_CASE,100000,2,0,0,10,85,10,10,0,172800,1,60,1525103910071259301715,4229245794925709131709,0,4942937897838253401130,465769174493485957260273,475884334240620000000000,476695738933155000000000,0,0,0,0,4000000000000,0,0
  CONTRACT_CASE,100000,2,0,0,11,85,10,25,0,172800,1,60,1525103910071259301715,4229245794925709131709,0,4942937897838253401130,465769174493485957260273,475884334240620000000000,476695738933155000000000,0,0,0,0,4000000000000,0,0
  CONTRACT_CASE,100000,2,0,0,12,85,10,50,0,172800,1,60,1525103910071259301715,4229245794925709131709,0,4942937897838253401130,465769174493485957260273,475884334240620000000000,476695738933155000000000,0,0,0,0,4000000000000,0,0
  CONTRACT_CASE,100000,2,0,0,13,85,10,100,0,172800,1,60,1525103910071259301715,4229245794925709131709,0,4942937897838253401130,465769174493485957260273,475884334240620000000000,476695738933155000000000,0,0,0,0,4000000000000,0,0
  CONTRACT_CASE,100000,2,0,0,14,85,10,25,1,172800,1,60,1524672025619220850804,4227354100859399181606,72398493000782117587,4869062677476396559676,465769174493485957260273,475884334240620000000000,476694892471464000000000,0,0,0,0,4000000000000,0,0
  CONTRACT_CASE,100000,2,0,0,15,85,10,25,2,172800,1,60,1523461411529084891010,4311753945579385657432,500000000000000000000,4487335121587814810944,465769174493485957260273,475884334240620000000000,476732206211373000000000,0,0,0,0,4000000000000,0,0
  CONTRACT_CASE,100000,2,0,0,16,85,10,25,3,172800,1,60,1522586402492561310191,4199495889185473137016,500000000000000000000,4423386540281488548889,465769174493485957260273,475884334240620000000000,476683026359454000000000,0,0,0,0,4000000000000,0,0
  CONTRACT_CASE,100000,2,0,0,17,85,10,25,0,172800,1,1,1271270680634220854339,5845510730044702652657,0,5740703657563220561271,476353853940191480145777,475884334240620000000000,477260154138969000000000,0,0,0,0,3009998464120,0,0
  CONTRACT_CASE,100000,2,0,0,18,85,10,25,0,172800,1,3,1295360125975486033796,5912306417973810654568,0,5802533866837485740728,465769174493485957260273,475884334240620000000000,477289201138893000000000,0,0,0,0,3009998464120,0,0
  CONTRACT_CASE,100000,2,0,0,19,85,10,25,0,172800,1,7,1314493129091673650427,6009833861426680068876,0,5877410157373364374119,465769174493485957260273,475884334240620000000000,477330992764434000000000,0,0,0,0,3017689486759,0,0
  CONTRACT_CASE,100000,3,0,0,1,0,25,25,0,172800,1,60,887431530502748171661,4044350322316409646594,0,3470357351316945446948,473168783779769900816579,472255849132970000000000,473717098399755000000000,0,0,0,0,3016696039934,0,0
  CONTRACT_CASE,100000,3,0,0,2,50,25,25,0,172800,1,60,887431530502748171661,4044350322316409646594,0,3470357351316945446948,473168783779769900816579,472255849132970000000000,473717098399755000000000,0,0,0,0,3016696039934,0,0
  CONTRACT_CASE,100000,3,0,0,3,100,25,25,0,172800,1,60,887431530502748171661,4044350322316409646594,0,3470357351316945446948,473168783779769900816579,472255849132970000000000,473717098399755000000000,0,0,0,0,3016696039934,0,0
  CONTRACT_CASE,100000,3,0,0,4,85,25,25,0,0,1,60,865563992861091183677,3953309937700838100682,0,3441383597615288458964,473168783779769900816579,472255849132970000000000,473633158442587500000000,0,0,0,0,3006696041134,0,0
  CONTRACT_CASE,100000,3,0,0,5,85,25,25,0,43200,1,60,870162382070501466583,3972362851064092498003,0,3454471435349698741870,473168783779769900816579,472255849132970000000000,473643720504255000000000,0,0,0,0,3006696041135,0,0
  CONTRACT_CASE,100000,3,0,0,6,85,25,25,0,1209600,1,60,1061711370985052667134,4810209919658424632957,0,3890842052836749942421,473168783779769900816579,472255849132970000000000,474236748463642500000000,0,0,0,0,3016696039935,0,0
  CONTRACT_CASE,100000,3,0,0,7,85,25,25,0,172800,3,60,887431530502748171661,4044350322316409646594,0,3470357351316945446948,473168783779769900816579,472255849132970000000000,473717098399755000000000,0,0,0,0,3016696039934,0,0
  CONTRACT_CASE,100000,3,0,0,8,85,25,25,0,172800,7,60,887431530502748171661,4044350322316409646594,0,3470357351316945446948,473168783779769900816579,472255849132970000000000,473717098399755000000000,0,0,0,0,3016696039934,0,0
  CONTRACT_CASE,100000,3,0,0,9,85,10,25,0,172800,1,60,884979725663913736460,4165054704295116209868,0,2057098022682756978378,476804283241566968367559,475884334240620000000000,478877081937624000000000,0,0,0,0,3008842012937,0,0
  CONTRACT_CASE,100000,3,0,0,10,85,10,10,0,172800,1,60,884979725663913736460,4165054704295116209868,0,2057098022682756978378,476804283241566968367559,475884334240620000000000,478877081937624000000000,0,0,0,0,3008842012937,0,0
  CONTRACT_CASE,100000,3,0,0,11,85,10,25,0,172800,1,60,884979725663913736460,4165054704295116209868,0,2057098022682756978378,476804283241566968367559,475884334240620000000000,478877081937624000000000,0,0,0,0,3008842012937,0,0
  CONTRACT_CASE,100000,3,0,0,12,85,10,50,0,172800,1,60,884979725663913736460,4165054704295116209868,0,2057098022682756978378,476804283241566968367559,475884334240620000000000,478877081937624000000000,0,0,0,0,3008842012937,0,0
  CONTRACT_CASE,100000,3,0,0,13,85,10,100,0,172800,1,60,884979725663913736460,4165054704295116209868,0,2057098022682756978378,476804283241566968367559,475884334240620000000000,478877081937624000000000,0,0,0,0,3008842012937,0,0
  CONTRACT_CASE,100000,3,0,0,14,85,10,25,1,172800,1,60,884340872698587840638,4165054704295116209868,49835762291447340891,2006623407425983741665,476804283241566968367559,475884334240620000000000,478877081937624000000000,0,0,0,0,3008842012937,0,0
  CONTRACT_CASE,100000,3,0,0,15,85,10,25,2,172800,1,60,878570142104322697702,4165054704295116209868,500000000000000000000,1550688439123165939620,476804283241566968367559,475884334240620000000000,478877081937624000000000,0,0,0,0,3008842012937,0,0
  CONTRACT_CASE,100000,3,0,0,16,85,10,25,3,172800,1,60,883498440003029390535,4164718058780439411402,500000000000000000000,1551692819939872632453,476804283241566968367559,475884334240620000000000,478880668610361000000000,0,0,0,0,3018841988937,0,0
  CONTRACT_CASE,100000,3,0,0,17,85,10,25,0,172800,1,1,706742255681282009694,3426898748960895859134,0,1733262481246281716626,475982125390579357737251,475884334240620000000000,478284427320489000000000,0,0,0,0,3009998464120,0,0
  CONTRACT_CASE,100000,3,0,0,18,85,10,25,0,172800,1,3,711326202152738779678,3445413861409862542521,0,1692474052138738486610,476047330653425012258570,475884334240620000000000,478348309761102000000000,0,0,0,0,3009998464121,0,0
  CONTRACT_CASE,100000,3,0,0,19,85,10,25,0,172800,1,7,741018953523307268866,3611436110831548717224,0,1741687250971306975798,476177767979961745701793,475884334240620000000000,478494818555652000000000,0,0,0,0,3009998464121,0,0
  CONTRACT_CASE,100000,4,0,0,1,0,25,25,0,172800,1,60,1439337871554054544852,6499790120380629773549,0,5409845083927667962899,616651294280236946940669,613231994461980000000000,615761025520410000000000,0,0,0,0,3013612128856,0,0
  CONTRACT_CASE,100000,4,0,0,2,50,25,25,0,172800,1,60,1439337871554054544852,6499790120380629773549,0,5409845083927667962899,616651294280236946940669,613231994461980000000000,615761025520410000000000,0,0,0,0,3013612128856,0,0
  CONTRACT_CASE,100000,4,0,0,3,100,25,25,0,172800,1,60,1439337871554054544852,6499790120380629773549,0,5409845083927667962899,616651294280236946940669,613231994461980000000000,615761025520410000000000,0,0,0,0,3013612128856,0,0
  CONTRACT_CASE,100000,4,0,0,4,85,25,25,0,0,1,60,1381007727490509916233,6248347571057133279257,0,5202399262736623334280,616651294280236946940669,613231994461980000000000,615658697283157500000000,0,0,0,0,3013612128858,0,0
  CONTRACT_CASE,100000,4,0,0,5,85,25,25,0,43200,1,60,1388126636566556065429,6276649953025676061257,0,5226310862575169483476,616651294280236946940669,613231994461980000000000,615670205258115000000000,0,0,0,0,3013612128858,0,0
  CONTRACT_CASE,100000,4,0,0,6,85,25,25,0,1209600,1,60,1789727123517961868007,7932121254748922983121,0,6610270444096575286054,616651294280236946940669,613231994461980000000000,616343323065067500000000,0,0,0,0,3003612130057,0,0
  CONTRACT_CASE,100000,4,0,0,7,85,25,25,0,172800,3,60,1439337871554054544852,6499790120380629773549,0,5409845083927667962899,616651294280236946940669,613231994461980000000000,615761025520410000000000,0,0,0,0,3013612128856,0,0
  CONTRACT_CASE,100000,4,0,0,8,85,25,25,0,172800,7,60,1439337871554054544852,6499790120380629773549,0,5409845083927667962899,616651294280236946940669,613231994461980000000000,615761025520410000000000,0,0,0,0,3013612128856,0,0
  CONTRACT_CASE,100000,4,0,0,9,85,10,25,0,172800,1,60,1484317762105906612132,7034893793963975725721,0,3633621251474729616348,664436474905737986533722,661332920197630000000000,666218246411457000000000,0,0,0,0,3008821709011,0,0
  CONTRACT_CASE,100000,4,0,0,10,85,10,10,0,172800,1,60,1483221046884664256349,6827840391603202372321,0,3637614777165329046048,645164447637079078631459,683279915532220000000000,687497115276423000000000,0,0,3,1,3011022693062,0,0
  CONTRACT_CASE,100000,4,0,0,11,85,10,25,0,172800,1,60,1484317762105906612132,7034893793963975725721,0,3633621251474729616348,664436474905737986533722,661332920197630000000000,666218246411457000000000,0,0,0,0,3008821709011,0,0
  CONTRACT_CASE,100000,4,0,0,12,85,10,50,0,172800,1,60,1484317762105906612132,7034893793963975725721,0,3633621251474729616348,664436474905737986533722,661332920197630000000000,666218246411457000000000,0,0,0,0,3008821709011,0,0
  CONTRACT_CASE,100000,4,0,0,13,85,10,100,0,172800,1,60,1484317762105906612132,7034893793963975725721,0,3633621251474729616348,664436474905737986533722,661332920197630000000000,666218246411457000000000,0,0,0,0,3008821709011,0,0
  CONTRACT_CASE,100000,4,0,0,14,85,10,25,1,172800,1,60,1482298391507061868485,7130581566050363162147,301203482559197682186,3443117922495795477534,659900002445470677646790,690830665861710000000000,695698949235420000000000,0,0,0,0,3004930010165,0,0
  CONTRACT_CASE,100000,4,0,0,15,85,10,25,2,172800,1,60,1481200740029733005133,7134293515901479791516,500000000000000000000,3246542281603804245300,660926895164873827389140,692117734118050000000000,696986418125772000000000,0,0,0,0,3007069951042,0,0
  CONTRACT_CASE,100000,4,0,0,16,85,10,25,3,172800,1,60,1482210069072765206986,7104169486738628794887,500000000000000000000,3260305474523602601219,651767500098481105482348,701295478898530000000000,706015865886525000000000,0,0,0,0,3004863856557,0,0
  CONTRACT_CASE,100000,4,0,0,17,85,10,25,0,172800,1,1,851565770997197187743,4128238173650519441941,0,2713243233359196894675,476056521698650608968856,489948340686430000000000,492214621858812000000000,0,0,0,0,3009998464121,0,0
  CONTRACT_CASE,100000,4,0,0,18,85,10,25,0,172800,1,3,860281726066688861092,4196746779210569889237,0,2664139798138688568024,476171347947128784011844,485046639985670000000000,487439247876948000000000,0,0,0,0,3009998464120,0,0
  CONTRACT_CASE,100000,4,0,0,19,85,10,25,0,172800,1,7,877759786685463371964,4287065305023306195367,0,2610828388730463078896,476401083542085172645858,486137756227640000000000,488691464919435000000000,0,0,0,0,3009998464120,0,0

[PASS] test_campaignSensitivity1m() (gas: 51108854140)
Logs:
  CONTRACT_CASE,1000000,0,0,0,1,0,25,25,0,172800,1,60,7352322462135421101123,37589013564148063039631,0,4748942660041357484838,4843393445977296084435457,5159367355336710000000000,5196411388419352500000000,0,0,0,0,2000000000000,297573871863384151,297578829363384151
  CONTRACT_CASE,1000000,0,0,0,2,50,25,25,0,172800,1,60,7352380531009673954446,37589013564148063039631,0,4780383451118127311363,4843393445977296084435457,5159367355336710000000000,5196411388419352500000000,0,0,0,0,2000000000000,297573871863384151,297578829363384151
  CONTRACT_CASE,1000000,0,0,0,3,100,25,25,0,172800,1,60,7352438308811875414526,37589013564148063039631,0,4811666644244637335953,4843393445977296084435457,5159367355336710000000000,5196411388419352500000000,0,0,0,0,2000000000000,297573871863384151,297578829363384151
  CONTRACT_CASE,1000000,0,0,0,4,85,25,25,0,0,1,60,7165862248003024098636,36610752950074746034212,0,5373758004078913935346,4842225486782363355726996,5171999740430670000000000,5208001435618012500000000,0,0,0,0,2000000000000,513173681764457265,513182554264457265
  CONTRACT_CASE,1000000,0,0,0,5,85,25,25,0,43200,1,60,7189503131792085722683,36729823719415694384026,0,5307170782738757796098,4842225486782363355726996,5171999740430670000000000,5208210772949047500000000,0,0,0,0,2000000000000,506994523982420933,507003286482420933
  CONTRACT_CASE,1000000,0,0,0,6,85,25,25,0,1209600,1,60,8478192466859672005703,43478406896138371300528,0,4515635567327813955063,4850407119545627567379397,4951036304642430000000000,4983344622254565000000000,0,0,18,19,36112227756290403730,2049215185808895387660,0
  CONTRACT_CASE,1000000,0,0,0,7,85,25,25,0,172800,3,60,7352503347869167969006,37602930039677045701852,0,4287660206723782921516,4843393445977296084435457,5057508228385910000000000,5095043652724777500000000,0,0,0,0,2000000000000,547524228603874994,547533716103874994
  CONTRACT_CASE,1000000,0,0,0,8,85,25,25,0,172800,7,60,7352622198012142486772,37612119835275812581508,0,3985211484078631585827,4843393445977296084435457,5001415009178710000000000,5039499072060127500000000,0,0,0,0,2000000000000,577613344298283640,577623366798283640
  CONTRACT_CASE,1000000,0,0,0,9,85,10,25,0,172800,1,60,7319525796326570405950,37631036507993201058976,0,375000053010000000000,4853724691855094950361695,5757218802559210000000000,5779160719218117000000000,0,0,27,29,3034201699818334594345,3717926854145584700864,0
  CONTRACT_CASE,1000000,0,0,0,10,85,10,10,0,172800,1,60,7309245901749742715668,37146437944938518849814,0,505090167618649969854,4815435334174401391656714,6427767560532890000000000,6463427932250919000000000,0,0,71,76,5386164012648409948,236919629245914955388,0
  CONTRACT_CASE,1000000,0,0,0,11,85,10,25,0,172800,1,60,7319525796326570405950,37631036507993201058976,0,375000053010000000000,4853724691855094950361695,5757218802559210000000000,5779160719218117000000000,0,0,27,29,3034201699818334594345,3717926854145584700864,0
  CONTRACT_CASE,1000000,0,0,0,12,85,10,50,0,172800,1,60,7345030921163486910962,38098140758970770435022,0,375000053010000000000,4881880763220638429634765,5176583462936390000000000,5183436613495266000000000,0,0,0,0,3772660945781439608583,7788792261943426982193,0
  CONTRACT_CASE,1000000,0,0,0,13,85,10,100,0,172800,1,60,7347441126034093212366,38134785284744073864972,0,375000053010000000000,4881880763220638429634765,4893494465280320000000000,4898553538774230000000000,0,0,0,0,3779509423775380225142,8519334149150680998890,0
  CONTRACT_CASE,1000000,0,0,0,14,85,10,25,1,172800,1,60,7309515696969216748664,37631036507993201058976,2808724027957796004483,375000053010000000000,4850910543468753133259569,5757218802559210000000000,5779160719218117000000000,0,0,50,53,3467322505420869763276,3717926854145584700864,0
  CONTRACT_CASE,1000000,0,0,0,15,85,10,25,2,172800,1,60,7296624968095641207337,37631036507993201058976,5000000000000000000000,375000053010000000000,4848715035587106305867750,5757218802559210000000000,5772689834322375000000000,0,0,50,54,4601086563889217826415,4782773722445584700864,0
  CONTRACT_CASE,1000000,0,0,0,16,85,10,25,3,172800,1,60,7311314724722984351613,37456759225858203761567,5000000000000000000000,375000053010000000000,4853140579129165871762752,6241215765652710000000000,6258299298818319000000000,0,0,56,60,3736308399983958345976,3717942150005693136322,0
  CONTRACT_CASE,1000000,0,0,0,17,85,10,25,0,172800,1,1,4592018492899869176549,23030584874239012872961,0,2456248171360365242024,4760562440477855659484022,5462634742612660000000000,5463774989172594000000000,0,0,2,2,47684833381525573559,3867694822305189815756,0
  CONTRACT_CASE,1000000,0,0,0,18,85,10,25,0,172800,1,3,4681268351338346231376,23742531482326004819942,0,2179733590067176957556,4761710702302029647826413,5412908353520230000000000,5414552039469519000000000,0,0,3,4,58372152067483321636,3985866985537828418407,0
  CONTRACT_CASE,1000000,0,0,0,19,85,10,25,0,172800,1,7,4861711603780944196206,24656442066459351960671,0,1626609455179272087429,4764008056911708985094094,5425476565429770000000000,5428767563503731000000000,0,0,3,3,58372197376256156029,3985866720508134510637,0
  CONTRACT_CASE,1000000,1,0,0,1,0,25,25,0,172800,1,60,8836934412325312737426,44317062030972700937690,0,10059762777616090309271,7027991227011322786412833,7022532214180320000000000,7065626016930967500000000,0,0,0,0,4000000000000,0,0
  CONTRACT_CASE,1000000,1,0,0,2,50,25,25,0,172800,1,60,8836934412325312737426,44317062030972700937690,0,10059762777616090309271,7027991227011322786412833,7022532214180320000000000,7065626016930967500000000,0,0,0,0,4000000000000,0,0
  CONTRACT_CASE,1000000,1,0,0,3,100,25,25,0,172800,1,60,8836934412325312737426,44317062030972700937690,0,10059762777616090309271,7027991227011322786412833,7022532214180320000000000,7065626016930967500000000,0,0,0,0,4000000000000,0,0
  CONTRACT_CASE,1000000,1,0,0,4,85,25,25,0,0,1,60,8561991206997342576879,42886271273709152207751,0,10845109222625620148724,7026296463398362134415305,7017610532887880000000000,7058213260665472500000000,0,0,0,0,4000000000000,0,0
  CONTRACT_CASE,1000000,1,0,0,5,85,25,25,0,43200,1,60,8596614909480110704738,43060601306737639144499,0,10747659580223388276583,7026296463398362134415305,7017610532887880000000000,7058519671272090000000000,0,0,0,0,4000000000000,0,0
  CONTRACT_CASE,1000000,1,0,0,6,85,25,25,0,1209600,1,60,10484288046915584719397,52866605988251317130163,0,6324940265760012085761,7038168396563446329316916,7227034274060150000000000,7282886120091225000000000,0,0,0,0,2000000000000,538385611929965515,538395619429965515
  CONTRACT_CASE,1000000,1,0,0,7,85,25,25,0,172800,3,60,8836934412325312737426,44317062030972700937690,0,10059762777616090309271,7027991227011322786412833,7022532214180320000000000,7065626016930967500000000,0,0,0,0,4000000000000,0,0
  CONTRACT_CASE,1000000,1,0,0,8,85,25,25,0,172800,7,60,8836934412325312737426,44317062030972700937690,0,10059762777616090309271,7027991227011322786412833,7022532214180320000000000,7065626016930967500000000,0,0,0,0,4000000000000,0,0
  CONTRACT_CASE,1000000,1,0,0,9,85,10,25,0,172800,1,60,9301725366492397055838,47916956734669995122818,0,375000053010000000000,7160455106115032229828820,7835960148201460000000000,7862017348885878000000000,0,0,14,15,3362576875330830350476,5333696966795761944120,0
  CONTRACT_CASE,1000000,1,0,0,10,85,10,10,0,172800,1,60,9299848567490916701650,47245627804582478984820,0,566948693249349710677,6923442305238648492946972,8499680531824280000000000,8545734871661178000000000,0,0,54,57,140074454514046317328,216105014167464117380,0
  CONTRACT_CASE,1000000,1,0,0,11,85,10,25,0,172800,1,60,9301725366492397055838,47916956734669995122818,0,375000053010000000000,7160455106115032229828820,7835960148201460000000000,7862017348885878000000000,0,0,14,15,3362576875330830350476,5333696966795761944120,0
  CONTRACT_CASE,1000000,1,0,0,12,85,10,50,0,172800,1,60,9329924999621990623100,48246853174329242789943,0,375000053010000000000,7168167706487524843490163,7269441983408420000000000,7277848657081128000000000,0,0,0,0,3250684858714629662065,9987337115607078758514,0
  CONTRACT_CASE,1000000,1,0,0,13,85,10,100,0,172800,1,60,9330245001283505025316,48254580762684418962521,0,375000053010000000000,7168167706487524843490163,7193891059177890000000000,7202559820200210000000000,0,0,0,0,3369893658371034869149,10077177557085731028737,0
  CONTRACT_CASE,1000000,1,0,0,14,85,10,25,1,172800,1,60,9283959056838086742398,47874976152309157500254,3012033109186761041428,375000053010000000000,7106800654589930559280367,7789198682716070000000000,7815621091350114000000000,0,0,23,26,4936543550665113276375,5297152058853281200986,0
  CONTRACT_CASE,1000000,1,0,0,15,85,10,25,2,172800,1,60,9282166518061591010596,47925099132712120837583,5000000000000000000000,375000053010000000000,7117132277077092659255818,7803059813461270000000000,7823611730537289000000000,0,0,23,26,5963925729406129937330,6274239696492433556085,0
  CONTRACT_CASE,1000000,1,0,0,16,85,10,25,3,172800,1,60,9295832251764204079862,47673708457159579068288,5000000000000000000000,375000053010000000000,6975906617381937488980495,8245068146800470000000000,8265890697550587000000000,0,0,25,26,5373111263902413880303,5393940146453733773478,0
  CONTRACT_CASE,1000000,1,0,0,17,85,10,25,0,172800,1,1,4592018492899869177236,23030584874239012872961,0,2456248171360365242024,4760562440477855659484022,5462634742612660000000000,5463774989172594000000000,0,0,1,1,47684833381525587502,3867694822305189815756,0
  CONTRACT_CASE,1000000,1,0,0,18,85,10,25,0,172800,1,3,4681268351338346232084,23742531482326004819942,0,2179733590067176957556,4761710702302029647826413,5412908353520230000000000,5414552039469519000000000,0,0,2,2,58372152067483319938,3985866985537828418407,0
  CONTRACT_CASE,1000000,1,0,0,19,85,10,25,0,172800,1,7,4861711603780944197450,24656442066459351960671,0,1626609455179272087429,4764008056911708985094094,5425476565429770000000000,5428767563503731000000000,0,0,1,2,58372197376256176107,3985866720508134510637,0
  CONTRACT_CASE,1000000,2,0,0,1,0,25,25,0,172800,1,60,15316748935126215600977,42438258764040133975202,0,63661160102409431454861,4622010782992843398356163,4722555737256170000000000,4716649562325067500000000,0,0,0,0,4000000000000,0,0
  CONTRACT_CASE,1000000,2,0,0,2,50,25,25,0,172800,1,60,15316748935126215600977,42438258764040133975202,0,63661160102409431454861,4622010782992843398356163,4722555737256170000000000,4716649562325067500000000,0,0,0,0,4000000000000,0,0
  CONTRACT_CASE,1000000,2,0,0,3,100,25,25,0,172800,1,60,15316748935126215600977,42438258764040133975202,0,63661160102409431454861,4622010782992843398356163,4722555737256170000000000,4716649562325067500000000,0,0,0,0,4000000000000,0,0
  CONTRACT_CASE,1000000,2,0,0,4,85,25,25,0,0,1,60,15013241607362030449991,42432568206959617703232,0,63368377908337200473802,4622010782992843398356163,4722555737256170000000000,4716633146652105000000000,0,0,0,0,4000000000000,0,0
  CONTRACT_CASE,1000000,2,0,0,5,85,25,25,0,43200,1,60,15056134672874947465504,42432626613242553048277,0,63410423678892787261314,4622010782992843398356163,4722555737256170000000000,4716634052350185000000000,0,0,0,0,4000000000000,0,0
  CONTRACT_CASE,1000000,2,0,0,6,85,25,25,0,1209600,1,60,17139607418950039544296,42472477576706804053383,0,65419684203617053915554,4622010782992843398356163,4722555737256170000000000,4716748115417835000000000,0,0,0,0,4000000000000,0,0
  CONTRACT_CASE,1000000,2,0,0,7,85,25,25,0,172800,3,60,15316748935126215600977,42438258764040133975202,0,63661160102409431454861,4622010782992843398356163,4722555737256170000000000,4716649562325067500000000,0,0,0,0,4000000000000,0,0
  CONTRACT_CASE,1000000,2,0,0,8,85,25,25,0,172800,7,60,15316748935126215600977,42438258764040133975202,0,63661160102409431454861,4622010782992843398356163,4722555737256170000000000,4716649562325067500000000,0,0,0,0,4000000000000,0,0
  CONTRACT_CASE,1000000,2,0,0,9,85,10,25,0,172800,1,60,15251028746266362469738,42292434682366921434504,0,49429349330965354303475,4657689028634464975342464,4758840566901800000000000,4766954673871728000000000,0,0,0,0,4000000000000,0,0
  CONTRACT_CASE,1000000,2,0,0,10,85,10,10,0,172800,1,60,15251028746266362469738,42292434682366921434504,0,49429349330965354303475,4657689028634464975342464,4758840566901800000000000,4766954673871728000000000,0,0,0,0,4000000000000,0,0
  CONTRACT_CASE,1000000,2,0,0,11,85,10,25,0,172800,1,60,15251028746266362469738,42292434682366921434504,0,49429349330965354303475,4657689028634464975342464,4758840566901800000000000,4766954673871728000000000,0,0,0,0,4000000000000,0,0
  CONTRACT_CASE,1000000,2,0,0,12,85,10,50,0,172800,1,60,15251028746266362469738,42292434682366921434504,0,49429349330965354303475,4657689028634464975342464,4758840566901800000000000,4766954673871728000000000,0,0,0,0,4000000000000,0,0
  CONTRACT_CASE,1000000,2,0,0,13,85,10,100,0,172800,1,60,15251028746266362469738,42292434682366921434504,0,49429349330965354303475,4657689028634464975342464,4758840566901800000000000,4766954673871728000000000,0,0,0,0,4000000000000,0,0
  CONTRACT_CASE,1000000,2,0,0,14,85,10,25,1,172800,1,60,15246709902081039605289,42273517747642195944926,723984556057825002390,48690597505897170729227,4657689028634464975342464,4758840566901800000000000,4766946205754322000000000,0,0,0,0,4000000000000,0,0
  CONTRACT_CASE,1000000,2,0,0,15,85,10,25,2,172800,1,60,15234603776984213798107,43117515696034379580579,5000000000000000000000,44873321415928940720308,4657689028634464975342464,4758840566901800000000000,4767319356666885000000000,0,0,0,0,4000000000000,0,0
  CONTRACT_CASE,1000000,2,0,0,16,85,10,25,3,172800,1,60,15225853655259741021468,41994935569115380447282,5000000000000000000000,44233835411797665821849,4657689028634464975342464,4758840566901800000000000,4766827517080803000000000,0,0,0,0,4000000000000,0,0
  CONTRACT_CASE,1000000,2,0,0,17,85,10,25,0,172800,1,1,12712692991124160503254,58455081970308337225543,0,57407004845172160474960,4763535761159130916376169,4758840566901800000000000,4772601076431114000000000,0,0,0,0,3009999847423,0,0
  CONTRACT_CASE,1000000,2,0,0,18,85,10,25,0,172800,1,3,12953587393733536689497,59123033399154721207438,0,58025303238605536661203,4657689028634464975342464,4758840566901800000000000,4772891614710006000000000,0,0,0,0,3009999847423,0,0
  CONTRACT_CASE,1000000,2,0,0,19,85,10,25,0,172800,1,7,13144917958345126550501,60098325082849438312116,0,58774077222102298543718,4657689028634464975342464,4758840566901800000000000,4773309478688745000000000,0,0,0,0,3011171868464,0,0
  CONTRACT_CASE,1000000,3,0,0,1,0,25,25,0,172800,1,60,8874309327913691706592,40443479780495786155244,0,34703555778621614533403,4731685078409278058487094,4722555737256170000000000,4737169791748642500000000,0,0,0,0,3005422704168,0,0
  CONTRACT_CASE,1000000,3,0,0,2,50,25,25,0,172800,1,60,8874309327913691706592,40443479780495786155244,0,34703555778621614533403,4731685078409278058487094,4722555737256170000000000,4737169791748642500000000,0,0,0,0,3005422704168,0,0
  CONTRACT_CASE,1000000,3,0,0,3,100,25,25,0,172800,1,60,8874309327913691706592,40443479780495786155244,0,34703555778621614533403,4731685078409278058487094,4722555737256170000000000,4737169791748642500000000,0,0,0,0,3005422704168,0,0
  CONTRACT_CASE,1000000,3,0,0,4,85,25,25,0,0,1,60,8655634156303381900443,39533076457380176801414,0,34413818597803804727254,4731685078409278058487094,4722555737256170000000000,4736330451222982500000000,0,0,0,0,3005422704167,0,0
  CONTRACT_CASE,1000000,3,0,0,5,85,25,25,0,43200,1,60,8701617997181311433944,39723605482241542085499,0,34544696910551734260755,4731685078409278058487094,4722555737256170000000000,4736436084160777500000000,0,0,0,0,3005422704169,0,0
  CONTRACT_CASE,1000000,3,0,0,6,85,25,25,0,1209600,1,60,10617106563580056383720,48102071325468986762190,0,38908400288167979210531,4731685078409278058487094,4722555737256170000000000,4742366336869035000000000,0,0,0,0,3015422701767,0,0
  CONTRACT_CASE,1000000,3,0,0,7,85,25,25,0,172800,3,60,8874309327913691706592,40443479780495786155244,0,34703555778621614533403,4731685078409278058487094,4722555737256170000000000,4737169791748642500000000,0,0,0,0,3005422704168,0,0
  CONTRACT_CASE,1000000,3,0,0,8,85,25,25,0,172800,7,60,8874309327913691706592,40443479780495786155244,0,34703555778621614533403,4731685078409278058487094,4722555737256170000000000,4737169791748642500000000,0,0,0,0,3005422704168,0,0
  CONTRACT_CASE,1000000,3,0,0,9,85,10,25,0,172800,1,60,8849791277996073779605,41650522772477041043356,0,20570968389606455306493,4768040051554949953831076,4758840566901800000000000,4788769727180529000000000,0,0,0,0,3016381403133,0,0
  CONTRACT_CASE,1000000,3,0,0,10,85,10,10,0,172800,1,60,8849791277996073779605,41650522772477041043356,0,20570968389606455306493,4768040051554949953831076,4758840566901800000000000,4788769727180529000000000,0,0,0,0,3016381403133,0,0
  CONTRACT_CASE,1000000,3,0,0,11,85,10,25,0,172800,1,60,8849791277996073779605,41650522772477041043356,0,20570968389606455306493,4768040051554949953831076,4758840566901800000000000,4788769727180529000000000,0,0,0,0,3016381403133,0,0
  CONTRACT_CASE,1000000,3,0,0,12,85,10,50,0,172800,1,60,8849791277996073779605,41650522772477041043356,0,20570968389606455306493,4768040051554949953831076,4758840566901800000000000,4788769727180529000000000,0,0,0,0,3016381403133,0,0
  CONTRACT_CASE,1000000,3,0,0,13,85,10,100,0,172800,1,60,8849791277996073779605,41650522772477041043356,0,20570968389606455306493,4768040051554949953831076,4758840566901800000000000,4788769727180529000000000,0,0,0,0,3016381403133,0,0
  CONTRACT_CASE,1000000,3,0,0,14,85,10,25,1,172800,1,60,8843402752070829679509,41650522772477041043356,498357332098789095288,20066222531582422111109,4768040051554949953831076,4758840566901800000000000,4788769727180529000000000,0,0,0,0,3016381403134,0,0
  CONTRACT_CASE,1000000,3,0,0,15,85,10,25,2,172800,1,60,8785695442400163392039,41650522772477041043356,5000000000000000000000,15506872554010544918927,4768040051554949953831076,4758840566901800000000000,4788769727180529000000000,0,0,0,0,3016381403133,0,0
  CONTRACT_CASE,1000000,3,0,0,16,85,10,25,3,172800,1,60,8834978413437892098901,41647156168010012677683,5000000000000000000000,15516916340145273625789,4768040051554949953831076,4758840566901800000000000,4788805597749054000000000,0,0,0,0,3006381403253,0,0
  CONTRACT_CASE,1000000,3,0,0,17,85,10,25,0,172800,1,1,7067414532263413852558,34268970597466748086600,0,17332614664671413824264,4759818477831045390924344,4758840566901800000000000,4782844047192129000000000,0,0,0,0,3009999847423,0,0
  CONTRACT_CASE,1000000,3,0,0,18,85,10,25,0,172800,1,3,7113253997077591559356,34454121604253274975288,0,16924730780357591531062,4760470530088297191292140,4758840566901800000000000,4783482929666133000000000,0,0,0,0,3009999847423,0,0
  CONTRACT_CASE,1000000,3,0,0,19,85,10,25,0,172800,1,7,7410181630509434164593,36114342975369685614883,0,17416862005093434136299,4761774902592916247024916,4758840566901800000000000,4784947945144173000000000,0,0,0,0,3009999847423,0,0
  CONTRACT_CASE,1000000,4,0,0,1,0,25,25,0,172800,1,60,14393368587863772394259,64997863991973787743343,0,54098423758849855072045,6166509517844344295276667,6132316539311960000000000,6157609087075740000000000,0,0,0,0,3006082549080,0,0
  CONTRACT_CASE,1000000,4,0,0,2,50,25,25,0,172800,1,60,14393368587863772394259,64997863991973787743343,0,54098423758849855072045,6166509517844344295276667,6132316539311960000000000,6157609087075740000000000,0,0,0,0,3006082549080,0,0
  CONTRACT_CASE,1000000,4,0,0,3,100,25,25,0,172800,1,60,14393368587863772394259,64997863991973787743343,0,54098423758849855072045,6166509517844344295276667,6132316539311960000000000,6157609087075740000000000,0,0,0,0,3006082549080,0,0
  CONTRACT_CASE,1000000,4,0,0,4,85,25,25,0,0,1,60,13810067468047396627345,62483439919558646705602,0,52023966827555979305131,6166509517844344295276667,6132316539311960000000000,6156585829670640000000000,0,0,0,0,3016082546680,0,0
  CONTRACT_CASE,1000000,4,0,0,5,85,25,25,0,43200,1,60,13881256481860360588847,62766463574820059949459,0,52263082692543943266633,6166509517844344295276667,6132316539311960000000000,6156700924491442500000000,0,0,0,0,3016082546679,0,0
  CONTRACT_CASE,1000000,4,0,0,6,85,25,25,0,1209600,1,60,17897259182538813402192,79321167237427566974753,0,66102670597737396079978,6166509517844344295276667,6132316539311960000000000,6163432033907032500000000,0,0,0,0,3006082549080,0,0
  CONTRACT_CASE,1000000,4,0,0,7,85,25,25,0,172800,3,60,14393368587863772394259,64997863991973787743343,0,54098423758849855072045,6166509517844344295276667,6132316539311960000000000,6157609087075740000000000,0,0,0,0,3006082549080,0,0
  CONTRACT_CASE,1000000,4,0,0,8,85,25,25,0,172800,7,60,14393368587863772394259,64997863991973787743343,0,54098423758849855072045,6166509517844344295276667,6132316539311960000000000,6157609087075740000000000,0,0,0,0,3006082549080,0,0
  CONTRACT_CASE,1000000,4,0,0,9,85,10,25,0,172800,1,60,14843167270587902000323,70348901012385329946748,0,36336191543013767558803,6644361139468246435892824,6613325609039520000000000,6662181218416515000000000,0,0,0,0,3013865427684,0,0
  CONTRACT_CASE,1000000,4,0,0,10,85,10,10,0,172800,1,60,14832200150110820985262,68278367849273338824401,0,36376128648976847654649,6451640969176856451031666,6832795435340350000000000,6874969733812602000000000,0,0,3,1,3009175073301,0,0
  CONTRACT_CASE,1000000,4,0,0,11,85,10,25,0,172800,1,60,14843167270587902000323,70348901012385329946748,0,36336191543013767558803,6644361139468246435892824,6613325609039520000000000,6662181218416515000000000,0,0,0,0,3013865427684,0,0
  CONTRACT_CASE,1000000,4,0,0,12,85,10,50,0,172800,1,60,14843167270587902000323,70348901012385329946748,0,36336191543013767558803,6644361139468246435892824,6613325609039520000000000,6662181218416515000000000,0,0,0,0,3013865427684,0,0
  CONTRACT_CASE,1000000,4,0,0,13,85,10,100,0,172800,1,60,14843167270587902000323,70348901012385329946748,0,36336191543013767558803,6644361139468246435892824,6613325609039520000000000,6662181218416515000000000,0,0,0,0,3013865427684,0,0
  CONTRACT_CASE,1000000,4,0,0,14,85,10,25,1,172800,1,60,14822973567700726228566,71305777752229970433553,3012033109186761041428,34431158938515375526657,6598996424057315206261407,6908302890357210000000000,6956988174273600000000000,0,0,0,0,3006410209861,0,0
  CONTRACT_CASE,1000000,4,0,0,15,85,10,25,2,172800,1,60,14811997037643323579741,71342897270783731099943,5000000000000000000000,32465400712773151103158,6609265360169393070265232,6921173583983670000000000,6969862803953403000000000,0,0,0,0,3010827393806,0,0
  CONTRACT_CASE,1000000,4,0,0,16,85,10,25,3,172800,1,60,14822090330460860852985,71041654727539381914581,5000000000000000000000,32603031354933575207402,6517671481521701868067095,7012950945622280000000000,7060157252490033000000000,0,0,0,0,3015756672500,0,0
  CONTRACT_CASE,1000000,4,0,0,17,85,10,25,0,172800,1,1,8515648148344150201758,41282340298628598957123,0,27132401459036150173464,4760562440477855659484022,4899479179871600000000000,4922144486860581000000000,0,0,0,0,3009999847423,0,0
  CONTRACT_CASE,1000000,4,0,0,18,85,10,25,0,172800,1,3,8602807699163638849388,41967429276365960763762,0,26641367620308638821094,4761710702302029647826413,4850462359202000000000000,4874390941690098000000000,0,0,0,0,3009999847423,0,0
  CONTRACT_CASE,1000000,4,0,0,19,85,10,25,0,172800,1,7,8777588305580433506676,42870613986548183696385,0,26108254086585433478382,4764008056911708985094094,4861373513805230000000000,4886913181172841000000000,0,0,0,0,3009999847423,0,0

Suite result: ok. 8 passed; 0 failed; 0 skipped; finished in 153.90s (641.12s CPU time)

Ran 1 test suite in 154.38s (153.90s CPU time): 8 tests passed, 0 failed, 0 skipped (8 total tests)
