Missing dependencies found. Installing now...

No files changed, compilation skipped

Ran 1 test for test/MainnetTuning.t.sol:MainnetTuningTest
[PASS] test_mainnetTuning() (gas: 366612099)
Logs:
  fundedCryptoUsd: 375696822103784010463
  unconvertedUsd: 59656210160334223408
  mainDebtUsd: 8306565263766182487761
  loopDebtUsd: 42198790614724382715798
  sourceEquityUsd: 8366537674280000000000
  cashUsd: 0
  backingDeficitUsd: 0
  sourceReserveUsd: 50565328289000000000
  protocolFeeUsd: 38461603157997203381
  firstHarvestDay: 61
  firstCryptoDay: 94
  harvests: 30
  borrows: 47
  rebalances: 27
  repays: 0
  pegUpdates: 61
  blockedDays: 25
  mainInterestUsd: 357530707855416331866
  loopInterestUsd: 1615216521084382715798
  waivedInterestUsd: 0
  sourceIncomeUsd: 2482640925000000000000
  minimumHf: 1053622222728239550
  maxHarvestUsd: 27481264000000000000
  maxBorrowUsd: 1000000000000000000000
  maxRebalanceUsd: 12036489610000000000
  days: 365

Suite result: ok. 1 passed; 0 failed; 0 skipped; finished in 1.64s (1.64s CPU time)

Ran 1 test suite in 1.64s (1.64s CPU time): 1 tests passed, 0 failed, 0 skipped (1 total tests)
