Missing dependencies found. Installing now...

No files changed, compilation skipped

Ran 1 test for test/MainnetTuning.t.sol:MainnetTuningTest
[PASS] test_mainnetTuning() (gas: 340522506)
Logs:
  fundedCryptoUsd: 339284894396926592817
  unconvertedUsd: 100833247559575817561
  mainDebtUsd: 8304408558464402973316
  loopDebtUsd: 42306633906642131437880
  sourceEquityUsd: 8406977629360000000000
  cashUsd: 0
  backingDeficitUsd: 0
  sourceReserveUsd: 50713611536000000000
  protocolFeeUsd: 35117875336499457224
  firstHarvestDay: 91
  firstCryptoDay: 91
  harvests: 7
  borrows: 48
  rebalances: 7
  repays: 0
  pegUpdates: 91
  blockedDays: 25
  mainInterestUsd: 357655832631010642707
  loopInterestUsd: 1618872402002131437880
  waivedInterestUsd: 0
  sourceIncomeUsd: 2488353757000000000000
  minimumHf: 1053173343834281326
  maxHarvestUsd: 102374866000000000000
  maxBorrowUsd: 1000000000000000000000
  maxRebalanceUsd: 44938450170000000000
  days: 365

Suite result: ok. 1 passed; 0 failed; 0 skipped; finished in 1.48s (1.48s CPU time)

Ran 1 test suite in 1.48s (1.48s CPU time): 1 tests passed, 0 failed, 0 skipped (1 total tests)
