Missing dependencies found. Installing now...

No files changed, compilation skipped

Ran 1 test for test/MainnetTuning.t.sol:MainnetTuningTest
[PASS] test_mainnetTuning() (gas: 689185874)
Logs:
  fundedCryptoUsd: 362141101181623645940
  unconvertedUsd: 47269010871053173808
  mainDebtUsd: 7771605823680000000000
  loopDebtUsd: 39450385575426043132646
  sourceEquityUsd: 7818871063580000000000
  cashUsd: 3770991053173809
  backingDeficitUsd: 0
  sourceReserveUsd: 47269256639000000000
  protocolFeeUsd: 36787483717691616851
  firstHarvestDay: 11
  firstCryptoDay: 88
  harvests: 323
  borrows: 44
  rebalances: 278
  repays: 0
  pegUpdates: 43
  blockedDays: 26
  mainInterestUsd: 334801306151574570087
  loopInterestUsd: 1506044448706043132646
  waivedInterestUsd: 0
  sourceIncomeUsd: 2316363750000000000000
  minimumHf: 1054084733896278221
  maxHarvestUsd: 2583379000000000000
  maxBorrowUsd: 1000000000000000000000
  maxRebalanceUsd: 994399450000000000
  days: 365

Suite result: ok. 1 passed; 0 failed; 0 skipped; finished in 3.00s (2.99s CPU time)

Ran 1 test suite in 3.00s (3.00s CPU time): 1 tests passed, 0 failed, 0 skipped (1 total tests)
