Missing dependencies found. Installing now...

No files changed, compilation skipped

Ran 1 test for test/MainnetTuning.t.sol:MainnetTuningTest
[PASS] test_mainnetTuning() (gas: 363032589)
Logs:
  fundedCryptoUsd: 820647164699996963077
  unconvertedUsd: 71167244239999999999
  mainDebtUsd: 8656517731300000000000
  loopDebtUsd: 43978048996444832277090
  sourceEquityUsd: 8727684975560000000000
  cashUsd: 0
  backingDeficitUsd: 0
  sourceReserveUsd: 52705733972000000000
  protocolFeeUsd: 0
  firstHarvestDay: 43
  firstCryptoDay: 43
  harvests: 36
  borrows: 33
  rebalances: 36
  repays: 0
  pegUpdates: 1
  blockedDays: 5
  mainInterestUsd: 0
  loopInterestUsd: 1802437760094832277090
  waivedInterestUsd: 364976543589277376443
  sourceIncomeUsd: 2727957670000000000000
  minimumHf: 1054591726641847004
  maxHarvestUsd: 24008912000000000000
  maxBorrowUsd: 5000000000000000000000
  maxRebalanceUsd: 19015058290000000000
  days: 365

Suite result: ok. 1 passed; 0 failed; 0 skipped; finished in 1.52s (1.52s CPU time)

Ran 1 test suite in 1.52s (1.52s CPU time): 1 tests passed, 0 failed, 0 skipped (1 total tests)
