Missing dependencies found. Installing now...

No files changed, compilation skipped

Ran 1 test for test/MainnetTuning.t.sol:MainnetTuningTest
[PASS] test_mainnetTuning() (gas: 362518010)
Logs:
  fundedCryptoUsd: 731304405890800036282
  unconvertedUsd: 66301396829999999999
  mainDebtUsd: 8048478304120000000000
  loopDebtUsd: 40787502974038721835846
  sourceEquityUsd: 8114779700970000000000
  cashUsd: 0
  backingDeficitUsd: 0
  sourceReserveUsd: 48902282675000000000
  protocolFeeUsd: 38489705573199861677
  firstHarvestDay: 43
  firstCryptoDay: 43
  harvests: 36
  borrows: 30
  rebalances: 36
  repays: 0
  pegUpdates: 1
  blockedDays: 5
  mainInterestUsd: 0
  loopInterestUsd: 1683116032558721835846
  waivedInterestUsd: 340869227638258468339
  sourceIncomeUsd: 2547434681000000000000
  minimumHf: 1054556255763821994
  maxHarvestUsd: 22341497000000000000
  maxBorrowUsd: 5000000000000000000000
  maxRebalanceUsd: 15822806700000000000
  days: 365

Suite result: ok. 1 passed; 0 failed; 0 skipped; finished in 1.27s (1.27s CPU time)

Ran 1 test suite in 1.27s (1.27s CPU time): 1 tests passed, 0 failed, 0 skipped (1 total tests)
