Missing dependencies found. Installing now...

No files changed, compilation skipped

Ran 1 test for test/MainnetTuning.t.sol:MainnetTuningTest
[PASS] test_mainnetTuning() (gas: 277223090)
Logs:
  fundedCryptoUsd: 117850448535161754117
  unconvertedUsd: 0
  mainDebtUsd: 7908834212569396532182
  loopDebtUsd: 34602994327893153602990
  sourceEquityUsd: 6739035925540000000000
  cashUsd: 304862471379999999999
  backingDeficitUsd: 864935815649396532183
  sourceReserveUsd: 41429457675000000000
  protocolFeeUsd: 14572679885298965018
  firstHarvestDay: 57
  firstCryptoDay: 84
  harvests: 14
  borrows: 22
  rebalances: 11
  repays: 5
  pegUpdates: 215
  blockedDays: 212
  mainInterestUsd: 478588063829906540997
  loopInterestUsd: 2144264244393153602990
  waivedInterestUsd: 0
  sourceIncomeUsd: 1919799279000000000000
  minimumHf: 1049866058782650703
  maxHarvestUsd: 21120984000000000000
  maxBorrowUsd: 5000000000000000000000
  maxRebalanceUsd: 8752341350000000000
  days: 365

Suite result: ok. 1 passed; 0 failed; 0 skipped; finished in 1.25s (1.24s CPU time)

Ran 1 test suite in 1.25s (1.25s CPU time): 1 tests passed, 0 failed, 0 skipped (1 total tests)
