Missing dependencies found. Installing now...

No files changed, compilation skipped

Ran 1 test for test/MainnetTuning.t.sol:MainnetTuningTest
[PASS] test_mainnetTuning() (gas: 289135357)
Logs:
  fundedCryptoUsd: 97552906549509326207
  unconvertedUsd: 128273476822188606702
  mainDebtUsd: 7580440921519420823632
  loopDebtUsd: 39120753988559263817541
  sourceEquityUsd: 7709097358450000000000
  cashUsd: 0
  backingDeficitUsd: 0
  sourceReserveUsd: 117074628367500000000
  protocolFeeUsd: 22339065661607366292
  firstHarvestDay: 47
  firstCryptoDay: 286
  harvests: 22
  borrows: 25
  rebalances: 9
  repays: 0
  pegUpdates: 127
  blockedDays: 178
  mainInterestUsd: 332233043629378777501
  loopInterestUsd: 999009544149263817541
  waivedInterestUsd: 0
  sourceIncomeUsd: 1675839401000000000000
  minimumHf: 1053069295457975128
  maxHarvestUsd: 21250533000000000000
  maxBorrowUsd: 5000000000000000000000
  maxRebalanceUsd: 8852659250000000000
  days: 365

Suite result: ok. 1 passed; 0 failed; 0 skipped; finished in 1.12s (1.12s CPU time)

Ran 1 test suite in 1.12s (1.12s CPU time): 1 tests passed, 0 failed, 0 skipped (1 total tests)
