Missing dependencies found. Installing now...

No files changed, compilation skipped

Ran 1 test for test/MainnetTuning.t.sol:MainnetTuningTest
[PASS] test_mainnetTuning() (gas: 335163073)
Logs:
  fundedCryptoUsd: 37378091527570376734
  unconvertedUsd: 4913389912016791263
  mainDebtUsd: 778089184800084048299
  loopDebtUsd: 3995074004103171476829
  sourceEquityUsd: 783005501900000000000
  cashUsd: 0
  backingDeficitUsd: 0
  sourceReserveUsd: 4778079506000000000
  protocolFeeUsd: 3738969885342327697
  firstHarvestDay: 155
  firstCryptoDay: 155
  harvests: 3
  borrows: 42
  rebalances: 3
  repays: 0
  pegUpdates: 155
  blockedDays: 36
  mainInterestUsd: 33570997842496810974
  loopInterestUsd: 154893081763171476829
  waivedInterestUsd: 0
  sourceIncomeUsd: 237460637000000000000
  minimumHf: 1052120878555587167
  maxHarvestUsd: 25154830000000000000
  maxBorrowUsd: 628571428560000000000
  maxRebalanceUsd: 10651328150000000000
  days: 365

Suite result: ok. 1 passed; 0 failed; 0 skipped; finished in 1.46s (1.46s CPU time)

Ran 1 test suite in 1.46s (1.46s CPU time): 1 tests passed, 0 failed, 0 skipped (1 total tests)
