Missing dependencies found. Installing now...

No files changed, compilation skipped

Ran 1 test for test/MainnetTuning.t.sol:MainnetTuningTest
[PASS] test_mainnetTuning() (gas: 374679031)
Logs:
  fundedCryptoUsd: 677426313521950740604
  unconvertedUsd: 51852585170000049280
  mainDebtUsd: 8541941050480000000000
  loopDebtUsd: 43253197234336905677578
  sourceEquityUsd: 8593793635670000000000
  cashUsd: 49281
  backingDeficitUsd: 0
  sourceReserveUsd: 51846990870000000000
  protocolFeeUsd: 54912151849495981899
  firstHarvestDay: 43
  firstCryptoDay: 57
  harvests: 47
  borrows: 29
  rebalances: 45
  repays: 0
  pegUpdates: 43
  blockedDays: 20
  mainInterestUsd: 362245525902364011939
  loopInterestUsd: 1720539847986905677578
  waivedInterestUsd: 0
  sourceIncomeUsd: 2906766202000000000000
  minimumHf: 1054490096633921207
  maxHarvestUsd: 24439519000000000000
  maxBorrowUsd: 5000000000000000000000
  maxRebalanceUsd: 12567884460000000000
  days: 365

Suite result: ok. 1 passed; 0 failed; 0 skipped; finished in 1.76s (1.76s CPU time)

Ran 1 test suite in 1.76s (1.76s CPU time): 1 tests passed, 0 failed, 0 skipped (1 total tests)
