Missing dependencies found. Installing now...

No files changed, compilation skipped

Ran 1 test for test/MainnetTuning.t.sol:MainnetTuningTest
[PASS] test_mainnetTuning() (gas: 374414212)
Logs:
  fundedCryptoUsd: 639784505644191867330
  unconvertedUsd: 48431723818803412359
  mainDebtUsd: 7979838378880000000000
  loopDebtUsd: 40415549545137808927225
  sourceEquityUsd: 8028243022870000000000
  cashUsd: 27079848803412360
  backingDeficitUsd: 0
  sourceReserveUsd: 48443792568000000000
  protocolFeeUsd: 51627127906668294207
  firstHarvestDay: 43
  firstCryptoDay: 57
  harvests: 47
  borrows: 28
  rebalances: 45
  repays: 0
  pegUpdates: 43
  blockedDays: 20
  mainInterestUsd: 339102328634613460623
  loopInterestUsd: 1611068156897808927225
  waivedInterestUsd: 0
  sourceIncomeUsd: 2721686056000000000000
  minimumHf: 1054468227511559483
  maxHarvestUsd: 22835828000000000000
  maxBorrowUsd: 5000000000000000000000
  maxRebalanceUsd: 11095432630000000000
  days: 365

Suite result: ok. 1 passed; 0 failed; 0 skipped; finished in 1.68s (1.68s CPU time)

Ran 1 test suite in 1.68s (1.68s CPU time): 1 tests passed, 0 failed, 0 skipped (1 total tests)
