Missing dependencies found. Installing now...

No files changed, compilation skipped

Ran 1 test for test/MainnetTuning.t.sol:MainnetTuningTest
[PASS] test_mainnetTuning() (gas: 681956632)
Logs:
  fundedCryptoUsd: 380286115705315158576
  unconvertedUsd: 50396015900000004088
  mainDebtUsd: 8304228890350000000000
  loopDebtUsd: 42040506796737688829601
  sourceEquityUsd: 8354624906270000000000
  cashUsd: 4089
  backingDeficitUsd: 0
  sourceReserveUsd: 50395131703000000000
  protocolFeeUsd: 39012230812475026686
  firstHarvestDay: 11
  firstCryptoDay: 89
  harvests: 323
  borrows: 46
  rebalances: 277
  repays: 0
  pegUpdates: 41
  blockedDays: 27
  mainInterestUsd: 357336807034860452825
  loopInterestUsd: 1599811038927688829601
  waivedInterestUsd: 0
  sourceIncomeUsd: 2462705681000000000000
  minimumHf: 1054219301913721852
  maxHarvestUsd: 2563458000000000000
  maxBorrowUsd: 1000000000000000000000
  maxRebalanceUsd: 1119608860000000000
  days: 365

Suite result: ok. 1 passed; 0 failed; 0 skipped; finished in 2.90s (2.90s CPU time)

Ran 1 test suite in 2.90s (2.90s CPU time): 1 tests passed, 0 failed, 0 skipped (1 total tests)
