Missing dependencies found. Installing now...

No files changed, compilation skipped

Ran 1 test for test/MainnetTuning.t.sol:MainnetTuningTest
[PASS] test_mainnetTuning() (gas: 316165027)
Logs:
  fundedCryptoUsd: 345540779285741767322
  unconvertedUsd: 55668218217635531839
  mainDebtUsd: 7764737646207746244752
  loopDebtUsd: 39383201053829306042804
  sourceEquityUsd: 7820699657180000000000
  cashUsd: 0
  backingDeficitUsd: 0
  sourceReserveUsd: 47203900711000000000
  protocolFeeUsd: 35607634264761803888
  firstHarvestDay: 28
  firstCryptoDay: 98
  harvests: 34
  borrows: 44
  rebalances: 30
  repays: 0
  pegUpdates: 50
  blockedDays: 21
  mainInterestUsd: 334657600666225590529
  loopInterestUsd: 1469294579229306042804
  waivedInterestUsd: 0
  sourceIncomeUsd: 2270184604000000000000
  minimumHf: 1054248135769767377
  maxHarvestUsd: 21575043000000000000
  maxBorrowUsd: 1000000000000000000000
  maxRebalanceUsd: 8930068620000000000
  days: 365

Suite result: ok. 1 passed; 0 failed; 0 skipped; finished in 1.34s (1.33s CPU time)

Ran 1 test suite in 1.34s (1.34s CPU time): 1 tests passed, 0 failed, 0 skipped (1 total tests)
