Missing dependencies found. Installing now...

No files changed, compilation skipped

Ran 1 test for test/MainnetTuning.t.sol:MainnetTuningTest
[PASS] test_mainnetTuning() (gas: 352660654)
Logs:
  fundedCryptoUsd: 365773016314914268072
  unconvertedUsd: 50090777252821769177
  mainDebtUsd: 7776171016952319319280
  loopDebtUsd: 39461665927624704992254
  sourceEquityUsd: 7826358702380000000000
  cashUsd: 0
  backingDeficitUsd: 0
  sourceReserveUsd: 47288024630000000000
  protocolFeeUsd: 36889725850904742684
  firstHarvestDay: 57
  firstCryptoDay: 84
  harvests: 35
  borrows: 22
  rebalances: 32
  repays: 0
  pegUpdates: 57
  blockedDays: 36
  mainInterestUsd: 335034386474431131154
  loopInterestUsd: 1530585319784704992254
  waivedInterestUsd: 0
  sourceIncomeUsd: 2347788045000000000000
  minimumHf: 1054131219975000615
  maxHarvestUsd: 21622924000000000000
  maxBorrowUsd: 5000000000000000000000
  maxRebalanceUsd: 8951564090000000000
  days: 365

Suite result: ok. 1 passed; 0 failed; 0 skipped; finished in 1.55s (1.55s CPU time)

Ran 1 test suite in 1.55s (1.55s CPU time): 1 tests passed, 0 failed, 0 skipped (1 total tests)
