Missing dependencies found. Installing now...

No files changed, compilation skipped

Ran 1 test for test/MainnetTuning.t.sol:MainnetTuningTest
[PASS] test_mainnetTuning() (gas: 308495276)
Logs:
  fundedCryptoUsd: 362696832390717896346
  unconvertedUsd: 48657598459197462295
  mainDebtUsd: 7772925962664762410818
  loopDebtUsd: 39414800704728155871991
  sourceEquityUsd: 7821631105280000000000
  cashUsd: 0
  backingDeficitUsd: 0
  sourceReserveUsd: 47236431810000000000
  protocolFeeUsd: 36772575712008768294
  firstHarvestDay: 41
  firstCryptoDay: 94
  harvests: 35
  borrows: 22
  rebalances: 31
  repays: 0
  pegUpdates: 47
  blockedDays: 32
  mainInterestUsd: 334906323429388004283
  loopInterestUsd: 1512506333128155871991
  waivedInterestUsd: 0
  sourceIncomeUsd: 2324880096000000000000
  minimumHf: 1054281981536094599
  maxHarvestUsd: 21608080000000000000
  maxBorrowUsd: 5000000000000000000000
  maxRebalanceUsd: 8942934270000000000
  days: 365

Suite result: ok. 1 passed; 0 failed; 0 skipped; finished in 1.28s (1.27s CPU time)

Ran 1 test suite in 1.28s (1.28s CPU time): 1 tests passed, 0 failed, 0 skipped (1 total tests)
