Missing dependencies found. Installing now...

No files changed, compilation skipped

Ran 1 test for test/MainnetTuning.t.sol:MainnetTuningTest
[PASS] test_mainnetTuning() (gas: 308821479)
Logs:
  fundedCryptoUsd: 382645791163762371893
  unconvertedUsd: 50530902680000026598
  mainDebtUsd: 8306116632660000000000
  loopDebtUsd: 42166268615646585393467
  sourceEquityUsd: 8356647535360000000000
  cashUsd: 26599
  backingDeficitUsd: 0
  sourceReserveUsd: 50522916151000000000
  protocolFeeUsd: 39143095694997308443
  firstHarvestDay: 41
  firstCryptoDay: 95
  harvests: 35
  borrows: 23
  rebalances: 31
  repays: 0
  pegUpdates: 48
  blockedDays: 32
  mainInterestUsd: 357462296770824706262
  loopInterestUsd: 1609133928836585393467
  waivedInterestUsd: 0
  sourceIncomeUsd: 2474866116000000000000
  minimumHf: 1054380726574009146
  maxHarvestUsd: 23036406000000000000
  maxBorrowUsd: 5000000000000000000000
  maxRebalanceUsd: 10061727480000000000
  days: 365

Suite result: ok. 1 passed; 0 failed; 0 skipped; finished in 1.23s (1.23s CPU time)

Ran 1 test suite in 1.24s (1.23s CPU time): 1 tests passed, 0 failed, 0 skipped (1 total tests)
