Missing dependencies found. Installing now...

No files changed, compilation skipped

Ran 1 test for test/MainnetTuning.t.sol:MainnetTuningTest
[PASS] test_mainnetTuning() (gas: 324670856)
Logs:
  fundedCryptoUsd: 349862367078468686842
  unconvertedUsd: 58588450837772462343
  mainDebtUsd: 7769854828978616160772
  loopDebtUsd: 39438269881010629448229
  sourceEquityUsd: 7828835808990000000000
  cashUsd: 0
  backingDeficitUsd: 0
  sourceReserveUsd: 47267105690000000000
  protocolFeeUsd: 35744671154754588092
  firstHarvestDay: 33
  firstCryptoDay: 96
  harvests: 34
  borrows: 44
  rebalances: 30
  repays: 0
  pegUpdates: 49
  blockedDays: 22
  mainInterestUsd: 334810158556932140848
  loopInterestUsd: 1498165782140629448229
  waivedInterestUsd: 0
  sourceIncomeUsd: 2306706721000000000000
  minimumHf: 1054116904060088447
  maxHarvestUsd: 21592190000000000000
  maxBorrowUsd: 1000000000000000000000
  maxRebalanceUsd: 8939564570000000000
  days: 365

Suite result: ok. 1 passed; 0 failed; 0 skipped; finished in 1.33s (1.33s CPU time)

Ran 1 test suite in 1.33s (1.33s CPU time): 1 tests passed, 0 failed, 0 skipped (1 total tests)
