Missing dependencies found. Installing now...

No files changed, compilation skipped

Ran 1 test for test/MainnetTuning.t.sol:MainnetTuningTest
[PASS] test_mainnetTuning() (gas: 316479823)
Logs:
  fundedCryptoUsd: 363976714519912320114
  unconvertedUsd: 57857321321757119527
  mainDebtUsd: 8296181919903830736448
  loopDebtUsd: 41964453128999277997379
  sourceEquityUsd: 8354302428010000000000
  cashUsd: 0
  backingDeficitUsd: 0
  sourceReserveUsd: 50318755557000000000
  protocolFeeUsd: 37878974347497297663
  firstHarvestDay: 28
  firstCryptoDay: 99
  harvests: 34
  borrows: 46
  rebalances: 30
  repays: 0
  pegUpdates: 51
  blockedDays: 21
  mainInterestUsd: 357167108625592068763
  loopInterestUsd: 1560160463979277997379
  waivedInterestUsd: 0
  sourceIncomeUsd: 2412861107000000000000
  minimumHf: 1054404273539589548
  maxHarvestUsd: 23021147000000000000
  maxBorrowUsd: 1000000000000000000000
  maxRebalanceUsd: 10054653910000000000
  days: 365

Suite result: ok. 1 passed; 0 failed; 0 skipped; finished in 1.45s (1.45s CPU time)

Ran 1 test suite in 1.45s (1.45s CPU time): 1 tests passed, 0 failed, 0 skipped (1 total tests)
