Missing dependencies found. Installing now...

No files changed, compilation skipped

Ran 1 test for test/MainnetTuning.t.sol:MainnetTuningTest
[PASS] test_mainnetTuning() (gas: 362408019)
Logs:
  fundedCryptoUsd: 770894035085999891067
  unconvertedUsd: 66556674739999999999
  mainDebtUsd: 8078170526020000000000
  loopDebtUsd: 40947771851228070955986
  sourceEquityUsd: 8144727200780000000000
  cashUsd: 0
  backingDeficitUsd: 0
  sourceReserveUsd: 49092499052000000000
  protocolFeeUsd: 0
  firstHarvestDay: 43
  firstCryptoDay: 43
  harvests: 36
  borrows: 31
  rebalances: 36
  repays: 0
  pegUpdates: 0
  blockedDays: 5
  mainInterestUsd: 0
  loopInterestUsd: 1685944554548070955986
  waivedInterestUsd: 341444415098459049084
  sourceIncomeUsd: 2551718614000000000000
  minimumHf: 1054556255763821994
  maxHarvestUsd: 22424284000000000000
  maxBorrowUsd: 5000000000000000000000
  maxRebalanceUsd: 16717303710000000000
  days: 365

Suite result: ok. 1 passed; 0 failed; 0 skipped; finished in 1.55s (1.55s CPU time)

Ran 1 test suite in 1.55s (1.55s CPU time): 1 tests passed, 0 failed, 0 skipped (1 total tests)
