Missing dependencies found. Installing now...

No files changed, compilation skipped

Ran 1 test for test/MainnetTuning.t.sol:MainnetTuningTest
[PASS] test_mainnetTuning() (gas: 368089179)
Logs:
  fundedCryptoUsd: 592960028389761694996
  unconvertedUsd: 59829363097138277168
  mainDebtUsd: 8476412126840218636689
  loopDebtUsd: 42971139439603691583017
  sourceEquityUsd: 8536349074400000000000
  cashUsd: 0
  backingDeficitUsd: 0
  sourceReserveUsd: 51507488514000000000
  protocolFeeUsd: 40699671556497274939
  firstHarvestDay: 46
  firstCryptoDay: 55
  harvests: 36
  borrows: 27
  rebalances: 35
  repays: 0
  pegUpdates: 46
  blockedDays: 11
  mainInterestUsd: 180574498282119496974
  loopInterestUsd: 1757918844013691583017
  waivedInterestUsd: 180574498282119497167
  sourceIncomeUsd: 2666959339000000000000
  minimumHf: 1054479916023396900
  maxHarvestUsd: 23542744000000000000
  maxBorrowUsd: 5000000000000000000000
  maxRebalanceUsd: 14002588760000000000
  days: 365

Suite result: ok. 1 passed; 0 failed; 0 skipped; finished in 1.53s (1.53s CPU time)

Ran 1 test suite in 1.53s (1.53s CPU time): 1 tests passed, 0 failed, 0 skipped (1 total tests)
