Missing dependencies found. Installing now...

No files changed, compilation skipped

Ran 1 test for test/MainnetTuning.t.sol:MainnetTuningTest
[PASS] test_mainnetTuning() (gas: 353672198)
Logs:
  fundedCryptoUsd: 427231694078451299348
  unconvertedUsd: 58507823717252519481
  mainDebtUsd: 8346816423622747480517
  loopDebtUsd: 42249955058643958624087
  sourceEquityUsd: 8405324247360000000000
  cashUsd: 0
  backingDeficitUsd: 0
  sourceReserveUsd: 50655279306000000000
  protocolFeeUsd: 0
  firstHarvestDay: 54
  firstCryptoDay: 81
  harvests: 35
  borrows: 23
  rebalances: 32
  repays: 0
  pegUpdates: 54
  blockedDays: 30
  mainInterestUsd: 358349275141377707299
  loopInterestUsd: 1660181598493958624087
  waivedInterestUsd: 0
  sourceIncomeUsd: 2540225485000000000000
  minimumHf: 1054269909072668918
  maxHarvestUsd: 23167211000000000000
  maxBorrowUsd: 5000000000000000000000
  maxRebalanceUsd: 11038433680000000000
  days: 365

Suite result: ok. 1 passed; 0 failed; 0 skipped; finished in 1.47s (1.46s CPU time)

Ran 1 test suite in 1.47s (1.47s CPU time): 1 tests passed, 0 failed, 0 skipped (1 total tests)
