Missing dependencies found. Installing now...

No files changed, compilation skipped

Ran 1 test for test/MainnetTuning.t.sol:MainnetTuningTest
[PASS] test_mainnetTuning() (gas: 353762520)
Logs:
  fundedCryptoUsd: 396711234852666805469
  unconvertedUsd: 54612479995949411010
  mainDebtUsd: 7802202199742010083099
  loopDebtUsd: 39485903308912396946377
  sourceEquityUsd: 7856861839090000000000
  cashUsd: 0
  backingDeficitUsd: 0
  sourceReserveUsd: 47342765148000000000
  protocolFeeUsd: 7369078124982203900
  firstHarvestDay: 54
  firstCryptoDay: 81
  harvests: 35
  borrows: 22
  rebalances: 32
  repays: 0
  pegUpdates: 54
  blockedDays: 31
  mainInterestUsd: 335556470045098870955
  loopInterestUsd: 1552806533612396946377
  waivedInterestUsd: 0
  sourceIncomeUsd: 2376414121000000000000
  minimumHf: 1054167175850276758
  maxHarvestUsd: 21655570000000000000
  maxBorrowUsd: 5000000000000000000000
  maxRebalanceUsd: 9601973090000000000
  days: 365

Suite result: ok. 1 passed; 0 failed; 0 skipped; finished in 1.40s (1.39s CPU time)

Ran 1 test suite in 1.40s (1.40s CPU time): 1 tests passed, 0 failed, 0 skipped (1 total tests)
