Missing dependencies found. Installing now...

No files changed, compilation skipped

Ran 1 test for test/MainnetTuning.t.sol:MainnetTuningTest
[PASS] test_mainnetTuning() (gas: 288486096)
Logs:
  fundedCryptoUsd: 98889292780077104391
  unconvertedUsd: 133765468928405237531
  mainDebtUsd: 8084958961503515024344
  loopDebtUsd: 41699855453955951631732
  sourceEquityUsd: 8219032195050000000000
  cashUsd: 0
  backingDeficitUsd: 0
  sourceReserveUsd: 124797219122500000000
  protocolFeeUsd: 23736222922498671876
  firstHarvestDay: 47
  firstCryptoDay: 288
  harvests: 22
  borrows: 25
  rebalances: 9
  repays: 0
  pegUpdates: 131
  blockedDays: 182
  mainInterestUsd: 354425480683463303485
  loopInterestUsd: 1046089414865951631732
  waivedInterestUsd: 0
  sourceIncomeUsd: 1762995614000000000000
  minimumHf: 1053082393710711683
  maxHarvestUsd: 22660398000000000000
  maxBorrowUsd: 5000000000000000000000
  maxRebalanceUsd: 9969236840000000000
  days: 365

Suite result: ok. 1 passed; 0 failed; 0 skipped; finished in 1.08s (1.08s CPU time)

Ran 1 test suite in 1.09s (1.08s CPU time): 1 tests passed, 0 failed, 0 skipped (1 total tests)
