Missing dependencies found. Installing now...

No files changed, compilation skipped

Ran 1 test for test/MainnetTuning.t.sol:MainnetTuningTest
[PASS] test_mainnetTuning() (gas: 340565355)
Logs:
  fundedCryptoUsd: 324660420012639378759
  unconvertedUsd: 51347100374228560172
  mainDebtUsd: 7746263308865982867835
  loopDebtUsd: 39323073542847375137707
  sourceEquityUsd: 7797756093160000000000
  cashUsd: 0
  backingDeficitUsd: 0
  sourceReserveUsd: 47120829636000000000
  protocolFeeUsd: 34633558180809525170
  firstHarvestDay: 29
  firstCryptoDay: 119
  harvests: 33
  borrows: 22
  rebalances: 28
  repays: 0
  pegUpdates: 63
  blockedDays: 64
  mainInterestUsd: 334191391367034570467
  loopInterestUsd: 1420876631797375137707
  waivedInterestUsd: 0
  sourceIncomeUsd: 2208553331000000000000
  minimumHf: 1054121125344835176
  maxHarvestUsd: 21538200000000000000
  maxBorrowUsd: 5000000000000000000000
  maxRebalanceUsd: 8916795550000000000
  days: 365

Suite result: ok. 1 passed; 0 failed; 0 skipped; finished in 1.43s (1.43s CPU time)

Ran 1 test suite in 1.43s (1.43s CPU time): 1 tests passed, 0 failed, 0 skipped (1 total tests)
