Missing dependencies found. Installing now...

Warning: Your project has missing dependencies that could not be installed.
Compiling 10 files with Solc 0.8.22
Solc 0.8.22 finished in 148.66s
Compiler run successful with warnings:
Warning (2072): Unused local variable.
   --> test/Harvest.t.sol:156:9:
    |
156 |         uint256 equityBasis = loop.totalEquity(); // ~2250e8 ($2250 seed)
    |         ^^^^^^^^^^^^^^^^^^^

Warning (2018): Function state mutability can be restricted to pure
  --> test/mocks/MockYieldSource.sol:89:5:
   |
89 |     function harvest() external returns (uint256 surplus) {
   |     ^ (Relevant source part starts here and spans across multiple lines).


Ran 8 tests for test/SubLoopUnwindSizing.t.sol:SubLoopUnwindSizingTest
[PASS] test_deleverStillRunsWhileUnhealthy() (gas: 7936839)
[PASS] test_deleverTargetLapsesWhenHealthRecovers() (gas: 6471112)
[PASS] test_idleHollarCoversUnwindBeforeSelling() (gas: 6681979)
[PASS] test_pokeBorrowResumesAfterRecovery() (gas: 6604471)
[PASS] test_reservedHollarIsNotAvailableToAnotherUnwind() (gas: 7241762)
[PASS] test_subPrimeUnitClaimFinishesWithoutDebt() (gas: 752343)
[PASS] test_subUsd8ClaimFinishesWithDebt() (gas: 6784143)
[PASS] test_unwindSaleSizedToRemainingTarget() (gas: 6951219)
Suite result: ok. 8 passed; 0 failed; 0 skipped; finished in 21.86ms (131.55ms CPU time)

Ran 1 test for test/UnwindSellPricing.t.sol:UnwindSellPricingTest
[PASS] test_unwindSellSurvivesPrimeAppreciation() (gas: 8387432)
Suite result: ok. 1 passed; 0 failed; 0 skipped; finished in 28.26ms (25.99ms CPU time)

Ran 5 tests for test/HarvestMainDebt.t.sol:HarvestMainDebtTest
[PASS] test_feeThenInterestThenCollateralWithoutPrefunding() (gas: 8205298)
[PASS] test_harvestCompoundsYieldIntoSharePrice() (gas: 8084888)
[PASS] test_harvestSkipsInFlightUnwindEquity() (gas: 11752139)
[PASS] test_insufficientYieldNeverPullsPreviouslyCompoundedCollateral() (gas: 8158305)
[PASS] test_primePriceAppreciationCompoundsToDeposit() (gas: 8116902)
Suite result: ok. 5 passed; 0 failed; 0 skipped; finished in 38.71ms (135.95ms CPU time)

Ran 3 tests for test/SubLoopUnwind.t.sol:SubLoopUnwindTest
[PASS] test_deLeverRestoresTargetHf() (gas: 7848134)
[PASS] test_fullUnwindFreesSeedEquity() (gas: 61743718)
[PASS] test_unwinderPrunedAfterFullPull() (gas: 65217456)
Suite result: ok. 3 passed; 0 failed; 0 skipped; finished in 239.12ms (497.34ms CPU time)

Ran 16 tests for test/MainDebt.t.sol:MainDebtTest
[PASS] testFuzz_partialRepaymentsAndPostStartInterest(uint96,uint96) (runs: 64, μ: 2415834, ~: 2114093)
[PASS] test_boundedSourceBatchExcludesNewExitsAndConservesRounding() (gas: 6183798)
[PASS] test_costAndCashBatchesRemainProportionalAcrossBoundedCalls() (gas: 6610344)
[PASS] test_depositRedeemClaimThroughNonLeveragedSource() (gas: 1707678)
[PASS] test_directMainRepaymentBenefitsAllDebtCohorts() (gas: 1532029)
[PASS] test_earlyRepaymentRetainsLaterSourceRecoveryForOriginalOwner() (gas: 1902688)
[PASS] test_exitInterestRemainsUnpaidUntilRecoveryWithoutHaircut() (gas: 2076384)
[PASS] test_noLiveLedgerReplacement() (gas: 3906341)
[PASS] test_noSponsoredCashOrDepositCyclingReward() (gas: 3974884)
[PASS] test_partialSourceCreditsAreProportionalNotFirstCome() (gas: 2346466)
[PASS] test_pauseBlocksSurplusButAllowsTargetedRecovery() (gas: 1794870)
[PASS] test_scaledBorrowRoundingRecordsObservedDebt() (gas: 850160)
[PASS] test_scaledExitRepaymentClearsDebtUnitsAndPreservesCollateral() (gas: 1847001)
[PASS] test_scaledRepaymentTailUsesOnlyExplicitlyFundedCash() (gas: 1124395)
[PASS] test_unfundedInterestPreservesPrincipalAndBlocksDeposits() (gas: 1131672)
[PASS] test_wiringRequiredButNoPrefundingOrPolicyRequired() (gas: 10444727)
Suite result: ok. 16 passed; 0 failed; 0 skipped; finished in 242.32ms (286.30ms CPU time)

Ran 5 test suites in 244.76ms (570.26ms CPU time): 33 tests passed, 0 failed, 0 skipped (33 total tests)
