Missing dependencies found. Installing now...

Warning: Your project has missing dependencies that could not be installed.
Compiling 37 files with Solc 0.8.22
Solc 0.8.22 finished in 916.08s
Compiler run successful with warnings:
Warning (2072): Unused local variable.
   --> test/Harvest.t.sol:156:9:
    |
156 |         uint256 equityBasis = loop.totalEquity(); // ~2250e8 ($2250 seed)
    |         ^^^^^^^^^^^^^^^^^^^

Warning (2018): Function state mutability can be restricted to pure
  --> test/mocks/MockYieldSource.sol:89:5:
   |
89 |     function harvest() external returns (uint256 surplus) {
   |     ^ (Relevant source part starts here and spans across multiple lines).

Warning (2018): Function state mutability can be restricted to view
   --> test/PermissionlessKeeper.t.sol:148:5:
    |
148 |     function test_harvestConfiguredAsHarvester() public {
    |     ^ (Relevant source part starts here and spans across multiple lines).


Ran 5 tests for test/DcaDispatch.t.sol:DcaDispatchTest
[PASS] test_encodeMatchesPolkadotJsReference() (gas: 24312)
[PASS] test_ownerDerivation() (gas: 582)
[PASS] test_routerPalletIndexIsPinned() (gas: 2128)
[PASS] test_routerSellDeployLegMatchesRuntimeMetadata() (gas: 19495)
[PASS] test_routerSellUnwindLegMatchesRuntimeMetadata() (gas: 19608)
Suite result: ok. 5 passed; 0 failed; 0 skipped; finished in 824.59µs (550.61µs CPU time)

Ran 4 tests for test/GuardianPause.t.sol:GuardianPauseTest
[PASS] test_adminCanDelegateGuardianToTechCommittee() (gas: 147945)
[PASS] test_freshDeployIsPausableByAdmin() (gas: 83139)
[PASS] test_nonGuardianCannotPause() (gas: 58791)
[PASS] test_pauseIsReversible() (gas: 97059)
Suite result: ok. 4 passed; 0 failed; 0 skipped; finished in 3.85ms (595.80µs CPU time)

Ran 2 tests for test/CollateralVaultDeposit.t.sol:CollateralVaultDepositTest
[PASS] test_baselineWithoutSynthIsLiquidatable() (gas: 330392)
[PASS] test_depositOpensMainLegAndSynthFloorsHf() (gas: 1158556)
Suite result: ok. 2 passed; 0 failed; 0 skipped; finished in 4.90ms (1.68ms CPU time)

Ran 1 test for test/PropellerDiscountFork.t.sol:PropellerDiscountForkTest
[SKIP: skipped] setUp() (gas: 0)
Suite result: ok. 0 passed; 0 failed; 1 skipped; finished in 5.47ms (0.00ns CPU time)

Ran 1 test for test/PluggableYieldSource.t.sol:PluggableYieldSourceTest
[PASS] test_depositRedeemClaimThroughNonLeveragedSource() (gas: 1707640)
Suite result: ok. 1 passed; 0 failed; 0 skipped; finished in 8.26ms (5.78ms CPU time)

Ran 1 test for test/ProtocolFeesFork.t.sol:ProtocolFeesForkTest
[SKIP: skipped] setUp() (gas: 0)
Suite result: ok. 0 passed; 0 failed; 1 skipped; finished in 812.63µs (0.00ns CPU time)

Ran 4 tests for test/InterestPolicyEvidence.t.sol:InterestPolicyEvidenceTest
[PASS] test_compoundedYieldDoesNotSatisfyCurrentHollarBackingCheck() (gas: 927136)
[PASS] test_currentExitPreservesGrossYieldPromiseButNeedsInterestFunding() (gas: 2079944)
[PASS] test_depositRedeemClaimThroughNonLeveragedSource() (gas: 1707769)
[PASS] test_reborrowSubtractsAccruedMainInterest() (gas: 1267438)
Suite result: ok. 4 passed; 0 failed; 0 skipped; finished in 15.92ms (7.38ms CPU time)

Ran 1 test for test/formal/VerityParity.t.sol:VerityParityTest
[SKIP: skipped] setUp() (gas: 0)
Suite result: ok. 0 passed; 0 failed; 1 skipped; finished in 770.25µs (0.00ns CPU time)

Ran 5 tests for test/PermissionlessKeeper.t.sol:PermissionlessKeeperTest
[PASS] test_compoundEnforcesOracleFloor() (gas: 627888)
[PASS] test_harvestConfiguredAsHarvester() (gas: 15325)
[PASS] test_harvesterDistributesParkedBalance() (gas: 1570947)
[PASS] test_keeperOpsCallableByAnyone() (gas: 444169)
[PASS] test_pauseMatrix() (gas: 310737)
Suite result: ok. 5 passed; 0 failed; 0 skipped; finished in 20.62ms (10.36ms CPU time)

Ran 13 tests for test/WithdrawalCooldown.t.sol:WithdrawalCooldownTest
[PASS] test_defaultWaitsTwelveHoursBeforeAnyUnwind() (gas: 1788083)
[PASS] test_delayChangesOnlyAffectFutureRequestsAndPreserveFifo() (gas: 1608298)
[PASS] test_delegatedAndSplitRequestsCannotReuseAnOldTimer() (gas: 1418883)
[PASS] test_depositDuringWaitDoesNotDilutePendingShares() (gas: 1976029)
[PASS] test_depositRedeemClaimThroughNonLeveragedSource() (gas: 1707688)
[PASS] test_freezeBlocksMatureStartTransfersAndNewRequests() (gas: 1411864)
[PASS] test_freezeKeepsPegAndCommittedMainRepaymentAvailable() (gas: 1461004)
[PASS] test_freezeStopsFifoAndAlreadySettledClaims() (gas: 2448196)
[PASS] test_fundingCannotBypassCooldown() (gas: 1123006)
[PASS] test_governanceCanDisableDelayButStillRequiresExplicitStart() (gas: 1750260)
[PASS] test_onlyGovernanceChangesDelayOrReopensAfterGuardianFreeze() (gas: 81012)
[PASS] test_sourceFreezeCannotBeBypassedByLocalUnpause() (gas: 1738212)
[PASS] test_waitingSharesKeepTheirYieldAndDebtUntilStart() (gas: 1311206)
Suite result: ok. 13 passed; 0 failed; 0 skipped; finished in 22.70ms (20.51ms CPU time)

Ran 18 tests for test/PropellerDiscount.t.sol:PropellerDiscountTest
[PASS] testFuzz_discountNeverExceedsConfiguredRate(uint256,uint256) (runs: 256, μ: 45158, ~: 45131)
[PASS] test_committeeCanDisableEvenWithBrokenVaultGetter() (gas: 283258)
[PASS] test_committeeCanIncreaseReduceDisableAndRestore() (gas: 388734)
[PASS] test_committeeCannotEnrollBorrowersOrGrantRoles() (gas: 68117)
[PASS] test_constructorRejectsWrongMarketAndZeroAuthority() (gas: 791544)
[PASS] test_constructorRejectsWrongSyntheticDecimals() (gas: 1365956)
[PASS] test_dustBackingOnlyDiscountsProportionalDebt() (gas: 48375)
[PASS] test_governanceCanRevokeCommitteeRateAuthority() (gas: 81191)
[PASS] test_invalidRateAndUninstalledPolicyRevert() (gas: 51164)
[PASS] test_outsiderCannotSetRateButCanRefresh() (gas: 360156)
[PASS] test_rateChangeRefreshesAllIncludingLostEligibility() (gas: 964698)
[PASS] test_rawSyntheticIsNotEligibility() (gas: 391752)
[PASS] test_receiptOrMinterRoleAloneCannotUnlockDiscount() (gas: 268659)
[PASS] test_refreshFailureRollsBackRateAndEveryBorrower() (gas: 668662)
[PASS] test_registrationRequiresMinterCorrectMarketAndRefreshHook() (gas: 418705)
[PASS] test_registryIsBoundedAndCanReuseRemovedSlots() (gas: 4507912)
[PASS] test_startsAtZeroWithoutDeployerPrivileges() (gas: 1525664)
[PASS] test_unregisterClearsCacheWithoutRevokingMintPermission() (gas: 279544)
Suite result: ok. 18 passed; 0 failed; 0 skipped; finished in 26.07ms (30.40ms CPU time)

Ran 1 test for test/UnwindSellPricing.t.sol:UnwindSellPricingTest
[PASS] test_unwindSellSurvivesPrimeAppreciation() (gas: 8387432)
Suite result: ok. 1 passed; 0 failed; 0 skipped; finished in 26.40ms (24.39ms CPU time)

Ran 10 tests for test/AdminConfig.t.sol:AdminConfigTest
[PASS] test_addVaultRejectsDuplicates() (gas: 90263)
[PASS] test_depositFailsClosedBeforeSynthReserveIsListed() (gas: 11578383)
[PASS] test_harvestFailsClosedWhileHarvesterUnset() (gas: 7707155)
[PASS] test_registryIsAdminOnly() (gas: 140350)
[PASS] test_removeVaultKeepsRegistryConsistent() (gas: 150847)
[PASS] test_removeVaultRejectsUnregistered() (gas: 20418)
[PASS] test_setHarvesterRejectsZero() (gas: 43485)
[PASS] test_setSwapperRejectsZeroAndStrangers() (gas: 517094)
[PASS] test_setSwapperRepointsWithoutUpgrade() (gas: 527610)
[PASS] test_synthLtFollowsGovernance() (gas: 1170813)
Suite result: ok. 10 passed; 0 failed; 0 skipped; finished in 37.22ms (35.90ms CPU time)

Ran 4 tests for test/SyntheticToken.t.sol:SyntheticTokenTest
[PASS] testFuzz_mintBurnRoundTrips(uint128) (runs: 256, μ: 48542, ~: 48546)
[PASS] test_decimals() (gas: 5888)
[PASS] test_minterCanMintAndBurn() (gas: 66188)
[PASS] test_nonMinterCannotMint() (gas: 37330)
Suite result: ok. 4 passed; 0 failed; 0 skipped; finished in 40.56ms (40.49ms CPU time)

Ran 2 tests for test/SynthLtvZero.t.sol:SynthLtvZeroTest
[PASS] test_governanceLtvBumpPlusNextSupplyRecovers() (gas: 1889716)
[PASS] test_ltvZeroSynthRejectsDepositAtomically() (gas: 792837)
Suite result: ok. 2 passed; 0 failed; 0 skipped; finished in 5.53ms (2.70ms CPU time)

Ran 2 tests for test/ExchangeRateSettleWindow.t.sol:ExchangeRateSettleWindowTest
[PASS] test_depositInSettleWindowIsNotMisMinted() (gas: 13279046)
[PASS] test_settleDoesNotDepressSharePrice() (gas: 12787609)
Suite result: ok. 2 passed; 0 failed; 0 skipped; finished in 86.65ms (124.00ms CPU time)

Ran 4 tests for test/MultiVaultFlow.t.sol:MultiVaultFlowTest
[PASS] test_fullFlowTwoVaultsYieldInKind() (gas: 12111100)
[PASS] test_netCarryAfterHollarBorrowCost() (gas: 9562737)
[PASS] test_sourceEmergencyFreezesBothVaultsAndPreservesLocalPause() (gas: 104839)
[PASS] test_swapCostsReduceRealizedYield() (gas: 10969244)
Suite result: ok. 4 passed; 0 failed; 0 skipped; finished in 88.56ms (121.94ms CPU time)

Ran 3 tests for test/NegativeCarryView.t.sol:NegativeCarryViewTest
[PASS] test_recoversToZeroWhenPriceReturns() (gas: 7575147)
[PASS] test_reportsDrawdownWhenUnderwater() (gas: 7576764)
[PASS] test_zeroWhenHealthy() (gas: 7552015)
Suite result: ok. 3 passed; 0 failed; 0 skipped; finished in 107.87ms (122.21ms CPU time)

Ran 1 test for test/SubLoopDeploy.t.sol:SubLoopDeployTest
[PASS] test_deployRampReachesTargetHf() (gas: 6418810)
Suite result: ok. 1 passed; 0 failed; 0 skipped; finished in 23.42ms (22.19ms CPU time)

Ran 3 tests for test/Harvest.t.sol:HarvestTest
[PASS] test_harvestCompoundsYieldIntoSharePrice() (gas: 8084870)
[PASS] test_harvestSkipsInFlightUnwindEquity() (gas: 11752121)
[PASS] test_primePriceAppreciationCompoundsToDeposit() (gas: 8116867)
Suite result: ok. 3 passed; 0 failed; 0 skipped; finished in 141.10ms (114.00ms CPU time)

Ran 8 tests for test/SubLoopUnwindSizing.t.sol:SubLoopUnwindSizingTest
[PASS] test_deleverStillRunsWhileUnhealthy() (gas: 7936839)
[PASS] test_deleverTargetLapsesWhenHealthRecovers() (gas: 6471112)
[PASS] test_idleHollarCoversUnwindBeforeSelling() (gas: 6681979)
[PASS] test_pokeBorrowResumesAfterRecovery() (gas: 6604471)
[PASS] test_reservedHollarIsNotAvailableToAnotherUnwind() (gas: 7241762)
[PASS] test_subPrimeUnitClaimFinishesWithoutDebt() (gas: 752343)
[PASS] test_subUsd8ClaimFinishesWithDebt() (gas: 6784143)
[PASS] test_unwindSaleSizedToRemainingTarget() (gas: 6951219)
Suite result: ok. 8 passed; 0 failed; 0 skipped; finished in 164.12ms (162.73ms CPU time)

Ran 5 tests for test/HarvestMainDebt.t.sol:HarvestMainDebtTest
[PASS] test_feeThenInterestThenCollateralWithoutPrefunding() (gas: 8205298)
[PASS] test_harvestCompoundsYieldIntoSharePrice() (gas: 8084888)
[PASS] test_harvestSkipsInFlightUnwindEquity() (gas: 11752139)
[PASS] test_insufficientYieldNeverPullsPreviouslyCompoundedCollateral() (gas: 8158305)
[PASS] test_primePriceAppreciationCompoundsToDeposit() (gas: 8116902)
Suite result: ok. 5 passed; 0 failed; 0 skipped; finished in 224.52ms (203.21ms CPU time)

Ran 1 test for test/IntegrationWithdraw.t.sol:IntegrationWithdrawTest
[PASS] test_depositRampWithdrawReturnsPrincipal() (gas: 70319353)
Suite result: ok. 1 passed; 0 failed; 0 skipped; finished in 327.42ms (324.43ms CPU time)

Ran 1 test for test/PartialClaim.t.sol:PartialClaimTest
[PASS] test_partialClaimKeepsRequestActiveAndReturnsRemainder() (gas: 71639661)
Suite result: ok. 1 passed; 0 failed; 0 skipped; finished in 354.84ms (348.19ms CPU time)

Ran 2 tests for test/SettleBatch.t.sol:SettleBatchTest
[PASS] test_longQueueSettlesInBoundedPasses() (gas: 212758148)
[PASS] test_singleRequestSettles() (gas: 13304447)
Suite result: ok. 2 passed; 0 failed; 0 skipped; finished in 442.22ms (497.69ms CPU time)

Ran 16 tests for test/MainDebt.t.sol:MainDebtTest
[PASS] testFuzz_partialRepaymentsAndPostStartInterest(uint96,uint96) (runs: 64, μ: 2803354, ~: 2114093)
[PASS] test_boundedSourceBatchExcludesNewExitsAndConservesRounding() (gas: 6183798)
[PASS] test_costAndCashBatchesRemainProportionalAcrossBoundedCalls() (gas: 6610344)
[PASS] test_depositRedeemClaimThroughNonLeveragedSource() (gas: 1707678)
[PASS] test_directMainRepaymentBenefitsAllDebtCohorts() (gas: 1532029)
[PASS] test_earlyRepaymentRetainsLaterSourceRecoveryForOriginalOwner() (gas: 1902688)
[PASS] test_exitInterestRemainsUnpaidUntilRecoveryWithoutHaircut() (gas: 2076384)
[PASS] test_noLiveLedgerReplacement() (gas: 3906341)
[PASS] test_noSponsoredCashOrDepositCyclingReward() (gas: 3974884)
[PASS] test_partialSourceCreditsAreProportionalNotFirstCome() (gas: 2346466)
[PASS] test_pauseBlocksSurplusButAllowsTargetedRecovery() (gas: 1794870)
[PASS] test_scaledBorrowRoundingRecordsObservedDebt() (gas: 850160)
[PASS] test_scaledExitRepaymentClearsDebtUnitsAndPreservesCollateral() (gas: 1847001)
[PASS] test_scaledRepaymentTailUsesOnlyExplicitlyFundedCash() (gas: 1124395)
[PASS] test_unfundedInterestPreservesPrincipalAndBlocksDeposits() (gas: 1131672)
[PASS] test_wiringRequiredButNoPrefundingOrPolicyRequired() (gas: 10444727)
Suite result: ok. 16 passed; 0 failed; 0 skipped; finished in 500.24ms (535.39ms CPU time)

Ran 3 tests for test/SubLoopUnwind.t.sol:SubLoopUnwindTest
[PASS] test_deLeverRestoresTargetHf() (gas: 7848134)
[PASS] test_fullUnwindFreesSeedEquity() (gas: 61743718)
[PASS] test_unwinderPrunedAfterFullPull() (gas: 65217456)
Suite result: ok. 3 passed; 0 failed; 0 skipped; finished in 681.36ms (576.78ms CPU time)

Ran 7 tests for test/AccountingSafety.t.sol:SourceAccountingSafetyTest
[PASS] test_backToBackVaultUnwindsDoNotOverbookEquity() (gas: 6810520)
[PASS] test_deLeverRestoresTargetHf() (gas: 7848227)
[PASS] test_depositDuringPendingUnwindIsPricedOnLiveBacking() (gas: 6933798)
[PASS] test_fullUnwindFreesSeedEquity() (gas: 61743754)
[PASS] test_unleveredExitSellsCollateralWithoutDebt() (gas: 744066)
[PASS] test_unwinderPrunedAfterFullPull() (gas: 65217492)
[PASS] test_zeroProgressCannotWriteOffUnpaidClaims() (gas: 6536604)
Suite result: ok. 7 passed; 0 failed; 0 skipped; finished in 1.43s (703.78ms CPU time)

Ran 8 tests for test/RecoveryE2E.t.sol:RecoveryE2ETest
[PASS] testFuzz_recoveryFundingAndProcessingOrder(bool,bool,uint16) (runs: 33, μ: 14368958, ~: 14369024)
[PASS] test_fullFlowTwoVaultsYieldInKind() (gas: 12111162)
[PASS] test_lossFreezeStagedFundingAndFullRecovery() (gas: 14368700)
[PASS] test_netCarryAfterHollarBorrowCost() (gas: 9562781)
[PASS] test_reverseVaultAndClaimOrderPreservesAllPrincipal() (gas: 14369082)
[PASS] test_sourceEmergencyFreezesBothVaultsAndPreservesLocalPause() (gas: 104952)
[PASS] test_swapCostsReduceRealizedYield() (gas: 10969447)
[PASS] test_zeroEquityCannotStartUnwindOrEraseWaitingShares() (gas: 8901417)
Suite result: ok. 8 passed; 0 failed; 0 skipped; finished in 1.52s (1.79s CPU time)

Ran 12 tests for test/AccountingSafety.t.sol:VaultAccountingSafetyTest
[PASS] test_deleverThenRedeemDoesNotCountDebtTwice() (gas: 2074210)
[PASS] test_depositRedeemClaimThroughNonLeveragedSource() (gas: 1707753)
[PASS] test_idleCollateralDonationCanBeRedeemed() (gas: 1701508)
[PASS] test_newDepositBlockedWhenMainDebtOutgrowsSource() (gas: 887950)
[PASS] test_partialClaimsUseCumulativeSettlementRounding() (gas: 2053022)
[PASS] test_publicDepositorCannotPayBootstrapCost() (gas: 160672)
[PASS] test_publicDepositorRecoversExactPrincipalAfterGovernanceBootstrap() (gas: 1973210)
[PASS] test_rebalanceDoesNotAddDebtDuringExit() (gas: 1296088)
[PASS] test_settlementCreditsActualRepaymentOnly() (gas: 1876137)
[PASS] test_shortfallPreservesPrincipalClaimAfterPartialPayment() (gas: 2149346)
[PASS] test_twoQueuedHalvesReturnAllPrincipal() (gas: 2183938)
[PASS] test_unclaimedSettlementDoesNotHaircutNextRedeemer() (gas: 2404344)
Suite result: ok. 12 passed; 0 failed; 0 skipped; finished in 1.53s (21.89ms CPU time)

Ran 11 tests for test/SourceUpgradeCompatibility.t.sol:SourceUpgradeCompatibilityTest
[PASS] test_fullFlowTwoVaultsYieldInKind() (gas: 12111232)
[PASS] test_netCarryAfterHollarBorrowCost() (gas: 9562859)
[PASS] test_sourceEmergencyFreezesBothVaultsAndPreservesLocalPause() (gas: 105003)
[PASS] test_swapCostsReduceRealizedYield() (gas: 10969445)
[PASS] test_upgradeCannotHideAnUnderfundedOldPosition() (gas: 15329451)
[PASS] test_upgradeLateRecoveryStillPaysOriginalExitOwner() (gas: 17371671)
[PASS] test_upgradeLiveSourcePreservesPartialExitAndWaitingRequest() (gas: 22982240)
[PASS] test_upgradePendingCostsAndReceiptsAreCreditedExactlyOnce() (gas: 15681641)
[PASS] test_upgradePreservesEmergencyAndLocalPauses() (gas: 18909390)
[PASS] test_upgradeRequiresAuthorityAndCannotReinitializeExistingState() (gas: 9910404)
[PASS] test_upgradeResettingCostCounterBreaksSettlementWithoutErasingClaims() (gas: 15186608)
Suite result: ok. 11 passed; 0 failed; 0 skipped; finished in 1.64s (491.81ms CPU time)

Ran 6 tests for test/WithdrawalCooldown.t.sol:SourceEmergencyPauseTest
[PASS] test_deLeverRestoresTargetHf() (gas: 7848200)
[PASS] test_emergencyAllowsSafetyRepaymentWithoutExitAllocation() (gas: 6838808)
[PASS] test_emergencyStopsExistingUnwindAndNewRisk() (gas: 6828078)
[PASS] test_fullUnwindFreesSeedEquity() (gas: 61743745)
[PASS] test_onlyGuardianFreezesAndOnlyGovernanceReopensSource() (gas: 118373)
[PASS] test_unwinderPrunedAfterFullPull() (gas: 65217500)
Suite result: ok. 6 passed; 0 failed; 0 skipped; finished in 1.66s (636.77ms CPU time)

Ran 8 tests for test/CollateralVaultDiscount.t.sol:CollateralVaultDiscountTest
[PASS] test_committeeCannotChangeVaultControllerOrEligibility() (gas: 266171)
[PASS] test_detachImmediatelyClearsDiscountAndExitsStillWork() (gas: 1871078)
[PASS] test_firstDepositRefreshesAfterSynthSupply() (gas: 1060396)
[PASS] test_incrementalDepositAndPegMaintenanceRefreshBacking() (gas: 1289476)
[PASS] test_legacyVaultWithoutControllerRemainsUndiscounted() (gas: 872602)
[PASS] test_settleRefreshesAfterSyntheticWithdrawal() (gas: 1867563)
[PASS] test_unregisterLeavesRepaymentAndPegMaintenanceAvailable() (gas: 1877336)
[PASS] test_upRebalanceRefreshesAfterNewSynthetic() (gas: 1205757)
Suite result: ok. 8 passed; 0 failed; 0 skipped; finished in 2.00s (13.95ms CPU time)

Ran 4 tests for test/DeleverQueueInterference.t.sol:DeleverQueueInterferenceTest
[PASS] test_rebalanceWaitsForQueuedExit() (gas: 54470634)
[PASS] test_requestRedeemBeforeRampHasRecognizedBacking() (gas: 1728405)
[PASS] test_subLoopPreservesSharesAtZeroEquity() (gas: 1138048)
[PASS] test_unwindSpiralTailRemainsClaimableUntilRecovery() (gas: 559347451)
Suite result: ok. 4 passed; 0 failed; 0 skipped; finished in 2.00s (2.23s CPU time)

Ran 5 tests for test/AdminSourceControl.t.sol:AdminSourceControlTest
[PASS] test_onlyAdminControls() (gas: 420321)
[PASS] test_setYieldSourceGuardsInFlightUnwind() (gas: 8367846)
[PASS] test_setYieldSourceOnFreshVault() (gas: 430406)
[PASS] test_setYieldSourceRevertsWhileFunded() (gas: 7852240)
[PASS] test_setYieldSourceUnreachableOnceFunded() (gas: 559124060)
Suite result: ok. 5 passed; 0 failed; 0 skipped; finished in 2.00s (2.02s CPU time)

Ran 10 tests for test/PrincipalRounding.t.sol:PrincipalRoundingTest
[PASS] testFuzz_depositSplitExitPreservesPrincipalAndOtherHolder(uint96,uint96,uint96) (runs: 256, μ: 2461906, ~: 2461952)
[PASS] test_depositRedeemClaimThroughNonLeveragedSource() (gas: 1707751)
[PASS] test_exhaustedBufferCannotHaircutSettlement() (gas: 2543162)
[PASS] test_exhaustedBufferPreservesWaitingRequestUntilRefilled() (gas: 2208797)
[PASS] test_insufficientBufferRevertsDepositAtomically() (gas: 1208152)
[PASS] test_oddDepositAtTwoToOnePriceCannotLosePrincipalOrDiluteHolder() (gas: 2001507)
[PASS] test_poolSupplyAndWithdrawalRoundingIsPaidByBuffer() (gas: 2030234)
[PASS] test_roundingBufferIsNotShareBackingOrDepositorFunds() (gas: 891859)
[PASS] test_splitRequestsCannotConsumeMoreThanFundedRounding() (gas: 16261752)
[PASS] test_splitTransferredSharesAndPartialClaimsKeepAllPrincipal() (gas: 3154492)
Suite result: ok. 10 passed; 0 failed; 0 skipped; finished in 2.20s (2.25s CPU time)

Ran 5 tests for test/KeeperOps.t.sol:KeeperOpsTest
[PASS] test_maintainPegOnInterestAccrual() (gas: 126753)
[PASS] test_rebalanceDeLeverIdempotent_noRedemptionDoS() (gas: 11763456)
[PASS] test_rebalanceDownOnDrop() (gas: 11610869)
[PASS] test_rebalanceFollowsGovernanceLtvChange() (gas: 604907)
[PASS] test_rebalanceUpOnAppreciation() (gas: 603148)
Suite result: ok. 5 passed; 0 failed; 0 skipped; finished in 16.71s (88.79ms CPU time)

Ran 35 tests for test/Market90Days.t.sol:Market90DaysTest
[PASS] testFuzz_recoveryFundingAndProcessingOrder(bool,bool,uint16) (runs: 256, μ: 14380056, ~: 14380127)
[PASS] test_90Day100kBear() (gas: 390256325)
[PASS] test_90Day100kBull() (gas: 87315159)
[PASS] test_90Day100kSeesaw() (gas: 235926566)
[PASS] test_90Day100mBear() (gas: 526898258)
[PASS] test_90Day100mBull() (gas: 112017366)
[PASS] test_90Day100mSeesaw() (gas: 293701268)
[PASS] test_90Day10mBear() (gas: 490238424)
[PASS] test_90Day10mBull() (gas: 87314816)
[PASS] test_90Day10mSeesaw() (gas: 288841398)
[PASS] test_90Day1mBear() (gas: 439973157)
[PASS] test_90Day1mBull() (gas: 87316668)
[PASS] test_90Day1mSeesaw() (gas: 262296319)
[PASS] test_90Day500kBear() (gas: 424926569)
[PASS] test_90Day500kBull() (gas: 87315132)
[PASS] test_90Day500kSeesaw() (gas: 254332747)
[PASS] test_90Day50mBear() (gas: 526143311)
[PASS] test_90Day50mBull() (gas: 95254671)
[PASS] test_90Day50mSeesaw() (gas: 307342989)
[PASS] test_90DayBear() (gas: 329200652)
[PASS] test_90DayBearFullMainDiscount() (gas: 296108327)
[PASS] test_90DayBearKeeperOutage() (gas: 301961308)
[PASS] test_90DayBull() (gas: 87312138)
[PASS] test_90DayBullFullMainDiscount() (gas: 75351555)
[PASS] test_90DayBullKeeperOutage() (gas: 72424999)
[PASS] test_90DaySeesaw() (gas: 203895544)
[PASS] test_90DaySeesawFullMainDiscount() (gas: 99552980)
[PASS] test_90DaySeesawKeeperOutage() (gas: 188149473)
[PASS] test_fullFlowTwoVaultsYieldInKind() (gas: 12117580)
[PASS] test_lossFreezeStagedFundingAndFullRecovery() (gas: 14379788)
[PASS] test_netCarryAfterHollarBorrowCost() (gas: 9568324)
[PASS] test_reverseVaultAndClaimOrderPreservesAllPrincipal() (gas: 14380678)
[PASS] test_sourceEmergencyFreezesBothVaultsAndPreservesLocalPause() (gas: 105988)
[PASS] test_swapCostsReduceRealizedYield() (gas: 10975460)
[PASS] test_zeroEquityCannotStartUnwindOrEraseWaitingShares() (gas: 8907097)
Suite result: ok. 35 passed; 0 failed; 0 skipped; finished in 17.72s (33.45s CPU time)

Ran 36 tests for test/ProtocolFees.t.sol:ProtocolFeesTest
[PASS] testFuzz_accrualClaimAndRotationConserveFees(uint256) (runs: 256, μ: 908104, ~: 907450)
[PASS] testFuzz_feeConservesGross(uint16,uint96) (runs: 256, μ: 174112, ~: 181921)
[PASS] test_actualOutputUsedInsteadOfSwapperReturn() (gas: 8393602)
[PASS] test_claimCannotReenterOrChangeRecipientDuringTransfer() (gas: 9312778)
[PASS] test_claimTransferMismatchRetainsLedger() (gas: 7994420)
[PASS] test_directDonationNotTaxedAndSameTokenSkipsSwap() (gas: 662015)
[PASS] test_directSourceHarvestStillPaysFeeOnLaterDistribution() (gas: 8103022)
[PASS] test_failedClaimRetainsLedgerAndRecipientCanRecover() (gas: 8040487)
[PASS] test_feeBoundsAndUnknownVault() (gas: 61715)
[PASS] test_feeTransferMismatchRollsBackHarvest() (gas: 7829915)
[PASS] test_feeWithFullBorrowingDiscount() (gas: 10782949)
[PASS] test_feeWithPartialBorrowingDiscount() (gas: 10783178)
[PASS] test_feeWithZeroBorrowingDiscount() (gas: 10717124)
[PASS] test_fullFeeDoesNotCallZeroSupply() (gas: 7934210)
[PASS] test_governanceControlsAllPolicy() (gas: 223702)
[PASS] test_grossMinOutAppliedBeforeFee() (gas: 7979435)
[PASS] test_harvestCompoundsYieldIntoSharePrice() (gas: 8085131)
[PASS] test_harvestSkipsInFlightUnwindEquity() (gas: 11752265)
[PASS] test_initialFivePercentAndIdleCollateralExcluded() (gas: 8009385)
[PASS] test_laterVaultRateChangeDuringSwapRollsBackBatch() (gas: 17603532)
[PASS] test_lyingSwapperCannotSpendIdleCollateral() (gas: 8186453)
[PASS] test_minOutFailureRollsBackHarvestAndAccrual() (gas: 7778003)
[PASS] test_missingOrMismatchedWiringFailsClosed() (gas: 8797438)
[PASS] test_paidFeesUnaffectedByRecipientRotation() (gas: 8030580)
[PASS] test_partialInputConsumptionRejected() (gas: 8190411)
[PASS] test_permissionlessClaimPaysOnlyCurrentRecipient() (gas: 8053518)
[PASS] test_policyChangeAndRestorationStillReverts() (gas: 8437708)
[PASS] test_primePriceAppreciationCompoundsToDeposit() (gas: 8117392)
[PASS] test_rebindingPreservesExplicitZeroRate() (gas: 111145)
[PASS] test_rejectsZeroAndKnownCustodyRecipients() (gas: 93441)
[PASS] test_runtimeSizesRemainDeployable() (gas: 5995000)
[PASS] test_settledWithdrawalIsNotUsedForFee() (gas: 13298356)
[PASS] test_sharedAssetDifferentRatesUseOneClaimLedger() (gas: 16959360)
[PASS] test_treasuryMayDepositPaidCollateralNormally() (gas: 8529018)
[PASS] test_zeroActualOutputRejectedEvenWhenFloorRoundsZero() (gas: 8191776)
[PASS] test_zeroFeeSuppliesAllHarvest() (gas: 7953831)
Suite result: ok. 36 passed; 0 failed; 0 skipped; finished in 17.70s (1.80s CPU time)

Ran 15 tests for test/YieldFundedExecution.t.sol:YieldFundedExecutionTest
[PASS] testFuzz_recoveryFundingAndProcessingOrder(bool,bool,uint16) (runs: 256, μ: 14369075, ~: 14369148)
[PASS] test_costHoldbackNeverCreatesOrRequiresStartupCapital() (gas: 8742386)
[PASS] test_directPrimeRepaymentBecomesNetCollateralYieldWithoutChangingBasis() (gas: 9551749)
[PASS] test_earnedCostAllowanceProtectsAllThreeExitsWithoutRecovery() (gas: 375039344)
[PASS] test_earnedPrimePaysResizeFrictionWithoutSellingUserCollateral() (gas: 11506148)
[PASS] test_fullFlowTwoVaultsYieldInKind() (gas: 12111285)
[PASS] test_lossFreezeStagedFundingAndFullRecovery() (gas: 14368869)
[PASS] test_netCarryAfterHollarBorrowCost() (gas: 9562904)
[PASS] test_realizedCostsCannotWriteOffSourcePrincipalWithoutYield() (gas: 9845753)
[PASS] test_reverseVaultAndClaimOrderPreservesAllPrincipal() (gas: 14369340)
[PASS] test_slippageFailureRollsBackBorrowAndUnwindWithoutWidening() (gas: 9382128)
[PASS] test_sourceEmergencyFreezesBothVaultsAndPreservesLocalPause() (gas: 105056)
[PASS] test_swapCostsReduceRealizedYield() (gas: 10969512)
[PASS] test_tbtcFallShrinksPrimeLoopToRepayMainWithoutSponsoredCash() (gas: 11437566)
[PASS] test_zeroEquityCannotStartUnwindOrEraseWaitingShares() (gas: 8901508)
Suite result: ok. 15 passed; 0 failed; 0 skipped; finished in 17.70s (11.32s CPU time)

Ran 9 tests for test/invariant/PropellerInvariant.t.sol:PropellerInvariantTest
[PASS] invariant_escrow() (runs: 256, calls: 12800, reverts: 1066)

╭----------+-----------------------------+-------+---------+----------╮
| Contract | Selector                    | Calls | Reverts | Discards |
+=====================================================================+
| Handler  | accrueMainInterest          | 1152  | 0       | 0        |
|----------+-----------------------------+-------+---------+----------|
| Handler  | accruePrimeAndExecutionCost | 1123  | 0       | 0        |
|----------+-----------------------------+-------+---------+----------|
| Handler  | advanceAndStart             | 1189  | 24      | 0        |
|----------+-----------------------------+-------+---------+----------|
| Handler  | churnUnwind                 | 1186  | 0       | 0        |
|----------+-----------------------------+-------+---------+----------|
| Handler  | claim                       | 1203  | 0       | 0        |
|----------+-----------------------------+-------+---------+----------|
| Handler  | claimMainSurplus            | 1213  | 352     | 0        |
|----------+-----------------------------+-------+---------+----------|
| Handler  | deposit                     | 1101  | 690     | 0        |
|----------+-----------------------------+-------+---------+----------|
| Handler  | externalRepayment           | 1154  | 0       | 0        |
|----------+-----------------------------+-------+---------+----------|
| Handler  | ramp                        | 1112  | 0       | 0        |
|----------+-----------------------------+-------+---------+----------|
| Handler  | requestRedeem               | 1141  | 0       | 0        |
|----------+-----------------------------+-------+---------+----------|
| Handler  | settle                      | 1226  | 0       | 0        |
╰----------+-----------------------------+-------+---------+----------╯

[PASS] invariant_freedBacked() (runs: 256, calls: 12800, reverts: 1079)

╭----------+-----------------------------+-------+---------+----------╮
| Contract | Selector                    | Calls | Reverts | Discards |
+=====================================================================+
| Handler  | accrueMainInterest          | 1170  | 0       | 0        |
|----------+-----------------------------+-------+---------+----------|
| Handler  | accruePrimeAndExecutionCost | 1177  | 0       | 0        |
|----------+-----------------------------+-------+---------+----------|
| Handler  | advanceAndStart             | 1182  | 24      | 0        |
|----------+-----------------------------+-------+---------+----------|
| Handler  | churnUnwind                 | 1075  | 0       | 0        |
|----------+-----------------------------+-------+---------+----------|
| Handler  | claim                       | 1164  | 0       | 0        |
|----------+-----------------------------+-------+---------+----------|
| Handler  | claimMainSurplus            | 1227  | 332     | 0        |
|----------+-----------------------------+-------+---------+----------|
| Handler  | deposit                     | 1172  | 723     | 0        |
|----------+-----------------------------+-------+---------+----------|
| Handler  | externalRepayment           | 1169  | 0       | 0        |
|----------+-----------------------------+-------+---------+----------|
| Handler  | ramp                        | 1173  | 0       | 0        |
|----------+-----------------------------+-------+---------+----------|
| Handler  | requestRedeem               | 1135  | 0       | 0        |
|----------+-----------------------------+-------+---------+----------|
| Handler  | settle                      | 1156  | 0       | 0        |
╰----------+-----------------------------+-------+---------+----------╯

[PASS] invariant_mainCashDebtAndSourceClaimsConserved() (runs: 256, calls: 12800, reverts: 1054)

╭----------+-----------------------------+-------+---------+----------╮
| Contract | Selector                    | Calls | Reverts | Discards |
+=====================================================================+
| Handler  | accrueMainInterest          | 1120  | 0       | 0        |
|----------+-----------------------------+-------+---------+----------|
| Handler  | accruePrimeAndExecutionCost | 1162  | 0       | 0        |
|----------+-----------------------------+-------+---------+----------|
| Handler  | advanceAndStart             | 1179  | 17      | 0        |
|----------+-----------------------------+-------+---------+----------|
| Handler  | churnUnwind                 | 1204  | 0       | 0        |
|----------+-----------------------------+-------+---------+----------|
| Handler  | claim                       | 1094  | 0       | 0        |
|----------+-----------------------------+-------+---------+----------|
| Handler  | claimMainSurplus            | 1193  | 329     | 0        |
|----------+-----------------------------+-------+---------+----------|
| Handler  | deposit                     | 1150  | 708     | 0        |
|----------+-----------------------------+-------+---------+----------|
| Handler  | externalRepayment           | 1215  | 0       | 0        |
|----------+-----------------------------+-------+---------+----------|
| Handler  | ramp                        | 1226  | 0       | 0        |
|----------+-----------------------------+-------+---------+----------|
| Handler  | requestRedeem               | 1083  | 0       | 0        |
|----------+-----------------------------+-------+---------+----------|
| Handler  | settle                      | 1174  | 0       | 0        |
╰----------+-----------------------------+-------+---------+----------╯

[PASS] invariant_noSynthBorrow() (runs: 256, calls: 12800, reverts: 1024)

╭----------+-----------------------------+-------+---------+----------╮
| Contract | Selector                    | Calls | Reverts | Discards |
+=====================================================================+
| Handler  | accrueMainInterest          | 1163  | 0       | 0        |
|----------+-----------------------------+-------+---------+----------|
| Handler  | accruePrimeAndExecutionCost | 1177  | 0       | 0        |
|----------+-----------------------------+-------+---------+----------|
| Handler  | advanceAndStart             | 1186  | 30      | 0        |
|----------+-----------------------------+-------+---------+----------|
| Handler  | churnUnwind                 | 1204  | 0       | 0        |
|----------+-----------------------------+-------+---------+----------|
| Handler  | claim                       | 1214  | 0       | 0        |
|----------+-----------------------------+-------+---------+----------|
| Handler  | claimMainSurplus            | 1122  | 284     | 0        |
|----------+-----------------------------+-------+---------+----------|
| Handler  | deposit                     | 1107  | 710     | 0        |
|----------+-----------------------------+-------+---------+----------|
| Handler  | externalRepayment           | 1215  | 0       | 0        |
|----------+-----------------------------+-------+---------+----------|
| Handler  | ramp                        | 1144  | 0       | 0        |
|----------+-----------------------------+-------+---------+----------|
| Handler  | requestRedeem               | 1114  | 0       | 0        |
|----------+-----------------------------+-------+---------+----------|
| Handler  | settle                      | 1154  | 0       | 0        |
╰----------+-----------------------------+-------+---------+----------╯

[PASS] invariant_principalClaimsPreserved() (runs: 256, calls: 12800, reverts: 1107)

╭----------+-----------------------------+-------+---------+----------╮
| Contract | Selector                    | Calls | Reverts | Discards |
+=====================================================================+
| Handler  | accrueMainInterest          | 1104  | 0       | 0        |
|----------+-----------------------------+-------+---------+----------|
| Handler  | accruePrimeAndExecutionCost | 1210  | 0       | 0        |
|----------+-----------------------------+-------+---------+----------|
| Handler  | advanceAndStart             | 1149  | 20      | 0        |
|----------+-----------------------------+-------+---------+----------|
| Handler  | churnUnwind                 | 1169  | 0       | 0        |
|----------+-----------------------------+-------+---------+----------|
| Handler  | claim                       | 1089  | 0       | 0        |
|----------+-----------------------------+-------+---------+----------|
| Handler  | claimMainSurplus            | 1208  | 364     | 0        |
|----------+-----------------------------+-------+---------+----------|
| Handler  | deposit                     | 1143  | 723     | 0        |
|----------+-----------------------------+-------+---------+----------|
| Handler  | externalRepayment           | 1172  | 0       | 0        |
|----------+-----------------------------+-------+---------+----------|
| Handler  | ramp                        | 1188  | 0       | 0        |
|----------+-----------------------------+-------+---------+----------|
| Handler  | requestRedeem               | 1188  | 0       | 0        |
|----------+-----------------------------+-------+---------+----------|
| Handler  | settle                      | 1180  | 0       | 0        |
╰----------+-----------------------------+-------+---------+----------╯

[PASS] invariant_principalFloored() (runs: 256, calls: 12800, reverts: 1019)

╭----------+-----------------------------+-------+---------+----------╮
| Contract | Selector                    | Calls | Reverts | Discards |
+=====================================================================+
| Handler  | accrueMainInterest          | 1172  | 0       | 0        |
|----------+-----------------------------+-------+---------+----------|
| Handler  | accruePrimeAndExecutionCost | 1157  | 0       | 0        |
|----------+-----------------------------+-------+---------+----------|
| Handler  | advanceAndStart             | 1102  | 21      | 0        |
|----------+-----------------------------+-------+---------+----------|
| Handler  | churnUnwind                 | 1162  | 0       | 0        |
|----------+-----------------------------+-------+---------+----------|
| Handler  | claim                       | 1211  | 0       | 0        |
|----------+-----------------------------+-------+---------+----------|
| Handler  | claimMainSurplus            | 1226  | 308     | 0        |
|----------+-----------------------------+-------+---------+----------|
| Handler  | deposit                     | 1142  | 690     | 0        |
|----------+-----------------------------+-------+---------+----------|
| Handler  | externalRepayment           | 1144  | 0       | 0        |
|----------+-----------------------------+-------+---------+----------|
| Handler  | ramp                        | 1101  | 0       | 0        |
|----------+-----------------------------+-------+---------+----------|
| Handler  | requestRedeem               | 1171  | 0       | 0        |
|----------+-----------------------------+-------+---------+----------|
| Handler  | settle                      | 1212  | 0       | 0        |
╰----------+-----------------------------+-------+---------+----------╯

[PASS] invariant_roundingReserveIsRingFenced() (runs: 256, calls: 12800, reverts: 1106)

╭----------+-----------------------------+-------+---------+----------╮
| Contract | Selector                    | Calls | Reverts | Discards |
+=====================================================================+
| Handler  | accrueMainInterest          | 1164  | 0       | 0        |
|----------+-----------------------------+-------+---------+----------|
| Handler  | accruePrimeAndExecutionCost | 1204  | 0       | 0        |
|----------+-----------------------------+-------+---------+----------|
| Handler  | advanceAndStart             | 1169  | 33      | 0        |
|----------+-----------------------------+-------+---------+----------|
| Handler  | churnUnwind                 | 1191  | 0       | 0        |
|----------+-----------------------------+-------+---------+----------|
| Handler  | claim                       | 1154  | 0       | 0        |
|----------+-----------------------------+-------+---------+----------|
| Handler  | claimMainSurplus            | 1164  | 300     | 0        |
|----------+-----------------------------+-------+---------+----------|
| Handler  | deposit                     | 1237  | 773     | 0        |
|----------+-----------------------------+-------+---------+----------|
| Handler  | externalRepayment           | 1134  | 0       | 0        |
|----------+-----------------------------+-------+---------+----------|
| Handler  | ramp                        | 1168  | 0       | 0        |
|----------+-----------------------------+-------+---------+----------|
| Handler  | requestRedeem               | 1115  | 0       | 0        |
|----------+-----------------------------+-------+---------+----------|
| Handler  | settle                      | 1100  | 0       | 0        |
╰----------+-----------------------------+-------+---------+----------╯

[PASS] invariant_shareConservation() (runs: 256, calls: 12800, reverts: 1119)

╭----------+-----------------------------+-------+---------+----------╮
| Contract | Selector                    | Calls | Reverts | Discards |
+=====================================================================+
| Handler  | accrueMainInterest          | 1173  | 0       | 0        |
|----------+-----------------------------+-------+---------+----------|
| Handler  | accruePrimeAndExecutionCost | 1150  | 0       | 0        |
|----------+-----------------------------+-------+---------+----------|
| Handler  | advanceAndStart             | 1178  | 33      | 0        |
|----------+-----------------------------+-------+---------+----------|
| Handler  | churnUnwind                 | 1165  | 0       | 0        |
|----------+-----------------------------+-------+---------+----------|
| Handler  | claim                       | 1186  | 0       | 0        |
|----------+-----------------------------+-------+---------+----------|
| Handler  | claimMainSurplus            | 1136  | 333     | 0        |
|----------+-----------------------------+-------+---------+----------|
| Handler  | deposit                     | 1184  | 753     | 0        |
|----------+-----------------------------+-------+---------+----------|
| Handler  | externalRepayment           | 1214  | 0       | 0        |
|----------+-----------------------------+-------+---------+----------|
| Handler  | ramp                        | 1146  | 0       | 0        |
|----------+-----------------------------+-------+---------+----------|
| Handler  | requestRedeem               | 1163  | 0       | 0        |
|----------+-----------------------------+-------+---------+----------|
| Handler  | settle                      | 1105  | 0       | 0        |
╰----------+-----------------------------+-------+---------+----------╯

[PASS] invariant_synthConserved() (runs: 256, calls: 12800, reverts: 1014)

╭----------+-----------------------------+-------+---------+----------╮
| Contract | Selector                    | Calls | Reverts | Discards |
+=====================================================================+
| Handler  | accrueMainInterest          | 1242  | 0       | 0        |
|----------+-----------------------------+-------+---------+----------|
| Handler  | accruePrimeAndExecutionCost | 1133  | 0       | 0        |
|----------+-----------------------------+-------+---------+----------|
| Handler  | advanceAndStart             | 1177  | 17      | 0        |
|----------+-----------------------------+-------+---------+----------|
| Handler  | churnUnwind                 | 1131  | 0       | 0        |
|----------+-----------------------------+-------+---------+----------|
| Handler  | claim                       | 1185  | 0       | 0        |
|----------+-----------------------------+-------+---------+----------|
| Handler  | claimMainSurplus            | 1142  | 321     | 0        |
|----------+-----------------------------+-------+---------+----------|
| Handler  | deposit                     | 1109  | 676     | 0        |
|----------+-----------------------------+-------+---------+----------|
| Handler  | externalRepayment           | 1176  | 0       | 0        |
|----------+-----------------------------+-------+---------+----------|
| Handler  | ramp                        | 1210  | 0       | 0        |
|----------+-----------------------------+-------+---------+----------|
| Handler  | requestRedeem               | 1092  | 0       | 0        |
|----------+-----------------------------+-------+---------+----------|
| Handler  | settle                      | 1203  | 0       | 0        |
╰----------+-----------------------------+-------+---------+----------╯

Suite result: ok. 9 passed; 0 failed; 0 skipped; finished in 17.72s (104.52s CPU time)

Ran 16 tests for test/MainDebtCampaign.t.sol:MainDebtCampaignTest
[PASS] testFuzz_recoveryFundingAndProcessingOrder(bool,bool,uint16) (runs: 256, μ: 14382245, ~: 14382296)
[SKIP] test_campaign100k() (gas: 0)
[SKIP] test_campaign100m() (gas: 0)
[SKIP] test_campaign10m() (gas: 0)
[SKIP] test_campaign1m() (gas: 0)
[SKIP] test_campaign500k() (gas: 0)
[SKIP] test_campaign50m() (gas: 0)
[SKIP] test_campaignSensitivity100k() (gas: 0)
[SKIP] test_campaignSensitivity1m() (gas: 0)
[PASS] test_fullFlowTwoVaultsYieldInKind() (gas: 12118544)
[PASS] test_lossFreezeStagedFundingAndFullRecovery() (gas: 14381904)
[PASS] test_netCarryAfterHollarBorrowCost() (gas: 9568860)
[PASS] test_reverseVaultAndClaimOrderPreservesAllPrincipal() (gas: 14382566)
[PASS] test_sourceEmergencyFreezesBothVaultsAndPreservesLocalPause() (gas: 105981)
[PASS] test_swapCostsReduceRealizedYield() (gas: 10976543)
[PASS] test_zeroEquityCannotStartUnwindOrEraseWaitingShares() (gas: 8907788)
Suite result: ok. 8 passed; 0 failed; 8 skipped; finished in 25.03s (25.27s CPU time)

Ran 42 test suites in 25.03s (131.91s CPU time): 297 tests passed, 0 failed, 11 skipped (308 total tests)
