Missing dependencies found. Installing now...

Warning: Your project has missing dependencies that could not be installed.
Compiling 134 files with Solc 0.8.22
Solc 0.8.22 finished in 982.32s
Compiler run successful with warnings:
Warning (2072): Unused local variable.
   --> test/Harvest.t.sol:156:9:
    |
156 |         uint256 equityBasis = loop.totalEquity(); // ~2250e8 ($2250 seed)
    |         ^^^^^^^^^^^^^^^^^^^

Warning (2018): Function state mutability can be restricted to pure
  --> test/mocks/MockYieldSource.sol:89:5:
   |
89 |     function harvest() external returns (uint256 surplus) {
   |     ^ (Relevant source part starts here and spans across multiple lines).

Warning (2018): Function state mutability can be restricted to view
   --> test/PermissionlessKeeper.t.sol:147:5:
    |
147 |     function test_harvestConfiguredAsHarvester() public {
    |     ^ (Relevant source part starts here and spans across multiple lines).


Ran 5 tests for test/DcaDispatch.t.sol:DcaDispatchTest
[PASS] test_encodeMatchesPolkadotJsReference() (gas: 24312)
[PASS] test_ownerDerivation() (gas: 582)
[PASS] test_routerPalletIndexIsPinned() (gas: 2128)
[PASS] test_routerSellDeployLegMatchesRuntimeMetadata() (gas: 19495)
[PASS] test_routerSellUnwindLegMatchesRuntimeMetadata() (gas: 19608)
Suite result: ok. 5 passed; 0 failed; 0 skipped; finished in 915.67µs (593.40µs CPU time)

Ran 1 test for test/ProtocolFeesFork.t.sol:ProtocolFeesForkTest
[SKIP: skipped] setUp() (gas: 0)
Suite result: ok. 0 passed; 0 failed; 1 skipped; finished in 962.62µs (0.00ns CPU time)

Ran 1 test for test/PropellerDiscountFork.t.sol:PropellerDiscountForkTest
[SKIP: skipped] setUp() (gas: 0)
Suite result: ok. 0 passed; 0 failed; 1 skipped; finished in 271.42µs (0.00ns CPU time)

Ran 4 tests for test/GuardianPause.t.sol:GuardianPauseTest
[PASS] test_adminCanDelegateGuardianToTechCommittee() (gas: 147945)
[PASS] test_freshDeployIsPausableByAdmin() (gas: 83139)
[PASS] test_nonGuardianCannotPause() (gas: 58791)
[PASS] test_pauseIsReversible() (gas: 97059)
Suite result: ok. 4 passed; 0 failed; 0 skipped; finished in 3.10ms (1.61ms CPU time)

Ran 1 test for test/PluggableYieldSource.t.sol:PluggableYieldSourceTest
[PASS] test_depositRedeemClaimThroughNonLeveragedSource() (gas: 1707674)
Suite result: ok. 1 passed; 0 failed; 0 skipped; finished in 3.81ms (1.76ms CPU time)

Ran 5 tests for test/PermissionlessKeeper.t.sol:PermissionlessKeeperTest
[PASS] test_compoundEnforcesOracleFloor() (gas: 627888)
[PASS] test_harvestConfiguredAsHarvester() (gas: 15325)
[PASS] test_harvesterDistributesParkedBalance() (gas: 1571054)
[PASS] test_keeperOpsCallableByAnyone() (gas: 427751)
[PASS] test_pauseMatrix() (gas: 310737)
Suite result: ok. 5 passed; 0 failed; 0 skipped; finished in 8.46ms (4.90ms CPU time)

Ran 2 tests for test/CollateralVaultDeposit.t.sol:CollateralVaultDepositTest
[PASS] test_baselineWithoutSynthIsLiquidatable() (gas: 330392)
[PASS] test_depositOpensMainLegAndSynthFloorsHf() (gas: 1158556)
Suite result: ok. 2 passed; 0 failed; 0 skipped; finished in 6.95ms (2.24ms CPU time)

Ran 8 tests for test/CollateralVaultDiscount.t.sol:CollateralVaultDiscountTest
[PASS] test_committeeCannotChangeVaultControllerOrEligibility() (gas: 266171)
[PASS] test_detachImmediatelyClearsDiscountAndExitsStillWork() (gas: 1871078)
[PASS] test_firstDepositRefreshesAfterSynthSupply() (gas: 1060396)
[PASS] test_incrementalDepositAndPegMaintenanceRefreshBacking() (gas: 1289476)
[PASS] test_legacyVaultWithoutControllerRemainsUndiscounted() (gas: 872602)
[PASS] test_settleRefreshesAfterSyntheticWithdrawal() (gas: 1867563)
[PASS] test_unregisterLeavesRepaymentAndPegMaintenanceAvailable() (gas: 1877336)
[PASS] test_upRebalanceRefreshesAfterNewSynthetic() (gas: 1205757)
Suite result: ok. 8 passed; 0 failed; 0 skipped; finished in 14.37ms (11.95ms CPU time)

Ran 1 test for test/SubLoopDeploy.t.sol:SubLoopDeployTest
[PASS] test_deployRampReachesTargetHf() (gas: 6418810)
Suite result: ok. 1 passed; 0 failed; 0 skipped; finished in 25.63ms (21.82ms CPU time)

Ran 12 tests for test/AccountingSafety.t.sol:VaultAccountingSafetyTest
[PASS] test_deleverThenRedeemDoesNotCountDebtTwice() (gas: 2074210)
[PASS] test_depositRedeemClaimThroughNonLeveragedSource() (gas: 1707753)
[PASS] test_idleCollateralDonationCanBeRedeemed() (gas: 1701508)
[PASS] test_newDepositBlockedWhenMainDebtOutgrowsSource() (gas: 887950)
[PASS] test_partialClaimsUseCumulativeSettlementRounding() (gas: 2053022)
[PASS] test_publicDepositorCannotPayBootstrapCost() (gas: 160672)
[PASS] test_publicDepositorRecoversExactPrincipalAfterGovernanceBootstrap() (gas: 1973210)
[PASS] test_rebalanceDoesNotAddDebtDuringExit() (gas: 1296088)
[PASS] test_settlementCreditsActualRepaymentOnly() (gas: 1876137)
[PASS] test_shortfallPreservesPrincipalClaimAfterPartialPayment() (gas: 2149346)
[PASS] test_twoQueuedHalvesReturnAllPrincipal() (gas: 2183938)
[PASS] test_unclaimedSettlementDoesNotHaircutNextRedeemer() (gas: 2404344)
Suite result: ok. 12 passed; 0 failed; 0 skipped; finished in 27.33ms (22.95ms CPU time)

Ran 1 test for test/UnwindSellPricing.t.sol:UnwindSellPricingTest
[PASS] test_unwindSellSurvivesPrimeAppreciation() (gas: 8387465)
Suite result: ok. 1 passed; 0 failed; 0 skipped; finished in 27.14ms (24.46ms CPU time)

Ran 1 test for test/formal/VerityParity.t.sol:VerityParityTest
[SKIP: skipped] setUp() (gas: 0)
Suite result: ok. 0 passed; 0 failed; 1 skipped; finished in 739.39µs (0.00ns CPU time)

Ran 10 tests for test/AdminConfig.t.sol:AdminConfigTest
[PASS] test_addVaultRejectsDuplicates() (gas: 90263)
[PASS] test_depositFailsClosedBeforeSynthReserveIsListed() (gas: 11578383)
[PASS] test_harvestOnlyByWiredHarvester() (gas: 7686525)
[PASS] test_registryIsAdminOnly() (gas: 140350)
[PASS] test_removeVaultKeepsRegistryConsistent() (gas: 150847)
[PASS] test_removeVaultRejectsUnregistered() (gas: 20418)
[PASS] test_setHarvesterRejectsZero() (gas: 43485)
[PASS] test_setSwapperRejectsZeroAndStrangers() (gas: 517094)
[PASS] test_setSwapperRepointsWithoutUpgrade() (gas: 527610)
[PASS] test_synthLtFollowsGovernance() (gas: 1170813)
Suite result: ok. 10 passed; 0 failed; 0 skipped; finished in 31.09ms (25.67ms CPU time)

Ran 2 tests for test/SynthLtvZero.t.sol:SynthLtvZeroTest
[PASS] test_governanceLtvBumpPlusNextSupplyRecovers() (gas: 1889716)
[PASS] test_ltvZeroSynthRejectsDepositAtomically() (gas: 792837)
Suite result: ok. 2 passed; 0 failed; 0 skipped; finished in 5.78ms (2.77ms CPU time)

Ran 2 tests for test/ExchangeRateSettleWindow.t.sol:ExchangeRateSettleWindowTest
[PASS] test_depositInSettleWindowIsNotMisMinted() (gas: 13279046)
[PASS] test_settleDoesNotDepressSharePrice() (gas: 12787609)
Suite result: ok. 2 passed; 0 failed; 0 skipped; finished in 93.01ms (89.76ms CPU time)

Ran 4 tests for test/MultiVaultFlow.t.sol:MultiVaultFlowTest
[PASS] test_fullFlowTwoVaultsYieldInKind() (gas: 12111085)
[PASS] test_netCarryAfterHollarBorrowCost() (gas: 9561289)
[PASS] test_sourceEmergencyFreezesBothVaultsAndPreservesLocalPause() (gas: 104839)
[PASS] test_swapCostsReduceRealizedYield() (gas: 10967916)
Suite result: ok. 4 passed; 0 failed; 0 skipped; finished in 121.12ms (110.38ms CPU time)

Ran 3 tests for test/NegativeCarryView.t.sol:NegativeCarryViewTest
[PASS] test_recoversToZeroWhenPriceReturns() (gas: 7575147)
[PASS] test_reportsDrawdownWhenUnderwater() (gas: 7576764)
[PASS] test_zeroWhenHealthy() (gas: 7552015)
Suite result: ok. 3 passed; 0 failed; 0 skipped; finished in 133.59ms (129.83ms CPU time)

Ran 8 tests for test/SubLoopUnwindSizing.t.sol:SubLoopUnwindSizingTest
[PASS] test_deleverStillRunsWhileUnhealthy() (gas: 7936839)
[PASS] test_deleverTargetLapsesWhenHealthRecovers() (gas: 6471112)
[PASS] test_idleHollarCoversUnwindBeforeSelling() (gas: 6681979)
[PASS] test_pokeBorrowResumesAfterRecovery() (gas: 6604471)
[PASS] test_reservedHollarIsNotAvailableToAnotherUnwind() (gas: 7241762)
[PASS] test_subPrimeUnitClaimFinishesWithoutDebt() (gas: 752343)
[PASS] test_subUsd8ClaimFinishesWithDebt() (gas: 6784143)
[PASS] test_unwindSaleSizedToRemainingTarget() (gas: 6951219)
Suite result: ok. 8 passed; 0 failed; 0 skipped; finished in 150.31ms (149.04ms CPU time)

Ran 13 tests for test/WithdrawalCooldown.t.sol:WithdrawalCooldownTest
[PASS] test_defaultWaitsTwelveHoursBeforeAnyUnwind() (gas: 1788083)
[PASS] test_delayChangesOnlyAffectFutureRequestsAndPreserveFifo() (gas: 1608298)
[PASS] test_delegatedAndSplitRequestsCannotReuseAnOldTimer() (gas: 1418883)
[PASS] test_depositDuringWaitDoesNotDilutePendingShares() (gas: 1976029)
[PASS] test_depositRedeemClaimThroughNonLeveragedSource() (gas: 1707688)
[PASS] test_freezeBlocksMatureStartTransfersAndNewRequests() (gas: 1411864)
[PASS] test_freezeKeepsPegAndCommittedMainRepaymentAvailable() (gas: 1461004)
[PASS] test_freezeStopsFifoAndAlreadySettledClaims() (gas: 2448196)
[PASS] test_fundingCannotBypassCooldown() (gas: 1123006)
[PASS] test_governanceCanDisableDelayButStillRequiresExplicitStart() (gas: 1750260)
[PASS] test_onlyGovernanceChangesDelayOrReopensAfterGuardianFreeze() (gas: 81012)
[PASS] test_sourceFreezeCannotBeBypassedByLocalUnpause() (gas: 1738212)
[PASS] test_waitingSharesKeepTheirYieldAndDebtUntilStart() (gas: 1311206)
Suite result: ok. 13 passed; 0 failed; 0 skipped; finished in 163.40ms (20.72ms CPU time)

Ran 1 test for test/IntegrationWithdraw.t.sol:IntegrationWithdrawTest
[PASS] test_depositRampWithdrawReturnsPrincipal() (gas: 70319353)
Suite result: ok. 1 passed; 0 failed; 0 skipped; finished in 345.58ms (342.82ms CPU time)

Ran 4 tests for test/InterestPolicyEvidence.t.sol:InterestPolicyEvidenceTest
[PASS] test_compoundedYieldDoesNotSatisfyCurrentHollarBackingCheck() (gas: 927136)
[PASS] test_currentExitPreservesGrossYieldPromiseButNeedsInterestFunding() (gas: 2079944)
[PASS] test_depositRedeemClaimThroughNonLeveragedSource() (gas: 1707769)
[PASS] test_reborrowSubtractsAccruedMainInterest() (gas: 1267438)
Suite result: ok. 4 passed; 0 failed; 0 skipped; finished in 9.39ms (7.28ms CPU time)

Ran 1 test for test/PartialClaim.t.sol:PartialClaimTest
[PASS] test_partialClaimKeepsRequestActiveAndReturnsRemainder() (gas: 71639661)
Suite result: ok. 1 passed; 0 failed; 0 skipped; finished in 377.31ms (374.55ms CPU time)

Ran 16 tests for test/MainDebt.t.sol:MainDebtTest
[PASS] testFuzz_partialRepaymentsAndPostStartInterest(uint96,uint96) (runs: 64, μ: 2733200, ~: 2114127)
[PASS] test_boundedSourceBatchExcludesNewExitsAndConservesRounding() (gas: 6183798)
[PASS] test_costAndCashBatchesRemainProportionalAcrossBoundedCalls() (gas: 6610344)
[PASS] test_depositRedeemClaimThroughNonLeveragedSource() (gas: 1707712)
[PASS] test_directMainRepaymentBenefitsAllDebtCohorts() (gas: 1532071)
[PASS] test_earlyRepaymentRetainsLaterSourceRecoveryForOriginalOwner() (gas: 1902721)
[PASS] test_exitInterestRemainsUnpaidUntilRecoveryWithoutHaircut() (gas: 2076417)
[PASS] test_noLiveLedgerReplacement() (gas: 3787491)
[PASS] test_noSponsoredCashOrDepositCyclingReward() (gas: 3975030)
[PASS] test_partialSourceCreditsAreProportionalNotFirstCome() (gas: 2346500)
[PASS] test_pauseBlocksSurplusButAllowsTargetedRecovery() (gas: 1794904)
[PASS] test_scaledBorrowRoundingRecordsObservedDebt() (gas: 850202)
[PASS] test_scaledExitRepaymentClearsDebtUnitsAndPreservesCollateral() (gas: 1847035)
[PASS] test_scaledRepaymentTailUsesOnlyExplicitlyFundedCash() (gas: 1124437)
[PASS] test_unfundedInterestPreservesPrincipalAndBlocksDeposits() (gas: 1131730)
[PASS] test_wiringRequiredButNoPrefundingOrPolicyRequired() (gas: 10325971)
Suite result: ok. 16 passed; 0 failed; 0 skipped; finished in 416.81ms (462.95ms CPU time)

Ran 3 tests for test/SubLoopUnwind.t.sol:SubLoopUnwindTest
[PASS] test_deLeverRestoresTargetHf() (gas: 7848134)
[PASS] test_fullUnwindFreesSeedEquity() (gas: 61743718)
[PASS] test_unwinderPrunedAfterFullPull() (gas: 65217456)
Suite result: ok. 3 passed; 0 failed; 0 skipped; finished in 442.92ms (704.65ms CPU time)

Ran 2 tests for test/SettleBatch.t.sol:SettleBatchTest
[PASS] test_longQueueSettlesInBoundedPasses() (gas: 212758148)
[PASS] test_singleRequestSettles() (gas: 13304447)
Suite result: ok. 2 passed; 0 failed; 0 skipped; finished in 458.98ms (501.46ms CPU time)

Ran 10 tests for test/PrincipalRounding.t.sol:PrincipalRoundingTest
[PASS] testFuzz_depositSplitExitPreservesPrincipalAndOtherHolder(uint96,uint96,uint96) (runs: 256, μ: 2461908, ~: 2461952)
[PASS] test_depositRedeemClaimThroughNonLeveragedSource() (gas: 1707751)
[PASS] test_exhaustedBufferCannotHaircutSettlement() (gas: 2543162)
[PASS] test_exhaustedBufferPreservesWaitingRequestUntilRefilled() (gas: 2208797)
[PASS] test_insufficientBufferRevertsDepositAtomically() (gas: 1208152)
[PASS] test_oddDepositAtTwoToOnePriceCannotLosePrincipalOrDiluteHolder() (gas: 2001507)
[PASS] test_poolSupplyAndWithdrawalRoundingIsPaidByBuffer() (gas: 2030234)
[PASS] test_roundingBufferIsNotShareBackingOrDepositorFunds() (gas: 891859)
[PASS] test_splitRequestsCannotConsumeMoreThanFundedRounding() (gas: 16261752)
[PASS] test_splitTransferredSharesAndPartialClaimsKeepAllPrincipal() (gas: 3154492)
Suite result: ok. 10 passed; 0 failed; 0 skipped; finished in 953.67ms (996.27ms CPU time)

Ran 5 tests for test/KeeperOps.t.sol:KeeperOpsTest
[PASS] test_maintainPegOnInterestAccrual() (gas: 126753)
[PASS] test_rebalanceDeLeverIdempotent_noRedemptionDoS() (gas: 11763456)
[PASS] test_rebalanceDownOnDrop() (gas: 11610869)
[PASS] test_rebalanceFollowsGovernanceLtvChange() (gas: 604907)
[PASS] test_rebalanceUpOnAppreciation() (gas: 603148)
Suite result: ok. 5 passed; 0 failed; 0 skipped; finished in 635.70ms (89.50ms CPU time)

Ran 11 tests for test/SourceUpgradeCompatibility.t.sol:SourceUpgradeCompatibilityTest
[PASS] test_fullFlowTwoVaultsYieldInKind() (gas: 12111217)
[PASS] test_netCarryAfterHollarBorrowCost() (gas: 9561401)
[PASS] test_sourceEmergencyFreezesBothVaultsAndPreservesLocalPause() (gas: 105003)
[PASS] test_swapCostsReduceRealizedYield() (gas: 10968125)
[PASS] test_upgradeCannotHideAnUnderfundedOldPosition() (gas: 15329596)
[PASS] test_upgradeLateRecoveryStillPaysOriginalExitOwner() (gas: 17371816)
[PASS] test_upgradeLiveSourcePreservesPartialExitAndWaitingRequest() (gas: 22982355)
[PASS] test_upgradePendingCostsAndReceiptsAreCreditedExactlyOnce() (gas: 15681786)
[PASS] test_upgradePreservesEmergencyAndLocalPauses() (gas: 18909520)
[PASS] test_upgradeRequiresAuthorityAndCannotReinitializeExistingState() (gas: 9910804)
[PASS] test_upgradeResettingCostCounterBreaksSettlementWithoutErasingClaims() (gas: 15186753)
Suite result: ok. 11 passed; 0 failed; 0 skipped; finished in 1.02s (469.86ms CPU time)

Ran 6 tests for test/WithdrawalCooldown.t.sol:SourceEmergencyPauseTest
[PASS] test_deLeverRestoresTargetHf() (gas: 7848200)
[PASS] test_emergencyAllowsSafetyRepaymentWithoutExitAllocation() (gas: 6838808)
[PASS] test_emergencyStopsExistingUnwindAndNewRisk() (gas: 6828078)
[PASS] test_fullUnwindFreesSeedEquity() (gas: 61743745)
[PASS] test_onlyGuardianFreezesAndOnlyGovernanceReopensSource() (gas: 118373)
[PASS] test_unwinderPrunedAfterFullPull() (gas: 65217500)
Suite result: ok. 6 passed; 0 failed; 0 skipped; finished in 1.52s (706.48ms CPU time)

Ran 7 tests for test/AccountingSafety.t.sol:SourceAccountingSafetyTest
[PASS] test_backToBackVaultUnwindsDoNotOverbookEquity() (gas: 6810520)
[PASS] test_deLeverRestoresTargetHf() (gas: 7848227)
[PASS] test_depositDuringPendingUnwindIsPricedOnLiveBacking() (gas: 6933798)
[PASS] test_fullUnwindFreesSeedEquity() (gas: 61743754)
[PASS] test_unleveredExitSellsCollateralWithoutDebt() (gas: 744066)
[PASS] test_unwinderPrunedAfterFullPull() (gas: 65217492)
[PASS] test_zeroProgressCannotWriteOffUnpaidClaims() (gas: 6536604)
Suite result: ok. 7 passed; 0 failed; 0 skipped; finished in 1.62s (707.63ms CPU time)

Ran 5 tests for test/AdminSourceControl.t.sol:AdminSourceControlTest
[PASS] test_onlyAdminControls() (gas: 420321)
[PASS] test_setYieldSourceGuardsInFlightUnwind() (gas: 8367846)
[PASS] test_setYieldSourceOnFreshVault() (gas: 430406)
[PASS] test_setYieldSourceRevertsWhileFunded() (gas: 7852240)
[PASS] test_setYieldSourceUnreachableOnceFunded() (gas: 559124060)
Suite result: ok. 5 passed; 0 failed; 0 skipped; finished in 1.91s (1.91s CPU time)

Ran 4 tests for test/DeleverQueueInterference.t.sol:DeleverQueueInterferenceTest
[PASS] test_rebalanceWaitsForQueuedExit() (gas: 54470634)
[PASS] test_requestRedeemBeforeRampHasRecognizedBacking() (gas: 1728405)
[PASS] test_subLoopPreservesSharesAtZeroEquity() (gas: 1138048)
[PASS] test_unwindSpiralTailRemainsClaimableUntilRecovery() (gas: 559347451)
Suite result: ok. 4 passed; 0 failed; 0 skipped; finished in 2.06s (2.11s CPU time)

Ran 8 tests for test/RecoveryE2E.t.sol:RecoveryE2ETest
[PASS] testFuzz_recoveryFundingAndProcessingOrder(bool,bool,uint16) (runs: 33, μ: 14368943, ~: 14368999)
[PASS] test_fullFlowTwoVaultsYieldInKind() (gas: 12111147)
[PASS] test_lossFreezeStagedFundingAndFullRecovery() (gas: 14368684)
[PASS] test_netCarryAfterHollarBorrowCost() (gas: 9561333)
[PASS] test_reverseVaultAndClaimOrderPreservesAllPrincipal() (gas: 14369067)
[PASS] test_sourceEmergencyFreezesBothVaultsAndPreservesLocalPause() (gas: 104952)
[PASS] test_swapCostsReduceRealizedYield() (gas: 10968127)
[PASS] test_zeroEquityCannotStartUnwindOrEraseWaitingShares() (gas: 8901417)
Suite result: ok. 8 passed; 0 failed; 0 skipped; finished in 2.24s (1.79s CPU time)

Ran 3 tests for test/Harvest.t.sol:HarvestTest
[PASS] test_harvestCompoundsYieldIntoSharePrice() (gas: 8084871)
[PASS] test_harvestSkipsInFlightUnwindEquity() (gas: 11754323)
[PASS] test_primePriceAppreciationCompoundsToDeposit() (gas: 8116868)
Suite result: ok. 3 passed; 0 failed; 0 skipped; finished in 2.24s (89.80ms CPU time)

Ran 36 tests for test/ProtocolFees.t.sol:ProtocolFeesTest
[PASS] testFuzz_accrualClaimAndRotationConserveFees(uint256) (runs: 256, μ: 900356, ~: 901780)
[PASS] testFuzz_feeConservesGross(uint16,uint96) (runs: 256, μ: 174555, ~: 181899)
[PASS] test_actualOutputUsedInsteadOfSwapperReturn() (gas: 8393709)
[PASS] test_claimCannotReenterOrChangeRecipientDuringTransfer() (gas: 9312992)
[PASS] test_claimTransferMismatchRetainsLedger() (gas: 7994528)
[PASS] test_directDonationNotTaxedAndSameTokenSkipsSwap() (gas: 661997)
[PASS] test_failedClaimRetainsLedgerAndRecipientCanRecover() (gas: 8040594)
[PASS] test_feeBoundsAndUnknownVault() (gas: 61693)
[PASS] test_feeTransferMismatchRollsBackHarvest() (gas: 7830022)
[PASS] test_feeWithFullBorrowingDiscount() (gas: 10783039)
[PASS] test_feeWithPartialBorrowingDiscount() (gas: 10783285)
[PASS] test_feeWithZeroBorrowingDiscount() (gas: 10717213)
[PASS] test_fullFeeDoesNotCallZeroSupply() (gas: 7934317)
[PASS] test_governanceControlsAllPolicy() (gas: 223702)
[PASS] test_grossMinOutAppliedBeforeFee() (gas: 7979542)
[PASS] test_harvestCompoundsYieldIntoSharePrice() (gas: 8085116)
[PASS] test_harvestSkipsInFlightUnwindEquity() (gas: 11754416)
[PASS] test_initialFivePercentAndIdleCollateralExcluded() (gas: 8009492)
[PASS] test_laterVaultRateChangeDuringSwapRollsBackBatch() (gas: 17603666)
[PASS] test_lyingSwapperCannotSpendIdleCollateral() (gas: 8186560)
[PASS] test_minOutFailureRollsBackHarvestAndAccrual() (gas: 7778110)
[PASS] test_missingOrMismatchedWiringFailsClosed() (gas: 8797438)
[PASS] test_paidFeesUnaffectedByRecipientRotation() (gas: 8030670)
[PASS] test_partialInputConsumptionRejected() (gas: 8190500)
[PASS] test_permissionlessClaimPaysOnlyCurrentRecipient() (gas: 8053625)
[PASS] test_policyChangeAndRestorationStillReverts() (gas: 8437815)
[PASS] test_primePriceAppreciationCompoundsToDeposit() (gas: 8117376)
[PASS] test_rebindingPreservesExplicitZeroRate() (gas: 111145)
[PASS] test_rejectsZeroAndKnownCustodyRecipients() (gas: 93441)
[PASS] test_runtimeSizesRemainDeployable() (gas: 5995000)
[PASS] test_settledWithdrawalIsNotUsedForFee() (gas: 13298463)
[PASS] test_sharedAssetDifferentRatesUseOneClaimLedger() (gas: 16959494)
[PASS] test_sourceHarvestOnlyThroughHarvester() (gas: 8038393)
[PASS] test_treasuryMayDepositPaidCollateralNormally() (gas: 8529125)
[PASS] test_zeroActualOutputRejectedEvenWhenFloorRoundsZero() (gas: 8191865)
[PASS] test_zeroFeeSuppliesAllHarvest() (gas: 7953938)
Suite result: ok. 36 passed; 0 failed; 0 skipped; finished in 2.24s (1.82s CPU time)

Ran 5 tests for test/HarvestMainDebt.t.sol:HarvestMainDebtTest
[PASS] test_feeThenInterestThenCollateralWithoutPrefunding() (gas: 8205445)
[PASS] test_harvestCompoundsYieldIntoSharePrice() (gas: 8084888)
[PASS] test_harvestSkipsInFlightUnwindEquity() (gas: 11754340)
[PASS] test_insufficientYieldNeverPullsPreviouslyCompoundedCollateral() (gas: 8158452)
[PASS] test_primePriceAppreciationCompoundsToDeposit() (gas: 8116903)
Suite result: ok. 5 passed; 0 failed; 0 skipped; finished in 9.19s (142.70ms CPU time)

Ran 35 tests for test/Market90Days.t.sol:Market90DaysTest
[PASS] testFuzz_recoveryFundingAndProcessingOrder(bool,bool,uint16) (runs: 256, μ: 14380072, ~: 14380112)
[PASS] test_90Day100kBear() (gas: 390262134)
[PASS] test_90Day100kBull() (gas: 87324807)
[PASS] test_90Day100kSeesaw() (gas: 235936192)
[PASS] test_90Day100mBear() (gas: 526907906)
[PASS] test_90Day100mBull() (gas: 112027014)
[PASS] test_90Day100mSeesaw() (gas: 293712385)
[PASS] test_90Day10mBear() (gas: 490248072)
[PASS] test_90Day10mBull() (gas: 87324464)
[PASS] test_90Day10mSeesaw() (gas: 288851024)
[PASS] test_90Day1mBear() (gas: 439982805)
[PASS] test_90Day1mBull() (gas: 87324552)
[PASS] test_90Day1mSeesaw() (gas: 262305945)
[PASS] test_90Day500kBear() (gas: 424936217)
[PASS] test_90Day500kBull() (gas: 87324780)
[PASS] test_90Day500kSeesaw() (gas: 254342373)
[PASS] test_90Day50mBear() (gas: 526152959)
[PASS] test_90Day50mBull() (gas: 95264319)
[PASS] test_90Day50mSeesaw() (gas: 307354074)
[PASS] test_90DayBear() (gas: 329206957)
[PASS] test_90DayBearFullMainDiscount() (gas: 296117975)
[PASS] test_90DayBearKeeperOutage() (gas: 301967740)
[PASS] test_90DayBull() (gas: 87321786)
[PASS] test_90DayBullFullMainDiscount() (gas: 75361203)
[PASS] test_90DayBullKeeperOutage() (gas: 72431409)
[PASS] test_90DaySeesaw() (gas: 203906908)
[PASS] test_90DaySeesawFullMainDiscount() (gas: 99562628)
[PASS] test_90DaySeesawKeeperOutage() (gas: 188155918)
[PASS] test_fullFlowTwoVaultsYieldInKind() (gas: 12117565)
[PASS] test_lossFreezeStagedFundingAndFullRecovery() (gas: 14379772)
[PASS] test_netCarryAfterHollarBorrowCost() (gas: 9566979)
[PASS] test_reverseVaultAndClaimOrderPreservesAllPrincipal() (gas: 14380663)
[PASS] test_sourceEmergencyFreezesBothVaultsAndPreservesLocalPause() (gas: 105988)
[PASS] test_swapCostsReduceRealizedYield() (gas: 10974118)
[PASS] test_zeroEquityCannotStartUnwindOrEraseWaitingShares() (gas: 8907097)
Suite result: ok. 35 passed; 0 failed; 0 skipped; finished in 10.25s (32.66s CPU time)

Ran 4 tests for test/SyntheticToken.t.sol:SyntheticTokenTest
[PASS] testFuzz_mintBurnRoundTrips(uint128) (runs: 256, μ: 48542, ~: 48544)
[PASS] test_decimals() (gas: 5888)
[PASS] test_minterCanMintAndBurn() (gas: 66188)
[PASS] test_nonMinterCannotMint() (gas: 37330)
Suite result: ok. 4 passed; 0 failed; 0 skipped; finished in 10.27s (10.27s CPU time)

Ran 16 tests for test/MainDebtCampaign.t.sol:MainDebtCampaignTest
[PASS] testFuzz_recoveryFundingAndProcessingOrder(bool,bool,uint16) (runs: 256, μ: 14382235, ~: 14382281)
[SKIP] test_campaign100k() (gas: 0)
[SKIP] test_campaign100m() (gas: 0)
[SKIP] test_campaign10m() (gas: 0)
[SKIP] test_campaign1m() (gas: 0)
[SKIP] test_campaign500k() (gas: 0)
[SKIP] test_campaign50m() (gas: 0)
[SKIP] test_campaignSensitivity100k() (gas: 0)
[SKIP] test_campaignSensitivity1m() (gas: 0)
[PASS] test_fullFlowTwoVaultsYieldInKind() (gas: 12118529)
[PASS] test_lossFreezeStagedFundingAndFullRecovery() (gas: 14381889)
[PASS] test_netCarryAfterHollarBorrowCost() (gas: 9567524)
[PASS] test_reverseVaultAndClaimOrderPreservesAllPrincipal() (gas: 14382551)
[PASS] test_sourceEmergencyFreezesBothVaultsAndPreservesLocalPause() (gas: 105981)
[PASS] test_swapCostsReduceRealizedYield() (gas: 10975211)
[PASS] test_zeroEquityCannotStartUnwindOrEraseWaitingShares() (gas: 8907788)
Suite result: ok. 8 passed; 0 failed; 8 skipped; finished in 11.66s (11.89s CPU time)

Ran 15 tests for test/YieldFundedExecution.t.sol:YieldFundedExecutionTest
[PASS] testFuzz_recoveryFundingAndProcessingOrder(bool,bool,uint16) (runs: 256, μ: 14369053, ~: 14369102)
[PASS] test_costHoldbackNeverCreatesOrRequiresStartupCapital() (gas: 8742493)
[PASS] test_directPrimeRepaymentBecomesNetCollateralYieldWithoutChangingBasis() (gas: 9551734)
[PASS] test_earnedCostAllowanceProtectsAllThreeExitsWithoutRecovery() (gas: 375039328)
[PASS] test_earnedPrimePaysResizeFrictionWithoutSellingUserCollateral() (gas: 11506132)
[PASS] test_fullFlowTwoVaultsYieldInKind() (gas: 12111270)
[PASS] test_lossFreezeStagedFundingAndFullRecovery() (gas: 14368854)
[PASS] test_netCarryAfterHollarBorrowCost() (gas: 9561456)
[PASS] test_realizedCostsCannotWriteOffSourcePrincipalWithoutYield() (gas: 9845753)
[PASS] test_reverseVaultAndClaimOrderPreservesAllPrincipal() (gas: 14369324)
[PASS] test_slippageFailureRollsBackBorrowAndUnwindWithoutWidening() (gas: 9382128)
[PASS] test_sourceEmergencyFreezesBothVaultsAndPreservesLocalPause() (gas: 105056)
[PASS] test_swapCostsReduceRealizedYield() (gas: 10968192)
[PASS] test_tbtcFallShrinksPrimeLoopToRepayMainWithoutSponsoredCash() (gas: 11437566)
[PASS] test_zeroEquityCannotStartUnwindOrEraseWaitingShares() (gas: 8901508)
Suite result: ok. 15 passed; 0 failed; 0 skipped; finished in 17.95s (11.58s CPU time)

Ran 18 tests for test/PropellerDiscount.t.sol:PropellerDiscountTest
[PASS] testFuzz_discountNeverExceedsConfiguredRate(uint256,uint256) (runs: 256, μ: 45161, ~: 45131)
[PASS] test_committeeCanDisableEvenWithBrokenVaultGetter() (gas: 283258)
[PASS] test_committeeCanIncreaseReduceDisableAndRestore() (gas: 388734)
[PASS] test_committeeCannotEnrollBorrowersOrGrantRoles() (gas: 68117)
[PASS] test_constructorRejectsWrongMarketAndZeroAuthority() (gas: 791544)
[PASS] test_constructorRejectsWrongSyntheticDecimals() (gas: 1365956)
[PASS] test_dustBackingOnlyDiscountsProportionalDebt() (gas: 48375)
[PASS] test_governanceCanRevokeCommitteeRateAuthority() (gas: 81191)
[PASS] test_invalidRateAndUninstalledPolicyRevert() (gas: 51164)
[PASS] test_outsiderCannotSetRateButCanRefresh() (gas: 360156)
[PASS] test_rateChangeRefreshesAllIncludingLostEligibility() (gas: 964698)
[PASS] test_rawSyntheticIsNotEligibility() (gas: 391752)
[PASS] test_receiptOrMinterRoleAloneCannotUnlockDiscount() (gas: 268659)
[PASS] test_refreshFailureRollsBackRateAndEveryBorrower() (gas: 668662)
[PASS] test_registrationRequiresMinterCorrectMarketAndRefreshHook() (gas: 418705)
[PASS] test_registryIsBoundedAndCanReuseRemovedSlots() (gas: 4507912)
[PASS] test_startsAtZeroWithoutDeployerPrivileges() (gas: 1525664)
[PASS] test_unregisterClearsCacheWithoutRevokingMintPermission() (gas: 279544)
Suite result: ok. 18 passed; 0 failed; 0 skipped; finished in 17.96s (116.04ms CPU time)

Ran 9 tests for test/invariant/PropellerInvariant.t.sol:PropellerInvariantTest
[PASS] invariant_escrow() (runs: 256, calls: 12800, reverts: 1058)

╭----------+-----------------------------+-------+---------+----------╮
| Contract | Selector                    | Calls | Reverts | Discards |
+=====================================================================+
| Handler  | accrueMainInterest          | 1165  | 0       | 0        |
|----------+-----------------------------+-------+---------+----------|
| Handler  | accruePrimeAndExecutionCost | 1139  | 0       | 0        |
|----------+-----------------------------+-------+---------+----------|
| Handler  | advanceAndStart             | 1114  | 30      | 0        |
|----------+-----------------------------+-------+---------+----------|
| Handler  | churnUnwind                 | 1188  | 0       | 0        |
|----------+-----------------------------+-------+---------+----------|
| Handler  | claim                       | 1195  | 0       | 0        |
|----------+-----------------------------+-------+---------+----------|
| Handler  | claimMainSurplus            | 1190  | 331     | 0        |
|----------+-----------------------------+-------+---------+----------|
| Handler  | deposit                     | 1142  | 697     | 0        |
|----------+-----------------------------+-------+---------+----------|
| Handler  | externalRepayment           | 1139  | 0       | 0        |
|----------+-----------------------------+-------+---------+----------|
| Handler  | ramp                        | 1192  | 0       | 0        |
|----------+-----------------------------+-------+---------+----------|
| Handler  | requestRedeem               | 1160  | 0       | 0        |
|----------+-----------------------------+-------+---------+----------|
| Handler  | settle                      | 1176  | 0       | 0        |
╰----------+-----------------------------+-------+---------+----------╯

[PASS] invariant_freedBacked() (runs: 256, calls: 12800, reverts: 1020)

╭----------+-----------------------------+-------+---------+----------╮
| Contract | Selector                    | Calls | Reverts | Discards |
+=====================================================================+
| Handler  | accrueMainInterest          | 1191  | 0       | 0        |
|----------+-----------------------------+-------+---------+----------|
| Handler  | accruePrimeAndExecutionCost | 1206  | 0       | 0        |
|----------+-----------------------------+-------+---------+----------|
| Handler  | advanceAndStart             | 1129  | 30      | 0        |
|----------+-----------------------------+-------+---------+----------|
| Handler  | churnUnwind                 | 1175  | 0       | 0        |
|----------+-----------------------------+-------+---------+----------|
| Handler  | claim                       | 1138  | 0       | 0        |
|----------+-----------------------------+-------+---------+----------|
| Handler  | claimMainSurplus            | 1147  | 281     | 0        |
|----------+-----------------------------+-------+---------+----------|
| Handler  | deposit                     | 1136  | 709     | 0        |
|----------+-----------------------------+-------+---------+----------|
| Handler  | externalRepayment           | 1141  | 0       | 0        |
|----------+-----------------------------+-------+---------+----------|
| Handler  | ramp                        | 1183  | 0       | 0        |
|----------+-----------------------------+-------+---------+----------|
| Handler  | requestRedeem               | 1157  | 0       | 0        |
|----------+-----------------------------+-------+---------+----------|
| Handler  | settle                      | 1197  | 0       | 0        |
╰----------+-----------------------------+-------+---------+----------╯

[PASS] invariant_mainCashDebtAndSourceClaimsConserved() (runs: 256, calls: 12800, reverts: 996)

╭----------+-----------------------------+-------+---------+----------╮
| Contract | Selector                    | Calls | Reverts | Discards |
+=====================================================================+
| Handler  | accrueMainInterest          | 1181  | 0       | 0        |
|----------+-----------------------------+-------+---------+----------|
| Handler  | accruePrimeAndExecutionCost | 1142  | 0       | 0        |
|----------+-----------------------------+-------+---------+----------|
| Handler  | advanceAndStart             | 1146  | 19      | 0        |
|----------+-----------------------------+-------+---------+----------|
| Handler  | churnUnwind                 | 1206  | 0       | 0        |
|----------+-----------------------------+-------+---------+----------|
| Handler  | claim                       | 1125  | 0       | 0        |
|----------+-----------------------------+-------+---------+----------|
| Handler  | claimMainSurplus            | 1200  | 297     | 0        |
|----------+-----------------------------+-------+---------+----------|
| Handler  | deposit                     | 1140  | 680     | 0        |
|----------+-----------------------------+-------+---------+----------|
| Handler  | externalRepayment           | 1174  | 0       | 0        |
|----------+-----------------------------+-------+---------+----------|
| Handler  | ramp                        | 1129  | 0       | 0        |
|----------+-----------------------------+-------+---------+----------|
| Handler  | requestRedeem               | 1189  | 0       | 0        |
|----------+-----------------------------+-------+---------+----------|
| Handler  | settle                      | 1168  | 0       | 0        |
╰----------+-----------------------------+-------+---------+----------╯

[PASS] invariant_noSynthBorrow() (runs: 256, calls: 12800, reverts: 1044)

╭----------+-----------------------------+-------+---------+----------╮
| Contract | Selector                    | Calls | Reverts | Discards |
+=====================================================================+
| Handler  | accrueMainInterest          | 1111  | 0       | 0        |
|----------+-----------------------------+-------+---------+----------|
| Handler  | accruePrimeAndExecutionCost | 1195  | 0       | 0        |
|----------+-----------------------------+-------+---------+----------|
| Handler  | advanceAndStart             | 1200  | 27      | 0        |
|----------+-----------------------------+-------+---------+----------|
| Handler  | churnUnwind                 | 1173  | 0       | 0        |
|----------+-----------------------------+-------+---------+----------|
| Handler  | claim                       | 1140  | 0       | 0        |
|----------+-----------------------------+-------+---------+----------|
| Handler  | claimMainSurplus            | 1170  | 322     | 0        |
|----------+-----------------------------+-------+---------+----------|
| Handler  | deposit                     | 1179  | 695     | 0        |
|----------+-----------------------------+-------+---------+----------|
| Handler  | externalRepayment           | 1177  | 0       | 0        |
|----------+-----------------------------+-------+---------+----------|
| Handler  | ramp                        | 1128  | 0       | 0        |
|----------+-----------------------------+-------+---------+----------|
| Handler  | requestRedeem               | 1186  | 0       | 0        |
|----------+-----------------------------+-------+---------+----------|
| Handler  | settle                      | 1141  | 0       | 0        |
╰----------+-----------------------------+-------+---------+----------╯

[PASS] invariant_principalClaimsPreserved() (runs: 256, calls: 12800, reverts: 1085)

╭----------+-----------------------------+-------+---------+----------╮
| Contract | Selector                    | Calls | Reverts | Discards |
+=====================================================================+
| Handler  | accrueMainInterest          | 1156  | 0       | 0        |
|----------+-----------------------------+-------+---------+----------|
| Handler  | accruePrimeAndExecutionCost | 1157  | 0       | 0        |
|----------+-----------------------------+-------+---------+----------|
| Handler  | advanceAndStart             | 1175  | 30      | 0        |
|----------+-----------------------------+-------+---------+----------|
| Handler  | churnUnwind                 | 1102  | 0       | 0        |
|----------+-----------------------------+-------+---------+----------|
| Handler  | claim                       | 1161  | 0       | 0        |
|----------+-----------------------------+-------+---------+----------|
| Handler  | claimMainSurplus            | 1200  | 319     | 0        |
|----------+-----------------------------+-------+---------+----------|
| Handler  | deposit                     | 1168  | 736     | 0        |
|----------+-----------------------------+-------+---------+----------|
| Handler  | externalRepayment           | 1160  | 0       | 0        |
|----------+-----------------------------+-------+---------+----------|
| Handler  | ramp                        | 1198  | 0       | 0        |
|----------+-----------------------------+-------+---------+----------|
| Handler  | requestRedeem               | 1182  | 0       | 0        |
|----------+-----------------------------+-------+---------+----------|
| Handler  | settle                      | 1141  | 0       | 0        |
╰----------+-----------------------------+-------+---------+----------╯

[PASS] invariant_principalFloored() (runs: 256, calls: 12800, reverts: 1059)

╭----------+-----------------------------+-------+---------+----------╮
| Contract | Selector                    | Calls | Reverts | Discards |
+=====================================================================+
| Handler  | accrueMainInterest          | 1172  | 0       | 0        |
|----------+-----------------------------+-------+---------+----------|
| Handler  | accruePrimeAndExecutionCost | 1160  | 0       | 0        |
|----------+-----------------------------+-------+---------+----------|
| Handler  | advanceAndStart             | 1238  | 34      | 0        |
|----------+-----------------------------+-------+---------+----------|
| Handler  | churnUnwind                 | 1191  | 0       | 0        |
|----------+-----------------------------+-------+---------+----------|
| Handler  | claim                       | 1163  | 0       | 0        |
|----------+-----------------------------+-------+---------+----------|
| Handler  | claimMainSurplus            | 1127  | 327     | 0        |
|----------+-----------------------------+-------+---------+----------|
| Handler  | deposit                     | 1163  | 698     | 0        |
|----------+-----------------------------+-------+---------+----------|
| Handler  | externalRepayment           | 1177  | 0       | 0        |
|----------+-----------------------------+-------+---------+----------|
| Handler  | ramp                        | 1128  | 0       | 0        |
|----------+-----------------------------+-------+---------+----------|
| Handler  | requestRedeem               | 1172  | 0       | 0        |
|----------+-----------------------------+-------+---------+----------|
| Handler  | settle                      | 1109  | 0       | 0        |
╰----------+-----------------------------+-------+---------+----------╯

[PASS] invariant_roundingReserveIsRingFenced() (runs: 256, calls: 12800, reverts: 1017)

╭----------+-----------------------------+-------+---------+----------╮
| Contract | Selector                    | Calls | Reverts | Discards |
+=====================================================================+
| Handler  | accrueMainInterest          | 1154  | 0       | 0        |
|----------+-----------------------------+-------+---------+----------|
| Handler  | accruePrimeAndExecutionCost | 1154  | 0       | 0        |
|----------+-----------------------------+-------+---------+----------|
| Handler  | advanceAndStart             | 1132  | 16      | 0        |
|----------+-----------------------------+-------+---------+----------|
| Handler  | churnUnwind                 | 1165  | 0       | 0        |
|----------+-----------------------------+-------+---------+----------|
| Handler  | claim                       | 1129  | 0       | 0        |
|----------+-----------------------------+-------+---------+----------|
| Handler  | claimMainSurplus            | 1194  | 315     | 0        |
|----------+-----------------------------+-------+---------+----------|
| Handler  | deposit                     | 1152  | 686     | 0        |
|----------+-----------------------------+-------+---------+----------|
| Handler  | externalRepayment           | 1177  | 0       | 0        |
|----------+-----------------------------+-------+---------+----------|
| Handler  | ramp                        | 1228  | 0       | 0        |
|----------+-----------------------------+-------+---------+----------|
| Handler  | requestRedeem               | 1147  | 0       | 0        |
|----------+-----------------------------+-------+---------+----------|
| Handler  | settle                      | 1168  | 0       | 0        |
╰----------+-----------------------------+-------+---------+----------╯

[PASS] invariant_shareConservation() (runs: 256, calls: 12800, reverts: 1074)

╭----------+-----------------------------+-------+---------+----------╮
| Contract | Selector                    | Calls | Reverts | Discards |
+=====================================================================+
| Handler  | accrueMainInterest          | 1151  | 0       | 0        |
|----------+-----------------------------+-------+---------+----------|
| Handler  | accruePrimeAndExecutionCost | 1114  | 0       | 0        |
|----------+-----------------------------+-------+---------+----------|
| Handler  | advanceAndStart             | 1173  | 25      | 0        |
|----------+-----------------------------+-------+---------+----------|
| Handler  | churnUnwind                 | 1228  | 0       | 0        |
|----------+-----------------------------+-------+---------+----------|
| Handler  | claim                       | 1157  | 0       | 0        |
|----------+-----------------------------+-------+---------+----------|
| Handler  | claimMainSurplus            | 1159  | 335     | 0        |
|----------+-----------------------------+-------+---------+----------|
| Handler  | deposit                     | 1149  | 714     | 0        |
|----------+-----------------------------+-------+---------+----------|
| Handler  | externalRepayment           | 1204  | 0       | 0        |
|----------+-----------------------------+-------+---------+----------|
| Handler  | ramp                        | 1146  | 0       | 0        |
|----------+-----------------------------+-------+---------+----------|
| Handler  | requestRedeem               | 1162  | 0       | 0        |
|----------+-----------------------------+-------+---------+----------|
| Handler  | settle                      | 1157  | 0       | 0        |
╰----------+-----------------------------+-------+---------+----------╯

[PASS] invariant_synthConserved() (runs: 256, calls: 12800, reverts: 1060)

╭----------+-----------------------------+-------+---------+----------╮
| Contract | Selector                    | Calls | Reverts | Discards |
+=====================================================================+
| Handler  | accrueMainInterest          | 1194  | 0       | 0        |
|----------+-----------------------------+-------+---------+----------|
| Handler  | accruePrimeAndExecutionCost | 1177  | 0       | 0        |
|----------+-----------------------------+-------+---------+----------|
| Handler  | advanceAndStart             | 1169  | 21      | 0        |
|----------+-----------------------------+-------+---------+----------|
| Handler  | churnUnwind                 | 1152  | 0       | 0        |
|----------+-----------------------------+-------+---------+----------|
| Handler  | claim                       | 1146  | 0       | 0        |
|----------+-----------------------------+-------+---------+----------|
| Handler  | claimMainSurplus            | 1184  | 326     | 0        |
|----------+-----------------------------+-------+---------+----------|
| Handler  | deposit                     | 1162  | 713     | 0        |
|----------+-----------------------------+-------+---------+----------|
| Handler  | externalRepayment           | 1132  | 0       | 0        |
|----------+-----------------------------+-------+---------+----------|
| Handler  | ramp                        | 1182  | 0       | 0        |
|----------+-----------------------------+-------+---------+----------|
| Handler  | requestRedeem               | 1145  | 0       | 0        |
|----------+-----------------------------+-------+---------+----------|
| Handler  | settle                      | 1157  | 0       | 0        |
╰----------+-----------------------------+-------+---------+----------╯

Suite result: ok. 9 passed; 0 failed; 0 skipped; finished in 17.96s (107.24s CPU time)

Ran 42 test suites in 17.96s (114.56s CPU time): 297 tests passed, 0 failed, 11 skipped (308 total tests)
